#
# There is insufficient memory for the Java Runtime Environment to continue.
# Native memory allocation (mmap) failed to map 65536 bytes. Error detail: Failed to commit metaspace.
# Possible reasons:
#   The system is out of physical RAM or swap space
#   This process is running with CompressedOops enabled, and the Java Heap may be blocking the growth of the native heap
# Possible solutions:
#   Reduce memory load on the system
#   Increase physical memory or swap space
#   Check if swap backing store is full
#   Decrease Java heap size (-Xmx/-Xms)
#   Decrease number of Java threads
#   Decrease Java thread stack sizes (-Xss)
#   Set larger code cache with -XX:ReservedCodeCacheSize=
#   JVM is running with Unscaled Compressed Oops mode in which the Java heap is
#     placed in the first 4GB address space. The Java Heap base address is the
#     maximum limit for the native heap growth. Please use -XX:HeapBaseMinAddress
#     to set the Java Heap base and to place the Java Heap above 4GB virtual address.
# This output file may be truncated or incomplete.
#
#  Out of Memory Error (virtualSpaceNode.cpp:113), pid=11144, tid=17252
#
# JRE version: OpenJDK Runtime Environment Temurin-21.0.11+10 (21.0.11+10) (build 21.0.11+10-LTS)
# Java VM: OpenJDK 64-Bit Server VM Temurin-21.0.11+10 (21.0.11+10-LTS, mixed mode, sharing, tiered, compressed oops, compressed class ptrs, parallel gc, windows-amd64)
# No core dump will be written. Minidumps are not enabled by default on client versions of Windows
#

---------------  S U M M A R Y ------------

Command Line: --add-modules=ALL-SYSTEM --add-opens=java.base/java.util=ALL-UNNAMED --add-opens=java.base/java.lang=ALL-UNNAMED --add-opens=java.base/sun.nio.fs=ALL-UNNAMED -Declipse.application=org.eclipse.jdt.ls.core.id1 -Dosgi.bundles.defaultStartLevel=4 -Declipse.product=org.eclipse.jdt.ls.core.product -Djava.import.generatesMetadataFilesAtProjectRoot=false -DDetectVMInstallationsJob.disabled=true -Dfile.encoding=utf8 -XX:+UseParallelGC -XX:GCTimeRatio=4 -XX:AdaptiveSizePolicyWeight=90 -Dsun.zip.disableMemoryMapping=true -Xmx2G -Xms100m -Xlog:disable -javaagent:c:\Users\backu\.vscode\extensions\redhat.java-1.55.0-win32-x64\lombok\lombok-1.18.39-4050.jar c:\Users\backu\.vscode\extensions\redhat.java-1.55.0-win32-x64\server\plugins\org.eclipse.equinox.launcher_1.7.200.v20260619-2039.jar -configuration c:\Users\backu\AppData\Roaming\Code\User\globalStorage\redhat.java\1.55.0\config_ss_win -data c:\Users\backu\AppData\Roaming\Code\User\workspaceStorage\a385cc1d19ef0a7214639b3a7b931727\redhat.java\ss_ws --pipe=\\.\pipe\lsp-802d31f111f0a4eb206d3041189ceece-sock

Host: 12th Gen Intel(R) Core(TM) i5-12500H, 16 cores, 15G,  Windows 11 , 64 bit Build 26100 (10.0.26100.8521)
Time: Sun Aug  2 11:46:11 2026 India Standard Time elapsed time: 4.007533 seconds (0d 0h 0m 4s)

---------------  T H R E A D  ---------------

Current thread (0x000001e771dc88c0):  JavaThread "C1 CompilerThread2" daemon [_thread_in_vm, id=17252, stack(0x000000b33d700000,0x000000b33d800000) (1024K)]


Current CompileTask:
C1:4007 1767       3       sun.security.util.ManifestEntryVerifier::verify (456 bytes)

Stack: [0x000000b33d700000,0x000000b33d800000]
Native frames: (J=compiled Java code, j=interpreted, Vv=VM code, C=native code)
V  [jvm.dll+0x6d7e19]
V  [jvm.dll+0x8b5096]
V  [jvm.dll+0x8b764e]
V  [jvm.dll+0x8b7d33]
V  [jvm.dll+0x284596]
V  [jvm.dll+0x8b0dde]
V  [jvm.dll+0x6795e4]
V  [jvm.dll+0x67964a]
V  [jvm.dll+0x67be46]
V  [jvm.dll+0x67bd12]
V  [jvm.dll+0x679fbe]
V  [jvm.dll+0x68b3ca]
V  [jvm.dll+0x684542]
V  [jvm.dll+0x1f6540]
V  [jvm.dll+0x1f6728]
V  [jvm.dll+0x1693fe]
V  [jvm.dll+0x169246]
V  [jvm.dll+0x160e10]
V  [jvm.dll+0x1630ad]
V  [jvm.dll+0x1616b6]
V  [jvm.dll+0x15b3f7]
V  [jvm.dll+0x16aec8]
V  [jvm.dll+0x1569e5]
V  [jvm.dll+0x156d32]
V  [jvm.dll+0x156fe4]
V  [jvm.dll+0x1563fc]
V  [jvm.dll+0x15818d]
V  [jvm.dll+0x25baad]
V  [jvm.dll+0x25a03a]
V  [jvm.dll+0x3f868e]
V  [jvm.dll+0x85fb0d]
V  [jvm.dll+0x6d664d]
C  [ucrtbase.dll+0x2cd30]
C  [KERNEL32.DLL+0x2e957]
C  [ntdll.dll+0x87c1c]


---------------  P R O C E S S  ---------------

Threads class SMR info:
_java_thread_list=0x000001e77393f610, length=18, elements={
0x000001e718d83ba0, 0x000001e718e253e0, 0x000001e718d2d810, 0x000001e718e2b0a0,
0x000001e718e2db10, 0x000001e718e2e980, 0x000001e718e33500, 0x000001e771b35b40,
0x000001e771b48d30, 0x000001e771c3adf0, 0x000001e771c69760, 0x000001e771d7fb10,
0x000001e771dc88c0, 0x000001e771df2740, 0x000001e77354a1f0, 0x000001e77820c470,
0x000001e7782eeea0, 0x000001e77823bfb0
}

Java Threads: ( => current thread )
  0x000001e718d83ba0 JavaThread "main"                              [_thread_in_vm, id=28200, stack(0x000000b33c800000,0x000000b33c900000) (1024K)]
  0x000001e718e253e0 JavaThread "Reference Handler"          daemon [_thread_blocked, id=8024, stack(0x000000b33cc00000,0x000000b33cd00000) (1024K)]
  0x000001e718d2d810 JavaThread "Finalizer"                  daemon [_thread_blocked, id=3652, stack(0x000000b33cd00000,0x000000b33ce00000) (1024K)]
  0x000001e718e2b0a0 JavaThread "Signal Dispatcher"          daemon [_thread_blocked, id=26136, stack(0x000000b33ce00000,0x000000b33cf00000) (1024K)]
  0x000001e718e2db10 JavaThread "Attach Listener"            daemon [_thread_blocked, id=27420, stack(0x000000b33cf00000,0x000000b33d000000) (1024K)]
  0x000001e718e2e980 JavaThread "Service Thread"             daemon [_thread_blocked, id=25392, stack(0x000000b33d000000,0x000000b33d100000) (1024K)]
  0x000001e718e33500 JavaThread "Monitor Deflation Thread"   daemon [_thread_blocked, id=2144, stack(0x000000b33d100000,0x000000b33d200000) (1024K)]
  0x000001e771b35b40 JavaThread "C2 CompilerThread0"         daemon [_thread_blocked, id=28008, stack(0x000000b33d200000,0x000000b33d300000) (1024K)]
  0x000001e771b48d30 JavaThread "C1 CompilerThread0"         daemon [_thread_blocked, id=19948, stack(0x000000b33d300000,0x000000b33d400000) (1024K)]
  0x000001e771c3adf0 JavaThread "C1 CompilerThread1"         daemon [_thread_blocked, id=23492, stack(0x000000b33d400000,0x000000b33d500000) (1024K)]
  0x000001e771c69760 JavaThread "C2 CompilerThread1"         daemon [_thread_blocked, id=22224, stack(0x000000b33d500000,0x000000b33d600000) (1024K)]
  0x000001e771d7fb10 JavaThread "Common-Cleaner"             daemon [_thread_blocked, id=2188, stack(0x000000b33d600000,0x000000b33d700000) (1024K)]
=>0x000001e771dc88c0 JavaThread "C1 CompilerThread2"         daemon [_thread_in_vm, id=17252, stack(0x000000b33d700000,0x000000b33d800000) (1024K)]
  0x000001e771df2740 JavaThread "C1 CompilerThread3"         daemon [_thread_blocked, id=19420, stack(0x000000b33d800000,0x000000b33d900000) (1024K)]
  0x000001e77354a1f0 JavaThread "Notification Thread"        daemon [_thread_blocked, id=25148, stack(0x000000b33d900000,0x000000b33da00000) (1024K)]
  0x000001e77820c470 JavaThread "C2 CompilerThread2"         daemon [_thread_blocked, id=19340, stack(0x000000b33e000000,0x000000b33e100000) (1024K)]
  0x000001e7782eeea0 JavaThread "C2 CompilerThread3"         daemon [_thread_blocked, id=21976, stack(0x000000b33e100000,0x000000b33e200000) (1024K)]
  0x000001e77823bfb0 JavaThread "Active Thread: Equinox Container: 32040a20-2dd9-42ff-881a-5f7a3ef83254"        [_thread_blocked, id=28640, stack(0x000000b33e200000,0x000000b33e300000) (1024K)]
Total: 18

Other Threads:
  0x000001e718e209d0 VMThread "VM Thread"                           [id=27212, stack(0x000000b33cb00000,0x000000b33cc00000) (1024K)] _threads_hazard_ptr=0x000001e77393f610
  0x000001e718c0ca00 WatcherThread "VM Periodic Task Thread"        [id=4256, stack(0x000000b33ca00000,0x000000b33cb00000) (1024K)]
  0x000001e718da2480 WorkerThread "GC Thread#0"                     [id=27692, stack(0x000000b33c900000,0x000000b33ca00000) (1024K)]
  0x000001e773561ff0 WorkerThread "GC Thread#1"                     [id=12656, stack(0x000000b33da00000,0x000000b33db00000) (1024K)]
  0x000001e778066770 WorkerThread "GC Thread#2"                     [id=18308, stack(0x000000b33db00000,0x000000b33dc00000) (1024K)]
  0x000001e778066b20 WorkerThread "GC Thread#3"                     [id=3076, stack(0x000000b33dc00000,0x000000b33dd00000) (1024K)]
  0x000001e778066ed0 WorkerThread "GC Thread#4"                     [id=5740, stack(0x000000b33dd00000,0x000000b33de00000) (1024K)]
  0x000001e7738313a0 WorkerThread "GC Thread#5"                     [id=16120, stack(0x000000b33de00000,0x000000b33df00000) (1024K)]
  0x000001e773831f60 WorkerThread "GC Thread#6"                     [id=13520, stack(0x000000b33df00000,0x000000b33e000000) (1024K)]
Total: 9

Threads with active compile tasks:
C1 CompilerThread2  4036 1767       3       sun.security.util.ManifestEntryVerifier::verify (456 bytes)
Total: 1

VM state: synchronizing (normal execution)

VM Mutex/Monitor currently owned by a thread:  ([mutex/lock_event])
[0x00007ffe421bd4f0] Metaspace_lock - owner thread: 0x000001e771dc88c0
[0x00007ffe421bf570] Threads_lock - owner thread: 0x000001e718e209d0

Heap address: 0x0000000080000000, size: 2048 MB, Compressed Oops mode: 32-bit

CDS archive(s) mapped at: [0x000001e730000000-0x000001e730ba0000-0x000001e730ba0000), size 12189696, SharedBaseAddress: 0x000001e730000000, ArchiveRelocationMode: 1.
Compressed class space mapped at: 0x000001e731000000-0x000001e771000000, reserved size: 1073741824
Narrow klass base: 0x000001e730000000, Narrow klass shift: 0, Narrow klass range: 0x100000000

GC Precious Log:
 CardTable entry size: 512
 CPUs: 16 total, 16 available
 Memory: 16068M
 Large Page Support: Disabled
 NUMA Support: Disabled
 Compressed Oops: Enabled (32-bit)
 Alignments: Space 512K, Generation 512K, Heap 2M
 Heap Min Capacity: 100M
 Heap Initial Capacity: 100M
 Heap Max Capacity: 2G
 Pre-touch: Disabled
 Parallel Workers: 13

Heap:
 PSYoungGen      total 29696K, used 25052K [0x00000000d5580000, 0x00000000d7680000, 0x0000000100000000)
  eden space 25600K, 83% used [0x00000000d5580000,0x00000000d6a5e018,0x00000000d6e80000)
  from space 4096K, 89% used [0x00000000d6e80000,0x00000000d72192b0,0x00000000d7280000)
  to   space 4096K, 0% used [0x00000000d7280000,0x00000000d7280000,0x00000000d7680000)
 ParOldGen       total 68608K, used 16K [0x0000000080000000, 0x0000000084300000, 0x00000000d5580000)
  object space 68608K, 0% used [0x0000000080000000,0x0000000080004000,0x0000000084300000)
 Metaspace       used 7416K, committed 7680K, reserved 1114112K
  class space    used 758K, committed 896K, reserved 1048576K

Card table byte_map: [0x000001e718720000,0x000001e718b30000] _byte_map_base: 0x000001e718320000

Marking Bits: (ParMarkBitMap*) 0x00007ffe421c4460
 Begin Bits: [0x000001e72b230000, 0x000001e72d230000)
 End Bits:   [0x000001e72d230000, 0x000001e72f230000)

Polling page: 0x000001e716b40000

Metaspace:

Usage:
  Non-class:      6.50 MB used.
      Class:    758.38 KB used.
       Both:      7.24 MB used.

Virtual space:
  Non-class space:       64.00 MB reserved,       6.62 MB ( 10%) committed,  1 nodes.
      Class space:        1.00 GB reserved,     896.00 KB ( <1%) committed,  1 nodes.
             Both:        1.06 GB reserved,       7.50 MB ( <1%) committed. 

Chunk freelists:
   Non-Class:  9.22 MB
       Class:  14.98 MB
        Both:  24.19 MB

MaxMetaspaceSize: unlimited
CompressedClassSpaceSize: 1.00 GB
Initial GC threshold: 21.00 MB
Current GC threshold: 21.00 MB
CDS: on
 - commit_granule_bytes: 65536.
 - commit_granule_words: 8192.
 - virtual_space_node_default_size: 8388608.
 - enlarge_chunks_in_place: 1.
 - use_allocation_guard: 0.


Internal statistics:

num_allocs_failed_limit: 0.
num_arena_births: 216.
num_arena_deaths: 0.
num_vsnodes_births: 2.
num_vsnodes_deaths: 0.
num_space_committed: 120.
num_space_uncommitted: 0.
num_chunks_returned_to_freelist: 0.
num_chunks_taken_from_freelist: 387.
num_chunk_merges: 0.
num_chunk_splits: 247.
num_chunks_enlarged: 158.
num_inconsistent_stats: 0.

CodeHeap 'non-profiled nmethods': size=119168Kb used=722Kb max_used=722Kb free=118445Kb
 bounds [0x000001e723b20000, 0x000001e723d90000, 0x000001e72af80000]
CodeHeap 'profiled nmethods': size=119104Kb used=3129Kb max_used=3129Kb free=115974Kb
 bounds [0x000001e71bf80000, 0x000001e71c290000, 0x000001e7233d0000]
CodeHeap 'non-nmethods': size=7488Kb used=2904Kb max_used=2937Kb free=4583Kb
 bounds [0x000001e7233d0000, 0x000001e7236c0000, 0x000001e723b20000]
CodeCache: size=245760Kb, used=6755Kb, max_used=6788Kb, free=239002Kb
 total_blobs=2246, nmethods=1765, adapters=385, full_count=0
Compilation: enabled, stopped_count=0, restarted_count=0

Compilation events (20 events):
Event: 1.968 Thread 0x000001e771df2740 1756       3       java.lang.ClassNotFoundException::<init> (7 bytes)
Event: 1.968 Thread 0x000001e771df2740 nmethod 1756 0x000001e71c286710 code [0x000001e71c2868c0, 0x000001e71c286ac0]
Event: 1.969 Thread 0x000001e771dc88c0 1757       3       java.lang.ClassLoader::compareCerts (197 bytes)
Event: 1.969 Thread 0x000001e771b48d30 1759       3       sun.invoke.util.VerifyAccess::isTypeVisible (47 bytes)
Event: 1.969 Thread 0x000001e771b48d30 nmethod 1759 0x000001e71c286b90 code [0x000001e71c286d80, 0x000001e71c287168]
Event: 1.969 Thread 0x000001e771dc88c0 nmethod 1757 0x000001e71c287390 code [0x000001e71c2875c0, 0x000001e71c287df8]
Event: 1.970 Thread 0x000001e771b35b40 1761       4       jdk.internal.org.objectweb.asm.SymbolTable::addConstantUtf8 (98 bytes)
Event: 1.971 Thread 0x000001e771df2740 1762       3       java.lang.String::encode8859_1 (159 bytes)
Event: 1.972 Thread 0x000001e771df2740 nmethod 1762 0x000001e71c288110 code [0x000001e71c288340, 0x000001e71c288c00]
Event: 1.974 Thread 0x000001e77820c470 nmethod 1750 0x000001e723bd0a10 code [0x000001e723bd0d40, 0x000001e723bd1e78]
Event: 1.977 Thread 0x000001e771b48d30 1763       3       java.lang.ClassLoader::postDefineClass (39 bytes)
Event: 1.977 Thread 0x000001e771b48d30 nmethod 1763 0x000001e71c288e90 code [0x000001e71c289080, 0x000001e71c2893a8]
Event: 1.981 Thread 0x000001e771b35b40 nmethod 1761 0x000001e723bd3510 code [0x000001e723bd3740, 0x000001e723bd41e8]
Event: 1.984 Thread 0x000001e771b48d30 1765       3       sun.security.provider.DigestBase::engineReset (33 bytes)
Event: 1.984 Thread 0x000001e771b48d30 nmethod 1765 0x000001e71c289590 code [0x000001e71c289760, 0x000001e71c2899f0]
Event: 1.988 Thread 0x000001e771c3adf0 1766   !   3       java.util.jar.JarVerifier::processEntry (437 bytes)
Event: 1.988 Thread 0x000001e771dc88c0 1767       3       sun.security.util.ManifestEntryVerifier::verify (456 bytes)
Event: 1.988 Thread 0x000001e771df2740 1768       3       java.util.jar.JarVerifier::mapSignersToCertArray (68 bytes)
Event: 1.989 Thread 0x000001e771df2740 nmethod 1768 0x000001e71c289a90 code [0x000001e71c289ca0, 0x000001e71c28a320]
Event: 1.991 Thread 0x000001e771c3adf0 nmethod 1766 0x000001e71c28a610 code [0x000001e71c28ab20, 0x000001e71c28d2c8]

GC Heap History (2 events):
Event: 1.230 GC heap before
{Heap before GC invocations=1 (full 0):
 PSYoungGen      total 29696K, used 25600K [0x00000000d5580000, 0x00000000d7680000, 0x0000000100000000)
  eden space 25600K, 100% used [0x00000000d5580000,0x00000000d6e80000,0x00000000d6e80000)
  from space 4096K, 0% used [0x00000000d7280000,0x00000000d7280000,0x00000000d7680000)
  to   space 4096K, 0% used [0x00000000d6e80000,0x00000000d6e80000,0x00000000d7280000)
 ParOldGen       total 68608K, used 0K [0x0000000080000000, 0x0000000084300000, 0x00000000d5580000)
  object space 68608K, 0% used [0x0000000080000000,0x0000000080000000,0x0000000084300000)
 Metaspace       used 4172K, committed 4416K, reserved 1114112K
  class space    used 454K, committed 576K, reserved 1048576K
}
Event: 1.238 GC heap after
{Heap after GC invocations=1 (full 0):
 PSYoungGen      total 29696K, used 3684K [0x00000000d5580000, 0x00000000d7680000, 0x0000000100000000)
  eden space 25600K, 0% used [0x00000000d5580000,0x00000000d5580000,0x00000000d6e80000)
  from space 4096K, 89% used [0x00000000d6e80000,0x00000000d72192b0,0x00000000d7280000)
  to   space 4096K, 0% used [0x00000000d7280000,0x00000000d7280000,0x00000000d7680000)
 ParOldGen       total 68608K, used 16K [0x0000000080000000, 0x0000000084300000, 0x00000000d5580000)
  object space 68608K, 0% used [0x0000000080000000,0x0000000080004000,0x0000000084300000)
 Metaspace       used 4172K, committed 4416K, reserved 1114112K
  class space    used 454K, committed 576K, reserved 1048576K
}

Dll operation events (8 events):
Event: 0.019 Loaded shared library c:\Users\backu\.vscode\extensions\redhat.java-1.55.0-win32-x64\jre\21.0.11-win32-x86_64\bin\java.dll
Event: 0.109 Loaded shared library c:\Users\backu\.vscode\extensions\redhat.java-1.55.0-win32-x64\jre\21.0.11-win32-x86_64\bin\zip.dll
Event: 0.143 Loaded shared library C:\Users\backu\.vscode\extensions\redhat.java-1.55.0-win32-x64\jre\21.0.11-win32-x86_64\bin\instrument.dll
Event: 0.149 Loaded shared library C:\Users\backu\.vscode\extensions\redhat.java-1.55.0-win32-x64\jre\21.0.11-win32-x86_64\bin\net.dll
Event: 0.152 Loaded shared library C:\Users\backu\.vscode\extensions\redhat.java-1.55.0-win32-x64\jre\21.0.11-win32-x86_64\bin\nio.dll
Event: 0.161 Loaded shared library C:\Users\backu\.vscode\extensions\redhat.java-1.55.0-win32-x64\jre\21.0.11-win32-x86_64\bin\zip.dll
Event: 0.200 Loaded shared library C:\Users\backu\.vscode\extensions\redhat.java-1.55.0-win32-x64\jre\21.0.11-win32-x86_64\bin\jimage.dll
Event: 0.337 Loaded shared library c:\Users\backu\.vscode\extensions\redhat.java-1.55.0-win32-x64\jre\21.0.11-win32-x86_64\bin\verify.dll

Deoptimization events (20 events):
Event: 1.892 Thread 0x000001e718d83ba0 Uncommon trap: trap_request=0xffffff45 fr.pc=0x000001e723b9954c relative=0x00000000000000ac
Event: 1.892 Thread 0x000001e718d83ba0 Uncommon trap: reason=unstable_if action=reinterpret pc=0x000001e723b9954c method=java.util.concurrent.locks.ReentrantLock$NonfairSync.initialTryLock()Z @ 10 c2
Event: 1.892 Thread 0x000001e718d83ba0 DEOPT PACKING pc=0x000001e723b9954c sp=0x000000b33c8fec00
Event: 1.892 Thread 0x000001e718d83ba0 DEOPT UNPACKING pc=0x000001e723423aa2 sp=0x000000b33c8feb90 mode 2
Event: 1.893 Thread 0x000001e718d83ba0 Uncommon trap: trap_request=0xffffff45 fr.pc=0x000001e723bc82bc relative=0x000000000000009c
Event: 1.893 Thread 0x000001e718d83ba0 Uncommon trap: reason=unstable_if action=reinterpret pc=0x000001e723bc82bc method=java.util.concurrent.locks.ReentrantLock$Sync.tryRelease(I)Z @ 26 c2
Event: 1.893 Thread 0x000001e718d83ba0 DEOPT PACKING pc=0x000001e723bc82bc sp=0x000000b33c8fed20
Event: 1.893 Thread 0x000001e718d83ba0 DEOPT UNPACKING pc=0x000001e723423aa2 sp=0x000000b33c8febe0 mode 2
Event: 1.982 Thread 0x000001e718d83ba0 Uncommon trap: trap_request=0xffffffde fr.pc=0x000001e723bbfa08 relative=0x0000000000000948
Event: 1.982 Thread 0x000001e718d83ba0 Uncommon trap: reason=class_check action=maybe_recompile pc=0x000001e723bbfa08 method=java.util.HashMap.putVal(ILjava/lang/Object;Ljava/lang/Object;ZZ)Ljava/lang/Object; @ 253 c2
Event: 1.982 Thread 0x000001e718d83ba0 DEOPT PACKING pc=0x000001e723bbfa08 sp=0x000000b33c8fe600
Event: 1.982 Thread 0x000001e718d83ba0 DEOPT UNPACKING pc=0x000001e723423aa2 sp=0x000000b33c8fe528 mode 2
Event: 1.983 Thread 0x000001e718d83ba0 Uncommon trap: trap_request=0xffffffde fr.pc=0x000001e723bbfa08 relative=0x0000000000000948
Event: 1.983 Thread 0x000001e718d83ba0 Uncommon trap: reason=class_check action=maybe_recompile pc=0x000001e723bbfa08 method=java.util.HashMap.putVal(ILjava/lang/Object;Ljava/lang/Object;ZZ)Ljava/lang/Object; @ 253 c2
Event: 1.983 Thread 0x000001e718d83ba0 DEOPT PACKING pc=0x000001e723bbfa08 sp=0x000000b33c8fe600
Event: 1.983 Thread 0x000001e718d83ba0 DEOPT UNPACKING pc=0x000001e723423aa2 sp=0x000000b33c8fe528 mode 2
Event: 1.984 Thread 0x000001e718d83ba0 Uncommon trap: trap_request=0xffffffde fr.pc=0x000001e723bbfa08 relative=0x0000000000000948
Event: 1.984 Thread 0x000001e718d83ba0 Uncommon trap: reason=class_check action=maybe_recompile pc=0x000001e723bbfa08 method=java.util.HashMap.putVal(ILjava/lang/Object;Ljava/lang/Object;ZZ)Ljava/lang/Object; @ 253 c2
Event: 1.984 Thread 0x000001e718d83ba0 DEOPT PACKING pc=0x000001e723bbfa08 sp=0x000000b33c8fe500
Event: 1.984 Thread 0x000001e718d83ba0 DEOPT UNPACKING pc=0x000001e723423aa2 sp=0x000000b33c8fe428 mode 2

Classes loaded (20 events):
Event: 1.928 Loading class java/util/concurrent/Delayed
Event: 1.928 Loading class java/util/concurrent/Delayed done
Event: 1.928 Loading class java/util/concurrent/ScheduledFuture done
Event: 1.928 Loading class java/util/concurrent/RunnableScheduledFuture done
Event: 1.929 Loading class java/util/concurrent/ScheduledThreadPoolExecutor$ScheduledFutureTask
Event: 1.929 Loading class java/util/concurrent/FutureTask
Event: 1.929 Loading class java/util/concurrent/FutureTask done
Event: 1.929 Loading class java/util/concurrent/ScheduledThreadPoolExecutor$ScheduledFutureTask done
Event: 1.929 Loading class java/util/concurrent/FutureTask$WaitNode
Event: 1.929 Loading class java/util/concurrent/FutureTask$WaitNode done
Event: 1.929 Loading class java/util/concurrent/Executors$RunnableAdapter
Event: 1.929 Loading class java/util/concurrent/Executors$RunnableAdapter done
Event: 1.929 Loading class java/util/concurrent/ThreadPoolExecutor$Worker
Event: 1.930 Loading class java/util/concurrent/ThreadPoolExecutor$Worker done
Event: 1.958 Loading class java/util/ArrayList$ListItr
Event: 1.959 Loading class java/util/ArrayList$ListItr done
Event: 1.962 Loading class java/net/ContentHandlerFactory
Event: 1.962 Loading class java/net/ContentHandlerFactory done
Event: 1.983 Loading class java/util/ConcurrentModificationException
Event: 1.983 Loading class java/util/ConcurrentModificationException done

Classes unloaded (0 events):
No events

Classes redefined (0 events):
No events

Internal exceptions (20 events):
Event: 0.800 Thread 0x000001e718d83ba0 Exception <a 'java/lang/NoSuchMethodError'{0x00000000d66db1e8}: 'java.lang.Object java.lang.invoke.Invokers$Holder.invokeExact_MT(java.lang.Object, java.lang.Object, java.lang.Object, java.lang.Object, java.lang.Object, java.lang.Object)'> (0x00000000d66db1e8) 
thrown [s\src\hotspot\share\interpreter\linkResolver.cpp, line 773]
Event: 0.807 Thread 0x000001e718d83ba0 Exception <a 'java/lang/NoSuchMethodError'{0x00000000d66f22c0}: 'int java.lang.invoke.DirectMethodHandle$Holder.invokeStatic(java.lang.Object, java.lang.Object, java.lang.Object, java.lang.Object, java.lang.Object)'> (0x00000000d66f22c0) 
thrown [s\src\hotspot\share\interpreter\linkResolver.cpp, line 773]
Event: 0.859 Thread 0x000001e718d83ba0 Exception <a 'java/lang/NoSuchMethodError'{0x00000000d6787c58}: 'java.lang.Object java.lang.invoke.DirectMethodHandle$Holder.invokeInterface(java.lang.Object, java.lang.Object, int)'> (0x00000000d6787c58) 
thrown [s\src\hotspot\share\interpreter\linkResolver.cpp, line 773]
Event: 1.147 Thread 0x000001e718d83ba0 Exception <a 'java/lang/NoSuchMethodError'{0x00000000d6bf39a8}: 'java.lang.ClassLoader java.lang.ClassLoader.getPlatformClassLoader(java.lang.Class)'> (0x00000000d6bf39a8) 
thrown [s\src\hotspot\share\interpreter\linkResolver.cpp, line 773]
Event: 1.282 Thread 0x000001e718d83ba0 Exception <a 'java/lang/ClassNotFoundException'{0x00000000d5750638}: sun/net/www/protocol/c/Handler> (0x00000000d5750638) 
thrown [s\src\hotspot\share\classfile\systemDictionary.cpp, line 313]
Event: 1.282 Thread 0x000001e718d83ba0 Exception <a 'java/lang/ClassNotFoundException'{0x00000000d57519f0}: sun/net/www/protocol/c/Handler> (0x00000000d57519f0) 
thrown [s\src\hotspot\share\classfile\systemDictionary.cpp, line 313]
Event: 1.283 Thread 0x000001e718d83ba0 Exception <a 'java/lang/ClassNotFoundException'{0x00000000d5752c00}: sun/net/www/protocol/c/Handler> (0x00000000d5752c00) 
thrown [s\src\hotspot\share\classfile\systemDictionary.cpp, line 313]
Event: 1.313 Thread 0x000001e718d83ba0 Exception <a 'java/io/FileNotFoundException'{0x00000000d577a860}> (0x00000000d577a860) 
thrown [s\src\hotspot\share\prims\jni.cpp, line 520]
Event: 1.360 Thread 0x000001e718d83ba0 Implicit null exception at 0x000001e723b7a6a9 to 0x000001e723b7af1c
Event: 1.360 Thread 0x000001e718d83ba0 Implicit null exception at 0x000001e723b8b39a to 0x000001e723b8b5a4
Event: 1.361 Thread 0x000001e718d83ba0 Exception <a 'java/lang/NoSuchMethodError'{0x00000000d58ecc58}: 'void java.lang.invoke.DirectMethodHandle$Holder.invokeStatic(java.lang.Object, java.lang.Object, java.lang.Object, java.lang.Object)'> (0x00000000d58ecc58) 
thrown [s\src\hotspot\share\interpreter\linkResolver.cpp, line 773]
Event: 1.363 Thread 0x000001e718d83ba0 Implicit null exception at 0x000001e723b7dc3c to 0x000001e723b7ded8
Event: 1.363 Thread 0x000001e718d83ba0 Implicit null exception at 0x000001e723b7d43d to 0x000001e723b7d4c1
Event: 1.459 Thread 0x000001e718d83ba0 Exception <a 'java/lang/NoSuchMethodError'{0x00000000d5bec738}: 'void java.lang.invoke.DirectMethodHandle$Holder.invokeSpecial(java.lang.Object, java.lang.Object, java.lang.Object)'> (0x00000000d5bec738) 
thrown [s\src\hotspot\share\interpreter\linkResolver.cpp, line 773]
Event: 1.844 Thread 0x000001e718d83ba0 Exception <a 'java/lang/NoSuchMethodError'{0x00000000d64e85e8}: 'int java.lang.invoke.DirectMethodHandle$Holder.invokeVirtual(java.lang.Object, java.lang.Object)'> (0x00000000d64e85e8) 
thrown [s\src\hotspot\share\interpreter\linkResolver.cpp, line 773]
Event: 1.916 Thread 0x000001e718d83ba0 Exception <a 'java/lang/NoSuchMethodError'{0x00000000d665e570}: 'int java.lang.invoke.DirectMethodHandle$Holder.invokeStaticInit(java.lang.Object, java.lang.Object, java.lang.Object, java.lang.Object)'> (0x00000000d665e570) 
thrown [s\src\hotspot\share\interpreter\linkResolver.cpp, line 773]
Event: 1.917 Thread 0x000001e718d83ba0 Exception <a 'java/lang/IncompatibleClassChangeError'{0x00000000d6666c58}: Found class java.lang.Object, but interface was expected> (0x00000000d6666c58) 
thrown [s\src\hotspot\share\interpreter\linkResolver.cpp, line 840]
Event: 1.917 Thread 0x000001e718d83ba0 Exception <a 'java/lang/NoSuchMethodError'{0x00000000d666d1e8}: 'void java.lang.invoke.DirectMethodHandle$Holder.invokeStaticInit(java.lang.Object, java.lang.Object)'> (0x00000000d666d1e8) 
thrown [s\src\hotspot\share\interpreter\linkResolver.cpp, line 773]
Event: 1.918 Thread 0x000001e718d83ba0 Exception <a 'java/lang/NoSuchMethodError'{0x00000000d6676600}: 'int java.lang.invoke.DirectMethodHandle$Holder.invokeStaticInit(java.lang.Object, java.lang.Object)'> (0x00000000d6676600) 
thrown [s\src\hotspot\share\interpreter\linkResolver.cpp, line 773]
Event: 1.970 Thread 0x000001e718d83ba0 Exception <a 'java/lang/NoSuchMethodError'{0x00000000d68cca80}: 'java.lang.Object java.lang.invoke.DirectMethodHandle$Holder.newInvokeSpecial(java.lang.Object, int, java.lang.Object)'> (0x00000000d68cca80) 
thrown [s\src\hotspot\share\interpreter\linkResolver.cpp, line 773]

ZGC Phase Switch (0 events):
No events

VM Operations (19 events):
Event: 0.107 Executing non-safepoint VM operation: HandshakeAllThreads (Deoptimize)
Event: 0.107 Executing non-safepoint VM operation: HandshakeAllThreads (Deoptimize) done
Event: 0.218 Executing non-safepoint VM operation: HandshakeAllThreads (Deoptimize)
Event: 0.218 Executing non-safepoint VM operation: HandshakeAllThreads (Deoptimize) done
Event: 0.709 Executing non-safepoint VM operation: HandshakeAllThreads (Deoptimize)
Event: 0.709 Executing non-safepoint VM operation: HandshakeAllThreads (Deoptimize) done
Event: 0.732 Executing non-safepoint VM operation: HandshakeAllThreads (Deoptimize)
Event: 0.732 Executing non-safepoint VM operation: HandshakeAllThreads (Deoptimize) done
Event: 1.147 Executing safepoint VM operation: ICBufferFull
Event: 1.147 Executing safepoint VM operation: ICBufferFull done
Event: 1.230 Executing safepoint VM operation: ParallelGCFailedAllocation (Allocation Failure)
Event: 1.238 Executing safepoint VM operation: ParallelGCFailedAllocation (Allocation Failure) done
Event: 1.255 Executing non-safepoint VM operation: HandshakeAllThreads (Deoptimize)
Event: 1.256 Executing non-safepoint VM operation: HandshakeAllThreads (Deoptimize) done
Event: 1.945 Executing non-safepoint VM operation: HandshakeAllThreads (Deoptimize)
Event: 1.945 Executing non-safepoint VM operation: HandshakeAllThreads (Deoptimize) done
Event: 1.959 Executing non-safepoint VM operation: HandshakeAllThreads (Deoptimize)
Event: 1.959 Executing non-safepoint VM operation: HandshakeAllThreads (Deoptimize) done
Event: 2.972 Executing safepoint VM operation: Cleanup

Memory protections (0 events):
No events

Nmethod flushes (0 events):
No events

Events (20 events):
Event: 0.036 Thread 0x000001e718d83ba0 Thread added: 0x000001e718d83ba0
Event: 0.055 Thread 0x000001e718d83ba0 Thread added: 0x000001e718e253e0
Event: 0.056 Thread 0x000001e718d83ba0 Thread added: 0x000001e718d2d810
Event: 0.057 Thread 0x000001e718d83ba0 Thread added: 0x000001e718e2b0a0
Event: 0.057 Thread 0x000001e718d83ba0 Thread added: 0x000001e718e2db10
Event: 0.057 Thread 0x000001e718d83ba0 Thread added: 0x000001e718e2e980
Event: 0.057 Thread 0x000001e718d83ba0 Thread added: 0x000001e718e33500
Event: 0.057 Thread 0x000001e718d83ba0 Thread added: 0x000001e771b35b40
Event: 0.058 Thread 0x000001e718d83ba0 Thread added: 0x000001e771b48d30
Event: 0.105 Thread 0x000001e771b48d30 Thread added: 0x000001e771c3adf0
Event: 0.118 Thread 0x000001e771b35b40 Thread added: 0x000001e771c69760
Event: 0.145 Thread 0x000001e718d83ba0 Thread added: 0x000001e771d7fb10
Event: 0.211 Thread 0x000001e771b35b40 Thread added: 0x000001e771dc88c0
Event: 0.211 Thread 0x000001e771b35b40 Thread added: 0x000001e771df2740
Event: 0.515 Thread 0x000001e718d83ba0 Thread added: 0x000001e77354a1f0
Event: 0.624 Thread 0x000001e771c3adf0 Thread added: 0x000001e77342f780
Event: 1.164 Thread 0x000001e77342f780 Thread exited: 0x000001e77342f780
Event: 1.565 Thread 0x000001e771c69760 Thread added: 0x000001e77820c470
Event: 1.565 Thread 0x000001e771c69760 Thread added: 0x000001e7782eeea0
Event: 1.930 Thread 0x000001e718d83ba0 Thread added: 0x000001e77823bfb0


Dynamic libraries:
0x00007ff7f0710000 - 0x00007ff7f071e000 	c:\Users\backu\.vscode\extensions\redhat.java-1.55.0-win32-x64\jre\21.0.11-win32-x86_64\bin\java.exe
0x00007fff0ff20000 - 0x00007fff10186000 	C:\WINDOWS\SYSTEM32\ntdll.dll
0x00007fff0e6f0000 - 0x00007fff0e7b9000 	C:\WINDOWS\System32\KERNEL32.DLL
0x00007fff0d500000 - 0x00007fff0d8fa000 	C:\WINDOWS\System32\KERNELBASE.dll
0x00007fff0db40000 - 0x00007fff0dc8c000 	C:\WINDOWS\System32\ucrtbase.dll
0x00007ffef1f30000 - 0x00007ffef1f4e000 	c:\Users\backu\.vscode\extensions\redhat.java-1.55.0-win32-x64\jre\21.0.11-win32-x86_64\bin\VCRUNTIME140.dll
0x00007fff04e30000 - 0x00007fff04e48000 	c:\Users\backu\.vscode\extensions\redhat.java-1.55.0-win32-x64\jre\21.0.11-win32-x86_64\bin\jli.dll
0x00007fff0dc90000 - 0x00007fff0de57000 	C:\WINDOWS\System32\USER32.dll
0x00007fff0d260000 - 0x00007fff0d287000 	C:\WINDOWS\System32\win32u.dll
0x00007fff0e2c0000 - 0x00007fff0e2eb000 	C:\WINDOWS\System32\GDI32.dll
0x00007fff0d290000 - 0x00007fff0d3bb000 	C:\WINDOWS\System32\gdi32full.dll
0x00007fff0d450000 - 0x00007fff0d4f3000 	C:\WINDOWS\System32\msvcp_win.dll
0x00007ffeedb70000 - 0x00007ffeede02000 	C:\WINDOWS\WinSxS\amd64_microsoft.windows.common-controls_6595b64144ccf1df_6.0.26100.8521_none_3e08b75ce33403b3\COMCTL32.dll
0x00007fff0df70000 - 0x00007fff0e019000 	C:\WINDOWS\System32\msvcrt.dll
0x00007fff0e5a0000 - 0x00007fff0e5d2000 	C:\WINDOWS\System32\IMM32.DLL
0x00007fff00a90000 - 0x00007fff00a9c000 	c:\Users\backu\.vscode\extensions\redhat.java-1.55.0-win32-x64\jre\21.0.11-win32-x86_64\bin\vcruntime140_1.dll
0x00007ffe79080000 - 0x00007ffe7910d000 	c:\Users\backu\.vscode\extensions\redhat.java-1.55.0-win32-x64\jre\21.0.11-win32-x86_64\bin\msvcp140.dll
0x00007ffe41500000 - 0x00007ffe422a2000 	c:\Users\backu\.vscode\extensions\redhat.java-1.55.0-win32-x64\jre\21.0.11-win32-x86_64\bin\server\jvm.dll
0x00007fff0fc00000 - 0x00007fff0fcb6000 	C:\WINDOWS\System32\ADVAPI32.dll
0x00007fff0de60000 - 0x00007fff0df0a000 	C:\WINDOWS\System32\sechost.dll
0x00007fff0fcc0000 - 0x00007fff0fdd8000 	C:\WINDOWS\System32\RPCRT4.dll
0x00007fff0e370000 - 0x00007fff0e3f0000 	C:\WINDOWS\System32\WS2_32.dll
0x00007fff0bda0000 - 0x00007fff0bdfe000 	C:\WINDOWS\SYSTEM32\POWRPROF.dll
0x00007fff073d0000 - 0x00007fff07406000 	C:\WINDOWS\SYSTEM32\WINMM.dll
0x00007fff02b90000 - 0x00007fff02b9b000 	C:\WINDOWS\SYSTEM32\VERSION.dll
0x00007fff0bd80000 - 0x00007fff0bd94000 	C:\WINDOWS\SYSTEM32\UMPDC.dll
0x00007fff0c060000 - 0x00007fff0c07b000 	C:\WINDOWS\SYSTEM32\kernel.appcore.dll
0x00007ffef2c20000 - 0x00007ffef2c2a000 	c:\Users\backu\.vscode\extensions\redhat.java-1.55.0-win32-x64\jre\21.0.11-win32-x86_64\bin\jimage.dll
0x00007fff0a880000 - 0x00007fff0aac2000 	C:\WINDOWS\SYSTEM32\DBGHELP.DLL
0x00007fff0f680000 - 0x00007fff0fa03000 	C:\WINDOWS\System32\combase.dll
0x00007fff0e910000 - 0x00007fff0e9e9000 	C:\WINDOWS\System32\OLEAUT32.dll
0x00007ffece760000 - 0x00007ffece79b000 	C:\WINDOWS\SYSTEM32\dbgcore.DLL
0x00007fff0d1b0000 - 0x00007fff0d258000 	C:\WINDOWS\System32\bcryptPrimitives.dll
0x00007ffef22f0000 - 0x00007ffef22ff000 	c:\Users\backu\.vscode\extensions\redhat.java-1.55.0-win32-x64\jre\21.0.11-win32-x86_64\bin\instrument.dll
0x00007ffef1ba0000 - 0x00007ffef1bc0000 	c:\Users\backu\.vscode\extensions\redhat.java-1.55.0-win32-x64\jre\21.0.11-win32-x86_64\bin\java.dll
0x00007fff0eef0000 - 0x00007fff0f674000 	C:\WINDOWS\System32\SHELL32.dll
0x00007fff0ad90000 - 0x00007fff0b610000 	C:\WINDOWS\SYSTEM32\windows.storage.dll
0x00007fff0e020000 - 0x00007fff0e116000 	C:\WINDOWS\System32\SHCORE.dll
0x00007fff0e2f0000 - 0x00007fff0e357000 	C:\WINDOWS\System32\shlwapi.dll
0x00007fff0d0d0000 - 0x00007fff0d0f9000 	C:\WINDOWS\SYSTEM32\profapi.dll
0x00007ffef1b80000 - 0x00007ffef1b98000 	c:\Users\backu\.vscode\extensions\redhat.java-1.55.0-win32-x64\jre\21.0.11-win32-x86_64\bin\zip.dll
0x00007ffef1f20000 - 0x00007ffef1f30000 	C:\Users\backu\.vscode\extensions\redhat.java-1.55.0-win32-x64\jre\21.0.11-win32-x86_64\bin\net.dll
0x00007fff02c80000 - 0x00007fff02da9000 	C:\WINDOWS\SYSTEM32\WINHTTP.dll
0x00007fff0c5d0000 - 0x00007fff0c63c000 	C:\WINDOWS\system32\mswsock.dll
0x00007ffef1a00000 - 0x00007ffef1a16000 	C:\Users\backu\.vscode\extensions\redhat.java-1.55.0-win32-x64\jre\21.0.11-win32-x86_64\bin\nio.dll
0x00007ffef1ac0000 - 0x00007ffef1ad0000 	c:\Users\backu\.vscode\extensions\redhat.java-1.55.0-win32-x64\jre\21.0.11-win32-x86_64\bin\verify.dll

JVMTI agents:
c:\Users\backu\.vscode\extensions\redhat.java-1.55.0-win32-x64\lombok\lombok-1.18.39-4050.jar path:c:\Users\backu\.vscode\extensions\redhat.java-1.55.0-win32-x64\jre\21.0.11-win32-x86_64\bin\instrument.dll, loaded, initialized, instrumentlib options:none

dbghelp: loaded successfully - version: 4.0.5 - missing functions: none
symbol engine: initialized successfully - sym options: 0x614 - pdb path: .;c:\Users\backu\.vscode\extensions\redhat.java-1.55.0-win32-x64\jre\21.0.11-win32-x86_64\bin;C:\WINDOWS\SYSTEM32;C:\WINDOWS\WinSxS\amd64_microsoft.windows.common-controls_6595b64144ccf1df_6.0.26100.8521_none_3e08b75ce33403b3;c:\Users\backu\.vscode\extensions\redhat.java-1.55.0-win32-x64\jre\21.0.11-win32-x86_64\bin\server

VM Arguments:
jvm_args: --add-modules=ALL-SYSTEM --add-opens=java.base/java.util=ALL-UNNAMED --add-opens=java.base/java.lang=ALL-UNNAMED --add-opens=java.base/sun.nio.fs=ALL-UNNAMED -Declipse.application=org.eclipse.jdt.ls.core.id1 -Dosgi.bundles.defaultStartLevel=4 -Declipse.product=org.eclipse.jdt.ls.core.product -Djava.import.generatesMetadataFilesAtProjectRoot=false -DDetectVMInstallationsJob.disabled=true -Dfile.encoding=utf8 -XX:+UseParallelGC -XX:GCTimeRatio=4 -XX:AdaptiveSizePolicyWeight=90 -Dsun.zip.disableMemoryMapping=true -Xmx2G -Xms100m -Xlog:disable -javaagent:c:\Users\backu\.vscode\extensions\redhat.java-1.55.0-win32-x64\lombok\lombok-1.18.39-4050.jar 
java_command: c:\Users\backu\.vscode\extensions\redhat.java-1.55.0-win32-x64\server\plugins\org.eclipse.equinox.launcher_1.7.200.v20260619-2039.jar -configuration c:\Users\backu\AppData\Roaming\Code\User\globalStorage\redhat.java\1.55.0\config_ss_win -data c:\Users\backu\AppData\Roaming\Code\User\workspaceStorage\a385cc1d19ef0a7214639b3a7b931727\redhat.java\ss_ws --pipe=\\.\pipe\lsp-802d31f111f0a4eb206d3041189ceece-sock
java_class_path (initial): c:\Users\backu\.vscode\extensions\redhat.java-1.55.0-win32-x64\server\plugins\org.eclipse.equinox.launcher_1.7.200.v20260619-2039.jar
Launcher Type: SUN_STANDARD

[Global flags]
    uintx AdaptiveSizePolicyWeight                 = 90                                        {product} {command line}
     intx CICompilerCount                          = 12                                        {product} {ergonomic}
    uintx GCTimeRatio                              = 4                                         {product} {command line}
   size_t InitialHeapSize                          = 104857600                                 {product} {command line}
   size_t MaxHeapSize                              = 2147483648                                {product} {command line}
   size_t MaxNewSize                               = 715653120                                 {product} {ergonomic}
   size_t MinHeapDeltaBytes                        = 524288                                    {product} {ergonomic}
   size_t MinHeapSize                              = 104857600                                 {product} {command line}
   size_t NewSize                                  = 34603008                                  {product} {ergonomic}
    uintx NonNMethodCodeHeapSize                   = 7602480                                {pd product} {ergonomic}
    uintx NonProfiledCodeHeapSize                  = 122027880                              {pd product} {ergonomic}
   size_t OldSize                                  = 70254592                                  {product} {ergonomic}
    uintx ProfiledCodeHeapSize                     = 122027880                              {pd product} {ergonomic}
    uintx ReservedCodeCacheSize                    = 251658240                              {pd product} {ergonomic}
     bool SegmentedCodeCache                       = true                                      {product} {ergonomic}
   size_t SoftMaxHeapSize                          = 2147483648                             {manageable} {ergonomic}
     bool UseCompressedOops                        = true                           {product lp64_product} {ergonomic}
     bool UseLargePagesIndividualAllocation        = false                                  {pd product} {ergonomic}
     bool UseParallelGC                            = true                                      {product} {command line}

Logging:
Log output configuration:
 #0: stdout all=off uptime,level,tags foldmultilines=false
 #1: stderr all=off uptime,level,tags foldmultilines=false

Release file:
JAVA_VERSION="21.0.11" 
MODULES="java.base java.compiler java.datatransfer java.xml java.prefs java.desktop java.instrument java.logging java.management java.security.sasl java.naming java.rmi java.management.rmi java.net.http java.scripting java.security.jgss java.transaction.xa java.sql java.sql.rowset java.xml.crypto java.se java.smartcardio jdk.accessibility jdk.internal.jvmstat jdk.attach jdk.charsets jdk.internal.opt jdk.zipfs jdk.compiler jdk.crypto.ec jdk.crypto.cryptoki jdk.crypto.mscapi jdk.dynalink jdk.internal.ed jdk.editpad jdk.hotspot.agent jdk.httpserver jdk.internal.le jdk.internal.vm.ci jdk.internal.vm.compiler jdk.internal.vm.compiler.management jdk.jartool jdk.javadoc jdk.jcmd jdk.management jdk.management.agent jdk.jconsole jdk.jdeps jdk.jdwp.agent jdk.jdi jdk.jfr jdk.jshell jdk.jsobject jdk.jstatd jdk.localedata jdk.management.jfr jdk.naming.dns jdk.naming.rmi jdk.net jdk.nio.mapmode jdk.random jdk.sctp jdk.security.auth jdk.security.jgss jdk.unsupported jdk.unsupported.desktop jdk.xml.dom" 

Environment Variables:
JAVA_HOME=C:\Users\backu\Downloads\openjdk-21+35_windows-x64_bin
PATH=C:\SIMULIA\Commands;C:\Users\backu\Downloads\openjdk-21+35_windows-x64_bin\jdk-21\bin;C:\Windows\system32;C:\Windows;C:\Windows\System32\Wbem;C:\Windows\System32\WindowsPowerShell\v1.0\;C:\Windows\System32\OpenSSH\;C:\Program Files\dotnet\;C:\WINDOWS\system32;C:\WINDOWS;C:\WINDOWS\System32\Wbem;C:\WINDOWS\System32\WindowsPowerShell\v1.0\;C:\WINDOWS\System32\OpenSSH\;C:\Users\backu\Downloads\apache-maven-3.9.8-bin.zip\apache-maven-3.9.8\bin;C:\Program Files (x86)\Windows Kits\8.1\Windows Performance Toolkit\;C:\Program Files\Git\cmd;C:\Users\backu\Downloads\apache-maven-3.9.9-bin\apache-maven-3.9.9\bin;E:\Matlab\bin;C:\Program Files\Docker\Docker\resources\bin;C:\MinGW\bin;C:\Program Files\NVIDIA Corporation\NVIDIA App\NvDLISR;C:\Users\backu\Downloads\openjdk-21+35_windows-x64_bin\jdk-21\bin;C:\Program Files\nodejs\;C:\Program Files\WireGuard\;C:\Users\backu\AppData\Local\Programs\Python\Python313\Scripts\;C:\Users\backu\AppData\Local\Programs\Python\Python313\;C:\Program Files\MySQL\MySQL Shell 8.0\bin\;C:\Users\backu\AppData\Local\Microsoft\WindowsApps;C:\Users\backu\AppData\Local\Programs\Microsoft VS Code\bin;C:\Users\backu\AppData\Local\Programs\cursor\resources\app\bin;C:\Users\backu\AppData\Roaming\npm
USERNAME=backu
OS=Windows_NT
PROCESSOR_IDENTIFIER=Intel64 Family 6 Model 154 Stepping 3, GenuineIntel
TMP=C:\Users\backu\AppData\Local\Temp
TEMP=C:\Users\backu\AppData\Local\Temp




Periodic native trim disabled

---------------  S Y S T E M  ---------------

OS:
 Windows 11 , 64 bit Build 26100 (10.0.26100.8521)
OS uptime: 0 days 12:51 hours
Hyper-V role detected

CPU: total 16 (initial active 16) (8 cores per cpu, 2 threads per core) family 6 model 154 stepping 3 microcode 0x43b, cx8, cmov, fxsr, ht, mmx, 3dnowpref, sse, sse2, sse3, ssse3, sse4.1, sse4.2, popcnt, lzcnt, tsc, tscinvbit, avx, avx2, aes, erms, clmul, bmi1, bmi2, adx, sha, fma, vzeroupper, clflush, clflushopt, clwb, hv, serialize, rdtscp, rdpid, fsrm, f16c, cet_ibt, cet_ss
Processor Information for processor 0
  Max Mhz: 2500, Current Mhz: 2500, Mhz Limit: 2500
Processor Information for processor 1
  Max Mhz: 2500, Current Mhz: 2500, Mhz Limit: 2500
Processor Information for processor 2
  Max Mhz: 2500, Current Mhz: 2500, Mhz Limit: 2500
Processor Information for processor 3
  Max Mhz: 2500, Current Mhz: 2500, Mhz Limit: 2500
Processor Information for processor 4
  Max Mhz: 2500, Current Mhz: 2500, Mhz Limit: 2500
Processor Information for processor 5
  Max Mhz: 2500, Current Mhz: 2500, Mhz Limit: 2500
Processor Information for processor 6
  Max Mhz: 2500, Current Mhz: 2500, Mhz Limit: 2500
Processor Information for processor 7
  Max Mhz: 2500, Current Mhz: 2500, Mhz Limit: 2500
Processor Information for processor 8
  Max Mhz: 2500, Current Mhz: 1527, Mhz Limit: 2500
Processor Information for processor 9
  Max Mhz: 2500, Current Mhz: 1527, Mhz Limit: 2500
Processor Information for processor 10
  Max Mhz: 2500, Current Mhz: 1527, Mhz Limit: 2500
Processor Information for processor 11
  Max Mhz: 2500, Current Mhz: 1527, Mhz Limit: 2500
Processor Information for processor 12
  Max Mhz: 2500, Current Mhz: 1527, Mhz Limit: 2500
Processor Information for processor 13
  Max Mhz: 2500, Current Mhz: 1527, Mhz Limit: 2500
Processor Information for processor 14
  Max Mhz: 2500, Current Mhz: 1527, Mhz Limit: 2500
Processor Information for processor 15
  Max Mhz: 2500, Current Mhz: 1527, Mhz Limit: 2500

Memory: 4k page, system-wide physical 16068M (1163M free)
TotalPageFile size 24260M (AvailPageFile size 10M)
current process WorkingSet (physical memory assigned to process): 96M, peak: 96M
current process commit charge ("private bytes"): 262M, peak: 262M

vm_info: OpenJDK 64-Bit Server VM (21.0.11+10-LTS) for windows-amd64 JRE (21.0.11+10-LTS), built on 2026-04-21T00:00:00Z by "admin" with MS VC++ 17.12 (VS2022)

END.
