#
# There is insufficient memory for the Java Runtime Environment to continue.
# Native memory allocation (malloc) failed to allocate 1048576 bytes. Error detail: AllocateHeap
# Possible reasons:
#   The system is out of physical RAM or swap space
#   This process is running with CompressedOops enabled, and the Java Heap may be blocking the growth of the native heap
# Possible solutions:
#   Reduce memory load on the system
#   Increase physical memory or swap space
#   Check if swap backing store is full
#   Decrease Java heap size (-Xmx/-Xms)
#   Decrease number of Java threads
#   Decrease Java thread stack sizes (-Xss)
#   Set larger code cache with -XX:ReservedCodeCacheSize=
#   JVM is running with Unscaled Compressed Oops mode in which the Java heap is
#     placed in the first 4GB address space. The Java Heap base address is the
#     maximum limit for the native heap growth. Please use -XX:HeapBaseMinAddress
#     to set the Java Heap base and to place the Java Heap above 4GB virtual address.
# This output file may be truncated or incomplete.
#
#  Out of Memory Error (allocation.cpp:44), pid=28212, tid=22128
#
# JRE version: OpenJDK Runtime Environment Temurin-21.0.11+10 (21.0.11+10) (build 21.0.11+10-LTS)
# Java VM: OpenJDK 64-Bit Server VM Temurin-21.0.11+10 (21.0.11+10-LTS, mixed mode, sharing, tiered, compressed oops, compressed class ptrs, parallel gc, windows-amd64)
# No core dump will be written. Minidumps are not enabled by default on client versions of Windows
#

---------------  S U M M A R Y ------------

Command Line: --add-modules=ALL-SYSTEM --add-opens=java.base/java.util=ALL-UNNAMED --add-opens=java.base/java.lang=ALL-UNNAMED --add-opens=java.base/sun.nio.fs=ALL-UNNAMED -Declipse.application=org.eclipse.jdt.ls.core.id1 -Dosgi.bundles.defaultStartLevel=4 -Declipse.product=org.eclipse.jdt.ls.core.product -Djava.import.generatesMetadataFilesAtProjectRoot=false -DDetectVMInstallationsJob.disabled=true -Dfile.encoding=utf8 -XX:+UseParallelGC -XX:GCTimeRatio=4 -XX:AdaptiveSizePolicyWeight=90 -Dsun.zip.disableMemoryMapping=true -Xmx2G -Xms100m -Xlog:disable -javaagent:c:\Users\backu\.vscode\extensions\redhat.java-1.55.0-win32-x64\lombok\lombok-1.18.39-4050.jar -XX:+HeapDumpOnOutOfMemoryError -XX:HeapDumpPath=c:\Users\backu\AppData\Roaming\Code\User\workspaceStorage\a385cc1d19ef0a7214639b3a7b931727\redhat.java -Daether.dependencyCollector.impl=bf c:\Users\backu\.vscode\extensions\redhat.java-1.55.0-win32-x64\server\plugins\org.eclipse.equinox.launcher_1.7.200.v20260619-2039.jar -configuration c:\Users\backu\AppData\Roaming\Code\User\globalStorage\redhat.java\1.55.0\config_win -data c:\Users\backu\AppData\Roaming\Code\User\workspaceStorage\a385cc1d19ef0a7214639b3a7b931727\redhat.java\jdt_ws --pipe=\\.\pipe\lsp-e340b4808fbcee56cabd876e49977f68-sock

Host: 12th Gen Intel(R) Core(TM) i5-12500H, 16 cores, 15G,  Windows 11 , 64 bit Build 26100 (10.0.26100.8521)
Time: Sun Aug  2 11:47:09 2026 India Standard Time elapsed time: 77.224077 seconds (0d 0h 1m 17s)

---------------  T H R E A D  ---------------

Current thread (0x000001c071eb0f80):  JavaThread "Attach Listener" daemon [_thread_in_vm, id=22128, stack(0x00000035cc300000,0x00000035cc400000) (1024K)]

Stack: [0x00000035cc300000,0x00000035cc400000]
Native frames: (J=compiled Java code, j=interpreted, Vv=VM code, C=native code)
V  [jvm.dll+0x6d7e19]
V  [jvm.dll+0x8b5096]
V  [jvm.dll+0x8b764e]
V  [jvm.dll+0x8b7d33]
V  [jvm.dll+0x284596]
V  [jvm.dll+0xc13c7]
V  [jvm.dll+0x6d86c9]
V  [jvm.dll+0x133616]
V  [jvm.dll+0x3f868e]
V  [jvm.dll+0x85fb0d]
V  [jvm.dll+0x6d664d]
C  [ucrtbase.dll+0x2cd30]
C  [KERNEL32.DLL+0x2e957]
C  [ntdll.dll+0x87c1c]


---------------  P R O C E S S  ---------------

Threads class SMR info:
_java_thread_list=0x000001c0562dd5a0, length=85, elements={
0x000001c071e03b40, 0x000001c071eae060, 0x000001c071dadd80, 0x000001c071eb00c0,
0x000001c071eb0f80, 0x000001c071eb3ec0, 0x000001c071eb4ca0, 0x000001c071eb8f90,
0x000001c07ab671d0, 0x000001c07add9d50, 0x000001c07c446c50, 0x000001c07cbf7e60,
0x000001c07ce70ae0, 0x000001c07cbcddc0, 0x000001c07cbd4450, 0x000001c07d507f50,
0x000001c07acbccc0, 0x000001c07d4a0f70, 0x000001c07c6c5ea0, 0x000001c07c6c4af0,
0x000001c07c6c30b0, 0x000001c07c6c5180, 0x000001c07c6c3740, 0x000001c07c6c5810,
0x000001c07c6c3dd0, 0x000001c07c6c4460, 0x000001c055a24ab0, 0x000001c055a24420,
0x000001c055a27210, 0x000001c055a26b80, 0x000001c055a25140, 0x000001c055a257d0,
0x000001c055a23d90, 0x000001c055a278a0, 0x000001c055a27f30, 0x000001c055a25e60,
0x000001c055a28c50, 0x000001c055a285c0, 0x000001c055a292e0, 0x000001c055a29970,
0x000001c055a264f0, 0x000001c055a2a000, 0x000001c055a2a690, 0x000001c055a2ad20,
0x000001c055a2b3b0, 0x000001c055b3f9d0, 0x000001c055b41aa0, 0x000001c055b40060,
0x000001c055b406f0, 0x000001c055b3f340, 0x000001c055b42130, 0x000001c055b44200,
0x000001c055b40d80, 0x000001c055b44890, 0x000001c055b427c0, 0x000001c055b42e50,
0x000001c055b434e0, 0x000001c055b41410, 0x000001c055b44f20, 0x000001c055b43b70,
0x000001c055b462d0, 0x000001c055b455b0, 0x000001c055b46960, 0x000001c0565edc00,
0x000001c0565eefb0, 0x000001c0565ec1c0, 0x000001c0565ecee0, 0x000001c0565ee290,
0x000001c0565ec850, 0x000001c0565f1710, 0x000001c0565f2ac0, 0x000001c0565ef640,
0x000001c0565f1da0, 0x000001c0565f3150, 0x000001c0565f37e0, 0x000001c0565f0360,
0x000001c0565f2430, 0x000001c0565f09f0, 0x000001c07cb89fe0, 0x000001c07cb8ad00,
0x000001c07cb8b390, 0x000001c07cb88c30, 0x000001c07cb8a670, 0x000001c07cb8ba20,
0x000001c07cb8c0b0
}

Java Threads: ( => current thread )
  0x000001c071e03b40 JavaThread "main"                              [_thread_blocked, id=25828, stack(0x00000035cbc00000,0x00000035cbd00000) (1024K)]
  0x000001c071eae060 JavaThread "Reference Handler"          daemon [_thread_blocked, id=2088, stack(0x00000035cc000000,0x00000035cc100000) (1024K)]
  0x000001c071dadd80 JavaThread "Finalizer"                  daemon [_thread_blocked, id=4736, stack(0x00000035cc100000,0x00000035cc200000) (1024K)]
  0x000001c071eb00c0 JavaThread "Signal Dispatcher"          daemon [_thread_blocked, id=13036, stack(0x00000035cc200000,0x00000035cc300000) (1024K)]
=>0x000001c071eb0f80 JavaThread "Attach Listener"            daemon [_thread_in_vm, id=22128, stack(0x00000035cc300000,0x00000035cc400000) (1024K)]
  0x000001c071eb3ec0 JavaThread "Service Thread"             daemon [_thread_blocked, id=26464, stack(0x00000035cc400000,0x00000035cc500000) (1024K)]
  0x000001c071eb4ca0 JavaThread "Monitor Deflation Thread"   daemon [_thread_blocked, id=26148, stack(0x00000035cc500000,0x00000035cc600000) (1024K)]
  0x000001c071eb8f90 JavaThread "C2 CompilerThread0"         daemon [_thread_blocked, id=17680, stack(0x00000035cc600000,0x00000035cc700000) (1024K)]
  0x000001c07ab671d0 JavaThread "C1 CompilerThread0"         daemon [_thread_blocked, id=25216, stack(0x00000035cc700000,0x00000035cc800000) (1024K)]
  0x000001c07add9d50 JavaThread "Common-Cleaner"             daemon [_thread_blocked, id=15232, stack(0x00000035ccc00000,0x00000035ccd00000) (1024K)]
  0x000001c07c446c50 JavaThread "Notification Thread"        daemon [_thread_blocked, id=28376, stack(0x00000035ccd00000,0x00000035cce00000) (1024K)]
  0x000001c07cbf7e60 JavaThread "Active Thread: Equinox Container: f9b1ddad-46d9-415f-b8e5-c5efc64ba87d"        [_thread_blocked, id=27820, stack(0x00000035cd700000,0x00000035cd800000) (1024K)]
  0x000001c07ce70ae0 JavaThread "Refresh Thread: Equinox Container: f9b1ddad-46d9-415f-b8e5-c5efc64ba87d" daemon [_thread_blocked, id=25772, stack(0x00000035cd900000,0x00000035cda00000) (1024K)]
  0x000001c07cbcddc0 JavaThread "Framework Event Dispatcher: Equinox Container: f9b1ddad-46d9-415f-b8e5-c5efc64ba87d" daemon [_thread_blocked, id=19248, stack(0x00000035cda00000,0x00000035cdb00000) (1024K)]
  0x000001c07cbd4450 JavaThread "Start Level: Equinox Container: f9b1ddad-46d9-415f-b8e5-c5efc64ba87d" daemon [_thread_blocked, id=10904, stack(0x00000035cdb00000,0x00000035cdc00000) (1024K)]
  0x000001c07d507f50 JavaThread "Bundle File Closer"         daemon [_thread_blocked, id=11092, stack(0x00000035cc800000,0x00000035cc900000) (1024K)]
  0x000001c07acbccc0 JavaThread "SCR Component Actor"        daemon [_thread_blocked, id=20184, stack(0x00000035cc900000,0x00000035cca00000) (1024K)]
  0x000001c07d4a0f70 JavaThread "Worker-JM"                         [_thread_blocked, id=28476, stack(0x00000035cce00000,0x00000035ccf00000) (1024K)]
  0x000001c07c6c5ea0 JavaThread "JNA Cleaner"                daemon [_thread_blocked, id=28472, stack(0x00000035ce000000,0x00000035ce100000) (1024K)]
  0x000001c07c6c4af0 JavaThread "Worker-0"                          [_thread_blocked, id=28500, stack(0x00000035ce100000,0x00000035ce200000) (1024K)]
  0x000001c07c6c30b0 JavaThread "Worker-1"                          [_thread_blocked, id=28524, stack(0x00000035ce200000,0x00000035ce300000) (1024K)]
  0x000001c07c6c5180 JavaThread "Worker-2"                          [_thread_blocked, id=28456, stack(0x00000035ce400000,0x00000035ce500000) (1024K)]
  0x000001c07c6c3740 JavaThread "Java indexing"              daemon [_thread_blocked, id=3524, stack(0x00000035ce600000,0x00000035ce700000) (1024K)]
  0x000001c07c6c5810 JavaThread "Worker-3"                          [_thread_blocked, id=17768, stack(0x00000035ceb00000,0x00000035cec00000) (1024K)]
  0x000001c07c6c3dd0 JavaThread "Worker-4"                          [_thread_blocked, id=16292, stack(0x00000035cee00000,0x00000035cef00000) (1024K)]
  0x000001c07c6c4460 JavaThread "Worker-5"                          [_thread_blocked, id=7712, stack(0x00000035cef00000,0x00000035cf000000) (1024K)]
  0x000001c055a24ab0 JavaThread "Thread-1"                   daemon [_thread_in_native, id=28076, stack(0x00000035cf000000,0x00000035cf100000) (1024K)]
  0x000001c055a24420 JavaThread "Thread-2"                   daemon [_thread_in_native, id=14844, stack(0x00000035cf100000,0x00000035cf200000) (1024K)]
  0x000001c055a27210 JavaThread "Thread-3"                   daemon [_thread_in_native, id=21444, stack(0x00000035cf200000,0x00000035cf300000) (1024K)]
  0x000001c055a26b80 JavaThread "Thread-4"                   daemon [_thread_in_native, id=20992, stack(0x00000035cf300000,0x00000035cf400000) (1024K)]
  0x000001c055a25140 JavaThread "Thread-5"                   daemon [_thread_in_native, id=28512, stack(0x00000035cf400000,0x00000035cf500000) (1024K)]
  0x000001c055a257d0 JavaThread "Thread-6"                   daemon [_thread_in_native, id=28540, stack(0x00000035cf500000,0x00000035cf600000) (1024K)]
  0x000001c055a23d90 JavaThread "Thread-7"                   daemon [_thread_in_native, id=3112, stack(0x00000035cf600000,0x00000035cf700000) (1024K)]
  0x000001c055a278a0 JavaThread "Thread-8"                   daemon [_thread_in_native, id=26560, stack(0x00000035cf700000,0x00000035cf800000) (1024K)]
  0x000001c055a27f30 JavaThread "Thread-9"                   daemon [_thread_in_native, id=14624, stack(0x00000035cf800000,0x00000035cf900000) (1024K)]
  0x000001c055a25e60 JavaThread "Thread-10"                  daemon [_thread_in_native, id=6956, stack(0x00000035cf900000,0x00000035cfa00000) (1024K)]
  0x000001c055a28c50 JavaThread "Thread-11"                  daemon [_thread_in_native, id=7964, stack(0x00000035cfa00000,0x00000035cfb00000) (1024K)]
  0x000001c055a285c0 JavaThread "Thread-12"                  daemon [_thread_in_native, id=24568, stack(0x00000035cfb00000,0x00000035cfc00000) (1024K)]
  0x000001c055a292e0 JavaThread "Thread-13"                  daemon [_thread_in_native, id=6836, stack(0x00000035cfc00000,0x00000035cfd00000) (1024K)]
  0x000001c055a29970 JavaThread "Thread-14"                  daemon [_thread_in_native, id=20884, stack(0x00000035cfd00000,0x00000035cfe00000) (1024K)]
  0x000001c055a264f0 JavaThread "Thread-15"                  daemon [_thread_in_native, id=24080, stack(0x00000035cfe00000,0x00000035cff00000) (1024K)]
  0x000001c055a2a000 JavaThread "Thread-16"                  daemon [_thread_in_native, id=17596, stack(0x00000035cff00000,0x00000035d0000000) (1024K)]
  0x000001c055a2a690 JavaThread "Thread-17"                  daemon [_thread_in_native, id=12044, stack(0x00000035d0000000,0x00000035d0100000) (1024K)]
  0x000001c055a2ad20 JavaThread "pool-2-thread-1"                   [_thread_blocked, id=17612, stack(0x00000035d0100000,0x00000035d0200000) (1024K)]
  0x000001c055a2b3b0 JavaThread "PatternSearchJob-worker-1"  daemon [_thread_blocked, id=28516, stack(0x00000035d0300000,0x00000035d0400000) (1024K)]
  0x000001c055b3f9d0 JavaThread "PatternSearchJob-worker-2"  daemon [_thread_blocked, id=22768, stack(0x00000035d0400000,0x00000035d0500000) (1024K)]
  0x000001c055b41aa0 JavaThread "PatternSearchJob-worker-3"  daemon [_thread_blocked, id=28460, stack(0x00000035d0500000,0x00000035d0600000) (1024K)]
  0x000001c055b40060 JavaThread "PatternSearchJob-worker-4"  daemon [_thread_blocked, id=28372, stack(0x00000035d0600000,0x00000035d0700000) (1024K)]
  0x000001c055b406f0 JavaThread "PatternSearchJob-worker-5"  daemon [_thread_blocked, id=28392, stack(0x00000035d0700000,0x00000035d0800000) (1024K)]
  0x000001c055b3f340 JavaThread "PatternSearchJob-worker-6"  daemon [_thread_blocked, id=3232, stack(0x00000035d0800000,0x00000035d0900000) (1024K)]
  0x000001c055b42130 JavaThread "PatternSearchJob-worker-7"  daemon [_thread_blocked, id=19160, stack(0x00000035d0900000,0x00000035d0a00000) (1024K)]
  0x000001c055b44200 JavaThread "PatternSearchJob-worker-8"  daemon [_thread_blocked, id=28300, stack(0x00000035d0a00000,0x00000035d0b00000) (1024K)]
  0x000001c055b40d80 JavaThread "PatternSearchJob-worker-9"  daemon [_thread_blocked, id=3408, stack(0x00000035d0b00000,0x00000035d0c00000) (1024K)]
  0x000001c055b44890 JavaThread "PatternSearchJob-worker-10" daemon [_thread_blocked, id=28348, stack(0x00000035d0c00000,0x00000035d0d00000) (1024K)]
  0x000001c055b427c0 JavaThread "PatternSearchJob-worker-11" daemon [_thread_blocked, id=28328, stack(0x00000035d0d00000,0x00000035d0e00000) (1024K)]
  0x000001c055b42e50 JavaThread "PatternSearchJob-worker-12" daemon [_thread_blocked, id=7656, stack(0x00000035d0e00000,0x00000035d0f00000) (1024K)]
  0x000001c055b434e0 JavaThread "PatternSearchJob-worker-13" daemon [_thread_blocked, id=26840, stack(0x00000035d0f00000,0x00000035d1000000) (1024K)]
  0x000001c055b41410 JavaThread "PatternSearchJob-worker-14" daemon [_thread_blocked, id=22392, stack(0x00000035d1000000,0x00000035d1100000) (1024K)]
  0x000001c055b44f20 JavaThread "PatternSearchJob-worker-15" daemon [_thread_blocked, id=22536, stack(0x00000035d1100000,0x00000035d1200000) (1024K)]
  0x000001c055b43b70 JavaThread "WorkspaceEventsHandler"            [_thread_blocked, id=27588, stack(0x00000035d1300000,0x00000035d1400000) (1024K)]
  0x000001c055b462d0 JavaThread "pool-1-thread-1"                   [_thread_blocked, id=27056, stack(0x00000035d1400000,0x00000035d1500000) (1024K)]
  0x000001c055b455b0 JavaThread "LocalFile Deleter"          daemon [_thread_blocked, id=14212, stack(0x00000035d1600000,0x00000035d1700000) (1024K)]
  0x000001c055b46960 JavaThread "LocalFile Deleter"          daemon [_thread_blocked, id=11552, stack(0x00000035d1700000,0x00000035d1800000) (1024K)]
  0x000001c0565edc00 JavaThread "LocalFile Deleter"          daemon [_thread_blocked, id=6488, stack(0x00000035d1800000,0x00000035d1900000) (1024K)]
  0x000001c0565eefb0 JavaThread "LocalFile Deleter"          daemon [_thread_blocked, id=8064, stack(0x00000035d1900000,0x00000035d1a00000) (1024K)]
  0x000001c0565ec1c0 JavaThread "Compiler Source File Reader" daemon [_thread_blocked, id=9768, stack(0x00000035d1a00000,0x00000035d1b00000) (1024K)]
  0x000001c0565ecee0 JavaThread "Compiler Class File Writer" daemon [_thread_blocked, id=27344, stack(0x00000035d1d00000,0x00000035d1e00000) (1024K)]
  0x000001c0565ee290 JavaThread "Compiler Source File Reader" daemon [_thread_blocked, id=18684, stack(0x00000035d1e00000,0x00000035d1f00000) (1024K)]
  0x000001c0565ec850 JavaThread "Compiler Class File Writer" daemon [_thread_blocked, id=28340, stack(0x00000035d1f00000,0x00000035d2000000) (1024K)]
  0x000001c0565f1710 JavaThread "ForkJoinPool.commonPool-worker-1" daemon [_thread_blocked, id=3052, stack(0x00000035d0200000,0x00000035d0300000) (1024K)]
  0x000001c0565f2ac0 JavaThread "ForkJoinPool.commonPool-worker-2" daemon [_thread_blocked, id=27668, stack(0x00000035d2000000,0x00000035d2100000) (1024K)]
  0x000001c0565ef640 JavaThread "ForkJoinPool.commonPool-worker-3" daemon [_thread_blocked, id=21816, stack(0x00000035d2100000,0x00000035d2200000) (1024K)]
  0x000001c0565f1da0 JavaThread "ForkJoinPool.commonPool-worker-4" daemon [_thread_blocked, id=19896, stack(0x00000035d2200000,0x00000035d2300000) (1024K)]
  0x000001c0565f3150 JavaThread "ForkJoinPool.commonPool-worker-5" daemon [_thread_blocked, id=24292, stack(0x00000035d2300000,0x00000035d2400000) (1024K)]
  0x000001c0565f37e0 JavaThread "ForkJoinPool.commonPool-worker-6" daemon [_thread_blocked, id=20700, stack(0x00000035d2400000,0x00000035d2500000) (1024K)]
  0x000001c0565f0360 JavaThread "ForkJoinPool.commonPool-worker-7" daemon [_thread_blocked, id=21508, stack(0x00000035ce500000,0x00000035ce600000) (1024K)]
  0x000001c0565f2430 JavaThread "ForkJoinPool.commonPool-worker-8" daemon [_thread_blocked, id=28028, stack(0x00000035ce900000,0x00000035cea00000) (1024K)]
  0x000001c0565f09f0 JavaThread "ForkJoinPool.commonPool-worker-9" daemon [_thread_blocked, id=20088, stack(0x00000035cea00000,0x00000035ceb00000) (1024K)]
  0x000001c07cb89fe0 JavaThread "ForkJoinPool.commonPool-worker-10" daemon [_thread_blocked, id=14536, stack(0x00000035d2500000,0x00000035d2600000) (1024K)]
  0x000001c07cb8ad00 JavaThread "ForkJoinPool.commonPool-worker-11" daemon [_thread_blocked, id=27692, stack(0x00000035d2600000,0x00000035d2700000) (1024K)]
  0x000001c07cb8b390 JavaThread "Cleaner-0"                  daemon [_thread_blocked, id=12192, stack(0x00000035d2800000,0x00000035d2900000) (1024K)]
  0x000001c07cb88c30 JavaThread "Java Debug Server"          daemon [_thread_in_native, id=27804, stack(0x00000035cd000000,0x00000035cd100000) (1024K)]
  0x000001c07cb8a670 JavaThread "RxSchedulerPurge-1"         daemon [_thread_blocked, id=26540, stack(0x00000035ce300000,0x00000035ce400000) (1024K)]
  0x000001c07cb8ba20 JavaThread "RxCachedWorkerPoolEvictor-1" daemon [_thread_blocked, id=2492, stack(0x00000035ce700000,0x00000035ce800000) (1024K)]
  0x000001c07cb8c0b0 JavaThread "process reaper"             daemon [_thread_blocked, id=19788, stack(0x00000035cb530000,0x00000035cb550000) (128K)]
Total: 85

Other Threads:
  0x000001c071ea0af0 VMThread "VM Thread"                           [id=3892, stack(0x00000035cbf00000,0x00000035cc000000) (1024K)]
  0x000001c071c8ba00 WatcherThread "VM Periodic Task Thread"        [id=8960, stack(0x00000035cbe00000,0x00000035cbf00000) (1024K)]
  0x000001c071e22520 WorkerThread "GC Thread#0"                     [id=19196, stack(0x00000035cbd00000,0x00000035cbe00000) (1024K)]
  0x000001c07cd921b0 WorkerThread "GC Thread#1"                     [id=28096, stack(0x00000035cd100000,0x00000035cd200000) (1024K)]
  0x000001c07cd93b80 WorkerThread "GC Thread#2"                     [id=28584, stack(0x00000035cd200000,0x00000035cd300000) (1024K)]
  0x000001c07cd92560 WorkerThread "GC Thread#3"                     [id=27696, stack(0x00000035cd300000,0x00000035cd400000) (1024K)]
  0x000001c07cd92910 WorkerThread "GC Thread#4"                     [id=28108, stack(0x00000035cd400000,0x00000035cd500000) (1024K)]
  0x000001c07cd92cc0 WorkerThread "GC Thread#5"                     [id=28044, stack(0x00000035cd500000,0x00000035cd600000) (1024K)]
  0x000001c07cd93420 WorkerThread "GC Thread#6"                     [id=18420, stack(0x00000035cd600000,0x00000035cd700000) (1024K)]
  0x000001c07cf81dc0 WorkerThread "GC Thread#7"                     [id=24092, stack(0x00000035cd800000,0x00000035cd900000) (1024K)]
  0x000001c07cf807a0 WorkerThread "GC Thread#8"                     [id=20208, stack(0x00000035cdc00000,0x00000035cdd00000) (1024K)]
  0x000001c07cf82c80 WorkerThread "GC Thread#9"                     [id=26216, stack(0x00000035cdd00000,0x00000035cde00000) (1024K)]
  0x000001c07cf80b50 WorkerThread "GC Thread#10"                    [id=12684, stack(0x00000035cde00000,0x00000035cdf00000) (1024K)]
  0x000001c07cf812b0 WorkerThread "GC Thread#11"                    [id=28060, stack(0x00000035cca00000,0x00000035ccb00000) (1024K)]
  0x000001c07cf833e0 WorkerThread "GC Thread#12"                    [id=17256, stack(0x00000035ccb00000,0x00000035ccc00000) (1024K)]
Total: 15

Threads with active compile tasks:
Total: 0

VM state: not at safepoint (normal execution)

VM Mutex/Monitor currently owned by a thread: None

Heap address: 0x0000000080000000, size: 2048 MB, Compressed Oops mode: 32-bit

CDS archive(s) mapped at: [0x000001c00f000000-0x000001c00fba0000-0x000001c00fba0000), size 12189696, SharedBaseAddress: 0x000001c00f000000, ArchiveRelocationMode: 1.
Compressed class space mapped at: 0x000001c010000000-0x000001c050000000, reserved size: 1073741824
Narrow klass base: 0x000001c00f000000, Narrow klass shift: 0, Narrow klass range: 0x100000000

GC Precious Log:
 CardTable entry size: 512
 CPUs: 16 total, 16 available
 Memory: 16068M
 Large Page Support: Disabled
 NUMA Support: Disabled
 Compressed Oops: Enabled (32-bit)
 Alignments: Space 512K, Generation 512K, Heap 2M
 Heap Min Capacity: 100M
 Heap Initial Capacity: 100M
 Heap Max Capacity: 2G
 Pre-touch: Disabled
 Parallel Workers: 13

Heap:
 PSYoungGen      total 17920K, used 4563K [0x00000000d5580000, 0x00000000d7600000, 0x0000000100000000)
  eden space 15872K, 15% used [0x00000000d5580000,0x00000000d57f52d0,0x00000000d6500000)
  from space 2048K, 99% used [0x00000000d6680000,0x00000000d687fa90,0x00000000d6880000)
  to   space 8704K, 0% used [0x00000000d6d80000,0x00000000d6d80000,0x00000000d7600000)
 ParOldGen       total 105984K, used 105750K [0x0000000080000000, 0x0000000086780000, 0x00000000d5580000)
  object space 105984K, 99% used [0x0000000080000000,0x0000000086745920,0x0000000086780000)
 Metaspace       used 76021K, committed 77632K, reserved 1179648K
  class space    used 8222K, committed 8896K, reserved 1048576K

Card table byte_map: [0x000001c0717a0000,0x000001c071bb0000] _byte_map_base: 0x000001c0713a0000

Marking Bits: (ParMarkBitMap*) 0x00007ffe421c4460
 Begin Bits: [0x000001c0752b0000, 0x000001c0772b0000)
 End Bits:   [0x000001c0772b0000, 0x000001c0792b0000)

Polling page: 0x000001c06fca0000

Metaspace:

Usage:
  Non-class:     66.21 MB used.
      Class:      8.03 MB used.
       Both:     74.24 MB used.

Virtual space:
  Non-class space:      128.00 MB reserved,      67.12 MB ( 52%) committed,  2 nodes.
      Class space:        1.00 GB reserved,       8.69 MB ( <1%) committed,  1 nodes.
             Both:        1.12 GB reserved,      75.81 MB (  7%) committed. 

Chunk freelists:
   Non-Class:  11.34 MB
       Class:  7.17 MB
        Both:  18.52 MB

MaxMetaspaceSize: unlimited
CompressedClassSpaceSize: 1.00 GB
Initial GC threshold: 21.00 MB
Current GC threshold: 97.31 MB
CDS: on
 - commit_granule_bytes: 65536.
 - commit_granule_words: 8192.
 - virtual_space_node_default_size: 8388608.
 - enlarge_chunks_in_place: 1.
 - use_allocation_guard: 0.


Internal statistics:

num_allocs_failed_limit: 13.
num_arena_births: 1316.
num_arena_deaths: 14.
num_vsnodes_births: 3.
num_vsnodes_deaths: 0.
num_space_committed: 1213.
num_space_uncommitted: 0.
num_chunks_returned_to_freelist: 27.
num_chunks_taken_from_freelist: 4896.
num_chunk_merges: 16.
num_chunk_splits: 2902.
num_chunks_enlarged: 1463.
num_inconsistent_stats: 0.

CodeHeap 'non-profiled nmethods': size=119168Kb used=8690Kb max_used=8690Kb free=110477Kb
 bounds [0x000001c007ba0000, 0x000001c008420000, 0x000001c00f000000]
CodeHeap 'profiled nmethods': size=119104Kb used=26811Kb max_used=26811Kb free=92292Kb
 bounds [0x000001c000000000, 0x000001c001a30000, 0x000001c007450000]
CodeHeap 'non-nmethods': size=7488Kb used=1497Kb max_used=3264Kb free=5990Kb
 bounds [0x000001c007450000, 0x000001c007790000, 0x000001c007ba0000]
CodeCache: size=245760Kb, used=36998Kb, max_used=38765Kb, free=208759Kb
 total_blobs=12791, nmethods=11970, adapters=727, full_count=0
Compilation: enabled, stopped_count=0, restarted_count=0

Compilation events (20 events):
Event: 48.253 Thread 0x000001c07ab671d0 12866   !   3       java.util.concurrent.ScheduledThreadPoolExecutor$DelayedWorkQueue::iterator (45 bytes)
Event: 48.254 Thread 0x000001c07ab671d0 nmethod 12866 0x000001c001a29790 code [0x000001c001a29a00, 0x000001c001a2a650]
Event: 48.254 Thread 0x000001c07ab671d0 12867       3       java.util.concurrent.ScheduledThreadPoolExecutor$DelayedWorkQueue$Itr::<init> (20 bytes)
Event: 48.254 Thread 0x000001c07ab671d0 nmethod 12867 0x000001c001a2ab10 code [0x000001c001a2acc0, 0x000001c001a2ae60]
Event: 48.254 Thread 0x000001c07ab671d0 12868       3       java.util.concurrent.ScheduledThreadPoolExecutor$DelayedWorkQueue$Itr::hasNext (18 bytes)
Event: 48.254 Thread 0x000001c07ab671d0 nmethod 12868 0x000001c001a2af10 code [0x000001c001a2b0c0, 0x000001c001a2b230]
Event: 61.244 Thread 0x000001c07ab671d0 12869       3       java.util.concurrent.ThreadPoolExecutor$Worker::lock (6 bytes)
Event: 61.244 Thread 0x000001c07ab671d0 nmethod 12869 0x000001c001a2b310 code [0x000001c001a2b4c0, 0x000001c001a2b600]
Event: 61.292 Thread 0x000001c07ab671d0 12870       3       java.util.concurrent.Executors$RunnableAdapter::call (14 bytes)
Event: 61.292 Thread 0x000001c07ab671d0 nmethod 12870 0x000001c001a2b690 code [0x000001c001a2b840, 0x000001c001a2ba28]
Event: 67.241 Thread 0x000001c07ab671d0 12871   !   3       java.util.concurrent.ThreadPoolExecutor::getTask (177 bytes)
Event: 67.243 Thread 0x000001c07ab671d0 nmethod 12871 0x000001c001a2bb10 code [0x000001c001a2bdc0, 0x000001c001a2cbf0]
Event: 69.253 Thread 0x000001c07ab671d0 12872       3       java.util.concurrent.ThreadPoolExecutor::beforeExecute (1 bytes)
Event: 69.253 Thread 0x000001c07ab671d0 nmethod 12872 0x000001c001a2d090 code [0x000001c001a2d220, 0x000001c001a2d328]
Event: 69.253 Thread 0x000001c07ab671d0 12873       3       java.util.concurrent.locks.ReentrantLock$Sync::lockInterruptibly (27 bytes)
Event: 69.254 Thread 0x000001c07ab671d0 nmethod 12873 0x000001c001a2d390 code [0x000001c001a2d580, 0x000001c001a2daa8]
Event: 70.240 Thread 0x000001c07ab671d0 12874       3       java.util.concurrent.locks.ReentrantLock::lockInterruptibly (8 bytes)
Event: 70.241 Thread 0x000001c07ab671d0 nmethod 12874 0x000001c001a2dc90 code [0x000001c001a2dea0, 0x000001c001a2e428]
Event: 73.316 Thread 0x000001c07ab671d0 12875       3       java.util.concurrent.locks.AbstractQueuedSynchronizer$ConditionObject::canReacquire (38 bytes)
Event: 73.317 Thread 0x000001c07ab671d0 nmethod 12875 0x000001c001a2e610 code [0x000001c001a2e7e0, 0x000001c001a2eb28]

GC Heap History (20 events):
Event: 25.482 GC heap before
{Heap before GC invocations=115 (full 3):
 PSYoungGen      total 18432K, used 18177K [0x00000000d5580000, 0x00000000d6880000, 0x0000000100000000)
  eden space 17408K, 100% used [0x00000000d5580000,0x00000000d6680000,0x00000000d6680000)
  from space 1024K, 75% used [0x00000000d6680000,0x00000000d67404b8,0x00000000d6780000)
  to   space 1024K, 0% used [0x00000000d6780000,0x00000000d6780000,0x00000000d6880000)
 ParOldGen       total 92160K, used 91738K [0x0000000080000000, 0x0000000085a00000, 0x00000000d5580000)
  object space 92160K, 99% used [0x0000000080000000,0x0000000085996bf8,0x0000000085a00000)
 Metaspace       used 69169K, committed 70720K, reserved 1114112K
  class space    used 7445K, committed 8064K, reserved 1048576K
}
Event: 25.485 GC heap after
{Heap after GC invocations=115 (full 3):
 PSYoungGen      total 16896K, used 1020K [0x00000000d5580000, 0x00000000d6b80000, 0x0000000100000000)
  eden space 15872K, 0% used [0x00000000d5580000,0x00000000d5580000,0x00000000d6500000)
  from space 1024K, 99% used [0x00000000d6780000,0x00000000d687f250,0x00000000d6880000)
  to   space 2560K, 0% used [0x00000000d6500000,0x00000000d6500000,0x00000000d6780000)
 ParOldGen       total 92672K, used 92603K [0x0000000080000000, 0x0000000085a80000, 0x00000000d5580000)
  object space 92672K, 99% used [0x0000000080000000,0x0000000085a6ec18,0x0000000085a80000)
 Metaspace       used 69169K, committed 70720K, reserved 1114112K
  class space    used 7445K, committed 8064K, reserved 1048576K
}
Event: 25.535 GC heap before
{Heap before GC invocations=116 (full 3):
 PSYoungGen      total 16896K, used 16892K [0x00000000d5580000, 0x00000000d6b80000, 0x0000000100000000)
  eden space 15872K, 100% used [0x00000000d5580000,0x00000000d6500000,0x00000000d6500000)
  from space 1024K, 99% used [0x00000000d6780000,0x00000000d687f250,0x00000000d6880000)
  to   space 2560K, 0% used [0x00000000d6500000,0x00000000d6500000,0x00000000d6780000)
 ParOldGen       total 92672K, used 92605K [0x0000000080000000, 0x0000000085a80000, 0x00000000d5580000)
  object space 92672K, 99% used [0x0000000080000000,0x0000000085a6f668,0x0000000085a80000)
 Metaspace       used 69223K, committed 70784K, reserved 1114112K
  class space    used 7447K, committed 8064K, reserved 1048576K
}
Event: 25.537 GC heap after
{Heap after GC invocations=116 (full 3):
 PSYoungGen      total 18432K, used 2408K [0x00000000d5580000, 0x00000000d6a00000, 0x0000000100000000)
  eden space 15872K, 0% used [0x00000000d5580000,0x00000000d5580000,0x00000000d6500000)
  from space 2560K, 94% used [0x00000000d6500000,0x00000000d675a258,0x00000000d6780000)
  to   space 2560K, 0% used [0x00000000d6780000,0x00000000d6780000,0x00000000d6a00000)
 ParOldGen       total 93696K, used 93385K [0x0000000080000000, 0x0000000085b80000, 0x00000000d5580000)
  object space 93696K, 99% used [0x0000000080000000,0x0000000085b327a0,0x0000000085b80000)
 Metaspace       used 69223K, committed 70784K, reserved 1114112K
  class space    used 7447K, committed 8064K, reserved 1048576K
}
Event: 25.593 GC heap before
{Heap before GC invocations=117 (full 3):
 PSYoungGen      total 18432K, used 18280K [0x00000000d5580000, 0x00000000d6a00000, 0x0000000100000000)
  eden space 15872K, 100% used [0x00000000d5580000,0x00000000d6500000,0x00000000d6500000)
  from space 2560K, 94% used [0x00000000d6500000,0x00000000d675a258,0x00000000d6780000)
  to   space 2560K, 0% used [0x00000000d6780000,0x00000000d6780000,0x00000000d6a00000)
 ParOldGen       total 93696K, used 93385K [0x0000000080000000, 0x0000000085b80000, 0x00000000d5580000)
  object space 93696K, 99% used [0x0000000080000000,0x0000000085b327a0,0x0000000085b80000)
 Metaspace       used 69255K, committed 70848K, reserved 1114112K
  class space    used 7447K, committed 8064K, reserved 1048576K
}
Event: 25.595 GC heap after
{Heap after GC invocations=117 (full 3):
 PSYoungGen      total 17408K, used 1110K [0x00000000d5580000, 0x00000000d6900000, 0x0000000100000000)
  eden space 15872K, 0% used [0x00000000d5580000,0x00000000d5580000,0x00000000d6500000)
  from space 1536K, 72% used [0x00000000d6780000,0x00000000d68959f8,0x00000000d6900000)
  to   space 2048K, 0% used [0x00000000d6500000,0x00000000d6500000,0x00000000d6700000)
 ParOldGen       total 95232K, used 94908K [0x0000000080000000, 0x0000000085d00000, 0x00000000d5580000)
  object space 95232K, 99% used [0x0000000080000000,0x0000000085caf210,0x0000000085d00000)
 Metaspace       used 69255K, committed 70848K, reserved 1114112K
  class space    used 7447K, committed 8064K, reserved 1048576K
}
Event: 25.794 GC heap before
{Heap before GC invocations=118 (full 3):
 PSYoungGen      total 17408K, used 16969K [0x00000000d5580000, 0x00000000d6900000, 0x0000000100000000)
  eden space 15872K, 99% used [0x00000000d5580000,0x00000000d64fccc0,0x00000000d6500000)
  from space 1536K, 72% used [0x00000000d6780000,0x00000000d68959f8,0x00000000d6900000)
  to   space 2048K, 0% used [0x00000000d6500000,0x00000000d6500000,0x00000000d6700000)
 ParOldGen       total 95232K, used 94908K [0x0000000080000000, 0x0000000085d00000, 0x00000000d5580000)
  object space 95232K, 99% used [0x0000000080000000,0x0000000085caf210,0x0000000085d00000)
 Metaspace       used 70515K, committed 72000K, reserved 1179648K
  class space    used 7560K, committed 8128K, reserved 1048576K
}
Event: 25.795 GC heap after
{Heap after GC invocations=118 (full 3):
 PSYoungGen      total 17920K, used 416K [0x00000000d5580000, 0x00000000d6800000, 0x0000000100000000)
  eden space 15872K, 0% used [0x00000000d5580000,0x00000000d5580000,0x00000000d6500000)
  from space 2048K, 20% used [0x00000000d6500000,0x00000000d6568000,0x00000000d6700000)
  to   space 1024K, 0% used [0x00000000d6700000,0x00000000d6700000,0x00000000d6800000)
 ParOldGen       total 95232K, used 95076K [0x0000000080000000, 0x0000000085d00000, 0x00000000d5580000)
  object space 95232K, 99% used [0x0000000080000000,0x0000000085cd9210,0x0000000085d00000)
 Metaspace       used 70515K, committed 72000K, reserved 1179648K
  class space    used 7560K, committed 8128K, reserved 1048576K
}
Event: 26.110 GC heap before
{Heap before GC invocations=119 (full 3):
 PSYoungGen      total 17920K, used 16287K [0x00000000d5580000, 0x00000000d6800000, 0x0000000100000000)
  eden space 15872K, 99% used [0x00000000d5580000,0x00000000d64ffe98,0x00000000d6500000)
  from space 2048K, 20% used [0x00000000d6500000,0x00000000d6568000,0x00000000d6700000)
  to   space 1024K, 0% used [0x00000000d6700000,0x00000000d6700000,0x00000000d6800000)
 ParOldGen       total 95232K, used 95076K [0x0000000080000000, 0x0000000085d00000, 0x00000000d5580000)
  object space 95232K, 99% used [0x0000000080000000,0x0000000085cd9210,0x0000000085d00000)
 Metaspace       used 71960K, committed 73472K, reserved 1179648K
  class space    used 7679K, committed 8256K, reserved 1048576K
}
Event: 26.112 GC heap after
{Heap after GC invocations=119 (full 3):
 PSYoungGen      total 16896K, used 1024K [0x00000000d5580000, 0x00000000d6900000, 0x0000000100000000)
  eden space 15872K, 0% used [0x00000000d5580000,0x00000000d5580000,0x00000000d6500000)
  from space 1024K, 100% used [0x00000000d6700000,0x00000000d6800000,0x00000000d6800000)
  to   space 2048K, 0% used [0x00000000d6500000,0x00000000d6500000,0x00000000d6700000)
 ParOldGen       total 95744K, used 95468K [0x0000000080000000, 0x0000000085d80000, 0x00000000d5580000)
  object space 95744K, 99% used [0x0000000080000000,0x0000000085d3b210,0x0000000085d80000)
 Metaspace       used 71960K, committed 73472K, reserved 1179648K
  class space    used 7679K, committed 8256K, reserved 1048576K
}
Event: 33.107 GC heap before
{Heap before GC invocations=120 (full 3):
 PSYoungGen      total 16896K, used 16896K [0x00000000d5580000, 0x00000000d6900000, 0x0000000100000000)
  eden space 15872K, 100% used [0x00000000d5580000,0x00000000d6500000,0x00000000d6500000)
  from space 1024K, 100% used [0x00000000d6700000,0x00000000d6800000,0x00000000d6800000)
  to   space 2048K, 0% used [0x00000000d6500000,0x00000000d6500000,0x00000000d6700000)
 ParOldGen       total 95744K, used 95468K [0x0000000080000000, 0x0000000085d80000, 0x00000000d5580000)
  object space 95744K, 99% used [0x0000000080000000,0x0000000085d3b210,0x0000000085d80000)
 Metaspace       used 72931K, committed 74432K, reserved 1179648K
  class space    used 7784K, committed 8384K, reserved 1048576K
}
Event: 33.109 GC heap after
{Heap after GC invocations=120 (full 3):
 PSYoungGen      total 16896K, used 849K [0x00000000d5580000, 0x00000000d6800000, 0x0000000100000000)
  eden space 15872K, 0% used [0x00000000d5580000,0x00000000d5580000,0x00000000d6500000)
  from space 1024K, 82% used [0x00000000d6500000,0x00000000d65d45c8,0x00000000d6600000)
  to   space 1536K, 0% used [0x00000000d6680000,0x00000000d6680000,0x00000000d6800000)
 ParOldGen       total 96768K, used 96481K [0x0000000080000000, 0x0000000085e80000, 0x00000000d5580000)
  object space 96768K, 99% used [0x0000000080000000,0x0000000085e384a8,0x0000000085e80000)
 Metaspace       used 72931K, committed 74432K, reserved 1179648K
  class space    used 7784K, committed 8384K, reserved 1048576K
}
Event: 33.302 GC heap before
{Heap before GC invocations=121 (full 3):
 PSYoungGen      total 16896K, used 16720K [0x00000000d5580000, 0x00000000d6800000, 0x0000000100000000)
  eden space 15872K, 99% used [0x00000000d5580000,0x00000000d64ffda0,0x00000000d6500000)
  from space 1024K, 82% used [0x00000000d6500000,0x00000000d65d45c8,0x00000000d6600000)
  to   space 1536K, 0% used [0x00000000d6680000,0x00000000d6680000,0x00000000d6800000)
 ParOldGen       total 96768K, used 96481K [0x0000000080000000, 0x0000000085e80000, 0x00000000d5580000)
  object space 96768K, 99% used [0x0000000080000000,0x0000000085e384a8,0x0000000085e80000)
 Metaspace       used 74694K, committed 76160K, reserved 1179648K
  class space    used 8045K, committed 8640K, reserved 1048576K
}
Event: 33.304 GC heap after
{Heap after GC invocations=121 (full 3):
 PSYoungGen      total 16896K, used 624K [0x00000000d5580000, 0x00000000d6780000, 0x0000000100000000)
  eden space 15872K, 0% used [0x00000000d5580000,0x00000000d5580000,0x00000000d6500000)
  from space 1024K, 60% used [0x00000000d6680000,0x00000000d671c030,0x00000000d6780000)
  to   space 1024K, 0% used [0x00000000d6500000,0x00000000d6500000,0x00000000d6600000)
 ParOldGen       total 97280K, used 97162K [0x0000000080000000, 0x0000000085f00000, 0x00000000d5580000)
  object space 97280K, 99% used [0x0000000080000000,0x0000000085ee2ae0,0x0000000085f00000)
 Metaspace       used 74694K, committed 76160K, reserved 1179648K
  class space    used 8045K, committed 8640K, reserved 1048576K
}
Event: 41.151 GC heap before
{Heap before GC invocations=122 (full 3):
 PSYoungGen      total 16896K, used 16496K [0x00000000d5580000, 0x00000000d6780000, 0x0000000100000000)
  eden space 15872K, 100% used [0x00000000d5580000,0x00000000d6500000,0x00000000d6500000)
  from space 1024K, 60% used [0x00000000d6680000,0x00000000d671c030,0x00000000d6780000)
  to   space 1024K, 0% used [0x00000000d6500000,0x00000000d6500000,0x00000000d6600000)
 ParOldGen       total 97280K, used 97162K [0x0000000080000000, 0x0000000085f00000, 0x00000000d5580000)
  object space 97280K, 99% used [0x0000000080000000,0x0000000085ee2ae0,0x0000000085f00000)
 Metaspace       used 75733K, committed 77248K, reserved 1179648K
  class space    used 8180K, committed 8832K, reserved 1048576K
}
Event: 41.153 GC heap after
{Heap after GC invocations=122 (full 3):
 PSYoungGen      total 16896K, used 1005K [0x00000000d5580000, 0x00000000d6e00000, 0x0000000100000000)
  eden space 15872K, 0% used [0x00000000d5580000,0x00000000d5580000,0x00000000d6500000)
  from space 1024K, 98% used [0x00000000d6500000,0x00000000d65fb498,0x00000000d6600000)
  to   space 4608K, 0% used [0x00000000d6980000,0x00000000d6980000,0x00000000d6e00000)
 ParOldGen       total 100352K, used 99946K [0x0000000080000000, 0x0000000086200000, 0x00000000d5580000)
  object space 100352K, 99% used [0x0000000080000000,0x000000008619a830,0x0000000086200000)
 Metaspace       used 75733K, committed 77248K, reserved 1179648K
  class space    used 8180K, committed 8832K, reserved 1048576K
}
Event: 41.977 GC heap before
{Heap before GC invocations=123 (full 3):
 PSYoungGen      total 16896K, used 16877K [0x00000000d5580000, 0x00000000d6e00000, 0x0000000100000000)
  eden space 15872K, 100% used [0x00000000d5580000,0x00000000d6500000,0x00000000d6500000)
  from space 1024K, 98% used [0x00000000d6500000,0x00000000d65fb498,0x00000000d6600000)
  to   space 4608K, 0% used [0x00000000d6980000,0x00000000d6980000,0x00000000d6e00000)
 ParOldGen       total 100352K, used 99946K [0x0000000080000000, 0x0000000086200000, 0x00000000d5580000)
  object space 100352K, 99% used [0x0000000080000000,0x000000008619a830,0x0000000086200000)
 Metaspace       used 75860K, committed 77376K, reserved 1179648K
  class space    used 8194K, committed 8832K, reserved 1048576K
}
Event: 41.979 GC heap after
{Heap after GC invocations=123 (full 3):
 PSYoungGen      total 16896K, used 868K [0x00000000d5580000, 0x00000000d6a80000, 0x0000000100000000)
  eden space 15872K, 0% used [0x00000000d5580000,0x00000000d5580000,0x00000000d6500000)
  from space 1024K, 84% used [0x00000000d6980000,0x00000000d6a59210,0x00000000d6a80000)
  to   space 2048K, 0% used [0x00000000d6680000,0x00000000d6680000,0x00000000d6880000)
 ParOldGen       total 100352K, used 100286K [0x0000000080000000, 0x0000000086200000, 0x00000000d5580000)
  object space 100352K, 99% used [0x0000000080000000,0x00000000861ef840,0x0000000086200000)
 Metaspace       used 75860K, committed 77376K, reserved 1179648K
  class space    used 8194K, committed 8832K, reserved 1048576K
}
Event: 42.165 GC heap before
{Heap before GC invocations=124 (full 3):
 PSYoungGen      total 16896K, used 16740K [0x00000000d5580000, 0x00000000d6a80000, 0x0000000100000000)
  eden space 15872K, 100% used [0x00000000d5580000,0x00000000d6500000,0x00000000d6500000)
  from space 1024K, 84% used [0x00000000d6980000,0x00000000d6a59210,0x00000000d6a80000)
  to   space 2048K, 0% used [0x00000000d6680000,0x00000000d6680000,0x00000000d6880000)
 ParOldGen       total 100352K, used 100286K [0x0000000080000000, 0x0000000086200000, 0x00000000d5580000)
  object space 100352K, 99% used [0x0000000080000000,0x00000000861ef840,0x0000000086200000)
 Metaspace       used 75968K, committed 77504K, reserved 1179648K
  class space    used 8222K, committed 8896K, reserved 1048576K
}
Event: 42.168 GC heap after
{Heap after GC invocations=124 (full 3):
 PSYoungGen      total 17920K, used 2046K [0x00000000d5580000, 0x00000000d7600000, 0x0000000100000000)
  eden space 15872K, 0% used [0x00000000d5580000,0x00000000d5580000,0x00000000d6500000)
  from space 2048K, 99% used [0x00000000d6680000,0x00000000d687fa90,0x00000000d6880000)
  to   space 8704K, 0% used [0x00000000d6d80000,0x00000000d6d80000,0x00000000d7600000)
 ParOldGen       total 105984K, used 105750K [0x0000000080000000, 0x0000000086780000, 0x00000000d5580000)
  object space 105984K, 99% used [0x0000000080000000,0x0000000086745920,0x0000000086780000)
 Metaspace       used 75968K, committed 77504K, reserved 1179648K
  class space    used 8222K, committed 8896K, reserved 1048576K
}

Dll operation events (12 events):
Event: 0.013 Loaded shared library c:\Users\backu\.vscode\extensions\redhat.java-1.55.0-win32-x64\jre\21.0.11-win32-x86_64\bin\java.dll
Event: 0.162 Loaded shared library c:\Users\backu\.vscode\extensions\redhat.java-1.55.0-win32-x64\jre\21.0.11-win32-x86_64\bin\zip.dll
Event: 0.191 Loaded shared library C:\Users\backu\.vscode\extensions\redhat.java-1.55.0-win32-x64\jre\21.0.11-win32-x86_64\bin\instrument.dll
Event: 0.197 Loaded shared library C:\Users\backu\.vscode\extensions\redhat.java-1.55.0-win32-x64\jre\21.0.11-win32-x86_64\bin\net.dll
Event: 0.200 Loaded shared library C:\Users\backu\.vscode\extensions\redhat.java-1.55.0-win32-x64\jre\21.0.11-win32-x86_64\bin\nio.dll
Event: 0.204 Loaded shared library C:\Users\backu\.vscode\extensions\redhat.java-1.55.0-win32-x64\jre\21.0.11-win32-x86_64\bin\zip.dll
Event: 0.227 Loaded shared library C:\Users\backu\.vscode\extensions\redhat.java-1.55.0-win32-x64\jre\21.0.11-win32-x86_64\bin\jimage.dll
Event: 0.337 Loaded shared library c:\Users\backu\.vscode\extensions\redhat.java-1.55.0-win32-x64\jre\21.0.11-win32-x86_64\bin\verify.dll
Event: 1.914 Loaded shared library C:\Users\backu\AppData\Roaming\Code\User\globalStorage\redhat.java\1.55.0\config_win\org.eclipse.equinox.launcher\org.eclipse.equinox.launcher.win32.win32.x86_64_1.3.100.v20260613-0559\eclipse_11924.dll
Event: 9.033 Loaded shared library C:\Users\backu\AppData\Local\Temp\jna-93493358\jna14849113145944630231.dll
Event: 11.849 Loaded shared library C:\Users\backu\.vscode\extensions\redhat.java-1.55.0-win32-x64\jre\21.0.11-win32-x86_64\bin\sunmscapi.dll
Event: 12.110 Loaded shared library C:\Users\backu\.vscode\extensions\redhat.java-1.55.0-win32-x64\jre\21.0.11-win32-x86_64\bin\extnet.dll

Deoptimization events (20 events):
Event: 42.133 Thread 0x000001c0565f09f0 Uncommon trap: trap_request=0xffffffde fr.pc=0x000001c008329d98 relative=0x0000000000000078
Event: 42.133 Thread 0x000001c0565f09f0 Uncommon trap: reason=class_check action=maybe_recompile pc=0x000001c008329d98 method=org.eclipse.jdt.internal.compiler.env.IModuleAwareNameEnvironment$LookupStrategy.matches(Ljava/lang/Object;Ljava/util/function/Predicate;)Z @ 8 c2
Event: 42.133 Thread 0x000001c0565f09f0 DEOPT PACKING pc=0x000001c008329d98 sp=0x00000035ceafe350
Event: 42.133 Thread 0x000001c0565f09f0 DEOPT UNPACKING pc=0x000001c0074a3aa2 sp=0x00000035ceafe2d8 mode 2
Event: 42.133 Thread 0x000001c0565f09f0 Uncommon trap: trap_request=0xffffffde fr.pc=0x000001c008329d98 relative=0x0000000000000078
Event: 42.133 Thread 0x000001c0565f09f0 Uncommon trap: reason=class_check action=maybe_recompile pc=0x000001c008329d98 method=org.eclipse.jdt.internal.compiler.env.IModuleAwareNameEnvironment$LookupStrategy.matches(Ljava/lang/Object;Ljava/util/function/Predicate;)Z @ 8 c2
Event: 42.133 Thread 0x000001c0565f09f0 DEOPT PACKING pc=0x000001c008329d98 sp=0x00000035ceafe350
Event: 42.133 Thread 0x000001c0565f09f0 DEOPT UNPACKING pc=0x000001c0074a3aa2 sp=0x00000035ceafe2d8 mode 2
Event: 42.136 Thread 0x000001c0565f09f0 DEOPT PACKING pc=0x000001c000cb859a sp=0x00000035ceafd940
Event: 42.136 Thread 0x000001c0565f09f0 DEOPT UNPACKING pc=0x000001c0074a4242 sp=0x00000035ceafcde8 mode 0
Event: 42.136 Thread 0x000001c0565f09f0 Uncommon trap: trap_request=0xffffff45 fr.pc=0x000001c007f7b2c8 relative=0x00000000000008e8
Event: 42.137 Thread 0x000001c0565f09f0 Uncommon trap: reason=unstable_if action=reinterpret pc=0x000001c007f7b2c8 method=org.eclipse.jdt.internal.core.builder.ClasspathJar.isPackage(Ljava/lang/String;Ljava/lang/String;)Z @ 1 c2
Event: 42.137 Thread 0x000001c0565f09f0 DEOPT PACKING pc=0x000001c007f7b2c8 sp=0x00000035ceafda10
Event: 42.137 Thread 0x000001c0565f09f0 DEOPT UNPACKING pc=0x000001c0074a3aa2 sp=0x00000035ceafd9d0 mode 2
Event: 42.175 Thread 0x000001c0565f09f0 DEOPT PACKING pc=0x000001c000cb859a sp=0x00000035ceafdb70
Event: 42.175 Thread 0x000001c0565f09f0 DEOPT UNPACKING pc=0x000001c0074a4242 sp=0x00000035ceafd018 mode 0
Event: 42.179 Thread 0x000001c0565f09f0 DEOPT PACKING pc=0x000001c000d6e852 sp=0x00000035ceafd900
Event: 42.179 Thread 0x000001c0565f09f0 DEOPT UNPACKING pc=0x000001c0074a4242 sp=0x00000035ceafcd28 mode 0
Event: 42.183 Thread 0x000001c0565f09f0 DEOPT PACKING pc=0x000001c000d099da sp=0x00000035ceafde30
Event: 42.183 Thread 0x000001c0565f09f0 DEOPT UNPACKING pc=0x000001c0074a4242 sp=0x00000035ceafd2a8 mode 0

Classes loaded (20 events):
Event: 33.394 Loading class java/util/TaskQueue
Event: 33.394 Loading class java/util/TaskQueue done
Event: 33.394 Loading class java/util/TimerThread
Event: 33.394 Loading class java/util/TimerThread done
Event: 33.395 Loading class java/util/Timer$ThreadReaper
Event: 33.395 Loading class java/util/Timer$ThreadReaper done
Event: 33.397 Loading class java/util/concurrent/CompletableFuture$UniWhenComplete
Event: 33.397 Loading class java/util/concurrent/CompletableFuture$UniWhenComplete done
Event: 33.398 Loading class java/util/concurrent/CompletableFuture$UniCompose
Event: 33.398 Loading class java/util/concurrent/CompletableFuture$UniCompose done
Event: 33.398 Loading class java/util/concurrent/CompletableFuture$UniRelay
Event: 33.398 Loading class java/util/concurrent/CompletableFuture$UniRelay done
Event: 34.237 Loading class java/util/concurrent/ScheduledThreadPoolExecutor$DelayedWorkQueue$Itr
Event: 34.238 Loading class java/util/concurrent/ScheduledThreadPoolExecutor$DelayedWorkQueue$Itr done
Event: 35.482 Loading class java/lang/ProcessHandleImpl$ExitCompletion
Event: 35.482 Loading class java/lang/ProcessHandleImpl$ExitCompletion done
Event: 35.482 Loading class java/lang/ProcessHandleImpl$1
Event: 35.483 Loading class java/lang/ProcessHandleImpl$1 done
Event: 35.483 Loading class java/util/concurrent/CompletableFuture$UniHandle
Event: 35.484 Loading class java/util/concurrent/CompletableFuture$UniHandle done

Classes unloaded (7 events):
Event: 9.570 Thread 0x000001c071ea0af0 Unloading class 0x000001c0101a8c00 'java/lang/invoke/LambdaForm$MH+0x000001c0101a8c00'
Event: 9.570 Thread 0x000001c071ea0af0 Unloading class 0x000001c0101a8800 'java/lang/invoke/LambdaForm$MH+0x000001c0101a8800'
Event: 9.570 Thread 0x000001c071ea0af0 Unloading class 0x000001c0101a8400 'java/lang/invoke/LambdaForm$MH+0x000001c0101a8400'
Event: 9.570 Thread 0x000001c071ea0af0 Unloading class 0x000001c0101a8000 'java/lang/invoke/LambdaForm$MH+0x000001c0101a8000'
Event: 9.570 Thread 0x000001c071ea0af0 Unloading class 0x000001c0101a7c00 'java/lang/invoke/LambdaForm$BMH+0x000001c0101a7c00'
Event: 9.570 Thread 0x000001c071ea0af0 Unloading class 0x000001c0101a7800 'java/lang/invoke/LambdaForm$DMH+0x000001c0101a7800'
Event: 9.570 Thread 0x000001c071ea0af0 Unloading class 0x000001c0101a6400 'java/lang/invoke/LambdaForm$DMH+0x000001c0101a6400'

Classes redefined (0 events):
No events

Internal exceptions (20 events):
Event: 33.184 Thread 0x000001c055b462d0 Exception <a 'java/lang/IncompatibleClassChangeError'{0x00000000d5b21500}: Found class java.lang.Object, but interface was expected> (0x00000000d5b21500) 
thrown [s\src\hotspot\share\interpreter\linkResolver.cpp, line 840]
Event: 33.190 Thread 0x000001c0565f09f0 Exception <a 'java/lang/NoSuchMethodError'{0x00000000d5bf00c8}: 'java.lang.Object java.lang.invoke.DirectMethodHandle$Holder.invokeSpecial(java.lang.Object, java.lang.Object, java.lang.Object, java.lang.Object, int, java.lang.Object, java.lang.Object)'> (0x00000000d5bf00c8) 
thrown [s\src\hotspot\share\interpreter\linkResolver.cpp, line 773]
Event: 33.318 Thread 0x000001c07cb8c740 Exception <a 'java/lang/NoSuchMethodError'{0x00000000d566d370}: 'java.lang.Object java.lang.invoke.DirectMethodHandle$Holder.invokeVirtual(java.lang.Object, java.lang.Object, java.lang.Object, java.lang.Object)'> (0x00000000d566d370) 
thrown [s\src\hotspot\share\interpreter\linkResolver.cpp, line 773]
Event: 33.364 Thread 0x000001c07cb89950 Exception <a 'java/lang/NoSuchMethodError'{0x00000000d5ab5978}: 'java.lang.Object java.lang.invoke.DirectMethodHandle$Holder.invokeStatic(java.lang.Object, long, java.lang.Object, java.lang.Object)'> (0x00000000d5ab5978) 
thrown [s\src\hotspot\share\interpreter\linkResolver.cpp, line 773]
Event: 33.382 Thread 0x000001c07cb89950 Exception <a 'sun/nio/fs/WindowsException'{0x00000000d5b8acc8}> (0x00000000d5b8acc8) 
thrown [s\src\hotspot\share\prims\jni.cpp, line 520]
Event: 33.382 Thread 0x000001c07cb89950 Exception <a 'sun/nio/fs/WindowsException'{0x00000000d5b8bcc8}> (0x00000000d5b8bcc8) 
thrown [s\src\hotspot\share\prims\jni.cpp, line 520]
Event: 33.396 Thread 0x000001c07cb89950 Exception <a 'java/lang/NoSuchMethodError'{0x00000000d5c2d0a8}: 'void java.lang.invoke.DirectMethodHandle$Holder.invokeStatic(java.lang.Object, java.lang.Object, java.lang.Object, java.lang.Object, java.lang.Object, java.lang.Object, java.lang.Object)'> (0x00000000d5c2d0a8) 
thrown [s\src\hotspot\share\interpreter\linkResolver.cpp, line 773]
Event: 34.339 Thread 0x000001c07cb8cdd0 Exception <a 'java/lang/NoSuchMethodError'{0x00000000d5c70128}: 'long java.lang.invoke.DelegatingMethodHandle$Holder.reinvoke_L(java.lang.Object, java.lang.Object)'> (0x00000000d5c70128) 
thrown [s\src\hotspot\share\interpreter\linkResolver.cpp, line 773]
Event: 34.340 Thread 0x000001c07cb8cdd0 Exception <a 'java/lang/NoSuchMethodError'{0x00000000d5c7a030}: 'void java.lang.invoke.DelegatingMethodHandle$Holder.reinvoke_L(java.lang.Object, java.lang.Object, long)'> (0x00000000d5c7a030) 
thrown [s\src\hotspot\share\interpreter\linkResolver.cpp, line 773]
Event: 35.484 Thread 0x000001c07cb8cdd0 Exception <a 'java/lang/NoSuchMethodError'{0x00000000d5d92f88}: 'long java.lang.invoke.Invokers$Holder.invokeExact_MT(java.lang.Object, java.lang.Object, java.lang.Object)'> (0x00000000d5d92f88) 
thrown [s\src\hotspot\share\interpreter\linkResolver.cpp, line 773]
Event: 41.087 Thread 0x000001c0565f09f0 Exception <a 'sun/nio/fs/WindowsException'{0x00000000d5e5c4c8}> (0x00000000d5e5c4c8) 
thrown [s\src\hotspot\share\prims\jni.cpp, line 520]
Event: 41.087 Thread 0x000001c0565f09f0 Exception <a 'sun/nio/fs/WindowsException'{0x00000000d5e5ced8}> (0x00000000d5e5ced8) 
thrown [s\src\hotspot\share\prims\jni.cpp, line 520]
Event: 41.087 Thread 0x000001c0565f09f0 Exception <a 'sun/nio/fs/WindowsException'{0x00000000d5e5dee0}> (0x00000000d5e5dee0) 
thrown [s\src\hotspot\share\prims\jni.cpp, line 520]
Event: 41.087 Thread 0x000001c0565f09f0 Exception <a 'sun/nio/fs/WindowsException'{0x00000000d5e5e8f0}> (0x00000000d5e5e8f0) 
thrown [s\src\hotspot\share\prims\jni.cpp, line 520]
Event: 41.088 Thread 0x000001c0565f09f0 Exception <a 'sun/nio/fs/WindowsException'{0x00000000d5e60388}> (0x00000000d5e60388) 
thrown [s\src\hotspot\share\prims\jni.cpp, line 520]
Event: 41.088 Thread 0x000001c0565f09f0 Exception <a 'sun/nio/fs/WindowsException'{0x00000000d5e60ae8}> (0x00000000d5e60ae8) 
thrown [s\src\hotspot\share\prims\jni.cpp, line 520]
Event: 41.092 Thread 0x000001c0565f09f0 Exception <a 'sun/nio/fs/WindowsException'{0x00000000d5e7f998}> (0x00000000d5e7f998) 
thrown [s\src\hotspot\share\prims\jni.cpp, line 520]
Event: 41.092 Thread 0x000001c0565f09f0 Exception <a 'sun/nio/fs/WindowsException'{0x00000000d5e803a8}> (0x00000000d5e803a8) 
thrown [s\src\hotspot\share\prims\jni.cpp, line 520]
Event: 41.605 Thread 0x000001c07cb892c0 Exception <a 'sun/nio/fs/WindowsException'{0x00000000d6225a40}> (0x00000000d6225a40) 
thrown [s\src\hotspot\share\prims\jni.cpp, line 520]
Event: 41.605 Thread 0x000001c07cb892c0 Exception <a 'sun/nio/fs/WindowsException'{0x00000000d622a1b0}> (0x00000000d622a1b0) 
thrown [s\src\hotspot\share\prims\jni.cpp, line 520]

ZGC Phase Switch (0 events):
No events

VM Operations (20 events):
Event: 41.151 Executing safepoint VM operation: ParallelGCFailedAllocation (Allocation Failure)
Event: 41.153 Executing safepoint VM operation: ParallelGCFailedAllocation (Allocation Failure) done
Event: 41.977 Executing safepoint VM operation: ParallelGCFailedAllocation (Allocation Failure)
Event: 41.979 Executing safepoint VM operation: ParallelGCFailedAllocation (Allocation Failure) done
Event: 42.121 Executing non-safepoint VM operation: HandshakeAllThreads (Deoptimize)
Event: 42.121 Executing non-safepoint VM operation: HandshakeAllThreads (Deoptimize) done
Event: 42.153 Executing safepoint VM operation: ParallelGCFailedAllocation (Allocation Failure)
Event: 42.168 Executing safepoint VM operation: ParallelGCFailedAllocation (Allocation Failure) done
Event: 43.182 Executing safepoint VM operation: Cleanup
Event: 43.182 Executing safepoint VM operation: Cleanup done
Event: 44.189 Executing safepoint VM operation: Cleanup
Event: 44.190 Executing safepoint VM operation: Cleanup done
Event: 60.254 Executing non-safepoint VM operation: HandshakeAllThreads (HandshakeForDeflation)
Event: 60.255 Executing non-safepoint VM operation: HandshakeAllThreads (HandshakeForDeflation) done
Event: 60.255 Executing non-safepoint VM operation: RendezvousGCThreads
Event: 60.255 Executing non-safepoint VM operation: RendezvousGCThreads done
Event: 62.265 Executing safepoint VM operation: Cleanup
Event: 62.265 Executing safepoint VM operation: Cleanup done
Event: 68.292 Executing safepoint VM operation: Cleanup
Event: 68.292 Executing safepoint VM operation: Cleanup done

Memory protections (0 events):
No events

Nmethod flushes (20 events):
Event: 20.529 Thread 0x000001c071ea0af0 flushing osr nmethod 0x000001c000970f90
Event: 20.529 Thread 0x000001c071ea0af0 flushing  nmethod 0x000001c0009a1510
Event: 20.529 Thread 0x000001c071ea0af0 flushing  nmethod 0x000001c0009b2810
Event: 20.529 Thread 0x000001c071ea0af0 flushing  nmethod 0x000001c0009b8e10
Event: 20.529 Thread 0x000001c071ea0af0 flushing  nmethod 0x000001c0009ba110
Event: 20.529 Thread 0x000001c071ea0af0 flushing  nmethod 0x000001c0009bc990
Event: 20.529 Thread 0x000001c071ea0af0 flushing  nmethod 0x000001c0009c2590
Event: 20.529 Thread 0x000001c071ea0af0 flushing  nmethod 0x000001c0009c2b90
Event: 20.529 Thread 0x000001c071ea0af0 flushing  nmethod 0x000001c0009d7290
Event: 20.529 Thread 0x000001c071ea0af0 flushing osr nmethod 0x000001c0009d9e10
Event: 20.529 Thread 0x000001c071ea0af0 flushing  nmethod 0x000001c000a0b290
Event: 20.529 Thread 0x000001c071ea0af0 flushing  nmethod 0x000001c000a23a10
Event: 20.529 Thread 0x000001c071ea0af0 flushing  nmethod 0x000001c000a28810
Event: 20.529 Thread 0x000001c071ea0af0 flushing  nmethod 0x000001c000a28e10
Event: 20.529 Thread 0x000001c071ea0af0 flushing  nmethod 0x000001c000a29690
Event: 20.529 Thread 0x000001c071ea0af0 flushing  nmethod 0x000001c000a29a10
Event: 20.529 Thread 0x000001c071ea0af0 flushing  nmethod 0x000001c000a35390
Event: 20.529 Thread 0x000001c071ea0af0 flushing  nmethod 0x000001c000a7dc90
Event: 20.529 Thread 0x000001c071ea0af0 flushing  nmethod 0x000001c000a99510
Event: 20.529 Thread 0x000001c071ea0af0 flushing  nmethod 0x000001c000ab6b90

Events (20 events):
Event: 34.339 Thread 0x000001c05fa81a90 Thread exited: 0x000001c05fa81a90
Event: 34.339 Thread 0x000001c05fa835d0 Thread exited: 0x000001c05fa835d0
Event: 35.483 Thread 0x000001c07cb8cdd0 Thread added: 0x000001c07cb8c0b0
Event: 35.486 Thread 0x000001c07cb8cdd0 Thread exited: 0x000001c07cb8cdd0
Event: 36.681 Thread 0x000001c07cb89950 Thread exited: 0x000001c07cb89950
Event: 41.594 Thread 0x000001c07cb8c740 Thread added: 0x000001c07cb892c0
Event: 41.607 Thread 0x000001c07cb892c0 Thread added: 0x000001c07cb89950
Event: 41.613 Thread 0x000001c07cb8c740 Thread added: 0x000001c07cb8e810
Event: 41.613 Thread 0x000001c07cb89950 Thread exited: 0x000001c07cb89950
Event: 41.815 Thread 0x000001c07cb8e810 Thread exited: 0x000001c07cb8e810
Event: 42.136 Thread 0x000001c071eb8f90 Thread added: 0x000001c05fa82f00
Event: 42.170 Thread 0x000001c07ab671d0 Thread added: 0x000001c05fa835d0
Event: 42.179 Thread 0x000001c05fa835d0 Thread added: 0x000001c05fa81a90
Event: 43.891 Thread 0x000001c05fa81a90 Thread exited: 0x000001c05fa81a90
Event: 43.891 Thread 0x000001c05fa835d0 Thread exited: 0x000001c05fa835d0
Event: 43.891 Thread 0x000001c05fa82f00 Thread exited: 0x000001c05fa82f00
Event: 43.903 Thread 0x000001c07cb892c0 Thread exited: 0x000001c07cb892c0
Event: 73.911 Thread 0x000001c07cb8c740 Thread exited: 0x000001c07cb8c740
Event: 76.631 Thread 0x000001c055b45c40 Thread exited: 0x000001c055b45c40
Event: 76.961 Thread 0x000001c0565ed570 Thread exited: 0x000001c0565ed570


Dynamic libraries:
0x00007ff7f0710000 - 0x00007ff7f071e000 	c:\Users\backu\.vscode\extensions\redhat.java-1.55.0-win32-x64\jre\21.0.11-win32-x86_64\bin\java.exe
0x00007fff0ff20000 - 0x00007fff10186000 	C:\WINDOWS\SYSTEM32\ntdll.dll
0x00007fff0e6f0000 - 0x00007fff0e7b9000 	C:\WINDOWS\System32\KERNEL32.DLL
0x00007fff0d500000 - 0x00007fff0d8fa000 	C:\WINDOWS\System32\KERNELBASE.dll
0x00007fff0db40000 - 0x00007fff0dc8c000 	C:\WINDOWS\System32\ucrtbase.dll
0x00007ffef1f30000 - 0x00007ffef1f4e000 	c:\Users\backu\.vscode\extensions\redhat.java-1.55.0-win32-x64\jre\21.0.11-win32-x86_64\bin\VCRUNTIME140.dll
0x00007fff04e30000 - 0x00007fff04e48000 	c:\Users\backu\.vscode\extensions\redhat.java-1.55.0-win32-x64\jre\21.0.11-win32-x86_64\bin\jli.dll
0x00007fff0dc90000 - 0x00007fff0de57000 	C:\WINDOWS\System32\USER32.dll
0x00007fff0d260000 - 0x00007fff0d287000 	C:\WINDOWS\System32\win32u.dll
0x00007ffeedb70000 - 0x00007ffeede02000 	C:\WINDOWS\WinSxS\amd64_microsoft.windows.common-controls_6595b64144ccf1df_6.0.26100.8521_none_3e08b75ce33403b3\COMCTL32.dll
0x00007fff0df70000 - 0x00007fff0e019000 	C:\WINDOWS\System32\msvcrt.dll
0x00007fff0e2c0000 - 0x00007fff0e2eb000 	C:\WINDOWS\System32\GDI32.dll
0x00007fff0d290000 - 0x00007fff0d3bb000 	C:\WINDOWS\System32\gdi32full.dll
0x00007fff0d450000 - 0x00007fff0d4f3000 	C:\WINDOWS\System32\msvcp_win.dll
0x00007fff0e5a0000 - 0x00007fff0e5d2000 	C:\WINDOWS\System32\IMM32.DLL
0x00007fff00a90000 - 0x00007fff00a9c000 	c:\Users\backu\.vscode\extensions\redhat.java-1.55.0-win32-x64\jre\21.0.11-win32-x86_64\bin\vcruntime140_1.dll
0x00007ffe79080000 - 0x00007ffe7910d000 	c:\Users\backu\.vscode\extensions\redhat.java-1.55.0-win32-x64\jre\21.0.11-win32-x86_64\bin\msvcp140.dll
0x00007ffe41500000 - 0x00007ffe422a2000 	c:\Users\backu\.vscode\extensions\redhat.java-1.55.0-win32-x64\jre\21.0.11-win32-x86_64\bin\server\jvm.dll
0x00007fff0fc00000 - 0x00007fff0fcb6000 	C:\WINDOWS\System32\ADVAPI32.dll
0x00007fff0de60000 - 0x00007fff0df0a000 	C:\WINDOWS\System32\sechost.dll
0x00007fff0fcc0000 - 0x00007fff0fdd8000 	C:\WINDOWS\System32\RPCRT4.dll
0x00007fff0e370000 - 0x00007fff0e3f0000 	C:\WINDOWS\System32\WS2_32.dll
0x00007fff073d0000 - 0x00007fff07406000 	C:\WINDOWS\SYSTEM32\WINMM.dll
0x00007fff0bda0000 - 0x00007fff0bdfe000 	C:\WINDOWS\SYSTEM32\POWRPROF.dll
0x00007fff02b90000 - 0x00007fff02b9b000 	C:\WINDOWS\SYSTEM32\VERSION.dll
0x00007fff0bd80000 - 0x00007fff0bd94000 	C:\WINDOWS\SYSTEM32\UMPDC.dll
0x00007fff0c060000 - 0x00007fff0c07b000 	C:\WINDOWS\SYSTEM32\kernel.appcore.dll
0x00007ffef2c20000 - 0x00007ffef2c2a000 	c:\Users\backu\.vscode\extensions\redhat.java-1.55.0-win32-x64\jre\21.0.11-win32-x86_64\bin\jimage.dll
0x00007fff0a880000 - 0x00007fff0aac2000 	C:\WINDOWS\SYSTEM32\DBGHELP.DLL
0x00007fff0f680000 - 0x00007fff0fa03000 	C:\WINDOWS\System32\combase.dll
0x00007fff0e910000 - 0x00007fff0e9e9000 	C:\WINDOWS\System32\OLEAUT32.dll
0x00007ffece760000 - 0x00007ffece79b000 	C:\WINDOWS\SYSTEM32\dbgcore.DLL
0x00007fff0d1b0000 - 0x00007fff0d258000 	C:\WINDOWS\System32\bcryptPrimitives.dll
0x00007ffef22f0000 - 0x00007ffef22ff000 	c:\Users\backu\.vscode\extensions\redhat.java-1.55.0-win32-x64\jre\21.0.11-win32-x86_64\bin\instrument.dll
0x00007ffef1ba0000 - 0x00007ffef1bc0000 	c:\Users\backu\.vscode\extensions\redhat.java-1.55.0-win32-x64\jre\21.0.11-win32-x86_64\bin\java.dll
0x00007fff0eef0000 - 0x00007fff0f674000 	C:\WINDOWS\System32\SHELL32.dll
0x00007fff0ad90000 - 0x00007fff0b610000 	C:\WINDOWS\SYSTEM32\windows.storage.dll
0x00007fff0e020000 - 0x00007fff0e116000 	C:\WINDOWS\System32\SHCORE.dll
0x00007fff0e2f0000 - 0x00007fff0e357000 	C:\WINDOWS\System32\shlwapi.dll
0x00007fff0d0d0000 - 0x00007fff0d0f9000 	C:\WINDOWS\SYSTEM32\profapi.dll
0x00007ffef1b80000 - 0x00007ffef1b98000 	c:\Users\backu\.vscode\extensions\redhat.java-1.55.0-win32-x64\jre\21.0.11-win32-x86_64\bin\zip.dll
0x00007ffef1f20000 - 0x00007ffef1f30000 	C:\Users\backu\.vscode\extensions\redhat.java-1.55.0-win32-x64\jre\21.0.11-win32-x86_64\bin\net.dll
0x00007fff02c80000 - 0x00007fff02da9000 	C:\WINDOWS\SYSTEM32\WINHTTP.dll
0x00007fff0c5d0000 - 0x00007fff0c63c000 	C:\WINDOWS\system32\mswsock.dll
0x00007ffef1a00000 - 0x00007ffef1a16000 	C:\Users\backu\.vscode\extensions\redhat.java-1.55.0-win32-x64\jre\21.0.11-win32-x86_64\bin\nio.dll
0x00007ffef1ac0000 - 0x00007ffef1ad0000 	c:\Users\backu\.vscode\extensions\redhat.java-1.55.0-win32-x64\jre\21.0.11-win32-x86_64\bin\verify.dll
0x00007ffebff20000 - 0x00007ffebff65000 	C:\Users\backu\AppData\Roaming\Code\User\globalStorage\redhat.java\1.55.0\config_win\org.eclipse.equinox.launcher\org.eclipse.equinox.launcher.win32.win32.x86_64_1.3.100.v20260613-0559\eclipse_11924.dll
0x00007fff0e120000 - 0x00007fff0e2b8000 	C:\WINDOWS\System32\ole32.dll
0x00007fff0c8c0000 - 0x00007fff0c8db000 	C:\WINDOWS\SYSTEM32\CRYPTSP.dll
0x00007fff0bfc0000 - 0x00007fff0bff9000 	C:\WINDOWS\system32\rsaenh.dll
0x00007fff0c680000 - 0x00007fff0c6b3000 	C:\WINDOWS\SYSTEM32\USERENV.dll
0x00007fff0d0a0000 - 0x00007fff0d0ca000 	C:\WINDOWS\SYSTEM32\bcrypt.dll
0x00007fff0c8b0000 - 0x00007fff0c8bc000 	C:\WINDOWS\SYSTEM32\CRYPTBASE.dll
0x00007fff0ba60000 - 0x00007fff0ba93000 	C:\WINDOWS\SYSTEM32\IPHLPAPI.DLL
0x00007fff0e360000 - 0x00007fff0e36a000 	C:\WINDOWS\System32\NSI.dll
0x00007ffeb56d0000 - 0x00007ffeb5719000 	C:\Users\backu\AppData\Local\Temp\jna-93493358\jna14849113145944630231.dll
0x00007fff0e560000 - 0x00007fff0e568000 	C:\WINDOWS\System32\PSAPI.DLL
0x00007fff03a20000 - 0x00007fff03a3d000 	C:\WINDOWS\SYSTEM32\dhcpcsvc6.DLL
0x00007fff038f0000 - 0x00007fff03915000 	C:\WINDOWS\SYSTEM32\dhcpcsvc.DLL
0x00007ffede6c0000 - 0x00007ffede6ce000 	C:\Users\backu\.vscode\extensions\redhat.java-1.55.0-win32-x64\jre\21.0.11-win32-x86_64\bin\sunmscapi.dll
0x00007fff0d9c0000 - 0x00007fff0db38000 	C:\WINDOWS\System32\CRYPT32.dll
0x00007fff0cad0000 - 0x00007fff0cb00000 	C:\WINDOWS\SYSTEM32\ncrypt.dll
0x00007fff0ca80000 - 0x00007fff0cabf000 	C:\WINDOWS\SYSTEM32\NTASN1.dll
0x00007fff0baa0000 - 0x00007fff0bbea000 	C:\WINDOWS\SYSTEM32\DNSAPI.dll
0x00007fff0c3d0000 - 0x00007fff0c3dd000 	C:\WINDOWS\SYSTEM32\DSPARSE.dll
0x00007fff02ba0000 - 0x00007fff02bab000 	C:\Windows\System32\rasadhlp.dll
0x00007fff04580000 - 0x00007fff04606000 	C:\WINDOWS\System32\fwpuclnt.dll
0x00007ffede230000 - 0x00007ffede239000 	C:\Users\backu\.vscode\extensions\redhat.java-1.55.0-win32-x64\jre\21.0.11-win32-x86_64\bin\extnet.dll

JVMTI agents:
c:\Users\backu\.vscode\extensions\redhat.java-1.55.0-win32-x64\lombok\lombok-1.18.39-4050.jar path:c:\Users\backu\.vscode\extensions\redhat.java-1.55.0-win32-x64\jre\21.0.11-win32-x86_64\bin\instrument.dll, loaded, initialized, instrumentlib options:none

dbghelp: loaded successfully - version: 4.0.5 - missing functions: none
symbol engine: initialized successfully - sym options: 0x614 - pdb path: .;c:\Users\backu\.vscode\extensions\redhat.java-1.55.0-win32-x64\jre\21.0.11-win32-x86_64\bin;C:\WINDOWS\SYSTEM32;C:\WINDOWS\WinSxS\amd64_microsoft.windows.common-controls_6595b64144ccf1df_6.0.26100.8521_none_3e08b75ce33403b3;c:\Users\backu\.vscode\extensions\redhat.java-1.55.0-win32-x64\jre\21.0.11-win32-x86_64\bin\server;C:\Users\backu\AppData\Roaming\Code\User\globalStorage\redhat.java\1.55.0\config_win\org.eclipse.equinox.launcher\org.eclipse.equinox.launcher.win32.win32.x86_64_1.3.100.v20260613-0559;C:\Users\backu\AppData\Local\Temp\jna-93493358

VM Arguments:
jvm_args: --add-modules=ALL-SYSTEM --add-opens=java.base/java.util=ALL-UNNAMED --add-opens=java.base/java.lang=ALL-UNNAMED --add-opens=java.base/sun.nio.fs=ALL-UNNAMED -Declipse.application=org.eclipse.jdt.ls.core.id1 -Dosgi.bundles.defaultStartLevel=4 -Declipse.product=org.eclipse.jdt.ls.core.product -Djava.import.generatesMetadataFilesAtProjectRoot=false -DDetectVMInstallationsJob.disabled=true -Dfile.encoding=utf8 -XX:+UseParallelGC -XX:GCTimeRatio=4 -XX:AdaptiveSizePolicyWeight=90 -Dsun.zip.disableMemoryMapping=true -Xmx2G -Xms100m -Xlog:disable -javaagent:c:\Users\backu\.vscode\extensions\redhat.java-1.55.0-win32-x64\lombok\lombok-1.18.39-4050.jar -XX:+HeapDumpOnOutOfMemoryError -XX:HeapDumpPath=c:\Users\backu\AppData\Roaming\Code\User\workspaceStorage\a385cc1d19ef0a7214639b3a7b931727\redhat.java -Daether.dependencyCollector.impl=bf 
java_command: c:\Users\backu\.vscode\extensions\redhat.java-1.55.0-win32-x64\server\plugins\org.eclipse.equinox.launcher_1.7.200.v20260619-2039.jar -configuration c:\Users\backu\AppData\Roaming\Code\User\globalStorage\redhat.java\1.55.0\config_win -data c:\Users\backu\AppData\Roaming\Code\User\workspaceStorage\a385cc1d19ef0a7214639b3a7b931727\redhat.java\jdt_ws --pipe=\\.\pipe\lsp-e340b4808fbcee56cabd876e49977f68-sock
java_class_path (initial): c:\Users\backu\.vscode\extensions\redhat.java-1.55.0-win32-x64\server\plugins\org.eclipse.equinox.launcher_1.7.200.v20260619-2039.jar
Launcher Type: SUN_STANDARD

[Global flags]
    uintx AdaptiveSizePolicyWeight                 = 90                                        {product} {command line}
     intx CICompilerCount                          = 12                                        {product} {ergonomic}
    uintx GCTimeRatio                              = 4                                         {product} {command line}
     bool HeapDumpOnOutOfMemoryError               = true                                   {manageable} {command line}
    ccstr HeapDumpPath                             = c:\Users\backu\AppData\Roaming\Code\User\workspaceStorage\a385cc1d19ef0a7214639b3a7b931727\redhat.java         {manageable} {command line}
   size_t InitialHeapSize                          = 104857600                                 {product} {command line}
   size_t MaxHeapSize                              = 2147483648                                {product} {command line}
   size_t MaxNewSize                               = 715653120                                 {product} {ergonomic}
   size_t MinHeapDeltaBytes                        = 524288                                    {product} {ergonomic}
   size_t MinHeapSize                              = 104857600                                 {product} {command line}
   size_t NewSize                                  = 34603008                                  {product} {ergonomic}
    uintx NonNMethodCodeHeapSize                   = 7602480                                {pd product} {ergonomic}
    uintx NonProfiledCodeHeapSize                  = 122027880                              {pd product} {ergonomic}
   size_t OldSize                                  = 70254592                                  {product} {ergonomic}
    uintx ProfiledCodeHeapSize                     = 122027880                              {pd product} {ergonomic}
    uintx ReservedCodeCacheSize                    = 251658240                              {pd product} {ergonomic}
     bool SegmentedCodeCache                       = true                                      {product} {ergonomic}
   size_t SoftMaxHeapSize                          = 2147483648                             {manageable} {ergonomic}
     bool UseCompressedOops                        = true                           {product lp64_product} {ergonomic}
     bool UseLargePagesIndividualAllocation        = false                                  {pd product} {ergonomic}
     bool UseParallelGC                            = true                                      {product} {command line}

Logging:
Log output configuration:
 #0: stdout all=off uptime,level,tags foldmultilines=false
 #1: stderr all=off uptime,level,tags foldmultilines=false

Release file:
JAVA_VERSION="21.0.11" 
MODULES="java.base java.compiler java.datatransfer java.xml java.prefs java.desktop java.instrument java.logging java.management java.security.sasl java.naming java.rmi java.management.rmi java.net.http java.scripting java.security.jgss java.transaction.xa java.sql java.sql.rowset java.xml.crypto java.se java.smartcardio jdk.accessibility jdk.internal.jvmstat jdk.attach jdk.charsets jdk.internal.opt jdk.zipfs jdk.compiler jdk.crypto.ec jdk.crypto.cryptoki jdk.crypto.mscapi jdk.dynalink jdk.internal.ed jdk.editpad jdk.hotspot.agent jdk.httpserver jdk.internal.le jdk.internal.vm.ci jdk.internal.vm.compiler jdk.internal.vm.compiler.management jdk.jartool jdk.javadoc jdk.jcmd jdk.management jdk.management.agent jdk.jconsole jdk.jdeps jdk.jdwp.agent jdk.jdi jdk.jfr jdk.jshell jdk.jsobject jdk.jstatd jdk.localedata jdk.management.jfr jdk.naming.dns jdk.naming.rmi jdk.net jdk.nio.mapmode jdk.random jdk.sctp jdk.security.auth jdk.security.jgss jdk.unsupported jdk.unsupported.desktop jdk.xml.dom" 

Environment Variables:
JAVA_HOME=C:\Users\backu\Downloads\openjdk-21+35_windows-x64_bin
PATH=C:\SIMULIA\Commands;C:\Users\backu\Downloads\openjdk-21+35_windows-x64_bin\jdk-21\bin;C:\Windows\system32;C:\Windows;C:\Windows\System32\Wbem;C:\Windows\System32\WindowsPowerShell\v1.0\;C:\Windows\System32\OpenSSH\;C:\Program Files\dotnet\;C:\WINDOWS\system32;C:\WINDOWS;C:\WINDOWS\System32\Wbem;C:\WINDOWS\System32\WindowsPowerShell\v1.0\;C:\WINDOWS\System32\OpenSSH\;C:\Users\backu\Downloads\apache-maven-3.9.8-bin.zip\apache-maven-3.9.8\bin;C:\Program Files (x86)\Windows Kits\8.1\Windows Performance Toolkit\;C:\Program Files\Git\cmd;C:\Users\backu\Downloads\apache-maven-3.9.9-bin\apache-maven-3.9.9\bin;E:\Matlab\bin;C:\Program Files\Docker\Docker\resources\bin;C:\MinGW\bin;C:\Program Files\NVIDIA Corporation\NVIDIA App\NvDLISR;C:\Users\backu\Downloads\openjdk-21+35_windows-x64_bin\jdk-21\bin;C:\Program Files\nodejs\;C:\Program Files\WireGuard\;C:\Users\backu\AppData\Local\Programs\Python\Python313\Scripts\;C:\Users\backu\AppData\Local\Programs\Python\Python313\;C:\Program Files\MySQL\MySQL Shell 8.0\bin\;C:\Users\backu\AppData\Local\Microsoft\WindowsApps;C:\Users\backu\AppData\Local\Programs\Microsoft VS Code\bin;C:\Users\backu\AppData\Local\Programs\cursor\resources\app\bin;C:\Users\backu\AppData\Roaming\npm
USERNAME=backu
OS=Windows_NT
PROCESSOR_IDENTIFIER=Intel64 Family 6 Model 154 Stepping 3, GenuineIntel
TMP=C:\Users\backu\AppData\Local\Temp
TEMP=C:\Users\backu\AppData\Local\Temp




Periodic native trim disabled

---------------  S Y S T E M  ---------------

OS:
 Windows 11 , 64 bit Build 26100 (10.0.26100.8521)
OS uptime: 0 days 12:52 hours
Hyper-V role detected

CPU: total 16 (initial active 16) (8 cores per cpu, 2 threads per core) family 6 model 154 stepping 3 microcode 0x43b, cx8, cmov, fxsr, ht, mmx, 3dnowpref, sse, sse2, sse3, ssse3, sse4.1, sse4.2, popcnt, lzcnt, tsc, tscinvbit, avx, avx2, aes, erms, clmul, bmi1, bmi2, adx, sha, fma, vzeroupper, clflush, clflushopt, clwb, hv, serialize, rdtscp, rdpid, fsrm, f16c, cet_ibt, cet_ss
Processor Information for processor 0
  Max Mhz: 2500, Current Mhz: 2500, Mhz Limit: 2500
Processor Information for processor 1
  Max Mhz: 2500, Current Mhz: 2500, Mhz Limit: 2500
Processor Information for processor 2
  Max Mhz: 2500, Current Mhz: 1532, Mhz Limit: 2500
Processor Information for processor 3
  Max Mhz: 2500, Current Mhz: 2500, Mhz Limit: 2500
Processor Information for processor 4
  Max Mhz: 2500, Current Mhz: 2500, Mhz Limit: 2500
Processor Information for processor 5
  Max Mhz: 2500, Current Mhz: 2500, Mhz Limit: 2500
Processor Information for processor 6
  Max Mhz: 2500, Current Mhz: 2500, Mhz Limit: 2500
Processor Information for processor 7
  Max Mhz: 2500, Current Mhz: 1532, Mhz Limit: 2500
Processor Information for processor 8
  Max Mhz: 2500, Current Mhz: 2500, Mhz Limit: 2500
Processor Information for processor 9
  Max Mhz: 2500, Current Mhz: 1527, Mhz Limit: 2500
Processor Information for processor 10
  Max Mhz: 2500, Current Mhz: 1527, Mhz Limit: 2500
Processor Information for processor 11
  Max Mhz: 2500, Current Mhz: 1527, Mhz Limit: 2500
Processor Information for processor 12
  Max Mhz: 2500, Current Mhz: 1527, Mhz Limit: 2500
Processor Information for processor 13
  Max Mhz: 2500, Current Mhz: 1527, Mhz Limit: 2500
Processor Information for processor 14
  Max Mhz: 2500, Current Mhz: 1527, Mhz Limit: 2500
Processor Information for processor 15
  Max Mhz: 2500, Current Mhz: 1527, Mhz Limit: 2500

Memory: 4k page, system-wide physical 16068M (912M free)
TotalPageFile size 24260M (AvailPageFile size 6M)
current process WorkingSet (physical memory assigned to process): 342M, peak: 412M
current process commit charge ("private bytes"): 436M, peak: 494M

vm_info: OpenJDK 64-Bit Server VM (21.0.11+10-LTS) for windows-amd64 JRE (21.0.11+10-LTS), built on 2026-04-21T00:00:00Z by "admin" with MS VC++ 17.12 (VS2022)

END.
