#
# There is insufficient memory for the Java Runtime Environment to continue.
# Native memory allocation (malloc) failed to allocate 1097776 bytes. Error detail: Chunk::new
# Possible reasons:
#   The system is out of physical RAM or swap space
#   This process is running with CompressedOops enabled, and the Java Heap may be blocking the growth of the native heap
# Possible solutions:
#   Reduce memory load on the system
#   Increase physical memory or swap space
#   Check if swap backing store is full
#   Decrease Java heap size (-Xmx/-Xms)
#   Decrease number of Java threads
#   Decrease Java thread stack sizes (-Xss)
#   Set larger code cache with -XX:ReservedCodeCacheSize=
#   JVM is running with Unscaled Compressed Oops mode in which the Java heap is
#     placed in the first 4GB address space. The Java Heap base address is the
#     maximum limit for the native heap growth. Please use -XX:HeapBaseMinAddress
#     to set the Java Heap base and to place the Java Heap above 4GB virtual address.
# This output file may be truncated or incomplete.
#
#  Out of Memory Error (arena.cpp:168), pid=29684, tid=28872
#
# JRE version: OpenJDK Runtime Environment Temurin-21.0.11+10 (21.0.11+10) (build 21.0.11+10-LTS)
# Java VM: OpenJDK 64-Bit Server VM Temurin-21.0.11+10 (21.0.11+10-LTS, mixed mode, sharing, tiered, compressed oops, compressed class ptrs, parallel gc, windows-amd64)
# No core dump will be written. Minidumps are not enabled by default on client versions of Windows
#

---------------  S U M M A R Y ------------

Command Line: --add-modules=ALL-SYSTEM --add-opens=java.base/java.util=ALL-UNNAMED --add-opens=java.base/java.lang=ALL-UNNAMED --add-opens=java.base/sun.nio.fs=ALL-UNNAMED -Declipse.application=org.eclipse.jdt.ls.core.id1 -Dosgi.bundles.defaultStartLevel=4 -Declipse.product=org.eclipse.jdt.ls.core.product -Djava.import.generatesMetadataFilesAtProjectRoot=false -DDetectVMInstallationsJob.disabled=true -Dfile.encoding=utf8 -XX:+UseParallelGC -XX:GCTimeRatio=4 -XX:AdaptiveSizePolicyWeight=90 -Dsun.zip.disableMemoryMapping=true -Xmx2G -Xms100m -Xlog:disable -javaagent:c:\Users\backu\.vscode\extensions\redhat.java-1.55.0-win32-x64\lombok\lombok-1.18.39-4050.jar -XX:+HeapDumpOnOutOfMemoryError -XX:HeapDumpPath=c:\Users\backu\AppData\Roaming\Code\User\workspaceStorage\a385cc1d19ef0a7214639b3a7b931727\redhat.java -Daether.dependencyCollector.impl=bf c:\Users\backu\.vscode\extensions\redhat.java-1.55.0-win32-x64\server\plugins\org.eclipse.equinox.launcher_1.7.200.v20260619-2039.jar -configuration c:\Users\backu\AppData\Roaming\Code\User\globalStorage\redhat.java\1.55.0\config_win -data c:\Users\backu\AppData\Roaming\Code\User\workspaceStorage\a385cc1d19ef0a7214639b3a7b931727\redhat.java\jdt_ws --pipe=\\.\pipe\lsp-47094f1476999f5e7ef4454681dc0dfc-sock

Host: 12th Gen Intel(R) Core(TM) i5-12500H, 16 cores, 15G,  Windows 11 , 64 bit Build 26100 (10.0.26100.8521)
Time: Sun Aug  2 11:47:20 2026 India Standard Time elapsed time: 10.221161 seconds (0d 0h 0m 10s)

---------------  T H R E A D  ---------------

Current thread (0x00000161f5fd7010):  JavaThread "C2 CompilerThread0" daemon [_thread_in_native, id=28872, stack(0x00000044f6000000,0x00000044f6100000) (1024K)]


Current CompileTask:
C2:10221 4485       4       org.lombokweb.asm.ClassReader::readMethod (1070 bytes)

Stack: [0x00000044f6000000,0x00000044f6100000]
Native frames: (J=compiled Java code, j=interpreted, Vv=VM code, C=native code)
V  [jvm.dll+0x6d7e19]
V  [jvm.dll+0x8b5096]
V  [jvm.dll+0x8b764e]
V  [jvm.dll+0x8b7d33]
V  [jvm.dll+0x284596]
V  [jvm.dll+0xc685d]
V  [jvm.dll+0xc6da1]
V  [jvm.dll+0x3bed31]
V  [jvm.dll+0x38b2b2]
V  [jvm.dll+0x38a6fa]
V  [jvm.dll+0x24c700]
V  [jvm.dll+0x24bce0]
V  [jvm.dll+0x1cb4ae]
V  [jvm.dll+0x25baad]
V  [jvm.dll+0x25a03a]
V  [jvm.dll+0x3f868e]
V  [jvm.dll+0x85fb0d]
V  [jvm.dll+0x6d664d]
C  [ucrtbase.dll+0x2cd30]
C  [KERNEL32.DLL+0x2e957]
C  [ntdll.dll+0x87c1c]


---------------  P R O C E S S  ---------------

Threads class SMR info:
_java_thread_list=0x00000161fcc29710, length=28, elements={
0x00000161dbe7b240, 0x00000161de315390, 0x00000161de21c1f0, 0x00000161de320a80,
0x00000161de3216e0, 0x00000161de324f50, 0x00000161de32a020, 0x00000161f5fd7010,
0x00000161f5ff9dd0, 0x00000161f60f1400, 0x00000161f62cda80, 0x00000161fc035de0,
0x00000161fc650b30, 0x00000161fc58cfe0, 0x00000161fca49230, 0x00000161fca498a0,
0x00000161fd386a40, 0x00000161fd2c8060, 0x00000161fcd93920, 0x00000161fc77c830,
0x00000161fcc5f2d0, 0x00000161fca0ded0, 0x00000161fca0f280, 0x00000161fd8ddfc0,
0x00000161fd17cd00, 0x00000161fe960870, 0x00000161fca0ebf0, 0x00000161fe244e20
}

Java Threads: ( => current thread )
  0x00000161dbe7b240 JavaThread "main"                              [_thread_blocked, id=29632, stack(0x00000044f5600000,0x00000044f5700000) (1024K)]
  0x00000161de315390 JavaThread "Reference Handler"          daemon [_thread_blocked, id=28972, stack(0x00000044f5a00000,0x00000044f5b00000) (1024K)]
  0x00000161de21c1f0 JavaThread "Finalizer"                  daemon [_thread_blocked, id=18012, stack(0x00000044f5b00000,0x00000044f5c00000) (1024K)]
  0x00000161de320a80 JavaThread "Signal Dispatcher"          daemon [_thread_blocked, id=29652, stack(0x00000044f5c00000,0x00000044f5d00000) (1024K)]
  0x00000161de3216e0 JavaThread "Attach Listener"            daemon [_thread_blocked, id=29660, stack(0x00000044f5d00000,0x00000044f5e00000) (1024K)]
  0x00000161de324f50 JavaThread "Service Thread"             daemon [_thread_blocked, id=28816, stack(0x00000044f5e00000,0x00000044f5f00000) (1024K)]
  0x00000161de32a020 JavaThread "Monitor Deflation Thread"   daemon [_thread_blocked, id=14860, stack(0x00000044f5f00000,0x00000044f6000000) (1024K)]
=>0x00000161f5fd7010 JavaThread "C2 CompilerThread0"         daemon [_thread_in_native, id=28872, stack(0x00000044f6000000,0x00000044f6100000) (1024K)]
  0x00000161f5ff9dd0 JavaThread "C1 CompilerThread0"         daemon [_thread_in_native, id=29624, stack(0x00000044f6100000,0x00000044f6200000) (1024K)]
  0x00000161f60f1400 JavaThread "C1 CompilerThread1"         daemon [_thread_in_native, id=29224, stack(0x00000044f6200000,0x00000044f6300000) (1024K)]
  0x00000161f62cda80 JavaThread "Common-Cleaner"             daemon [_thread_blocked, id=2900, stack(0x00000044f6400000,0x00000044f6500000) (1024K)]
  0x00000161fc035de0 JavaThread "Notification Thread"        daemon [_thread_blocked, id=4672, stack(0x00000044f6600000,0x00000044f6700000) (1024K)]
  0x00000161fc650b30 JavaThread "Active Thread: Equinox Container: 279f089d-37cb-46f0-abb2-55eea1bc87c4"        [_thread_blocked, id=29000, stack(0x00000044f6f00000,0x00000044f7000000) (1024K)]
  0x00000161fc58cfe0 JavaThread "Refresh Thread: Equinox Container: 279f089d-37cb-46f0-abb2-55eea1bc87c4" daemon [_thread_blocked, id=19956, stack(0x00000044f7200000,0x00000044f7300000) (1024K)]
  0x00000161fca49230 JavaThread "Framework Event Dispatcher: Equinox Container: 279f089d-37cb-46f0-abb2-55eea1bc87c4" daemon [_thread_blocked, id=29584, stack(0x00000044f7300000,0x00000044f7400000) (1024K)]
  0x00000161fca498a0 JavaThread "Start Level: Equinox Container: 279f089d-37cb-46f0-abb2-55eea1bc87c4" daemon [_thread_in_vm, id=18228, stack(0x00000044f7400000,0x00000044f7500000) (1024K)]
  0x00000161fd386a40 JavaThread "Bundle File Closer"         daemon [_thread_blocked, id=29488, stack(0x00000044f7800000,0x00000044f7900000) (1024K)]
  0x00000161fd2c8060 JavaThread "SCR Component Actor"        daemon [_thread_blocked, id=19560, stack(0x00000044f6500000,0x00000044f6600000) (1024K)]
  0x00000161fcd93920 JavaThread "Worker-JM"                         [_thread_blocked, id=28868, stack(0x00000044f7b00000,0x00000044f7c00000) (1024K)]
  0x00000161fc77c830 JavaThread "JNA Cleaner"                daemon [_thread_blocked, id=7096, stack(0x00000044f6800000,0x00000044f6900000) (1024K)]
  0x00000161fcc5f2d0 JavaThread "Worker-0: Processing Java changes since last activation"        [_thread_blocked, id=22008, stack(0x00000044f7a00000,0x00000044f7b00000) (1024K)]
  0x00000161fca0ded0 JavaThread "Worker-1: Repository registry initialization"        [_thread_in_vm, id=9392, stack(0x00000044f7e00000,0x00000044f7f00000) (1024K)]
  0x00000161fca0f280 JavaThread "Worker-2: Building"                [_thread_in_vm, id=28760, stack(0x00000044f7f00000,0x00000044f8000000) (1024K)]
  0x00000161fd8ddfc0 JavaThread "C2 CompilerThread1"         daemon [_thread_in_native, id=29796, stack(0x00000044f6700000,0x00000044f6800000) (1024K)]
  0x00000161fd17cd00 JavaThread "C2 CompilerThread2"         daemon [_thread_in_native, id=29800, stack(0x00000044f8000000,0x00000044f8100000) (1024K)]
  0x00000161fe960870 JavaThread "C2 CompilerThread3"         daemon [_thread_in_native, id=29836, stack(0x00000044f8100000,0x00000044f8200000) (1024K)]
  0x00000161fca0ebf0 JavaThread "Java indexing"              daemon [_thread_blocked, id=29840, stack(0x00000044f8200000,0x00000044f8300000) (1024K)]
  0x00000161fe244e20 JavaThread "Worker-3"                          [_thread_blocked, id=29844, stack(0x00000044f8300000,0x00000044f8400000) (1024K)]
Total: 28

Other Threads:
  0x00000161de204930 VMThread "VM Thread"                           [id=1824, stack(0x00000044f5900000,0x00000044f5a00000) (1024K)]
  0x00000161de0fca00 WatcherThread "VM Periodic Task Thread"        [id=29612, stack(0x00000044f5800000,0x00000044f5900000) (1024K)]
  0x00000161de28c680 WorkerThread "GC Thread#0"                     [id=28248, stack(0x00000044f5700000,0x00000044f5800000) (1024K)]
  0x00000161fc7fa6f0 WorkerThread "GC Thread#1"                     [id=16316, stack(0x00000044f6900000,0x00000044f6a00000) (1024K)]
  0x00000161fc7faaa0 WorkerThread "GC Thread#2"                     [id=28688, stack(0x00000044f6a00000,0x00000044f6b00000) (1024K)]
  0x00000161fc63d750 WorkerThread "GC Thread#3"                     [id=24620, stack(0x00000044f6b00000,0x00000044f6c00000) (1024K)]
  0x00000161fc63d3a0 WorkerThread "GC Thread#4"                     [id=21608, stack(0x00000044f6c00000,0x00000044f6d00000) (1024K)]
  0x00000161fc63e610 WorkerThread "GC Thread#5"                     [id=22372, stack(0x00000044f6d00000,0x00000044f6e00000) (1024K)]
  0x00000161fc63e9c0 WorkerThread "GC Thread#6"                     [id=13552, stack(0x00000044f6e00000,0x00000044f6f00000) (1024K)]
  0x00000161fcb63d10 WorkerThread "GC Thread#7"                     [id=28468, stack(0x00000044f7000000,0x00000044f7100000) (1024K)]
  0x00000161fcb62aa0 WorkerThread "GC Thread#8"                     [id=24756, stack(0x00000044f7500000,0x00000044f7600000) (1024K)]
  0x00000161fcb64470 WorkerThread "GC Thread#9"                     [id=27628, stack(0x00000044f7600000,0x00000044f7700000) (1024K)]
  0x00000161fcb61830 WorkerThread "GC Thread#10"                    [id=4196, stack(0x00000044f7700000,0x00000044f7800000) (1024K)]
  0x00000161fcb63960 WorkerThread "GC Thread#11"                    [id=28764, stack(0x00000044f7c00000,0x00000044f7d00000) (1024K)]
  0x00000161fcb640c0 WorkerThread "GC Thread#12"                    [id=19740, stack(0x00000044f7d00000,0x00000044f7e00000) (1024K)]
Total: 15

Threads with active compile tasks:
C2 CompilerThread0  10292 4485       4       org.lombokweb.asm.ClassReader::readMethod (1070 bytes)
C2 CompilerThread1  10293 4549   !   4       org.eclipse.osgi.internal.loader.classpath.ClasspathManager::findClassImpl (328 bytes)
C2 CompilerThread2  10293 4726       4       java.util.regex.Pattern$BmpCharPropertyGreedy::match (89 bytes)
C2 CompilerThread3  10294 4745 %     4       java.util.Properties$LineReader::readLine @ 224 (584 bytes)
Total: 4

VM state: not at safepoint (normal execution)

VM Mutex/Monitor currently owned by a thread: None

Heap address: 0x0000000080000000, size: 2048 MB, Compressed Oops mode: 32-bit

CDS archive(s) mapped at: [0x0000016180000000-0x0000016180ba0000-0x0000016180ba0000), size 12189696, SharedBaseAddress: 0x0000016180000000, ArchiveRelocationMode: 1.
Compressed class space mapped at: 0x0000016181000000-0x00000161c1000000, reserved size: 1073741824
Narrow klass base: 0x0000016180000000, Narrow klass shift: 0, Narrow klass range: 0x100000000

GC Precious Log:
 CardTable entry size: 512
 CPUs: 16 total, 16 available
 Memory: 16068M
 Large Page Support: Disabled
 NUMA Support: Disabled
 Compressed Oops: Enabled (32-bit)
 Alignments: Space 512K, Generation 512K, Heap 2M
 Heap Min Capacity: 100M
 Heap Initial Capacity: 100M
 Heap Max Capacity: 2G
 Pre-touch: Disabled
 Parallel Workers: 13

Heap:
 PSYoungGen      total 24576K, used 2906K [0x00000000d5580000, 0x00000000d7300000, 0x0000000100000000)
  eden space 22528K, 4% used [0x00000000d5580000,0x00000000d5697150,0x00000000d6b80000)
  from space 2048K, 87% used [0x00000000d6c80000,0x00000000d6e3f6d8,0x00000000d6e80000)
  to   space 3072K, 0% used [0x00000000d7000000,0x00000000d7000000,0x00000000d7300000)
 ParOldGen       total 68608K, used 16727K [0x0000000080000000, 0x0000000084300000, 0x00000000d5580000)
  object space 68608K, 24% used [0x0000000080000000,0x0000000081055e58,0x0000000084300000)
 Metaspace       used 30994K, committed 32064K, reserved 1114112K
  class space    used 3086K, committed 3520K, reserved 1048576K

Card table byte_map: [0x00000161ddc10000,0x00000161de020000] _byte_map_base: 0x00000161dd810000

Marking Bits: (ParMarkBitMap*) 0x00007ffe421c4460
 Begin Bits: [0x00000161f0720000, 0x00000161f2720000)
 End Bits:   [0x00000161f2720000, 0x00000161f4720000)

Polling page: 0x00000161dbfe0000

Metaspace:

Usage:
  Non-class:     27.25 MB used.
      Class:      3.01 MB used.
       Both:     30.27 MB used.

Virtual space:
  Non-class space:       64.00 MB reserved,      27.88 MB ( 44%) committed,  1 nodes.
      Class space:        1.00 GB reserved,       3.44 MB ( <1%) committed,  1 nodes.
             Both:        1.06 GB reserved,      31.31 MB (  3%) committed. 

Chunk freelists:
   Non-Class:  4.03 MB
       Class:  12.57 MB
        Both:  16.60 MB

MaxMetaspaceSize: unlimited
CompressedClassSpaceSize: 1.00 GB
Initial GC threshold: 21.00 MB
Current GC threshold: 35.00 MB
CDS: on
 - commit_granule_bytes: 65536.
 - commit_granule_words: 8192.
 - virtual_space_node_default_size: 8388608.
 - enlarge_chunks_in_place: 1.
 - use_allocation_guard: 0.


Internal statistics:

num_allocs_failed_limit: 3.
num_arena_births: 870.
num_arena_deaths: 14.
num_vsnodes_births: 2.
num_vsnodes_deaths: 0.
num_space_committed: 501.
num_space_uncommitted: 0.
num_chunks_returned_to_freelist: 17.
num_chunks_taken_from_freelist: 2214.
num_chunk_merges: 5.
num_chunk_splits: 1366.
num_chunks_enlarged: 779.
num_inconsistent_stats: 0.

CodeHeap 'non-profiled nmethods': size=119168Kb used=2046Kb max_used=2046Kb free=117121Kb
 bounds [0x00000161e9010000, 0x00000161e9280000, 0x00000161f0470000]
CodeHeap 'profiled nmethods': size=119104Kb used=10381Kb max_used=10381Kb free=108722Kb
 bounds [0x00000161e1470000, 0x00000161e1ea0000, 0x00000161e88c0000]
CodeHeap 'non-nmethods': size=7488Kb used=1906Kb max_used=3063Kb free=5582Kb
 bounds [0x00000161e88c0000, 0x00000161e8bd0000, 0x00000161e9010000]
CodeCache: size=245760Kb, used=14333Kb, max_used=15490Kb, free=231425Kb
 total_blobs=5393, nmethods=4757, adapters=541, full_count=0
Compilation: enabled, stopped_count=0, restarted_count=0

Compilation events (20 events):
Event: 9.144 Thread 0x00000161fcd8ad90 4742       3       org.eclipse.jdt.internal.compiler.impl.CompilerOptions::versionToJdkLevel (6 bytes)
Event: 9.144 Thread 0x00000161f60f1400 nmethod 4738 0x00000161e1e75d10 code [0x00000161e1e75ee0, 0x00000161e1e76350]
Event: 9.145 Thread 0x00000161fcd8ad90 nmethod 4742 0x00000161e1e76490 code [0x00000161e1e76640, 0x00000161e1e76760]
Event: 9.146 Thread 0x00000161f5ff9dd0 nmethod 4740 0x00000161e1e76810 code [0x00000161e1e76a00, 0x00000161e1e77120]
Event: 9.146 Thread 0x00000161f60f1400 4739       3       java.util.Comparator::lambda$thenComparing$36697e65$1 (29 bytes)
Event: 9.146 Thread 0x00000161fcd8ad90 4733       3       java.util.TreeMap::addEntry (59 bytes)
Event: 9.147 Thread 0x00000161f60f1400 nmethod 4739 0x00000161e1e77410 code [0x00000161e1e775e0, 0x00000161e1e77900]
Event: 9.147 Thread 0x00000161f5ff9dd0 4734       3       org.eclipse.core.internal.registry.ConfigurationElementHandle::getName (8 bytes)
Event: 9.148 Thread 0x00000161fcd8ad90 nmethod 4733 0x00000161e1e77a10 code [0x00000161e1e77be0, 0x00000161e1e77f38]
Event: 9.149 Thread 0x00000161f60f1ec0 nmethod 4741 0x00000161e1e78110 code [0x00000161e1e78440, 0x00000161e1e79340]
Event: 9.150 Thread 0x00000161f5ff9dd0 nmethod 4734 0x00000161e1e79810 code [0x00000161e1e799e0, 0x00000161e1e79f50]
Event: 9.154 Thread 0x00000161fcd8ad90 4743 %     3       java.util.Properties::loadConvert @ 8 (540 bytes)
Event: 9.160 Thread 0x00000161fcd8ad90 nmethod 4743% 0x00000161e1e7a110 code [0x00000161e1e7a420, 0x00000161e1e7b820]
Event: 9.163 Thread 0x00000161fcd8ad90 4746       3       java.util.Properties::loadConvert (540 bytes)
Event: 9.163 Thread 0x00000161f60f1ec0 4747 %     3       java.util.Properties::load0 @ 29 (249 bytes)
Event: 9.165 Thread 0x00000161f60f1400 4748       3       java.net.URL::openStream (8 bytes)
Event: 9.166 Thread 0x00000161f60f1400 nmethod 4748 0x00000161e1e7be90 code [0x00000161e1e7c060, 0x00000161e1e7c360]
Event: 9.169 Thread 0x00000161f60f1ec0 nmethod 4747% 0x00000161e1e7c490 code [0x00000161e1e7c6e0, 0x00000161e1e7d1f8]
Event: 9.170 Thread 0x00000161fcd8ad90 nmethod 4746 0x00000161e1e7d590 code [0x00000161e1e7d880, 0x00000161e1e7eb28]
Event: 9.172 Thread 0x00000161f60f1400 4749       3       java.util.Properties::load0 (249 bytes)

GC Heap History (20 events):
Event: 1.392 GC heap before
{Heap before GC invocations=2 (full 0):
 PSYoungGen      total 29696K, used 29435K [0x00000000d5580000, 0x00000000d7680000, 0x0000000100000000)
  eden space 25600K, 100% used [0x00000000d5580000,0x00000000d6e80000,0x00000000d6e80000)
  from space 4096K, 93% used [0x00000000d6e80000,0x00000000d723efe0,0x00000000d7280000)
  to   space 4096K, 0% used [0x00000000d7280000,0x00000000d7280000,0x00000000d7680000)
 ParOldGen       total 68608K, used 16K [0x0000000080000000, 0x0000000084300000, 0x00000000d5580000)
  object space 68608K, 0% used [0x0000000080000000,0x0000000080004000,0x0000000084300000)
 Metaspace       used 7967K, committed 8256K, reserved 1114112K
  class space    used 825K, committed 960K, reserved 1048576K
}
Event: 1.400 GC heap after
{Heap after GC invocations=2 (full 0):
 PSYoungGen      total 29696K, used 4087K [0x00000000d5580000, 0x00000000d7680000, 0x0000000100000000)
  eden space 25600K, 0% used [0x00000000d5580000,0x00000000d5580000,0x00000000d6e80000)
  from space 4096K, 99% used [0x00000000d7280000,0x00000000d767de88,0x00000000d7680000)
  to   space 4096K, 0% used [0x00000000d6e80000,0x00000000d6e80000,0x00000000d7280000)
 ParOldGen       total 68608K, used 1926K [0x0000000080000000, 0x0000000084300000, 0x00000000d5580000)
  object space 68608K, 2% used [0x0000000080000000,0x00000000801e1830,0x0000000084300000)
 Metaspace       used 7967K, committed 8256K, reserved 1114112K
  class space    used 825K, committed 960K, reserved 1048576K
}
Event: 1.844 GC heap before
{Heap before GC invocations=3 (full 0):
 PSYoungGen      total 29696K, used 29687K [0x00000000d5580000, 0x00000000d7680000, 0x0000000100000000)
  eden space 25600K, 100% used [0x00000000d5580000,0x00000000d6e80000,0x00000000d6e80000)
  from space 4096K, 99% used [0x00000000d7280000,0x00000000d767de88,0x00000000d7680000)
  to   space 4096K, 0% used [0x00000000d6e80000,0x00000000d6e80000,0x00000000d7280000)
 ParOldGen       total 68608K, used 1926K [0x0000000080000000, 0x0000000084300000, 0x00000000d5580000)
  object space 68608K, 2% used [0x0000000080000000,0x00000000801e1830,0x0000000084300000)
 Metaspace       used 9504K, committed 9856K, reserved 1114112K
  class space    used 1011K, committed 1152K, reserved 1048576K
}
Event: 1.849 GC heap after
{Heap after GC invocations=3 (full 0):
 PSYoungGen      total 29696K, used 4069K [0x00000000d5580000, 0x00000000d7680000, 0x0000000100000000)
  eden space 25600K, 0% used [0x00000000d5580000,0x00000000d5580000,0x00000000d6e80000)
  from space 4096K, 99% used [0x00000000d6e80000,0x00000000d72795c0,0x00000000d7280000)
  to   space 4096K, 0% used [0x00000000d7280000,0x00000000d7280000,0x00000000d7680000)
 ParOldGen       total 68608K, used 4400K [0x0000000080000000, 0x0000000084300000, 0x00000000d5580000)
  object space 68608K, 6% used [0x0000000080000000,0x000000008044c1d0,0x0000000084300000)
 Metaspace       used 9504K, committed 9856K, reserved 1114112K
  class space    used 1011K, committed 1152K, reserved 1048576K
}
Event: 4.314 GC heap before
{Heap before GC invocations=4 (full 0):
 PSYoungGen      total 29696K, used 29669K [0x00000000d5580000, 0x00000000d7680000, 0x0000000100000000)
  eden space 25600K, 100% used [0x00000000d5580000,0x00000000d6e80000,0x00000000d6e80000)
  from space 4096K, 99% used [0x00000000d6e80000,0x00000000d72795c0,0x00000000d7280000)
  to   space 4096K, 0% used [0x00000000d7280000,0x00000000d7280000,0x00000000d7680000)
 ParOldGen       total 68608K, used 4400K [0x0000000080000000, 0x0000000084300000, 0x00000000d5580000)
  object space 68608K, 6% used [0x0000000080000000,0x000000008044c1d0,0x0000000084300000)
 Metaspace       used 11424K, committed 11776K, reserved 1114112K
  class space    used 1199K, committed 1344K, reserved 1048576K
}
Event: 4.323 GC heap after
{Heap after GC invocations=4 (full 0):
 PSYoungGen      total 29696K, used 4081K [0x00000000d5580000, 0x00000000d7680000, 0x0000000100000000)
  eden space 25600K, 0% used [0x00000000d5580000,0x00000000d5580000,0x00000000d6e80000)
  from space 4096K, 99% used [0x00000000d7280000,0x00000000d767c4a0,0x00000000d7680000)
  to   space 4096K, 0% used [0x00000000d6e80000,0x00000000d6e80000,0x00000000d7280000)
 ParOldGen       total 68608K, used 6642K [0x0000000080000000, 0x0000000084300000, 0x00000000d5580000)
  object space 68608K, 9% used [0x0000000080000000,0x000000008067c880,0x0000000084300000)
 Metaspace       used 11424K, committed 11776K, reserved 1114112K
  class space    used 1199K, committed 1344K, reserved 1048576K
}
Event: 5.517 GC heap before
{Heap before GC invocations=5 (full 0):
 PSYoungGen      total 29696K, used 29681K [0x00000000d5580000, 0x00000000d7680000, 0x0000000100000000)
  eden space 25600K, 100% used [0x00000000d5580000,0x00000000d6e80000,0x00000000d6e80000)
  from space 4096K, 99% used [0x00000000d7280000,0x00000000d767c4a0,0x00000000d7680000)
  to   space 4096K, 0% used [0x00000000d6e80000,0x00000000d6e80000,0x00000000d7280000)
 ParOldGen       total 68608K, used 6642K [0x0000000080000000, 0x0000000084300000, 0x00000000d5580000)
  object space 68608K, 9% used [0x0000000080000000,0x000000008067c880,0x0000000084300000)
 Metaspace       used 15338K, committed 15936K, reserved 1114112K
  class space    used 1585K, committed 1856K, reserved 1048576K
}
Event: 5.524 GC heap after
{Heap after GC invocations=5 (full 0):
 PSYoungGen      total 29184K, used 4064K [0x00000000d5580000, 0x00000000d7900000, 0x0000000100000000)
  eden space 25088K, 0% used [0x00000000d5580000,0x00000000d5580000,0x00000000d6e00000)
  from space 4096K, 99% used [0x00000000d6e80000,0x00000000d72781a8,0x00000000d7280000)
  to   space 5632K, 0% used [0x00000000d7380000,0x00000000d7380000,0x00000000d7900000)
 ParOldGen       total 68608K, used 7670K [0x0000000080000000, 0x0000000084300000, 0x00000000d5580000)
  object space 68608K, 11% used [0x0000000080000000,0x000000008077db80,0x0000000084300000)
 Metaspace       used 15338K, committed 15936K, reserved 1114112K
  class space    used 1585K, committed 1856K, reserved 1048576K
}
Event: 6.580 GC heap before
{Heap before GC invocations=6 (full 0):
 PSYoungGen      total 29184K, used 29152K [0x00000000d5580000, 0x00000000d7900000, 0x0000000100000000)
  eden space 25088K, 100% used [0x00000000d5580000,0x00000000d6e00000,0x00000000d6e00000)
  from space 4096K, 99% used [0x00000000d6e80000,0x00000000d72781a8,0x00000000d7280000)
  to   space 5632K, 0% used [0x00000000d7380000,0x00000000d7380000,0x00000000d7900000)
 ParOldGen       total 68608K, used 7670K [0x0000000080000000, 0x0000000084300000, 0x00000000d5580000)
  object space 68608K, 11% used [0x0000000080000000,0x000000008077db80,0x0000000084300000)
 Metaspace       used 18654K, committed 19392K, reserved 1114112K
  class space    used 1948K, committed 2240K, reserved 1048576K
}
Event: 6.586 GC heap after
{Heap after GC invocations=6 (full 0):
 PSYoungGen      total 30208K, used 5386K [0x00000000d5580000, 0x00000000d7900000, 0x0000000100000000)
  eden space 24576K, 0% used [0x00000000d5580000,0x00000000d5580000,0x00000000d6d80000)
  from space 5632K, 95% used [0x00000000d7380000,0x00000000d78c2840,0x00000000d7900000)
  to   space 5632K, 0% used [0x00000000d6e00000,0x00000000d6e00000,0x00000000d7380000)
 ParOldGen       total 68608K, used 7678K [0x0000000080000000, 0x0000000084300000, 0x00000000d5580000)
  object space 68608K, 11% used [0x0000000080000000,0x000000008077fb80,0x0000000084300000)
 Metaspace       used 18654K, committed 19392K, reserved 1114112K
  class space    used 1948K, committed 2240K, reserved 1048576K
}
Event: 7.028 GC heap before
{Heap before GC invocations=7 (full 0):
 PSYoungGen      total 30208K, used 26324K [0x00000000d5580000, 0x00000000d7900000, 0x0000000100000000)
  eden space 24576K, 85% used [0x00000000d5580000,0x00000000d69f2bb8,0x00000000d6d80000)
  from space 5632K, 95% used [0x00000000d7380000,0x00000000d78c2840,0x00000000d7900000)
  to   space 5632K, 0% used [0x00000000d6e00000,0x00000000d6e00000,0x00000000d7380000)
 ParOldGen       total 68608K, used 7678K [0x0000000080000000, 0x0000000084300000, 0x00000000d5580000)
  object space 68608K, 11% used [0x0000000080000000,0x000000008077fb80,0x0000000084300000)
 Metaspace       used 20645K, committed 21504K, reserved 1114112K
  class space    used 2193K, committed 2560K, reserved 1048576K
}
Event: 7.034 GC heap after
{Heap after GC invocations=7 (full 0):
 PSYoungGen      total 29184K, used 4425K [0x00000000d5580000, 0x00000000d7780000, 0x0000000100000000)
  eden space 24576K, 0% used [0x00000000d5580000,0x00000000d5580000,0x00000000d6d80000)
  from space 4608K, 96% used [0x00000000d6e00000,0x00000000d72525a0,0x00000000d7280000)
  to   space 5120K, 0% used [0x00000000d7280000,0x00000000d7280000,0x00000000d7780000)
 ParOldGen       total 68608K, used 9246K [0x0000000080000000, 0x0000000084300000, 0x00000000d5580000)
  object space 68608K, 13% used [0x0000000080000000,0x0000000080907850,0x0000000084300000)
 Metaspace       used 20645K, committed 21504K, reserved 1114112K
  class space    used 2193K, committed 2560K, reserved 1048576K
}
Event: 7.034 GC heap before
{Heap before GC invocations=8 (full 1):
 PSYoungGen      total 29184K, used 4425K [0x00000000d5580000, 0x00000000d7780000, 0x0000000100000000)
  eden space 24576K, 0% used [0x00000000d5580000,0x00000000d5580000,0x00000000d6d80000)
  from space 4608K, 96% used [0x00000000d6e00000,0x00000000d72525a0,0x00000000d7280000)
  to   space 5120K, 0% used [0x00000000d7280000,0x00000000d7280000,0x00000000d7780000)
 ParOldGen       total 68608K, used 9246K [0x0000000080000000, 0x0000000084300000, 0x00000000d5580000)
  object space 68608K, 13% used [0x0000000080000000,0x0000000080907850,0x0000000084300000)
 Metaspace       used 20645K, committed 21504K, reserved 1114112K
  class space    used 2193K, committed 2560K, reserved 1048576K
}
Event: 7.086 GC heap after
{Heap after GC invocations=8 (full 1):
 PSYoungGen      total 29184K, used 0K [0x00000000d5580000, 0x00000000d7780000, 0x0000000100000000)
  eden space 24576K, 0% used [0x00000000d5580000,0x00000000d5580000,0x00000000d6d80000)
  from space 4608K, 0% used [0x00000000d6e00000,0x00000000d6e00000,0x00000000d7280000)
  to   space 5120K, 0% used [0x00000000d7280000,0x00000000d7280000,0x00000000d7780000)
 ParOldGen       total 68608K, used 13085K [0x0000000080000000, 0x0000000084300000, 0x00000000d5580000)
  object space 68608K, 19% used [0x0000000080000000,0x0000000080cc7778,0x0000000084300000)
 Metaspace       used 20632K, committed 21504K, reserved 1114112K
  class space    used 2189K, committed 2560K, reserved 1048576K
}
Event: 7.748 GC heap before
{Heap before GC invocations=9 (full 1):
 PSYoungGen      total 29184K, used 24576K [0x00000000d5580000, 0x00000000d7780000, 0x0000000100000000)
  eden space 24576K, 100% used [0x00000000d5580000,0x00000000d6d80000,0x00000000d6d80000)
  from space 4608K, 0% used [0x00000000d6e00000,0x00000000d6e00000,0x00000000d7280000)
  to   space 5120K, 0% used [0x00000000d7280000,0x00000000d7280000,0x00000000d7780000)
 ParOldGen       total 68608K, used 13085K [0x0000000080000000, 0x0000000084300000, 0x00000000d5580000)
  object space 68608K, 19% used [0x0000000080000000,0x0000000080cc7778,0x0000000084300000)
 Metaspace       used 22800K, committed 23744K, reserved 1114112K
  class space    used 2395K, committed 2816K, reserved 1048576K
}
Event: 7.751 GC heap after
{Heap after GC invocations=9 (full 1):
 PSYoungGen      total 28160K, used 3591K [0x00000000d5580000, 0x00000000d7680000, 0x0000000100000000)
  eden space 24064K, 0% used [0x00000000d5580000,0x00000000d5580000,0x00000000d6d00000)
  from space 4096K, 87% used [0x00000000d7280000,0x00000000d7601e70,0x00000000d7680000)
  to   space 4096K, 0% used [0x00000000d6e80000,0x00000000d6e80000,0x00000000d7280000)
 ParOldGen       total 68608K, used 13093K [0x0000000080000000, 0x0000000084300000, 0x00000000d5580000)
  object space 68608K, 19% used [0x0000000080000000,0x0000000080cc9778,0x0000000084300000)
 Metaspace       used 22800K, committed 23744K, reserved 1114112K
  class space    used 2395K, committed 2816K, reserved 1048576K
}
Event: 8.143 GC heap before
{Heap before GC invocations=10 (full 1):
 PSYoungGen      total 28160K, used 27655K [0x00000000d5580000, 0x00000000d7680000, 0x0000000100000000)
  eden space 24064K, 100% used [0x00000000d5580000,0x00000000d6d00000,0x00000000d6d00000)
  from space 4096K, 87% used [0x00000000d7280000,0x00000000d7601e70,0x00000000d7680000)
  to   space 4096K, 0% used [0x00000000d6e80000,0x00000000d6e80000,0x00000000d7280000)
 ParOldGen       total 68608K, used 13093K [0x0000000080000000, 0x0000000084300000, 0x00000000d5580000)
  object space 68608K, 19% used [0x0000000080000000,0x0000000080cc9778,0x0000000084300000)
 Metaspace       used 26114K, committed 27072K, reserved 1114112K
  class space    used 2644K, committed 3072K, reserved 1048576K
}
Event: 8.147 GC heap after
{Heap after GC invocations=10 (full 1):
 PSYoungGen      total 27648K, used 4083K [0x00000000d5580000, 0x00000000d7580000, 0x0000000100000000)
  eden space 23552K, 0% used [0x00000000d5580000,0x00000000d5580000,0x00000000d6c80000)
  from space 4096K, 99% used [0x00000000d6e80000,0x00000000d727cca0,0x00000000d7280000)
  to   space 3072K, 0% used [0x00000000d7280000,0x00000000d7280000,0x00000000d7580000)
 ParOldGen       total 68608K, used 13101K [0x0000000080000000, 0x0000000084300000, 0x00000000d5580000)
  object space 68608K, 19% used [0x0000000080000000,0x0000000080ccb778,0x0000000084300000)
 Metaspace       used 26114K, committed 27072K, reserved 1114112K
  class space    used 2644K, committed 3072K, reserved 1048576K
}
Event: 8.453 GC heap before
{Heap before GC invocations=11 (full 1):
 PSYoungGen      total 27648K, used 27635K [0x00000000d5580000, 0x00000000d7580000, 0x0000000100000000)
  eden space 23552K, 100% used [0x00000000d5580000,0x00000000d6c80000,0x00000000d6c80000)
  from space 4096K, 99% used [0x00000000d6e80000,0x00000000d727cca0,0x00000000d7280000)
  to   space 3072K, 0% used [0x00000000d7280000,0x00000000d7280000,0x00000000d7580000)
 ParOldGen       total 68608K, used 13101K [0x0000000080000000, 0x0000000084300000, 0x00000000d5580000)
  object space 68608K, 19% used [0x0000000080000000,0x0000000080ccb778,0x0000000084300000)
 Metaspace       used 27699K, committed 28672K, reserved 1114112K
  class space    used 2752K, committed 3200K, reserved 1048576K
}
Event: 8.457 GC heap after
{Heap after GC invocations=11 (full 1):
 PSYoungGen      total 26112K, used 3046K [0x00000000d5580000, 0x00000000d7580000, 0x0000000100000000)
  eden space 23040K, 0% used [0x00000000d5580000,0x00000000d5580000,0x00000000d6c00000)
  from space 3072K, 99% used [0x00000000d7280000,0x00000000d7579b68,0x00000000d7580000)
  to   space 4608K, 0% used [0x00000000d6c80000,0x00000000d6c80000,0x00000000d7100000)
 ParOldGen       total 68608K, used 14286K [0x0000000080000000, 0x0000000084300000, 0x00000000d5580000)
  object space 68608K, 20% used [0x0000000080000000,0x0000000080df3b20,0x0000000084300000)
 Metaspace       used 27699K, committed 28672K, reserved 1114112K
  class space    used 2752K, committed 3200K, reserved 1048576K
}

Dll operation events (10 events):
Event: 0.014 Loaded shared library c:\Users\backu\.vscode\extensions\redhat.java-1.55.0-win32-x64\jre\21.0.11-win32-x86_64\bin\java.dll
Event: 0.092 Loaded shared library c:\Users\backu\.vscode\extensions\redhat.java-1.55.0-win32-x64\jre\21.0.11-win32-x86_64\bin\zip.dll
Event: 0.117 Loaded shared library C:\Users\backu\.vscode\extensions\redhat.java-1.55.0-win32-x64\jre\21.0.11-win32-x86_64\bin\instrument.dll
Event: 0.122 Loaded shared library C:\Users\backu\.vscode\extensions\redhat.java-1.55.0-win32-x64\jre\21.0.11-win32-x86_64\bin\net.dll
Event: 0.124 Loaded shared library C:\Users\backu\.vscode\extensions\redhat.java-1.55.0-win32-x64\jre\21.0.11-win32-x86_64\bin\nio.dll
Event: 0.128 Loaded shared library C:\Users\backu\.vscode\extensions\redhat.java-1.55.0-win32-x64\jre\21.0.11-win32-x86_64\bin\zip.dll
Event: 0.148 Loaded shared library C:\Users\backu\.vscode\extensions\redhat.java-1.55.0-win32-x64\jre\21.0.11-win32-x86_64\bin\jimage.dll
Event: 0.235 Loaded shared library c:\Users\backu\.vscode\extensions\redhat.java-1.55.0-win32-x64\jre\21.0.11-win32-x86_64\bin\verify.dll
Event: 1.494 Loaded shared library C:\Users\backu\AppData\Roaming\Code\User\globalStorage\redhat.java\1.55.0\config_win\org.eclipse.equinox.launcher\org.eclipse.equinox.launcher.win32.win32.x86_64_1.3.100.v20260613-0559\eclipse_11924.dll
Event: 5.947 Loaded shared library C:\Users\backu\AppData\Local\Temp\jna-93493358\jna6153090599203751301.dll

Deoptimization events (20 events):
Event: 8.941 Thread 0x00000161fca0f280 Uncommon trap: trap_request=0xffffff45 fr.pc=0x00000161e920442c relative=0x000000000000144c
Event: 8.941 Thread 0x00000161fca0f280 Uncommon trap: reason=unstable_if action=reinterpret pc=0x00000161e920442c method=java.util.Properties.loadConvert([CIILjava/lang/StringBuilder;)Ljava/lang/String; @ 477 c2
Event: 8.941 Thread 0x00000161fca0f280 DEOPT PACKING pc=0x00000161e920442c sp=0x00000044f7ffd1b0
Event: 8.941 Thread 0x00000161fca0f280 DEOPT UNPACKING pc=0x00000161e8913aa2 sp=0x00000044f7ffd1b0 mode 2
Event: 9.154 Thread 0x00000161fca0f280 Uncommon trap: trap_request=0xffffffc6 fr.pc=0x00000161e911d7ac relative=0x000000000000102c
Event: 9.154 Thread 0x00000161fca0f280 Uncommon trap: reason=bimorphic_or_optimized_type_check action=maybe_recompile pc=0x00000161e911d7ac method=java.util.Properties$LineReader.readLine()I @ 479 c2
Event: 9.155 Thread 0x00000161fca0f280 DEOPT PACKING pc=0x00000161e911d7ac sp=0x00000044f7ffe390
Event: 9.155 Thread 0x00000161fca0f280 DEOPT UNPACKING pc=0x00000161e8913aa2 sp=0x00000044f7ffe330 mode 2
Event: 9.157 Thread 0x00000161fca0f280 Uncommon trap: trap_request=0xffffffc6 fr.pc=0x00000161e911d7ac relative=0x000000000000102c
Event: 9.157 Thread 0x00000161fca0f280 Uncommon trap: reason=bimorphic_or_optimized_type_check action=maybe_recompile pc=0x00000161e911d7ac method=java.util.Properties$LineReader.readLine()I @ 479 c2
Event: 9.157 Thread 0x00000161fca0f280 DEOPT PACKING pc=0x00000161e911d7ac sp=0x00000044f7ffe390
Event: 9.157 Thread 0x00000161fca0f280 DEOPT UNPACKING pc=0x00000161e8913aa2 sp=0x00000044f7ffe330 mode 2
Event: 9.158 Thread 0x00000161fca0f280 Uncommon trap: trap_request=0xffffffc6 fr.pc=0x00000161e911d7ac relative=0x000000000000102c
Event: 9.158 Thread 0x00000161fca0f280 Uncommon trap: reason=bimorphic_or_optimized_type_check action=maybe_recompile pc=0x00000161e911d7ac method=java.util.Properties$LineReader.readLine()I @ 479 c2
Event: 9.159 Thread 0x00000161fca0f280 DEOPT PACKING pc=0x00000161e911d7ac sp=0x00000044f7ffe390
Event: 9.159 Thread 0x00000161fca0f280 DEOPT UNPACKING pc=0x00000161e8913aa2 sp=0x00000044f7ffe330 mode 2
Event: 9.161 Thread 0x00000161fca0f280 Uncommon trap: trap_request=0xffffffc6 fr.pc=0x00000161e911d7ac relative=0x000000000000102c
Event: 9.161 Thread 0x00000161fca0f280 Uncommon trap: reason=bimorphic_or_optimized_type_check action=maybe_recompile pc=0x00000161e911d7ac method=java.util.Properties$LineReader.readLine()I @ 479 c2
Event: 9.162 Thread 0x00000161fca0f280 DEOPT PACKING pc=0x00000161e911d7ac sp=0x00000044f7ffe390
Event: 9.162 Thread 0x00000161fca0f280 DEOPT UNPACKING pc=0x00000161e8913aa2 sp=0x00000044f7ffe330 mode 2

Classes loaded (20 events):
Event: 8.804 Loading class java/nio/channels/AsynchronousByteChannel
Event: 8.804 Loading class java/nio/channels/AsynchronousChannel
Event: 8.804 Loading class java/nio/channels/AsynchronousChannel done
Event: 8.804 Loading class java/nio/channels/AsynchronousByteChannel done
Event: 8.892 Loading class java/lang/ProcessEnvironment
Event: 8.892 Loading class java/lang/ProcessEnvironment done
Event: 8.907 Loading class java/lang/ProcessEnvironment$NameComparator
Event: 8.907 Loading class java/lang/ProcessEnvironment$NameComparator done
Event: 8.907 Loading class java/lang/ProcessEnvironment$EntryComparator
Event: 8.908 Loading class java/lang/ProcessEnvironment$EntryComparator done
Event: 8.910 Loading class java/lang/ProcessEnvironment$CheckedEntrySet
Event: 8.910 Loading class java/lang/ProcessEnvironment$CheckedEntrySet done
Event: 8.911 Loading class java/lang/ProcessEnvironment$CheckedEntrySet$1
Event: 8.911 Loading class java/lang/ProcessEnvironment$CheckedEntrySet$1 done
Event: 8.912 Loading class java/lang/ProcessEnvironment$CheckedEntry
Event: 8.913 Loading class java/lang/ProcessEnvironment$CheckedEntry done
Event: 8.955 Loading class java/util/UUID$Holder
Event: 8.956 Loading class java/util/UUID$Holder done
Event: 9.060 Loading class java/util/DualPivotQuicksort
Event: 9.062 Loading class java/util/DualPivotQuicksort done

Classes unloaded (7 events):
Event: 7.042 Thread 0x00000161de204930 Unloading class 0x00000161811a3800 'java/lang/invoke/LambdaForm$MH+0x00000161811a3800'
Event: 7.042 Thread 0x00000161de204930 Unloading class 0x00000161811a3400 'java/lang/invoke/LambdaForm$MH+0x00000161811a3400'
Event: 7.042 Thread 0x00000161de204930 Unloading class 0x00000161811a3000 'java/lang/invoke/LambdaForm$MH+0x00000161811a3000'
Event: 7.042 Thread 0x00000161de204930 Unloading class 0x00000161811a2c00 'java/lang/invoke/LambdaForm$MH+0x00000161811a2c00'
Event: 7.042 Thread 0x00000161de204930 Unloading class 0x00000161811a2800 'java/lang/invoke/LambdaForm$BMH+0x00000161811a2800'
Event: 7.042 Thread 0x00000161de204930 Unloading class 0x00000161811a2400 'java/lang/invoke/LambdaForm$DMH+0x00000161811a2400'
Event: 7.042 Thread 0x00000161de204930 Unloading class 0x00000161811a1000 'java/lang/invoke/LambdaForm$DMH+0x00000161811a1000'

Classes redefined (0 events):
No events

Internal exceptions (20 events):
Event: 7.099 Thread 0x00000161fca498a0 Exception <a 'java/lang/NoSuchMethodError'{0x00000000d55e8c10}: 'int java.lang.invoke.Invokers$Holder.linkToTargetMethod(java.lang.Object, java.lang.Object)'> (0x00000000d55e8c10) 
thrown [s\src\hotspot\share\interpreter\linkResolver.cpp, line 773]
Event: 7.175 Thread 0x00000161fca498a0 Exception <a 'java/lang/NoSuchMethodError'{0x00000000d56fb578}: 'java.lang.Object java.lang.invoke.DirectMethodHandle$Holder.newInvokeSpecial(java.lang.Object, java.lang.Object, java.lang.Object, java.lang.Object, java.lang.Object)'> (0x00000000d56fb578) 
thrown [s\src\hotspot\share\interpreter\linkResolver.cpp, line 773]
Event: 7.187 Thread 0x00000161fca498a0 Exception <a 'java/lang/NoSuchMethodError'{0x00000000d571d860}: 'java.lang.Object java.lang.invoke.Invokers$Holder.invoke_MT(java.lang.Object, java.lang.Object, java.lang.Object, java.lang.Object, java.lang.Object, java.lang.Object, java.lang.Object, java.lang.Object, java.lang.Object, java.lang.Object, java.lang.Object)'> (0x00000000d571d860) 
thrown [s\src\hotspot\share\interpreter\linkResolver.cpp, line 773]
Event: 7.216 Thread 0x00000161fca498a0 Exception <a 'java/lang/NoSuchMethodError'{0x00000000d57aa270}: 'java.lang.Object java.lang.invoke.Invokers$Holder.invoke_MT(java.lang.Object, java.lang.Object, java.lang.Object, java.lang.Object, java.lang.Object, java.lang.Object, java.lang.Object, java.lang.Object, java.lang.Object, java.lang.Object)'> (0x00000000d57aa270) 
thrown [s\src\hotspot\share\interpreter\linkResolver.cpp, line 773]
Event: 7.254 Thread 0x00000161fca498a0 Exception <a 'java/lang/NoSuchMethodError'{0x00000000d5865f58}: 'java.lang.Object java.lang.invoke.DirectMethodHandle$Holder.newInvokeSpecial(java.lang.Object, java.lang.Object, java.lang.Object, java.lang.Object, java.lang.Object, java.lang.Object, java.lang.Object)'> (0x00000000d5865f58) 
thrown [s\src\hotspot\share\interpreter\linkResolver.cpp, line 773]
Event: 7.273 Thread 0x00000161fca498a0 Exception <a 'java/lang/NoSuchMethodError'{0x00000000d58de100}: 'java.lang.Object java.lang.invoke.Invokers$Holder.invoker(java.lang.Object, java.lang.Object, java.lang.Object, java.lang.Object, java.lang.Object, java.lang.Object, java.lang.Object, java.lang.Object, java.lang.Object, java.lang.Object, java.lang.Object, java.lang.Object, java.lang.Object)'> (0x00000000d58de100) 
thrown [s\src\hotspot\share\interpreter\linkResolver.cpp, line 773]
Event: 7.274 Thread 0x00000161fca498a0 Exception <a 'java/lang/NoSuchMethodError'{0x00000000d58e8598}: 'java.lang.Object java.lang.invoke.DelegatingMethodHandle$Holder.delegate(java.lang.Object, java.lang.Object, java.lang.Object, java.lang.Object, java.lang.Object, java.lang.Object, java.lang.Object, java.lang.Object, java.lang.Object, java.lang.Object, java.lang.Object, java.lang.Object, java.lang.Object)'> (0x00000000d58e8598) 
thrown [s\src\hotspot\share\interpreter\linkResolver.cpp, line 773]
Event: 7.289 Thread 0x00000161fca498a0 Exception <a 'java/lang/NoSuchMethodError'{0x00000000d59542f8}: static Lorg/eclipse/m2e/core/internal/lifecyclemapping/model/PluginExecutionMetadata;.<clinit>()V> (0x00000000d59542f8) 
thrown [s\src\hotspot\share\prims\jni.cpp, line 1111]
Event: 7.303 Thread 0x00000161fca498a0 Exception <a 'java/lang/NoSuchMethodError'{0x00000000d59b4508}: static Lorg/eclipse/m2e/core/internal/lifecyclemapping/model/PluginExecutionFilter;.<clinit>()V> (0x00000000d59b4508) 
thrown [s\src\hotspot\share\prims\jni.cpp, line 1111]
Event: 7.312 Thread 0x00000161fca498a0 Exception <a 'java/lang/NoSuchMethodError'{0x00000000d59e4168}: static Lorg/eclipse/m2e/core/internal/project/registry/MavenProjectFacade$MavenProjectConfiguration;.<clinit>()V> (0x00000000d59e4168) 
thrown [s\src\hotspot\share\prims\jni.cpp, line 1111]
Event: 7.459 Thread 0x00000161fca498a0 Exception <a 'java/lang/NoSuchMethodError'{0x00000000d5eee730}: 'double java.lang.invoke.DirectMethodHandle$Holder.invokeStatic(java.lang.Object, java.lang.Object)'> (0x00000000d5eee730) 
thrown [s\src\hotspot\share\interpreter\linkResolver.cpp, line 773]
Event: 7.459 Thread 0x00000161fca498a0 Exception <a 'java/lang/NoSuchMethodError'{0x00000000d5ef1df0}: 'double java.lang.invoke.DirectMethodHandle$Holder.invokeStaticInit(java.lang.Object, java.lang.Object)'> (0x00000000d5ef1df0) 
thrown [s\src\hotspot\share\interpreter\linkResolver.cpp, line 773]
Event: 8.299 Thread 0x00000161fca498a0 Exception <a 'java/lang/NoSuchMethodError'{0x00000000d664e868}: 'java.lang.Object java.lang.invoke.DirectMethodHandle$Holder.newInvokeSpecial(java.lang.Object, int, java.lang.Object, java.lang.Object)'> (0x00000000d664e868) 
thrown [s\src\hotspot\share\interpreter\linkResolver.cpp, line 773]
Event: 8.302 Thread 0x00000161fca498a0 Exception <a 'java/io/FileNotFoundException'{0x00000000d66646c8}> (0x00000000d66646c8) 
thrown [s\src\hotspot\share\prims\jni.cpp, line 520]
Event: 8.303 Thread 0x00000161fca498a0 Exception <a 'java/io/FileNotFoundException'{0x00000000d66656c0}> (0x00000000d66656c0) 
thrown [s\src\hotspot\share\prims\jni.cpp, line 520]
Event: 8.541 Thread 0x00000161fca0ded0 Exception <a 'java/lang/NoSuchMethodError'{0x00000000d57e4150}: 'java.lang.Object java.lang.invoke.DirectMethodHandle$Holder.invokeSpecialIFC(java.lang.Object, java.lang.Object, java.lang.Object, java.lang.Object)'> (0x00000000d57e4150) 
thrown [s\src\hotspot\share\interpreter\linkResolver.cpp, line 773]
Event: 8.642 Thread 0x00000161fca498a0 Exception <a 'java/lang/ClassNotFoundException'{0x00000000d5c04028}: com/sun/org/apache/xerces/internal/impl/msg/spi/DOMMessagesProvider> (0x00000000d5c04028) 
thrown [s\src\hotspot\share\classfile\systemDictionary.cpp, line 313]
Event: 8.644 Thread 0x00000161fca498a0 Exception <a 'java/lang/ClassNotFoundException'{0x00000000d5c15740}: com/sun/org/apache/xerces/internal/impl/msg/spi/XMLSerializerMessagesProvider> (0x00000000d5c15740) 
thrown [s\src\hotspot\share\classfile\systemDictionary.cpp, line 313]
Event: 8.645 Thread 0x00000161fca498a0 Exception <a 'java/lang/ClassNotFoundException'{0x00000000d5c22a60}: com/sun/org/apache/xerces/internal/impl/msg/spi/XMLMessagesProvider> (0x00000000d5c22a60) 
thrown [s\src\hotspot\share\classfile\systemDictionary.cpp, line 313]
Event: 9.098 Thread 0x00000161fca0f280 Exception <a 'java/lang/NoSuchMethodError'{0x00000000d6a1c7b8}: 'int java.lang.invoke.DirectMethodHandle$Holder.invokeSpecial(java.lang.Object, java.lang.Object, java.lang.Object, java.lang.Object)'> (0x00000000d6a1c7b8) 
thrown [s\src\hotspot\share\interpreter\linkResolver.cpp, line 773]

ZGC Phase Switch (0 events):
No events

VM Operations (20 events):
Event: 6.497 Executing non-safepoint VM operation: HandshakeAllThreads (Deoptimize) done
Event: 6.579 Executing safepoint VM operation: ParallelGCFailedAllocation (Allocation Failure)
Event: 6.586 Executing safepoint VM operation: ParallelGCFailedAllocation (Allocation Failure) done
Event: 7.013 Executing non-safepoint VM operation: HandshakeAllThreads (Deoptimize)
Event: 7.013 Executing non-safepoint VM operation: HandshakeAllThreads (Deoptimize) done
Event: 7.028 Executing safepoint VM operation: CollectForMetadataAllocation (Metadata GC Threshold)
Event: 7.086 Executing safepoint VM operation: CollectForMetadataAllocation (Metadata GC Threshold) done
Event: 7.435 Executing non-safepoint VM operation: HandshakeAllThreads (Deoptimize)
Event: 7.435 Executing non-safepoint VM operation: HandshakeAllThreads (Deoptimize) done
Event: 7.748 Executing safepoint VM operation: ParallelGCFailedAllocation (Allocation Failure)
Event: 7.751 Executing safepoint VM operation: ParallelGCFailedAllocation (Allocation Failure) done
Event: 8.143 Executing safepoint VM operation: ParallelGCFailedAllocation (Allocation Failure)
Event: 8.147 Executing safepoint VM operation: ParallelGCFailedAllocation (Allocation Failure) done
Event: 8.418 Executing non-safepoint VM operation: HandshakeAllThreads (Deoptimize)
Event: 8.418 Executing non-safepoint VM operation: HandshakeAllThreads (Deoptimize) done
Event: 8.450 Executing safepoint VM operation: ParallelGCFailedAllocation (Allocation Failure)
Event: 8.457 Executing safepoint VM operation: ParallelGCFailedAllocation (Allocation Failure) done
Event: 8.897 Executing non-safepoint VM operation: HandshakeAllThreads (Deoptimize)
Event: 8.906 Executing non-safepoint VM operation: HandshakeAllThreads (Deoptimize) done
Event: 9.910 Executing safepoint VM operation: Cleanup

Memory protections (0 events):
No events

Nmethod flushes (0 events):
No events

Events (20 events):
Event: 5.552 Thread 0x00000161fd06f0c0 Thread exited: 0x00000161fd06f0c0
Event: 5.566 Thread 0x00000161fd06ea10 Thread exited: 0x00000161fd06ea10
Event: 5.614 Thread 0x00000161f60f1ec0 Thread added: 0x00000161fcd8ad90
Event: 6.001 Thread 0x00000161fce85ce0 Thread exited: 0x00000161fce85ce0
Event: 6.011 Thread 0x00000161fca498a0 Thread added: 0x00000161fc77c830
Event: 6.103 Thread 0x00000161fca498a0 Thread added: 0x00000161fcc5f2d0
Event: 6.148 Thread 0x00000161fca498a0 Thread added: 0x00000161fca0ded0
Event: 6.413 Thread 0x00000161fca0ded0 Thread added: 0x00000161fca0f280
Event: 6.760 Thread 0x00000161fce85630 Thread exited: 0x00000161fce85630
Event: 7.155 Thread 0x00000161fcd8ad90 Thread added: 0x00000161fcf2eac0
Event: 7.544 Thread 0x00000161f60f1ec0 Thread added: 0x00000161fc3d1720
Event: 7.741 Thread 0x00000161f5ff9dd0 Thread added: 0x00000161fd6630d0
Event: 7.908 Thread 0x00000161fd6630d0 Thread exited: 0x00000161fd6630d0
Event: 7.908 Thread 0x00000161fc3d1720 Thread exited: 0x00000161fc3d1720
Event: 7.990 Thread 0x00000161fcf2eac0 Thread exited: 0x00000161fcf2eac0
Event: 8.154 Thread 0x00000161fcd8ad90 Thread added: 0x00000161fd8ddfc0
Event: 8.154 Thread 0x00000161fcd8ad90 Thread added: 0x00000161fd17cd00
Event: 8.690 Thread 0x00000161f60f1ec0 Thread added: 0x00000161fe960870
Event: 8.704 Thread 0x00000161fca498a0 Thread added: 0x00000161fca0ebf0
Event: 8.705 Thread 0x00000161fcc5f2d0 Thread added: 0x00000161fe244e20


Dynamic libraries:
0x00007ff7f0710000 - 0x00007ff7f071e000 	c:\Users\backu\.vscode\extensions\redhat.java-1.55.0-win32-x64\jre\21.0.11-win32-x86_64\bin\java.exe
0x00007fff0ff20000 - 0x00007fff10186000 	C:\WINDOWS\SYSTEM32\ntdll.dll
0x00007fff0e6f0000 - 0x00007fff0e7b9000 	C:\WINDOWS\System32\KERNEL32.DLL
0x00007fff0d500000 - 0x00007fff0d8fa000 	C:\WINDOWS\System32\KERNELBASE.dll
0x00007fff0db40000 - 0x00007fff0dc8c000 	C:\WINDOWS\System32\ucrtbase.dll
0x00007fff04e30000 - 0x00007fff04e48000 	c:\Users\backu\.vscode\extensions\redhat.java-1.55.0-win32-x64\jre\21.0.11-win32-x86_64\bin\jli.dll
0x00007ffef1f30000 - 0x00007ffef1f4e000 	c:\Users\backu\.vscode\extensions\redhat.java-1.55.0-win32-x64\jre\21.0.11-win32-x86_64\bin\VCRUNTIME140.dll
0x00007fff0dc90000 - 0x00007fff0de57000 	C:\WINDOWS\System32\USER32.dll
0x00007fff0d260000 - 0x00007fff0d287000 	C:\WINDOWS\System32\win32u.dll
0x00007ffeedb70000 - 0x00007ffeede02000 	C:\WINDOWS\WinSxS\amd64_microsoft.windows.common-controls_6595b64144ccf1df_6.0.26100.8521_none_3e08b75ce33403b3\COMCTL32.dll
0x00007fff0e2c0000 - 0x00007fff0e2eb000 	C:\WINDOWS\System32\GDI32.dll
0x00007fff0df70000 - 0x00007fff0e019000 	C:\WINDOWS\System32\msvcrt.dll
0x00007fff0d290000 - 0x00007fff0d3bb000 	C:\WINDOWS\System32\gdi32full.dll
0x00007fff0d450000 - 0x00007fff0d4f3000 	C:\WINDOWS\System32\msvcp_win.dll
0x00007fff0e5a0000 - 0x00007fff0e5d2000 	C:\WINDOWS\System32\IMM32.DLL
0x00007fff00a90000 - 0x00007fff00a9c000 	c:\Users\backu\.vscode\extensions\redhat.java-1.55.0-win32-x64\jre\21.0.11-win32-x86_64\bin\vcruntime140_1.dll
0x00007ffe79080000 - 0x00007ffe7910d000 	c:\Users\backu\.vscode\extensions\redhat.java-1.55.0-win32-x64\jre\21.0.11-win32-x86_64\bin\msvcp140.dll
0x00007ffe41500000 - 0x00007ffe422a2000 	c:\Users\backu\.vscode\extensions\redhat.java-1.55.0-win32-x64\jre\21.0.11-win32-x86_64\bin\server\jvm.dll
0x00007fff0fc00000 - 0x00007fff0fcb6000 	C:\WINDOWS\System32\ADVAPI32.dll
0x00007fff0de60000 - 0x00007fff0df0a000 	C:\WINDOWS\System32\sechost.dll
0x00007fff0fcc0000 - 0x00007fff0fdd8000 	C:\WINDOWS\System32\RPCRT4.dll
0x00007fff0e370000 - 0x00007fff0e3f0000 	C:\WINDOWS\System32\WS2_32.dll
0x00007fff0bda0000 - 0x00007fff0bdfe000 	C:\WINDOWS\SYSTEM32\POWRPROF.dll
0x00007fff073d0000 - 0x00007fff07406000 	C:\WINDOWS\SYSTEM32\WINMM.dll
0x00007fff02b90000 - 0x00007fff02b9b000 	C:\WINDOWS\SYSTEM32\VERSION.dll
0x00007fff0bd80000 - 0x00007fff0bd94000 	C:\WINDOWS\SYSTEM32\UMPDC.dll
0x00007fff0c060000 - 0x00007fff0c07b000 	C:\WINDOWS\SYSTEM32\kernel.appcore.dll
0x00007ffef2c20000 - 0x00007ffef2c2a000 	c:\Users\backu\.vscode\extensions\redhat.java-1.55.0-win32-x64\jre\21.0.11-win32-x86_64\bin\jimage.dll
0x00007fff0a880000 - 0x00007fff0aac2000 	C:\WINDOWS\SYSTEM32\DBGHELP.DLL
0x00007fff0f680000 - 0x00007fff0fa03000 	C:\WINDOWS\System32\combase.dll
0x00007fff0e910000 - 0x00007fff0e9e9000 	C:\WINDOWS\System32\OLEAUT32.dll
0x00007ffece760000 - 0x00007ffece79b000 	C:\WINDOWS\SYSTEM32\dbgcore.DLL
0x00007fff0d1b0000 - 0x00007fff0d258000 	C:\WINDOWS\System32\bcryptPrimitives.dll
0x00007ffef22f0000 - 0x00007ffef22ff000 	c:\Users\backu\.vscode\extensions\redhat.java-1.55.0-win32-x64\jre\21.0.11-win32-x86_64\bin\instrument.dll
0x00007ffef1ba0000 - 0x00007ffef1bc0000 	c:\Users\backu\.vscode\extensions\redhat.java-1.55.0-win32-x64\jre\21.0.11-win32-x86_64\bin\java.dll
0x00007fff0eef0000 - 0x00007fff0f674000 	C:\WINDOWS\System32\SHELL32.dll
0x00007fff0ad90000 - 0x00007fff0b610000 	C:\WINDOWS\SYSTEM32\windows.storage.dll
0x00007fff0e020000 - 0x00007fff0e116000 	C:\WINDOWS\System32\SHCORE.dll
0x00007fff0e2f0000 - 0x00007fff0e357000 	C:\WINDOWS\System32\shlwapi.dll
0x00007fff0d0d0000 - 0x00007fff0d0f9000 	C:\WINDOWS\SYSTEM32\profapi.dll
0x00007ffef1b80000 - 0x00007ffef1b98000 	c:\Users\backu\.vscode\extensions\redhat.java-1.55.0-win32-x64\jre\21.0.11-win32-x86_64\bin\zip.dll
0x00007ffef1f20000 - 0x00007ffef1f30000 	C:\Users\backu\.vscode\extensions\redhat.java-1.55.0-win32-x64\jre\21.0.11-win32-x86_64\bin\net.dll
0x00007fff02c80000 - 0x00007fff02da9000 	C:\WINDOWS\SYSTEM32\WINHTTP.dll
0x00007fff0c5d0000 - 0x00007fff0c63c000 	C:\WINDOWS\system32\mswsock.dll
0x00007ffef1a00000 - 0x00007ffef1a16000 	C:\Users\backu\.vscode\extensions\redhat.java-1.55.0-win32-x64\jre\21.0.11-win32-x86_64\bin\nio.dll
0x00007ffef1ac0000 - 0x00007ffef1ad0000 	c:\Users\backu\.vscode\extensions\redhat.java-1.55.0-win32-x64\jre\21.0.11-win32-x86_64\bin\verify.dll
0x00007ffebff20000 - 0x00007ffebff65000 	C:\Users\backu\AppData\Roaming\Code\User\globalStorage\redhat.java\1.55.0\config_win\org.eclipse.equinox.launcher\org.eclipse.equinox.launcher.win32.win32.x86_64_1.3.100.v20260613-0559\eclipse_11924.dll
0x00007fff0e120000 - 0x00007fff0e2b8000 	C:\WINDOWS\System32\ole32.dll
0x00007fff0c8c0000 - 0x00007fff0c8db000 	C:\WINDOWS\SYSTEM32\CRYPTSP.dll
0x00007fff0bfc0000 - 0x00007fff0bff9000 	C:\WINDOWS\system32\rsaenh.dll
0x00007fff0c680000 - 0x00007fff0c6b3000 	C:\WINDOWS\SYSTEM32\USERENV.dll
0x00007fff0d0a0000 - 0x00007fff0d0ca000 	C:\WINDOWS\SYSTEM32\bcrypt.dll
0x00007fff0c8b0000 - 0x00007fff0c8bc000 	C:\WINDOWS\SYSTEM32\CRYPTBASE.dll
0x00007fff0ba60000 - 0x00007fff0ba93000 	C:\WINDOWS\SYSTEM32\IPHLPAPI.DLL
0x00007fff0e360000 - 0x00007fff0e36a000 	C:\WINDOWS\System32\NSI.dll
0x00007ffe82020000 - 0x00007ffe82069000 	C:\Users\backu\AppData\Local\Temp\jna-93493358\jna6153090599203751301.dll
0x00007fff0e560000 - 0x00007fff0e568000 	C:\WINDOWS\System32\PSAPI.DLL

JVMTI agents:
c:\Users\backu\.vscode\extensions\redhat.java-1.55.0-win32-x64\lombok\lombok-1.18.39-4050.jar path:c:\Users\backu\.vscode\extensions\redhat.java-1.55.0-win32-x64\jre\21.0.11-win32-x86_64\bin\instrument.dll, loaded, initialized, instrumentlib options:none

dbghelp: loaded successfully - version: 4.0.5 - missing functions: none
symbol engine: initialized successfully - sym options: 0x614 - pdb path: .;c:\Users\backu\.vscode\extensions\redhat.java-1.55.0-win32-x64\jre\21.0.11-win32-x86_64\bin;C:\WINDOWS\SYSTEM32;C:\WINDOWS\WinSxS\amd64_microsoft.windows.common-controls_6595b64144ccf1df_6.0.26100.8521_none_3e08b75ce33403b3;c:\Users\backu\.vscode\extensions\redhat.java-1.55.0-win32-x64\jre\21.0.11-win32-x86_64\bin\server;C:\Users\backu\AppData\Roaming\Code\User\globalStorage\redhat.java\1.55.0\config_win\org.eclipse.equinox.launcher\org.eclipse.equinox.launcher.win32.win32.x86_64_1.3.100.v20260613-0559;C:\Users\backu\AppData\Local\Temp\jna-93493358

VM Arguments:
jvm_args: --add-modules=ALL-SYSTEM --add-opens=java.base/java.util=ALL-UNNAMED --add-opens=java.base/java.lang=ALL-UNNAMED --add-opens=java.base/sun.nio.fs=ALL-UNNAMED -Declipse.application=org.eclipse.jdt.ls.core.id1 -Dosgi.bundles.defaultStartLevel=4 -Declipse.product=org.eclipse.jdt.ls.core.product -Djava.import.generatesMetadataFilesAtProjectRoot=false -DDetectVMInstallationsJob.disabled=true -Dfile.encoding=utf8 -XX:+UseParallelGC -XX:GCTimeRatio=4 -XX:AdaptiveSizePolicyWeight=90 -Dsun.zip.disableMemoryMapping=true -Xmx2G -Xms100m -Xlog:disable -javaagent:c:\Users\backu\.vscode\extensions\redhat.java-1.55.0-win32-x64\lombok\lombok-1.18.39-4050.jar -XX:+HeapDumpOnOutOfMemoryError -XX:HeapDumpPath=c:\Users\backu\AppData\Roaming\Code\User\workspaceStorage\a385cc1d19ef0a7214639b3a7b931727\redhat.java -Daether.dependencyCollector.impl=bf 
java_command: c:\Users\backu\.vscode\extensions\redhat.java-1.55.0-win32-x64\server\plugins\org.eclipse.equinox.launcher_1.7.200.v20260619-2039.jar -configuration c:\Users\backu\AppData\Roaming\Code\User\globalStorage\redhat.java\1.55.0\config_win -data c:\Users\backu\AppData\Roaming\Code\User\workspaceStorage\a385cc1d19ef0a7214639b3a7b931727\redhat.java\jdt_ws --pipe=\\.\pipe\lsp-47094f1476999f5e7ef4454681dc0dfc-sock
java_class_path (initial): c:\Users\backu\.vscode\extensions\redhat.java-1.55.0-win32-x64\server\plugins\org.eclipse.equinox.launcher_1.7.200.v20260619-2039.jar
Launcher Type: SUN_STANDARD

[Global flags]
    uintx AdaptiveSizePolicyWeight                 = 90                                        {product} {command line}
     intx CICompilerCount                          = 12                                        {product} {ergonomic}
    uintx GCTimeRatio                              = 4                                         {product} {command line}
     bool HeapDumpOnOutOfMemoryError               = true                                   {manageable} {command line}
    ccstr HeapDumpPath                             = c:\Users\backu\AppData\Roaming\Code\User\workspaceStorage\a385cc1d19ef0a7214639b3a7b931727\redhat.java         {manageable} {command line}
   size_t InitialHeapSize                          = 104857600                                 {product} {command line}
   size_t MaxHeapSize                              = 2147483648                                {product} {command line}
   size_t MaxNewSize                               = 715653120                                 {product} {ergonomic}
   size_t MinHeapDeltaBytes                        = 524288                                    {product} {ergonomic}
   size_t MinHeapSize                              = 104857600                                 {product} {command line}
   size_t NewSize                                  = 34603008                                  {product} {ergonomic}
    uintx NonNMethodCodeHeapSize                   = 7602480                                {pd product} {ergonomic}
    uintx NonProfiledCodeHeapSize                  = 122027880                              {pd product} {ergonomic}
   size_t OldSize                                  = 70254592                                  {product} {ergonomic}
    uintx ProfiledCodeHeapSize                     = 122027880                              {pd product} {ergonomic}
    uintx ReservedCodeCacheSize                    = 251658240                              {pd product} {ergonomic}
     bool SegmentedCodeCache                       = true                                      {product} {ergonomic}
   size_t SoftMaxHeapSize                          = 2147483648                             {manageable} {ergonomic}
     bool UseCompressedOops                        = true                           {product lp64_product} {ergonomic}
     bool UseLargePagesIndividualAllocation        = false                                  {pd product} {ergonomic}
     bool UseParallelGC                            = true                                      {product} {command line}

Logging:
Log output configuration:
 #0: stdout all=off uptime,level,tags foldmultilines=false
 #1: stderr all=off uptime,level,tags foldmultilines=false

Release file:
JAVA_VERSION="21.0.11" 
MODULES="java.base java.compiler java.datatransfer java.xml java.prefs java.desktop java.instrument java.logging java.management java.security.sasl java.naming java.rmi java.management.rmi java.net.http java.scripting java.security.jgss java.transaction.xa java.sql java.sql.rowset java.xml.crypto java.se java.smartcardio jdk.accessibility jdk.internal.jvmstat jdk.attach jdk.charsets jdk.internal.opt jdk.zipfs jdk.compiler jdk.crypto.ec jdk.crypto.cryptoki jdk.crypto.mscapi jdk.dynalink jdk.internal.ed jdk.editpad jdk.hotspot.agent jdk.httpserver jdk.internal.le jdk.internal.vm.ci jdk.internal.vm.compiler jdk.internal.vm.compiler.management jdk.jartool jdk.javadoc jdk.jcmd jdk.management jdk.management.agent jdk.jconsole jdk.jdeps jdk.jdwp.agent jdk.jdi jdk.jfr jdk.jshell jdk.jsobject jdk.jstatd jdk.localedata jdk.management.jfr jdk.naming.dns jdk.naming.rmi jdk.net jdk.nio.mapmode jdk.random jdk.sctp jdk.security.auth jdk.security.jgss jdk.unsupported jdk.unsupported.desktop jdk.xml.dom" 

Environment Variables:
JAVA_HOME=C:\Users\backu\Downloads\openjdk-21+35_windows-x64_bin
PATH=C:\SIMULIA\Commands;C:\Users\backu\Downloads\openjdk-21+35_windows-x64_bin\jdk-21\bin;C:\Windows\system32;C:\Windows;C:\Windows\System32\Wbem;C:\Windows\System32\WindowsPowerShell\v1.0\;C:\Windows\System32\OpenSSH\;C:\Program Files\dotnet\;C:\WINDOWS\system32;C:\WINDOWS;C:\WINDOWS\System32\Wbem;C:\WINDOWS\System32\WindowsPowerShell\v1.0\;C:\WINDOWS\System32\OpenSSH\;C:\Users\backu\Downloads\apache-maven-3.9.8-bin.zip\apache-maven-3.9.8\bin;C:\Program Files (x86)\Windows Kits\8.1\Windows Performance Toolkit\;C:\Program Files\Git\cmd;C:\Users\backu\Downloads\apache-maven-3.9.9-bin\apache-maven-3.9.9\bin;E:\Matlab\bin;C:\Program Files\Docker\Docker\resources\bin;C:\MinGW\bin;C:\Program Files\NVIDIA Corporation\NVIDIA App\NvDLISR;C:\Users\backu\Downloads\openjdk-21+35_windows-x64_bin\jdk-21\bin;C:\Program Files\nodejs\;C:\Program Files\WireGuard\;C:\Users\backu\AppData\Local\Programs\Python\Python313\Scripts\;C:\Users\backu\AppData\Local\Programs\Python\Python313\;C:\Program Files\MySQL\MySQL Shell 8.0\bin\;C:\Users\backu\AppData\Local\Microsoft\WindowsApps;C:\Users\backu\AppData\Local\Programs\Microsoft VS Code\bin;C:\Users\backu\AppData\Local\Programs\cursor\resources\app\bin;C:\Users\backu\AppData\Roaming\npm
USERNAME=backu
OS=Windows_NT
PROCESSOR_IDENTIFIER=Intel64 Family 6 Model 154 Stepping 3, GenuineIntel
TMP=C:\Users\backu\AppData\Local\Temp
TEMP=C:\Users\backu\AppData\Local\Temp




Periodic native trim disabled

---------------  S Y S T E M  ---------------

OS:
 Windows 11 , 64 bit Build 26100 (10.0.26100.8521)
OS uptime: 0 days 12:53 hours
Hyper-V role detected

CPU: total 16 (initial active 16) (8 cores per cpu, 2 threads per core) family 6 model 154 stepping 3 microcode 0x43b, cx8, cmov, fxsr, ht, mmx, 3dnowpref, sse, sse2, sse3, ssse3, sse4.1, sse4.2, popcnt, lzcnt, tsc, tscinvbit, avx, avx2, aes, erms, clmul, bmi1, bmi2, adx, sha, fma, vzeroupper, clflush, clflushopt, clwb, hv, serialize, rdtscp, rdpid, fsrm, f16c, cet_ibt, cet_ss
Processor Information for processor 0
  Max Mhz: 2500, Current Mhz: 1532, Mhz Limit: 2500
Processor Information for processor 1
  Max Mhz: 2500, Current Mhz: 1532, Mhz Limit: 2500
Processor Information for processor 2
  Max Mhz: 2500, Current Mhz: 1532, Mhz Limit: 2500
Processor Information for processor 3
  Max Mhz: 2500, Current Mhz: 1532, Mhz Limit: 2500
Processor Information for processor 4
  Max Mhz: 2500, Current Mhz: 2500, Mhz Limit: 2500
Processor Information for processor 5
  Max Mhz: 2500, Current Mhz: 1532, Mhz Limit: 2500
Processor Information for processor 6
  Max Mhz: 2500, Current Mhz: 2500, Mhz Limit: 2500
Processor Information for processor 7
  Max Mhz: 2500, Current Mhz: 1532, Mhz Limit: 2500
Processor Information for processor 8
  Max Mhz: 2500, Current Mhz: 1527, Mhz Limit: 2500
Processor Information for processor 9
  Max Mhz: 2500, Current Mhz: 1527, Mhz Limit: 2500
Processor Information for processor 10
  Max Mhz: 2500, Current Mhz: 1527, Mhz Limit: 2500
Processor Information for processor 11
  Max Mhz: 2500, Current Mhz: 1527, Mhz Limit: 2500
Processor Information for processor 12
  Max Mhz: 2500, Current Mhz: 2500, Mhz Limit: 2500
Processor Information for processor 13
  Max Mhz: 2500, Current Mhz: 1527, Mhz Limit: 2500
Processor Information for processor 14
  Max Mhz: 2500, Current Mhz: 1527, Mhz Limit: 2500
Processor Information for processor 15
  Max Mhz: 2500, Current Mhz: 1527, Mhz Limit: 2500

Memory: 4k page, system-wide physical 16068M (925M free)
TotalPageFile size 24260M (AvailPageFile size 22M)
current process WorkingSet (physical memory assigned to process): 187M, peak: 189M
current process commit charge ("private bytes"): 326M, peak: 330M

vm_info: OpenJDK 64-Bit Server VM (21.0.11+10-LTS) for windows-amd64 JRE (21.0.11+10-LTS), built on 2026-04-21T00:00:00Z by "admin" with MS VC++ 17.12 (VS2022)

END.
