#
# There is insufficient memory for the Java Runtime Environment to continue.
# Native memory allocation (malloc) failed to allocate 1048576 bytes. Error detail: AllocateHeap
# Possible reasons:
#   The system is out of physical RAM or swap space
#   This process is running with CompressedOops enabled, and the Java Heap may be blocking the growth of the native heap
# Possible solutions:
#   Reduce memory load on the system
#   Increase physical memory or swap space
#   Check if swap backing store is full
#   Decrease Java heap size (-Xmx/-Xms)
#   Decrease number of Java threads
#   Decrease Java thread stack sizes (-Xss)
#   Set larger code cache with -XX:ReservedCodeCacheSize=
#   JVM is running with Unscaled Compressed Oops mode in which the Java heap is
#     placed in the first 4GB address space. The Java Heap base address is the
#     maximum limit for the native heap growth. Please use -XX:HeapBaseMinAddress
#     to set the Java Heap base and to place the Java Heap above 4GB virtual address.
# This output file may be truncated or incomplete.
#
#  Out of Memory Error (allocation.cpp:44), pid=23000, tid=15236
#
# JRE version: OpenJDK Runtime Environment Temurin-21.0.11+10 (21.0.11+10) (build 21.0.11+10-LTS)
# Java VM: OpenJDK 64-Bit Server VM Temurin-21.0.11+10 (21.0.11+10-LTS, mixed mode, sharing, tiered, compressed oops, compressed class ptrs, parallel gc, windows-amd64)
# No core dump will be written. Minidumps are not enabled by default on client versions of Windows
#

---------------  S U M M A R Y ------------

Command Line: --add-modules=ALL-SYSTEM --add-opens=java.base/java.util=ALL-UNNAMED --add-opens=java.base/java.lang=ALL-UNNAMED --add-opens=java.base/sun.nio.fs=ALL-UNNAMED -Declipse.application=org.eclipse.jdt.ls.core.id1 -Dosgi.bundles.defaultStartLevel=4 -Declipse.product=org.eclipse.jdt.ls.core.product -Djava.import.generatesMetadataFilesAtProjectRoot=false -DDetectVMInstallationsJob.disabled=true -Dfile.encoding=utf8 -XX:+UseParallelGC -XX:GCTimeRatio=4 -XX:AdaptiveSizePolicyWeight=90 -Dsun.zip.disableMemoryMapping=true -Xmx2G -Xms100m -Xlog:disable -javaagent:c:\Users\backu\.vscode\extensions\redhat.java-1.55.0-win32-x64\lombok\lombok-1.18.39-4050.jar -XX:+HeapDumpOnOutOfMemoryError -XX:HeapDumpPath=c:\Users\backu\AppData\Roaming\Code\User\workspaceStorage\a385cc1d19ef0a7214639b3a7b931727\redhat.java -Daether.dependencyCollector.impl=bf c:\Users\backu\.vscode\extensions\redhat.java-1.55.0-win32-x64\server\plugins\org.eclipse.equinox.launcher_1.7.200.v20260619-2039.jar -configuration c:\Users\backu\AppData\Roaming\Code\User\globalStorage\redhat.java\1.55.0\config_win -data c:\Users\backu\AppData\Roaming\Code\User\workspaceStorage\a385cc1d19ef0a7214639b3a7b931727\redhat.java\jdt_ws --pipe=\\.\pipe\lsp-b24f664db90ba3bdd1e40a19f941a946-sock

Host: 12th Gen Intel(R) Core(TM) i5-12500H, 16 cores, 15G,  Windows 11 , 64 bit Build 26100 (10.0.26100.8521)
Time: Sat Aug  1 11:58:26 2026 India Standard Time elapsed time: 4022.454850 seconds (0d 1h 7m 2s)

---------------  T H R E A D  ---------------

Current thread (0x0000025287c4bb40):  JavaThread "Attach Listener" daemon [_thread_in_vm, id=15236, stack(0x000000dd87600000,0x000000dd87700000) (1024K)]

Stack: [0x000000dd87600000,0x000000dd87700000]
Native frames: (J=compiled Java code, j=interpreted, Vv=VM code, C=native code)
V  [jvm.dll+0x6d7e19]
V  [jvm.dll+0x8b5096]
V  [jvm.dll+0x8b764e]
V  [jvm.dll+0x8b7d33]
V  [jvm.dll+0x284596]
V  [jvm.dll+0xc13c7]
V  [jvm.dll+0x6d86c9]
V  [jvm.dll+0x133616]
V  [jvm.dll+0x3f868e]
V  [jvm.dll+0x85fb0d]
V  [jvm.dll+0x6d664d]
C  [ucrtbase.dll+0x2cd30]
C  [KERNEL32.DLL+0x2e957]
C  [ntdll.dll+0x87c1c]


---------------  P R O C E S S  ---------------

Threads class SMR info:
_java_thread_list=0x00000252ea9ec160, length=52, elements={
0x0000025287b9d700, 0x000002529e64e7f0, 0x0000025287c44370, 0x0000025287c4ab30,
0x0000025287c4bb40, 0x0000025287c4e5b0, 0x0000025287c4fdd0, 0x0000025287c547a0,
0x0000025287c5bf50, 0x00000252e0c3dac0, 0x00000252e2301960, 0x00000252e74240a0,
0x00000252e72ccb70, 0x00000252e72b21c0, 0x00000252e72d11f0, 0x00000252e784e3b0,
0x00000252e23c0580, 0x00000252e774df10, 0x00000252e7742f10, 0x00000252e7745d00,
0x00000252e7746390, 0x00000252e77435a0, 0x00000252e84656f0, 0x00000252e8467130,
0x00000252e8465d80, 0x00000252e84677c0, 0x00000252e8464340, 0x00000252e8466410,
0x00000252e8466aa0, 0x00000252e8467e50, 0x00000252e8465060, 0x00000252e84649d0,
0x00000252e846b960, 0x00000252e84684e0, 0x00000252e8468b70, 0x00000252e8469200,
0x00000252e846ac40, 0x00000252e8469890, 0x00000252e8d72470, 0x00000252e8d73820,
0x00000252e8d72b00, 0x00000252e8d78d70, 0x00000252ea054630, 0x00000252f5687ab0,
0x00000252f5686700, 0x00000252f5684cc0, 0x00000252f5687420, 0x00000252f56887d0,
0x00000252f5685350, 0x00000252f5688e60, 0x00000252f568a210, 0x00000252e95c18d0
}

Java Threads: ( => current thread )
  0x0000025287b9d700 JavaThread "main"                              [_thread_blocked, id=18956, stack(0x000000dd86f00000,0x000000dd87000000) (1024K)]
  0x000002529e64e7f0 JavaThread "Reference Handler"          daemon [_thread_blocked, id=24336, stack(0x000000dd87300000,0x000000dd87400000) (1024K)]
  0x0000025287c44370 JavaThread "Finalizer"                  daemon [_thread_blocked, id=27508, stack(0x000000dd87400000,0x000000dd87500000) (1024K)]
  0x0000025287c4ab30 JavaThread "Signal Dispatcher"          daemon [_thread_blocked, id=27492, stack(0x000000dd87500000,0x000000dd87600000) (1024K)]
=>0x0000025287c4bb40 JavaThread "Attach Listener"            daemon [_thread_in_vm, id=15236, stack(0x000000dd87600000,0x000000dd87700000) (1024K)]
  0x0000025287c4e5b0 JavaThread "Service Thread"             daemon [_thread_blocked, id=14980, stack(0x000000dd87700000,0x000000dd87800000) (1024K)]
  0x0000025287c4fdd0 JavaThread "Monitor Deflation Thread"   daemon [_thread_blocked, id=21748, stack(0x000000dd87800000,0x000000dd87900000) (1024K)]
  0x0000025287c547a0 JavaThread "C2 CompilerThread0"         daemon [_thread_blocked, id=26672, stack(0x000000dd87900000,0x000000dd87a00000) (1024K)]
  0x0000025287c5bf50 JavaThread "C1 CompilerThread0"         daemon [_thread_blocked, id=27624, stack(0x000000dd87a00000,0x000000dd87b00000) (1024K)]
  0x00000252e0c3dac0 JavaThread "Common-Cleaner"             daemon [_thread_blocked, id=19972, stack(0x000000dd87d00000,0x000000dd87e00000) (1024K)]
  0x00000252e2301960 JavaThread "Notification Thread"        daemon [_thread_blocked, id=17896, stack(0x000000dd87e00000,0x000000dd87f00000) (1024K)]
  0x00000252e74240a0 JavaThread "Active Thread: Equinox Container: 4f753035-38a2-4b4a-a376-4bb78226f3b9"        [_thread_blocked, id=2520, stack(0x000000dd88800000,0x000000dd88900000) (1024K)]
  0x00000252e72ccb70 JavaThread "Refresh Thread: Equinox Container: 4f753035-38a2-4b4a-a376-4bb78226f3b9" daemon [_thread_blocked, id=5284, stack(0x000000dd88a00000,0x000000dd88b00000) (1024K)]
  0x00000252e72b21c0 JavaThread "Framework Event Dispatcher: Equinox Container: 4f753035-38a2-4b4a-a376-4bb78226f3b9" daemon [_thread_blocked, id=17860, stack(0x000000dd88b00000,0x000000dd88c00000) (1024K)]
  0x00000252e72d11f0 JavaThread "Start Level: Equinox Container: 4f753035-38a2-4b4a-a376-4bb78226f3b9" daemon [_thread_blocked, id=27416, stack(0x000000dd88c00000,0x000000dd88d00000) (1024K)]
  0x00000252e784e3b0 JavaThread "Bundle File Closer"         daemon [_thread_blocked, id=19932, stack(0x000000dd89000000,0x000000dd89100000) (1024K)]
  0x00000252e23c0580 JavaThread "SCR Component Actor"        daemon [_thread_blocked, id=28272, stack(0x000000dd87c00000,0x000000dd87d00000) (1024K)]
  0x00000252e774df10 JavaThread "Worker-JM"                         [_thread_blocked, id=27376, stack(0x000000dd88700000,0x000000dd88800000) (1024K)]
  0x00000252e7742f10 JavaThread "JNA Cleaner"                daemon [_thread_blocked, id=21552, stack(0x000000dd89300000,0x000000dd89400000) (1024K)]
  0x00000252e7745d00 JavaThread "Java indexing"              daemon [_thread_blocked, id=24164, stack(0x000000dd89800000,0x000000dd89900000) (1024K)]
  0x00000252e7746390 JavaThread "Thread-1"                   daemon [_thread_in_native, id=24068, stack(0x000000dd89b00000,0x000000dd89c00000) (1024K)]
  0x00000252e77435a0 JavaThread "Thread-2"                   daemon [_thread_in_native, id=23684, stack(0x000000dd89c00000,0x000000dd89d00000) (1024K)]
  0x00000252e84656f0 JavaThread "Thread-3"                   daemon [_thread_in_native, id=15552, stack(0x000000dd89d00000,0x000000dd89e00000) (1024K)]
  0x00000252e8467130 JavaThread "Thread-4"                   daemon [_thread_in_native, id=6192, stack(0x000000dd89e00000,0x000000dd89f00000) (1024K)]
  0x00000252e8465d80 JavaThread "Thread-5"                   daemon [_thread_in_native, id=12528, stack(0x000000dd89f00000,0x000000dd8a000000) (1024K)]
  0x00000252e84677c0 JavaThread "Thread-6"                   daemon [_thread_in_native, id=22484, stack(0x000000dd8a000000,0x000000dd8a100000) (1024K)]
  0x00000252e8464340 JavaThread "Thread-7"                   daemon [_thread_in_native, id=16888, stack(0x000000dd8a100000,0x000000dd8a200000) (1024K)]
  0x00000252e8466410 JavaThread "Thread-8"                   daemon [_thread_in_native, id=2820, stack(0x000000dd8a200000,0x000000dd8a300000) (1024K)]
  0x00000252e8466aa0 JavaThread "Thread-9"                   daemon [_thread_in_native, id=26116, stack(0x000000dd8a300000,0x000000dd8a400000) (1024K)]
  0x00000252e8467e50 JavaThread "Thread-10"                  daemon [_thread_in_native, id=22268, stack(0x000000dd8a400000,0x000000dd8a500000) (1024K)]
  0x00000252e8465060 JavaThread "Thread-11"                  daemon [_thread_in_native, id=11084, stack(0x000000dd8a500000,0x000000dd8a600000) (1024K)]
  0x00000252e84649d0 JavaThread "Thread-12"                  daemon [_thread_in_native, id=3736, stack(0x000000dd8a600000,0x000000dd8a700000) (1024K)]
  0x00000252e846b960 JavaThread "Thread-13"                  daemon [_thread_in_native, id=9136, stack(0x000000dd8a700000,0x000000dd8a800000) (1024K)]
  0x00000252e84684e0 JavaThread "Thread-14"                  daemon [_thread_in_native, id=11564, stack(0x000000dd8a800000,0x000000dd8a900000) (1024K)]
  0x00000252e8468b70 JavaThread "Thread-15"                  daemon [_thread_in_native, id=7800, stack(0x000000dd8a900000,0x000000dd8aa00000) (1024K)]
  0x00000252e8469200 JavaThread "Thread-16"                  daemon [_thread_in_native, id=7700, stack(0x000000dd8aa00000,0x000000dd8ab00000) (1024K)]
  0x00000252e846ac40 JavaThread "Thread-17"                  daemon [_thread_in_native, id=27872, stack(0x000000dd8ab00000,0x000000dd8ac00000) (1024K)]
  0x00000252e8469890 JavaThread "pool-2-thread-1"                   [_thread_blocked, id=8660, stack(0x000000dd8ac00000,0x000000dd8ad00000) (1024K)]
  0x00000252e8d72470 JavaThread "WorkspaceEventsHandler"            [_thread_blocked, id=26300, stack(0x000000dd8b100000,0x000000dd8b200000) (1024K)]
  0x00000252e8d73820 JavaThread "pool-1-thread-1"                   [_thread_blocked, id=26584, stack(0x000000dd8b200000,0x000000dd8b300000) (1024K)]
  0x00000252e8d72b00 JavaThread "PatternSearchJob-worker-3"  daemon [_thread_blocked, id=13196, stack(0x000000dd8b900000,0x000000dd8ba00000) (1024K)]
  0x00000252e8d78d70 JavaThread "PatternSearchJob-worker-9"  daemon [_thread_blocked, id=16184, stack(0x000000dd8bf00000,0x000000dd8c000000) (1024K)]
  0x00000252ea054630 JavaThread "PatternSearchJob-worker-14" daemon [_thread_blocked, id=3136, stack(0x000000dd8c400000,0x000000dd8c500000) (1024K)]
  0x00000252f5687ab0 JavaThread "Cleaner-0"                  daemon [_thread_blocked, id=16556, stack(0x000000dd8cf00000,0x000000dd8d000000) (1024K)]
  0x00000252f5686700 JavaThread "Java Debug Server"          daemon [_thread_in_native, id=14108, stack(0x000000dd8cd00000,0x000000dd8ce00000) (1024K)]
  0x00000252f5684cc0 JavaThread "pool-4-thread-1"                   [_thread_in_native, id=9000, stack(0x000000dd8ce00000,0x000000dd8cf00000) (1024K)]
  0x00000252f5687420 JavaThread "RxSchedulerPurge-1"         daemon [_thread_blocked, id=22244, stack(0x000000dd8cc00000,0x000000dd8cd00000) (1024K)]
  0x00000252f56887d0 JavaThread "RxCachedWorkerPoolEvictor-1" daemon [_thread_blocked, id=16968, stack(0x000000dd8d000000,0x000000dd8d100000) (1024K)]
  0x00000252f5685350 JavaThread "RxNewThreadScheduler-1"     daemon [_thread_blocked, id=27748, stack(0x000000dd8cb00000,0x000000dd8cc00000) (1024K)]
  0x00000252f5688e60 JavaThread "process reaper (pid 17152)" daemon [_thread_in_native, id=27972, stack(0x000000dd86960000,0x000000dd86980000) (128K)]
  0x00000252f568a210 JavaThread "Worker-6"                          [_thread_blocked, id=6736, stack(0x000000dd86d00000,0x000000dd86e00000) (1024K)]
  0x00000252e95c18d0 JavaThread "Worker-10"                         [_thread_blocked, id=3112, stack(0x000000dd8b300000,0x000000dd8b400000) (1024K)]
Total: 52

Other Threads:
  0x0000025287c41ba0 VMThread "VM Thread"                           [id=26464, stack(0x000000dd87200000,0x000000dd87300000) (1024K)]
  0x000002529e52ba00 WatcherThread "VM Periodic Task Thread"        [id=5628, stack(0x000000dd87100000,0x000000dd87200000) (1024K)]
  0x0000025287bbc0e0 WorkerThread "GC Thread#0"                     [id=27236, stack(0x000000dd87000000,0x000000dd87100000) (1024K)]
  0x00000252e294c790 WorkerThread "GC Thread#1"                     [id=27392, stack(0x000000dd88100000,0x000000dd88200000) (1024K)]
  0x00000252e71d4200 WorkerThread "GC Thread#2"                     [id=26456, stack(0x000000dd88200000,0x000000dd88300000) (1024K)]
  0x00000252e73706c0 WorkerThread "GC Thread#3"                     [id=28660, stack(0x000000dd88300000,0x000000dd88400000) (1024K)]
  0x00000252e7370a70 WorkerThread "GC Thread#4"                     [id=26720, stack(0x000000dd88400000,0x000000dd88500000) (1024K)]
  0x00000252e2582fd0 WorkerThread "GC Thread#5"                     [id=26684, stack(0x000000dd88500000,0x000000dd88600000) (1024K)]
  0x00000252e2583380 WorkerThread "GC Thread#6"                     [id=2280, stack(0x000000dd88600000,0x000000dd88700000) (1024K)]
  0x00000252e70a4b50 WorkerThread "GC Thread#7"                     [id=5684, stack(0x000000dd88900000,0x000000dd88a00000) (1024K)]
  0x00000252e766b030 WorkerThread "GC Thread#8"                     [id=3228, stack(0x000000dd88d00000,0x000000dd88e00000) (1024K)]
  0x00000252e766b3e0 WorkerThread "GC Thread#9"                     [id=27072, stack(0x000000dd88e00000,0x000000dd88f00000) (1024K)]
  0x00000252e766b790 WorkerThread "GC Thread#10"                    [id=24448, stack(0x000000dd88f00000,0x000000dd89000000) (1024K)]
  0x00000252e7bcb8d0 WorkerThread "GC Thread#11"                    [id=25700, stack(0x000000dd89100000,0x000000dd89200000) (1024K)]
  0x00000252e7bcbc80 WorkerThread "GC Thread#12"                    [id=27792, stack(0x000000dd89200000,0x000000dd89300000) (1024K)]
Total: 15

Threads with active compile tasks:
Total: 0

VM state: not at safepoint (normal execution)

VM Mutex/Monitor currently owned by a thread: None

Heap address: 0x0000000080000000, size: 2048 MB, Compressed Oops mode: 32-bit

CDS archive(s) mapped at: [0x000002529f000000-0x000002529fba0000-0x000002529fba0000), size 12189696, SharedBaseAddress: 0x000002529f000000, ArchiveRelocationMode: 1.
Compressed class space mapped at: 0x00000252a0000000-0x00000252e0000000, reserved size: 1073741824
Narrow klass base: 0x000002529f000000, Narrow klass shift: 0, Narrow klass range: 0x100000000

GC Precious Log:
 CardTable entry size: 512
 CPUs: 16 total, 16 available
 Memory: 16068M
 Large Page Support: Disabled
 NUMA Support: Disabled
 Compressed Oops: Enabled (32-bit)
 Alignments: Space 512K, Generation 512K, Heap 2M
 Heap Min Capacity: 100M
 Heap Initial Capacity: 100M
 Heap Max Capacity: 2G
 Pre-touch: Disabled
 Parallel Workers: 13

Heap:
 PSYoungGen      total 2048K, used 474K [0x00000000d5580000, 0x00000000d5880000, 0x0000000100000000)
  eden space 1536K, 10% used [0x00000000d5580000,0x00000000d55a6820,0x00000000d5700000)
  from space 512K, 62% used [0x00000000d5780000,0x00000000d57d0000,0x00000000d5800000)
  to   space 512K, 0% used [0x00000000d5800000,0x00000000d5800000,0x00000000d5880000)
 ParOldGen       total 399872K, used 399436K [0x0000000080000000, 0x0000000098680000, 0x00000000d5580000)
  object space 399872K, 99% used [0x0000000080000000,0x00000000986130c8,0x0000000098680000)
 Metaspace       used 83039K, committed 84864K, reserved 1179648K
  class space    used 8915K, committed 9728K, reserved 1048576K

Card table byte_map: [0x0000025287560000,0x0000025287970000] _byte_map_base: 0x0000025287160000

Marking Bits: (ParMarkBitMap*) 0x00007fffdd3d4460
 Begin Bits: [0x000002529a050000, 0x000002529c050000)
 End Bits:   [0x000002529c050000, 0x000002529e050000)

Polling page: 0x0000025285c90000

Metaspace:

Usage:
  Non-class:     72.39 MB used.
      Class:      8.71 MB used.
       Both:     81.09 MB used.

Virtual space:
  Non-class space:      128.00 MB reserved,      73.38 MB ( 57%) committed,  2 nodes.
      Class space:        1.00 GB reserved,       9.50 MB ( <1%) committed,  1 nodes.
             Both:        1.12 GB reserved,      82.88 MB (  7%) committed. 

Chunk freelists:
   Non-Class:  5.91 MB
       Class:  6.41 MB
        Both:  12.31 MB

MaxMetaspaceSize: unlimited
CompressedClassSpaceSize: 1.00 GB
Initial GC threshold: 21.00 MB
Current GC threshold: 97.31 MB
CDS: on
 - commit_granule_bytes: 65536.
 - commit_granule_words: 8192.
 - virtual_space_node_default_size: 8388608.
 - enlarge_chunks_in_place: 1.
 - use_allocation_guard: 0.


Internal statistics:

num_allocs_failed_limit: 11.
num_arena_births: 1520.
num_arena_deaths: 14.
num_vsnodes_births: 3.
num_vsnodes_deaths: 0.
num_space_committed: 1326.
num_space_uncommitted: 0.
num_chunks_returned_to_freelist: 25.
num_chunks_taken_from_freelist: 5259.
num_chunk_merges: 16.
num_chunk_splits: 3316.
num_chunks_enlarged: 1937.
num_inconsistent_stats: 0.

CodeHeap 'non-profiled nmethods': size=119168Kb used=13807Kb max_used=13807Kb free=105360Kb
 bounds [0x0000025292940000, 0x00000252936c0000, 0x0000025299da0000]
CodeHeap 'profiled nmethods': size=119104Kb used=37059Kb max_used=37059Kb free=82044Kb
 bounds [0x000002528ada0000, 0x000002528d1e0000, 0x00000252921f0000]
CodeHeap 'non-nmethods': size=7488Kb used=1521Kb max_used=3280Kb free=5966Kb
 bounds [0x00000252921f0000, 0x0000025292540000, 0x0000025292940000]
CodeCache: size=245760Kb, used=52387Kb, max_used=54146Kb, free=193370Kb
 total_blobs=15836, nmethods=14994, adapters=746, full_count=0
Compilation: enabled, stopped_count=0, restarted_count=0

Compilation events (20 events):
Event: 3004.180 Thread 0x0000025287c5bf50 15788       1       org.eclipse.core.internal.jobs.InternalJob::getProgressMonitor (5 bytes)
Event: 3004.181 Thread 0x0000025287c5bf50 nmethod 15788 0x00000252936bb210 code [0x00000252936bb3a0, 0x00000252936bb468]
Event: 3004.181 Thread 0x0000025287c5bf50 15790       3       org.eclipse.core.internal.dtree.DataTreeNode::storeStrings (28 bytes)
Event: 3004.181 Thread 0x0000025287c5bf50 nmethod 15790 0x000002528d1ccb10 code [0x000002528d1ccce0, 0x000002528d1cd160]
Event: 3103.279 Thread 0x0000025287c5bf50 15791       3       java.lang.ProcessHandleImpl::<init> (15 bytes)
Event: 3103.279 Thread 0x0000025287c5bf50 nmethod 15791 0x000002528d1cd290 code [0x000002528d1cd440, 0x000002528d1cd5b0]
Event: 3304.768 Thread 0x0000025287c547a0 15792       4       java.util.concurrent.locks.AbstractQueuedSynchronizer::acquire (20 bytes)
Event: 3304.769 Thread 0x0000025287c547a0 nmethod 15792 0x00000252936bb510 code [0x00000252936bb6a0, 0x00000252936bb798]
Event: 3604.262 Thread 0x0000025287c547a0 15793       4       jdk.internal.misc.Unsafe::weakCompareAndSetLong (11 bytes)
Event: 3604.263 Thread 0x0000025287c547a0 nmethod 15793 0x00000252936bb890 code [0x00000252936bba20, 0x00000252936bbac0]
Event: 3769.781 Thread 0x0000025287c5bf50 15794       3       java.util.concurrent.locks.AbstractQueuedSynchronizer$ConditionObject::await (202 bytes)
Event: 3769.782 Thread 0x0000025287c5bf50 nmethod 15794 0x000002528d1cd690 code [0x000002528d1cd980, 0x000002528d1ce7b0]
Event: 3771.658 Thread 0x0000025287c5bf50 15795   !   3       java.lang.ref.ReferenceQueue::remove (61 bytes)
Event: 3771.660 Thread 0x0000025287c5bf50 nmethod 15795 0x000002528d1ced90 code [0x000002528d1cf020, 0x000002528d1cfba8]
Event: 3771.660 Thread 0x0000025287c5bf50 15796       3       java.lang.ref.ReferenceQueue::remove0 (64 bytes)
Event: 3771.660 Thread 0x0000025287c5bf50 nmethod 15796 0x000002528d1cff90 code [0x000002528d1d01a0, 0x000002528d1d0620]
Event: 3857.006 Thread 0x0000025287c5bf50 15797       1       org.eclipse.osgi.internal.location.BasicLocation::isReadOnly (5 bytes)
Event: 3857.007 Thread 0x0000025287c5bf50 nmethod 15797 0x00000252936bbb90 code [0x00000252936bbd20, 0x00000252936bbdf0]
Event: 3904.232 Thread 0x0000025287c5bf50 15798       3       org.eclipse.core.internal.resources.ResourceInfo::shareStrings (43 bytes)
Event: 3904.234 Thread 0x0000025287c5bf50 nmethod 15798 0x000002528d1d0790 code [0x000002528d1d0960, 0x000002528d1d0c00]

GC Heap History (20 events):
Event: 1835.927 GC heap before
{Heap before GC invocations=751 (full 3):
 PSYoungGen      total 2048K, used 2048K [0x00000000d5580000, 0x00000000d5900000, 0x0000000100000000)
  eden space 1536K, 100% used [0x00000000d5580000,0x00000000d5700000,0x00000000d5700000)
  from space 512K, 100% used [0x00000000d5780000,0x00000000d5800000,0x00000000d5800000)
  to   space 1024K, 0% used [0x00000000d5800000,0x00000000d5800000,0x00000000d5900000)
 ParOldGen       total 386048K, used 385967K [0x0000000080000000, 0x0000000097900000, 0x00000000d5580000)
  object space 386048K, 99% used [0x0000000080000000,0x00000000978ebd08,0x0000000097900000)
 Metaspace       used 83001K, committed 84864K, reserved 1179648K
  class space    used 8915K, committed 9728K, reserved 1048576K
}
Event: 1835.928 GC heap after
{Heap after GC invocations=751 (full 3):
 PSYoungGen      total 2048K, used 372K [0x00000000d5580000, 0x00000000d5880000, 0x0000000100000000)
  eden space 1536K, 0% used [0x00000000d5580000,0x00000000d5580000,0x00000000d5700000)
  from space 512K, 72% used [0x00000000d5800000,0x00000000d585d200,0x00000000d5880000)
  to   space 512K, 0% used [0x00000000d5780000,0x00000000d5780000,0x00000000d5800000)
 ParOldGen       total 386048K, used 386039K [0x0000000080000000, 0x0000000097900000, 0x00000000d5580000)
  object space 386048K, 99% used [0x0000000080000000,0x00000000978fdd08,0x0000000097900000)
 Metaspace       used 83001K, committed 84864K, reserved 1179648K
  class space    used 8915K, committed 9728K, reserved 1048576K
}
Event: 1835.948 GC heap before
{Heap before GC invocations=752 (full 3):
 PSYoungGen      total 2048K, used 1908K [0x00000000d5580000, 0x00000000d5880000, 0x0000000100000000)
  eden space 1536K, 100% used [0x00000000d5580000,0x00000000d5700000,0x00000000d5700000)
  from space 512K, 72% used [0x00000000d5800000,0x00000000d585d200,0x00000000d5880000)
  to   space 512K, 0% used [0x00000000d5780000,0x00000000d5780000,0x00000000d5800000)
 ParOldGen       total 387584K, used 387566K [0x0000000080000000, 0x0000000097a80000, 0x00000000d5580000)
  object space 387584K, 99% used [0x0000000080000000,0x0000000097a7b940,0x0000000097a80000)
 Metaspace       used 83001K, committed 84864K, reserved 1179648K
  class space    used 8915K, committed 9728K, reserved 1048576K
}
Event: 1835.949 GC heap after
{Heap after GC invocations=752 (full 3):
 PSYoungGen      total 2048K, used 378K [0x00000000d5580000, 0x00000000d5880000, 0x0000000100000000)
  eden space 1536K, 0% used [0x00000000d5580000,0x00000000d5580000,0x00000000d5700000)
  from space 512K, 73% used [0x00000000d5780000,0x00000000d57de900,0x00000000d5800000)
  to   space 512K, 0% used [0x00000000d5800000,0x00000000d5800000,0x00000000d5880000)
 ParOldGen       total 388096K, used 387630K [0x0000000080000000, 0x0000000097b00000, 0x00000000d5580000)
  object space 388096K, 99% used [0x0000000080000000,0x0000000097a8b940,0x0000000097b00000)
 Metaspace       used 83001K, committed 84864K, reserved 1179648K
  class space    used 8915K, committed 9728K, reserved 1048576K
}
Event: 1835.965 GC heap before
{Heap before GC invocations=753 (full 3):
 PSYoungGen      total 2048K, used 1914K [0x00000000d5580000, 0x00000000d5880000, 0x0000000100000000)
  eden space 1536K, 100% used [0x00000000d5580000,0x00000000d5700000,0x00000000d5700000)
  from space 512K, 73% used [0x00000000d5780000,0x00000000d57de900,0x00000000d5800000)
  to   space 512K, 0% used [0x00000000d5800000,0x00000000d5800000,0x00000000d5880000)
 ParOldGen       total 389632K, used 389157K [0x0000000080000000, 0x0000000097c80000, 0x00000000d5580000)
  object space 389632K, 99% used [0x0000000080000000,0x0000000097c09578,0x0000000097c80000)
 Metaspace       used 83001K, committed 84864K, reserved 1179648K
  class space    used 8915K, committed 9728K, reserved 1048576K
}
Event: 1835.966 GC heap after
{Heap after GC invocations=753 (full 3):
 PSYoungGen      total 2048K, used 320K [0x00000000d5580000, 0x00000000d5880000, 0x0000000100000000)
  eden space 1536K, 0% used [0x00000000d5580000,0x00000000d5580000,0x00000000d5700000)
  from space 512K, 62% used [0x00000000d5800000,0x00000000d5850000,0x00000000d5880000)
  to   space 512K, 0% used [0x00000000d5780000,0x00000000d5780000,0x00000000d5800000)
 ParOldGen       total 389632K, used 389229K [0x0000000080000000, 0x0000000097c80000, 0x00000000d5580000)
  object space 389632K, 99% used [0x0000000080000000,0x0000000097c1b578,0x0000000097c80000)
 Metaspace       used 83001K, committed 84864K, reserved 1179648K
  class space    used 8915K, committed 9728K, reserved 1048576K
}
Event: 1835.975 GC heap before
{Heap before GC invocations=754 (full 3):
 PSYoungGen      total 2048K, used 1721K [0x00000000d5580000, 0x00000000d5880000, 0x0000000100000000)
  eden space 1536K, 91% used [0x00000000d5580000,0x00000000d56de470,0x00000000d5700000)
  from space 512K, 62% used [0x00000000d5800000,0x00000000d5850000,0x00000000d5880000)
  to   space 512K, 0% used [0x00000000d5780000,0x00000000d5780000,0x00000000d5800000)
 ParOldGen       total 391168K, used 390756K [0x0000000080000000, 0x0000000097e00000, 0x00000000d5580000)
  object space 391168K, 99% used [0x0000000080000000,0x0000000097d991b0,0x0000000097e00000)
 Metaspace       used 83006K, committed 84864K, reserved 1179648K
  class space    used 8915K, committed 9728K, reserved 1048576K
}
Event: 1835.976 GC heap after
{Heap after GC invocations=754 (full 3):
 PSYoungGen      total 2048K, used 510K [0x00000000d5580000, 0x00000000d5900000, 0x0000000100000000)
  eden space 1536K, 0% used [0x00000000d5580000,0x00000000d5580000,0x00000000d5700000)
  from space 512K, 99% used [0x00000000d5780000,0x00000000d57ffb50,0x00000000d5800000)
  to   space 1024K, 0% used [0x00000000d5800000,0x00000000d5800000,0x00000000d5900000)
 ParOldGen       total 391168K, used 390896K [0x0000000080000000, 0x0000000097e00000, 0x00000000d5580000)
  object space 391168K, 99% used [0x0000000080000000,0x0000000097dbc3b0,0x0000000097e00000)
 Metaspace       used 83006K, committed 84864K, reserved 1179648K
  class space    used 8915K, committed 9728K, reserved 1048576K
}
Event: 1835.991 GC heap before
{Heap before GC invocations=755 (full 3):
 PSYoungGen      total 2048K, used 2043K [0x00000000d5580000, 0x00000000d5900000, 0x0000000100000000)
  eden space 1536K, 99% used [0x00000000d5580000,0x00000000d56ff3f0,0x00000000d5700000)
  from space 512K, 99% used [0x00000000d5780000,0x00000000d57ffb50,0x00000000d5800000)
  to   space 1024K, 0% used [0x00000000d5800000,0x00000000d5800000,0x00000000d5900000)
 ParOldGen       total 392704K, used 392423K [0x0000000080000000, 0x0000000097f80000, 0x00000000d5580000)
  object space 392704K, 99% used [0x0000000080000000,0x0000000097f39fe8,0x0000000097f80000)
 Metaspace       used 83008K, committed 84864K, reserved 1179648K
  class space    used 8915K, committed 9728K, reserved 1048576K
}
Event: 1835.992 GC heap after
{Heap after GC invocations=755 (full 3):
 PSYoungGen      total 2560K, used 655K [0x00000000d5580000, 0x00000000d5900000, 0x0000000100000000)
  eden space 1536K, 0% used [0x00000000d5580000,0x00000000d5580000,0x00000000d5700000)
  from space 1024K, 64% used [0x00000000d5800000,0x00000000d58a3f98,0x00000000d5900000)
  to   space 1024K, 0% used [0x00000000d5700000,0x00000000d5700000,0x00000000d5800000)
 ParOldGen       total 392704K, used 392551K [0x0000000080000000, 0x0000000097f80000, 0x00000000d5580000)
  object space 392704K, 99% used [0x0000000080000000,0x0000000097f59fe8,0x0000000097f80000)
 Metaspace       used 83008K, committed 84864K, reserved 1179648K
  class space    used 8915K, committed 9728K, reserved 1048576K
}
Event: 1836.001 GC heap before
{Heap before GC invocations=756 (full 3):
 PSYoungGen      total 2560K, used 2059K [0x00000000d5580000, 0x00000000d5900000, 0x0000000100000000)
  eden space 1536K, 91% used [0x00000000d5580000,0x00000000d56dedb0,0x00000000d5700000)
  from space 1024K, 64% used [0x00000000d5800000,0x00000000d58a3f98,0x00000000d5900000)
  to   space 1024K, 0% used [0x00000000d5700000,0x00000000d5700000,0x00000000d5800000)
 ParOldGen       total 397312K, used 397133K [0x0000000080000000, 0x0000000098400000, 0x00000000d5580000)
  object space 397312K, 99% used [0x0000000080000000,0x00000000983d3490,0x0000000098400000)
 Metaspace       used 83008K, committed 84864K, reserved 1179648K
  class space    used 8915K, committed 9728K, reserved 1048576K
}
Event: 1836.002 GC heap after
{Heap after GC invocations=756 (full 3):
 PSYoungGen      total 2560K, used 320K [0x00000000d5580000, 0x00000000d5880000, 0x0000000100000000)
  eden space 1536K, 0% used [0x00000000d5580000,0x00000000d5580000,0x00000000d5700000)
  from space 1024K, 31% used [0x00000000d5700000,0x00000000d5750000,0x00000000d5800000)
  to   space 512K, 0% used [0x00000000d5800000,0x00000000d5800000,0x00000000d5880000)
 ParOldGen       total 397312K, used 397261K [0x0000000080000000, 0x0000000098400000, 0x00000000d5580000)
  object space 397312K, 99% used [0x0000000080000000,0x00000000983f3490,0x0000000098400000)
 Metaspace       used 83008K, committed 84864K, reserved 1179648K
  class space    used 8915K, committed 9728K, reserved 1048576K
}
Event: 1836.009 GC heap before
{Heap before GC invocations=757 (full 3):
 PSYoungGen      total 2560K, used 1856K [0x00000000d5580000, 0x00000000d5880000, 0x0000000100000000)
  eden space 1536K, 100% used [0x00000000d5580000,0x00000000d5700000,0x00000000d5700000)
  from space 1024K, 31% used [0x00000000d5700000,0x00000000d5750000,0x00000000d5800000)
  to   space 512K, 0% used [0x00000000d5800000,0x00000000d5800000,0x00000000d5880000)
 ParOldGen       total 398848K, used 398788K [0x0000000080000000, 0x0000000098580000, 0x00000000d5580000)
  object space 398848K, 99% used [0x0000000080000000,0x00000000985710c8,0x0000000098580000)
 Metaspace       used 83008K, committed 84864K, reserved 1179648K
  class space    used 8915K, committed 9728K, reserved 1048576K
}
Event: 1836.010 GC heap after
{Heap after GC invocations=757 (full 3):
 PSYoungGen      total 2048K, used 512K [0x00000000d5580000, 0x00000000d5900000, 0x0000000100000000)
  eden space 1536K, 0% used [0x00000000d5580000,0x00000000d5580000,0x00000000d5700000)
  from space 512K, 100% used [0x00000000d5800000,0x00000000d5880000,0x00000000d5880000)
  to   space 1024K, 0% used [0x00000000d5700000,0x00000000d5700000,0x00000000d5800000)
 ParOldGen       total 398848K, used 398820K [0x0000000080000000, 0x0000000098580000, 0x00000000d5580000)
  object space 398848K, 99% used [0x0000000080000000,0x00000000985790c8,0x0000000098580000)
 Metaspace       used 83008K, committed 84864K, reserved 1179648K
  class space    used 8915K, committed 9728K, reserved 1048576K
}
Event: 1836.016 GC heap before
{Heap before GC invocations=758 (full 3):
 PSYoungGen      total 2048K, used 2048K [0x00000000d5580000, 0x00000000d5900000, 0x0000000100000000)
  eden space 1536K, 100% used [0x00000000d5580000,0x00000000d5700000,0x00000000d5700000)
  from space 512K, 100% used [0x00000000d5800000,0x00000000d5880000,0x00000000d5880000)
  to   space 1024K, 0% used [0x00000000d5700000,0x00000000d5700000,0x00000000d5800000)
 ParOldGen       total 398848K, used 398820K [0x0000000080000000, 0x0000000098580000, 0x00000000d5580000)
  object space 398848K, 99% used [0x0000000080000000,0x00000000985790c8,0x0000000098580000)
 Metaspace       used 83009K, committed 84864K, reserved 1179648K
  class space    used 8915K, committed 9728K, reserved 1048576K
}
Event: 1836.017 GC heap after
{Heap after GC invocations=758 (full 3):
 PSYoungGen      total 2560K, used 506K [0x00000000d5580000, 0x00000000d5900000, 0x0000000100000000)
  eden space 1536K, 0% used [0x00000000d5580000,0x00000000d5580000,0x00000000d5700000)
  from space 1024K, 49% used [0x00000000d5700000,0x00000000d577e900,0x00000000d5800000)
  to   space 1024K, 0% used [0x00000000d5800000,0x00000000d5800000,0x00000000d5900000)
 ParOldGen       total 399360K, used 399124K [0x0000000080000000, 0x0000000098600000, 0x00000000d5580000)
  object space 399360K, 99% used [0x0000000080000000,0x00000000985c50c8,0x0000000098600000)
 Metaspace       used 83009K, committed 84864K, reserved 1179648K
  class space    used 8915K, committed 9728K, reserved 1048576K
}
Event: 2129.119 GC heap before
{Heap before GC invocations=759 (full 3):
 PSYoungGen      total 2560K, used 2042K [0x00000000d5580000, 0x00000000d5900000, 0x0000000100000000)
  eden space 1536K, 100% used [0x00000000d5580000,0x00000000d5700000,0x00000000d5700000)
  from space 1024K, 49% used [0x00000000d5700000,0x00000000d577e900,0x00000000d5800000)
  to   space 1024K, 0% used [0x00000000d5800000,0x00000000d5800000,0x00000000d5900000)
 ParOldGen       total 399360K, used 399124K [0x0000000080000000, 0x0000000098600000, 0x00000000d5580000)
  object space 399360K, 99% used [0x0000000080000000,0x00000000985c50c8,0x0000000098600000)
 Metaspace       used 83016K, committed 84864K, reserved 1179648K
  class space    used 8915K, committed 9728K, reserved 1048576K
}
Event: 2129.120 GC heap after
{Heap after GC invocations=759 (full 3):
 PSYoungGen      total 2048K, used 288K [0x00000000d5580000, 0x00000000d5880000, 0x0000000100000000)
  eden space 1536K, 0% used [0x00000000d5580000,0x00000000d5580000,0x00000000d5700000)
  from space 512K, 56% used [0x00000000d5800000,0x00000000d5848000,0x00000000d5880000)
  to   space 512K, 0% used [0x00000000d5780000,0x00000000d5780000,0x00000000d5800000)
 ParOldGen       total 399872K, used 399380K [0x0000000080000000, 0x0000000098680000, 0x00000000d5580000)
  object space 399872K, 99% used [0x0000000080000000,0x00000000986050c8,0x0000000098680000)
 Metaspace       used 83016K, committed 84864K, reserved 1179648K
  class space    used 8915K, committed 9728K, reserved 1048576K
}
Event: 3826.781 GC heap before
{Heap before GC invocations=760 (full 3):
 PSYoungGen      total 2048K, used 1824K [0x00000000d5580000, 0x00000000d5880000, 0x0000000100000000)
  eden space 1536K, 100% used [0x00000000d5580000,0x00000000d5700000,0x00000000d5700000)
  from space 512K, 56% used [0x00000000d5800000,0x00000000d5848000,0x00000000d5880000)
  to   space 512K, 0% used [0x00000000d5780000,0x00000000d5780000,0x00000000d5800000)
 ParOldGen       total 399872K, used 399380K [0x0000000080000000, 0x0000000098680000, 0x00000000d5580000)
  object space 399872K, 99% used [0x0000000080000000,0x00000000986050c8,0x0000000098680000)
 Metaspace       used 83037K, committed 84864K, reserved 1179648K
  class space    used 8915K, committed 9728K, reserved 1048576K
}
Event: 3826.790 GC heap after
{Heap after GC invocations=760 (full 3):
 PSYoungGen      total 2048K, used 320K [0x00000000d5580000, 0x00000000d5880000, 0x0000000100000000)
  eden space 1536K, 0% used [0x00000000d5580000,0x00000000d5580000,0x00000000d5700000)
  from space 512K, 62% used [0x00000000d5780000,0x00000000d57d0000,0x00000000d5800000)
  to   space 512K, 0% used [0x00000000d5800000,0x00000000d5800000,0x00000000d5880000)
 ParOldGen       total 399872K, used 399436K [0x0000000080000000, 0x0000000098680000, 0x00000000d5580000)
  object space 399872K, 99% used [0x0000000080000000,0x00000000986130c8,0x0000000098680000)
 Metaspace       used 83037K, committed 84864K, reserved 1179648K
  class space    used 8915K, committed 9728K, reserved 1048576K
}

Dll operation events (12 events):
Event: 0.009 Loaded shared library c:\Users\backu\.vscode\extensions\redhat.java-1.55.0-win32-x64\jre\21.0.11-win32-x86_64\bin\java.dll
Event: 0.059 Loaded shared library c:\Users\backu\.vscode\extensions\redhat.java-1.55.0-win32-x64\jre\21.0.11-win32-x86_64\bin\zip.dll
Event: 0.076 Loaded shared library C:\Users\backu\.vscode\extensions\redhat.java-1.55.0-win32-x64\jre\21.0.11-win32-x86_64\bin\instrument.dll
Event: 0.080 Loaded shared library C:\Users\backu\.vscode\extensions\redhat.java-1.55.0-win32-x64\jre\21.0.11-win32-x86_64\bin\net.dll
Event: 0.082 Loaded shared library C:\Users\backu\.vscode\extensions\redhat.java-1.55.0-win32-x64\jre\21.0.11-win32-x86_64\bin\nio.dll
Event: 0.084 Loaded shared library C:\Users\backu\.vscode\extensions\redhat.java-1.55.0-win32-x64\jre\21.0.11-win32-x86_64\bin\zip.dll
Event: 0.101 Loaded shared library C:\Users\backu\.vscode\extensions\redhat.java-1.55.0-win32-x64\jre\21.0.11-win32-x86_64\bin\jimage.dll
Event: 0.176 Loaded shared library c:\Users\backu\.vscode\extensions\redhat.java-1.55.0-win32-x64\jre\21.0.11-win32-x86_64\bin\verify.dll
Event: 1.085 Loaded shared library C:\Users\backu\AppData\Roaming\Code\User\globalStorage\redhat.java\1.55.0\config_win\org.eclipse.equinox.launcher\org.eclipse.equinox.launcher.win32.win32.x86_64_1.3.100.v20260613-0559\eclipse_11924.dll
Event: 4.036 Loaded shared library C:\Users\backu\AppData\Local\Temp\jna-93493358\jna6425006040275401912.dll
Event: 12.658 Loaded shared library C:\Users\backu\.vscode\extensions\redhat.java-1.55.0-win32-x64\jre\21.0.11-win32-x86_64\bin\extnet.dll
Event: 1828.754 Loaded shared library C:\Users\backu\.vscode\extensions\redhat.java-1.55.0-win32-x64\jre\21.0.11-win32-x86_64\bin\sunmscapi.dll

Deoptimization events (20 events):
Event: 1835.979 Thread 0x00000252e95c1f60 DEOPT PACKING pc=0x000002528d18426b sp=0x000000dd87ffda70
Event: 1835.980 Thread 0x00000252e95c1f60 DEOPT UNPACKING pc=0x0000025292244242 sp=0x000000dd87ffcf90 mode 0
Event: 1835.980 Thread 0x00000252e95c1f60 DEOPT PACKING pc=0x000002528d18426b sp=0x000000dd87ffda70
Event: 1835.980 Thread 0x00000252e95c1f60 DEOPT UNPACKING pc=0x0000025292244242 sp=0x000000dd87ffcf90 mode 0
Event: 1835.980 Thread 0x00000252e95c1f60 DEOPT PACKING pc=0x000002528d18426b sp=0x000000dd87ffda70
Event: 1835.980 Thread 0x00000252e95c1f60 DEOPT UNPACKING pc=0x0000025292244242 sp=0x000000dd87ffcf90 mode 0
Event: 1835.981 Thread 0x00000252e95c1f60 DEOPT PACKING pc=0x000002528d18426b sp=0x000000dd87ffda70
Event: 1835.981 Thread 0x00000252e95c1f60 DEOPT UNPACKING pc=0x0000025292244242 sp=0x000000dd87ffcf90 mode 0
Event: 1835.982 Thread 0x00000252e95c1f60 DEOPT PACKING pc=0x000002528d18426b sp=0x000000dd87ffda70
Event: 1835.982 Thread 0x00000252e95c1f60 DEOPT UNPACKING pc=0x0000025292244242 sp=0x000000dd87ffcf90 mode 0
Event: 1835.985 Thread 0x00000252e95c1f60 DEOPT PACKING pc=0x000002528c079124 sp=0x000000dd87ffd4a0
Event: 1835.985 Thread 0x00000252e95c1f60 DEOPT UNPACKING pc=0x0000025292244242 sp=0x000000dd87ffc8c0 mode 0
Event: 1836.014 Thread 0x00000252e95c1f60 DEOPT PACKING pc=0x000002528c33cfdf sp=0x000000dd87ffe4e0
Event: 1836.014 Thread 0x00000252e95c1f60 DEOPT UNPACKING pc=0x0000025292244242 sp=0x000000dd87ffd9a0 mode 0
Event: 1836.020 Thread 0x00000252e95c1f60 DEOPT PACKING pc=0x000002528c83eedf sp=0x000000dd87ffd440
Event: 1836.020 Thread 0x00000252e95c1f60 DEOPT UNPACKING pc=0x0000025292244242 sp=0x000000dd87ffc8f8 mode 0
Event: 2129.121 Thread 0x00000252f568a210 Uncommon trap: trap_request=0xffffff45 fr.pc=0x0000025293591988 relative=0x0000000000004688
Event: 2129.121 Thread 0x00000252f568a210 Uncommon trap: reason=unstable_if action=reinterpret pc=0x0000025293591988 method=org.eclipse.m2e.core.internal.project.registry.ProjectRegistryReader$2.replaceObject(Ljava/lang/Object;)Ljava/lang/Object; @ 25 c2
Event: 2129.121 Thread 0x00000252f568a210 DEOPT PACKING pc=0x0000025293591988 sp=0x000000dd86dfe920
Event: 2129.121 Thread 0x00000252f568a210 DEOPT UNPACKING pc=0x0000025292243aa2 sp=0x000000dd86dfe898 mode 2

Classes loaded (20 events):
Event: 1829.443 Loading class java/nio/HeapByteBufferR
Event: 1829.444 Loading class java/nio/HeapByteBufferR done
Event: 1830.888 Loading class java/lang/MatchException
Event: 1830.888 Loading class java/lang/MatchException done
Event: 1831.207 Loading class java/util/stream/DoubleStream
Event: 1831.207 Loading class java/util/stream/DoubleStream done
Event: 1831.207 Loading class java/util/function/DoubleBinaryOperator
Event: 1831.207 Loading class java/util/function/DoubleBinaryOperator done
Event: 1831.208 Loading class java/util/function/IntBinaryOperator
Event: 1831.208 Loading class java/util/function/IntBinaryOperator done
Event: 1831.208 Loading class java/util/function/IntToDoubleFunction
Event: 1831.208 Loading class java/util/function/IntToDoubleFunction done
Event: 1831.208 Loading class java/util/function/IntToLongFunction
Event: 1831.208 Loading class java/util/function/IntToLongFunction done
Event: 1831.217 Loading class java/util/HashMap$EntrySpliterator
Event: 1831.217 Loading class java/util/HashMap$EntrySpliterator done
Event: 1833.227 Loading class javax/xml/transform/TransformerConfigurationException
Event: 1833.227 Loading class javax/xml/transform/TransformerConfigurationException done
Event: 1834.130 Loading class java/util/concurrent/LinkedBlockingQueue$Itr
Event: 1834.131 Loading class java/util/concurrent/LinkedBlockingQueue$Itr done

Classes unloaded (7 events):
Event: 4.525 Thread 0x0000025287c41ba0 Unloading class 0x00000252a01a4800 'java/lang/invoke/LambdaForm$MH+0x00000252a01a4800'
Event: 4.525 Thread 0x0000025287c41ba0 Unloading class 0x00000252a01a4400 'java/lang/invoke/LambdaForm$MH+0x00000252a01a4400'
Event: 4.525 Thread 0x0000025287c41ba0 Unloading class 0x00000252a01a4000 'java/lang/invoke/LambdaForm$MH+0x00000252a01a4000'
Event: 4.525 Thread 0x0000025287c41ba0 Unloading class 0x00000252a01a3c00 'java/lang/invoke/LambdaForm$MH+0x00000252a01a3c00'
Event: 4.525 Thread 0x0000025287c41ba0 Unloading class 0x00000252a01a3800 'java/lang/invoke/LambdaForm$BMH+0x00000252a01a3800'
Event: 4.525 Thread 0x0000025287c41ba0 Unloading class 0x00000252a01a3400 'java/lang/invoke/LambdaForm$DMH+0x00000252a01a3400'
Event: 4.525 Thread 0x0000025287c41ba0 Unloading class 0x00000252a01a2000 'java/lang/invoke/LambdaForm$DMH+0x00000252a01a2000'

Classes redefined (0 events):
No events

Internal exceptions (20 events):
Event: 1834.472 Thread 0x00000252f568a210 Exception <a 'sun/nio/fs/WindowsException'{0x00000000d584e360}> (0x00000000d584e360) 
thrown [s\src\hotspot\share\prims\jni.cpp, line 520]
Event: 1835.765 Thread 0x00000252e95c1f60 Exception <a 'sun/nio/fs/WindowsException'{0x00000000d55b0d30}> (0x00000000d55b0d30) 
thrown [s\src\hotspot\share\prims\jni.cpp, line 520]
Event: 1835.766 Thread 0x00000252e95c1f60 Exception <a 'sun/nio/fs/WindowsException'{0x00000000d55b1740}> (0x00000000d55b1740) 
thrown [s\src\hotspot\share\prims\jni.cpp, line 520]
Event: 1835.789 Thread 0x00000252e95c1f60 Exception <a 'sun/nio/fs/WindowsException'{0x00000000d55c7ea8}> (0x00000000d55c7ea8) 
thrown [s\src\hotspot\share\prims\jni.cpp, line 520]
Event: 1835.789 Thread 0x00000252e95c1f60 Exception <a 'sun/nio/fs/WindowsException'{0x00000000d55c88b8}> (0x00000000d55c88b8) 
thrown [s\src\hotspot\share\prims\jni.cpp, line 520]
Event: 1835.866 Thread 0x00000252e95c1f60 Exception <a 'sun/nio/fs/WindowsException'{0x00000000d5659808}> (0x00000000d5659808) 
thrown [s\src\hotspot\share\prims\jni.cpp, line 520]
Event: 1835.866 Thread 0x00000252e95c1f60 Exception <a 'sun/nio/fs/WindowsException'{0x00000000d565a218}> (0x00000000d565a218) 
thrown [s\src\hotspot\share\prims\jni.cpp, line 520]
Event: 1835.884 Thread 0x00000252e95c1f60 Exception <a 'sun/nio/fs/WindowsException'{0x00000000d56579e8}> (0x00000000d56579e8) 
thrown [s\src\hotspot\share\prims\jni.cpp, line 520]
Event: 1835.884 Thread 0x00000252e95c1f60 Exception <a 'sun/nio/fs/WindowsException'{0x00000000d56583f8}> (0x00000000d56583f8) 
thrown [s\src\hotspot\share\prims\jni.cpp, line 520]
Event: 1835.922 Thread 0x00000252e95c1f60 Exception <a 'sun/nio/fs/WindowsException'{0x00000000d56bee50}> (0x00000000d56bee50) 
thrown [s\src\hotspot\share\prims\jni.cpp, line 520]
Event: 1835.922 Thread 0x00000252e95c1f60 Exception <a 'sun/nio/fs/WindowsException'{0x00000000d56bf860}> (0x00000000d56bf860) 
thrown [s\src\hotspot\share\prims\jni.cpp, line 520]
Event: 1835.938 Thread 0x00000252e95c1f60 Exception <a 'sun/nio/fs/WindowsException'{0x00000000d56ca958}> (0x00000000d56ca958) 
thrown [s\src\hotspot\share\prims\jni.cpp, line 520]
Event: 1835.938 Thread 0x00000252e95c1f60 Exception <a 'sun/nio/fs/WindowsException'{0x00000000d56cb368}> (0x00000000d56cb368) 
thrown [s\src\hotspot\share\prims\jni.cpp, line 520]
Event: 1835.959 Thread 0x00000252e95c1f60 Exception <a 'sun/nio/fs/WindowsException'{0x00000000d56e8728}> (0x00000000d56e8728) 
thrown [s\src\hotspot\share\prims\jni.cpp, line 520]
Event: 1835.959 Thread 0x00000252e95c1f60 Exception <a 'sun/nio/fs/WindowsException'{0x00000000d56e9138}> (0x00000000d56e9138) 
thrown [s\src\hotspot\share\prims\jni.cpp, line 520]
Event: 1835.968 Thread 0x00000252e95c1f60 Implicit null exception at 0x000002529350d72e to 0x000002529350e888
Event: 1836.023 Thread 0x00000252e95c1f60 Exception <a 'sun/nio/fs/WindowsException'{0x00000000d564a0f8}> (0x00000000d564a0f8) 
thrown [s\src\hotspot\share\prims\jni.cpp, line 520]
Event: 1836.023 Thread 0x00000252e95c1f60 Exception <a 'sun/nio/fs/WindowsException'{0x00000000d564ab08}> (0x00000000d564ab08) 
thrown [s\src\hotspot\share\prims\jni.cpp, line 520]
Event: 2129.117 Thread 0x00000252f568a210 Exception <a 'sun/nio/fs/WindowsException'{0x00000000d56e6328}> (0x00000000d56e6328) 
thrown [s\src\hotspot\share\prims\jni.cpp, line 520]
Event: 2129.117 Thread 0x00000252f568a210 Exception <a 'sun/nio/fs/WindowsException'{0x00000000d56ea430}> (0x00000000d56ea430) 
thrown [s\src\hotspot\share\prims\jni.cpp, line 520]

ZGC Phase Switch (0 events):
No events

VM Operations (20 events):
Event: 3799.595 Executing non-safepoint VM operation: HandshakeAllThreads (HandshakeForDeflation)
Event: 3799.595 Executing non-safepoint VM operation: HandshakeAllThreads (HandshakeForDeflation) done
Event: 3799.595 Executing non-safepoint VM operation: RendezvousGCThreads
Event: 3799.595 Executing non-safepoint VM operation: RendezvousGCThreads done
Event: 3826.781 Executing safepoint VM operation: ParallelGCFailedAllocation (Allocation Failure)
Event: 3826.790 Executing safepoint VM operation: ParallelGCFailedAllocation (Allocation Failure) done
Event: 3859.725 Executing non-safepoint VM operation: HandshakeAllThreads (HandshakeForDeflation)
Event: 3859.726 Executing non-safepoint VM operation: HandshakeAllThreads (HandshakeForDeflation) done
Event: 3859.726 Executing non-safepoint VM operation: RendezvousGCThreads
Event: 3859.726 Executing non-safepoint VM operation: RendezvousGCThreads done
Event: 3904.747 Executing safepoint VM operation: Cleanup
Event: 3904.747 Executing safepoint VM operation: Cleanup done
Event: 3919.770 Executing non-safepoint VM operation: HandshakeAllThreads (HandshakeForDeflation)
Event: 3919.770 Executing non-safepoint VM operation: HandshakeAllThreads (HandshakeForDeflation) done
Event: 3919.770 Executing non-safepoint VM operation: RendezvousGCThreads
Event: 3919.770 Executing non-safepoint VM operation: RendezvousGCThreads done
Event: 3979.976 Executing non-safepoint VM operation: HandshakeAllThreads (HandshakeForDeflation)
Event: 3979.976 Executing non-safepoint VM operation: HandshakeAllThreads (HandshakeForDeflation) done
Event: 3979.976 Executing non-safepoint VM operation: RendezvousGCThreads
Event: 3979.976 Executing non-safepoint VM operation: RendezvousGCThreads done

Memory protections (0 events):
No events

Nmethod flushes (20 events):
Event: 9.863 Thread 0x0000025287c41ba0 flushing  nmethod 0x000002528b684510
Event: 9.863 Thread 0x0000025287c41ba0 flushing  nmethod 0x000002528b685290
Event: 9.863 Thread 0x0000025287c41ba0 flushing  nmethod 0x000002528b688290
Event: 9.863 Thread 0x0000025287c41ba0 flushing  nmethod 0x000002528b6b2710
Event: 9.863 Thread 0x0000025287c41ba0 flushing osr nmethod 0x000002528b6ebf90
Event: 9.863 Thread 0x0000025287c41ba0 flushing  nmethod 0x000002528b721190
Event: 9.863 Thread 0x0000025287c41ba0 flushing  nmethod 0x000002528b732290
Event: 9.863 Thread 0x0000025287c41ba0 flushing  nmethod 0x000002528b733590
Event: 9.863 Thread 0x0000025287c41ba0 flushing  nmethod 0x000002528b734090
Event: 9.863 Thread 0x0000025287c41ba0 flushing  nmethod 0x000002528b739310
Event: 9.863 Thread 0x0000025287c41ba0 flushing  nmethod 0x000002528b739690
Event: 9.863 Thread 0x0000025287c41ba0 flushing  nmethod 0x000002528b752790
Event: 9.863 Thread 0x0000025287c41ba0 flushing  nmethod 0x000002528b752d90
Event: 9.863 Thread 0x0000025287c41ba0 flushing  nmethod 0x000002528b753490
Event: 9.863 Thread 0x0000025287c41ba0 flushing  nmethod 0x000002528b753d10
Event: 9.863 Thread 0x0000025287c41ba0 flushing  nmethod 0x000002528b754090
Event: 9.863 Thread 0x0000025287c41ba0 flushing  nmethod 0x000002528b756410
Event: 9.863 Thread 0x0000025287c41ba0 flushing  nmethod 0x000002528b775490
Event: 9.863 Thread 0x0000025287c41ba0 flushing  nmethod 0x000002528b7da990
Event: 9.863 Thread 0x0000025287c41ba0 flushing  nmethod 0x000002528b7e2790

Events (20 events):
Event: 1894.355 Thread 0x00000252e95c4d50 Thread exited: 0x00000252e95c4d50
Event: 1894.465 Thread 0x00000252e95c6790 Thread exited: 0x00000252e95c6790
Event: 1896.035 Thread 0x00000252e95c1f60 Thread exited: 0x00000252e95c1f60
Event: 1956.049 Thread 0x00000252e95c46c0 Thread exited: 0x00000252e95c46c0
Event: 2016.057 Thread 0x00000252e95c8ef0 Thread exited: 0x00000252e95c8ef0
Event: 2076.059 Thread 0x00000252e95c3310 Thread exited: 0x00000252e95c3310
Event: 2129.117 Thread 0x00000252f568a210 Thread added: 0x00000252e8d76ca0
Event: 2129.118 Thread 0x00000252e8d76ca0 Thread exited: 0x00000252e8d76ca0
Event: 2129.121 Thread 0x0000025287c5bf50 Thread added: 0x00000252f638bc90
Event: 2129.122 Thread 0x00000252f638bc90 Thread added: 0x00000252f638d7d0
Event: 2129.134 Thread 0x00000252f568a210 Thread added: 0x00000252e8d73eb0
Event: 2129.134 Thread 0x00000252e8d73eb0 Thread exited: 0x00000252e8d73eb0
Event: 2129.246 Thread 0x00000252f638d7d0 Thread exited: 0x00000252f638d7d0
Event: 2129.246 Thread 0x00000252f638bc90 Thread exited: 0x00000252f638bc90
Event: 2135.436 Thread 0x00000252e8d73190 Thread exited: 0x00000252e8d73190
Event: 2780.546 Thread 0x00000252e8d77330 Thread exited: 0x00000252e8d77330
Event: 3080.561 Thread 0x00000252e8d79400 Thread exited: 0x00000252e8d79400
Event: 3380.573 Thread 0x00000252e8d786e0 Thread exited: 0x00000252e8d786e0
Event: 3680.588 Thread 0x00000252e8d75260 Thread exited: 0x00000252e8d75260
Event: 3980.601 Thread 0x00000252e8d779c0 Thread exited: 0x00000252e8d779c0


Dynamic libraries:
0x00007ff704b20000 - 0x00007ff704b2e000 	c:\Users\backu\.vscode\extensions\redhat.java-1.55.0-win32-x64\jre\21.0.11-win32-x86_64\bin\java.exe
0x00007ff8b19c0000 - 0x00007ff8b1c26000 	C:\WINDOWS\SYSTEM32\ntdll.dll
0x00007ff8b0f70000 - 0x00007ff8b1039000 	C:\WINDOWS\System32\KERNEL32.DLL
0x00007ff8af300000 - 0x00007ff8af6fa000 	C:\WINDOWS\System32\KERNELBASE.dll
0x00007ff8aee60000 - 0x00007ff8aefac000 	C:\WINDOWS\System32\ucrtbase.dll
0x00007ff815390000 - 0x00007ff8153a8000 	c:\Users\backu\.vscode\extensions\redhat.java-1.55.0-win32-x64\jre\21.0.11-win32-x86_64\bin\jli.dll
0x00007ff8153b0000 - 0x00007ff8153ce000 	c:\Users\backu\.vscode\extensions\redhat.java-1.55.0-win32-x64\jre\21.0.11-win32-x86_64\bin\VCRUNTIME140.dll
0x00007ff8b0ae0000 - 0x00007ff8b0ca7000 	C:\WINDOWS\System32\USER32.dll
0x00007ff892f10000 - 0x00007ff8931a2000 	C:\WINDOWS\WinSxS\amd64_microsoft.windows.common-controls_6595b64144ccf1df_6.0.26100.8521_none_3e08b75ce33403b3\COMCTL32.dll
0x00007ff8af700000 - 0x00007ff8af727000 	C:\WINDOWS\System32\win32u.dll
0x00007ff8b0a20000 - 0x00007ff8b0ac9000 	C:\WINDOWS\System32\msvcrt.dll
0x00007ff8b17a0000 - 0x00007ff8b17cb000 	C:\WINDOWS\System32\GDI32.dll
0x00007ff8af110000 - 0x00007ff8af23b000 	C:\WINDOWS\System32\gdi32full.dll
0x00007ff8af060000 - 0x00007ff8af103000 	C:\WINDOWS\System32\msvcp_win.dll
0x00007ff8af960000 - 0x00007ff8af992000 	C:\WINDOWS\System32\IMM32.DLL
0x00007ff84ead0000 - 0x00007ff84eadc000 	c:\Users\backu\.vscode\extensions\redhat.java-1.55.0-win32-x64\jre\21.0.11-win32-x86_64\bin\vcruntime140_1.dll
0x00007ff814fb0000 - 0x00007ff81503d000 	c:\Users\backu\.vscode\extensions\redhat.java-1.55.0-win32-x64\jre\21.0.11-win32-x86_64\bin\msvcp140.dll
0x00007fffdc710000 - 0x00007fffdd4b2000 	c:\Users\backu\.vscode\extensions\redhat.java-1.55.0-win32-x64\jre\21.0.11-win32-x86_64\bin\server\jvm.dll
0x00007ff8afb30000 - 0x00007ff8afbe6000 	C:\WINDOWS\System32\ADVAPI32.dll
0x00007ff8af9f0000 - 0x00007ff8afa9a000 	C:\WINDOWS\System32\sechost.dll
0x00007ff8b1060000 - 0x00007ff8b1178000 	C:\WINDOWS\System32\RPCRT4.dll
0x00007ff8afaa0000 - 0x00007ff8afb20000 	C:\WINDOWS\System32\WS2_32.dll
0x00007ff8a6ac0000 - 0x00007ff8a6af6000 	C:\WINDOWS\SYSTEM32\WINMM.dll
0x00007ff8aeab0000 - 0x00007ff8aeb0e000 	C:\WINDOWS\SYSTEM32\POWRPROF.dll
0x00007ff899ed0000 - 0x00007ff899edb000 	C:\WINDOWS\SYSTEM32\VERSION.dll
0x00007ff8aea90000 - 0x00007ff8aeaa4000 	C:\WINDOWS\SYSTEM32\UMPDC.dll
0x00007ff8ad9e0000 - 0x00007ff8ad9fb000 	C:\WINDOWS\SYSTEM32\kernel.appcore.dll
0x00007ff815380000 - 0x00007ff81538a000 	c:\Users\backu\.vscode\extensions\redhat.java-1.55.0-win32-x64\jre\21.0.11-win32-x86_64\bin\jimage.dll
0x00007ff8ac2f0000 - 0x00007ff8ac532000 	C:\WINDOWS\SYSTEM32\DBGHELP.DLL
0x00007ff8b1410000 - 0x00007ff8b1793000 	C:\WINDOWS\System32\combase.dll
0x00007ff8b0cb0000 - 0x00007ff8b0d89000 	C:\WINDOWS\System32\OLEAUT32.dll
0x00007ff875bb0000 - 0x00007ff875beb000 	C:\WINDOWS\SYSTEM32\dbgcore.DLL
0x00007ff8aefb0000 - 0x00007ff8af058000 	C:\WINDOWS\System32\bcryptPrimitives.dll
0x00007ff815370000 - 0x00007ff81537f000 	c:\Users\backu\.vscode\extensions\redhat.java-1.55.0-win32-x64\jre\21.0.11-win32-x86_64\bin\instrument.dll
0x00007ff814f90000 - 0x00007ff814fb0000 	c:\Users\backu\.vscode\extensions\redhat.java-1.55.0-win32-x64\jre\21.0.11-win32-x86_64\bin\java.dll
0x00007ff8b0130000 - 0x00007ff8b08b4000 	C:\WINDOWS\System32\SHELL32.dll
0x00007ff8ac7e0000 - 0x00007ff8ad060000 	C:\WINDOWS\SYSTEM32\windows.storage.dll
0x00007ff8af860000 - 0x00007ff8af956000 	C:\WINDOWS\System32\SHCORE.dll
0x00007ff8b1340000 - 0x00007ff8b13a7000 	C:\WINDOWS\System32\shlwapi.dll
0x00007ff8aeb70000 - 0x00007ff8aeb99000 	C:\WINDOWS\SYSTEM32\profapi.dll
0x00007ff814f70000 - 0x00007ff814f88000 	c:\Users\backu\.vscode\extensions\redhat.java-1.55.0-win32-x64\jre\21.0.11-win32-x86_64\bin\zip.dll
0x00007ff815360000 - 0x00007ff815370000 	C:\Users\backu\.vscode\extensions\redhat.java-1.55.0-win32-x64\jre\21.0.11-win32-x86_64\bin\net.dll
0x00007ff8a2d10000 - 0x00007ff8a2e39000 	C:\WINDOWS\SYSTEM32\WINHTTP.dll
0x00007ff8adf50000 - 0x00007ff8adfbc000 	C:\WINDOWS\system32\mswsock.dll
0x00007ff814f50000 - 0x00007ff814f66000 	C:\Users\backu\.vscode\extensions\redhat.java-1.55.0-win32-x64\jre\21.0.11-win32-x86_64\bin\nio.dll
0x00007ff8115a0000 - 0x00007ff8115b0000 	c:\Users\backu\.vscode\extensions\redhat.java-1.55.0-win32-x64\jre\21.0.11-win32-x86_64\bin\verify.dll
0x00007fffda5a0000 - 0x00007fffda5e5000 	C:\Users\backu\AppData\Roaming\Code\User\globalStorage\redhat.java\1.55.0\config_win\org.eclipse.equinox.launcher\org.eclipse.equinox.launcher.win32.win32.x86_64_1.3.100.v20260613-0559\eclipse_11924.dll
0x00007ff8b17e0000 - 0x00007ff8b1978000 	C:\WINDOWS\System32\ole32.dll
0x00007ff8ae240000 - 0x00007ff8ae25b000 	C:\WINDOWS\SYSTEM32\CRYPTSP.dll
0x00007ff8ad940000 - 0x00007ff8ad979000 	C:\WINDOWS\system32\rsaenh.dll
0x00007ff8ae000000 - 0x00007ff8ae033000 	C:\WINDOWS\SYSTEM32\USERENV.dll
0x00007ff8aeb40000 - 0x00007ff8aeb6a000 	C:\WINDOWS\SYSTEM32\bcrypt.dll
0x00007ff8ae230000 - 0x00007ff8ae23c000 	C:\WINDOWS\SYSTEM32\CRYPTBASE.dll
0x00007ff8ad450000 - 0x00007ff8ad483000 	C:\WINDOWS\SYSTEM32\IPHLPAPI.DLL
0x00007ff8b0ad0000 - 0x00007ff8b0ada000 	C:\WINDOWS\System32\NSI.dll
0x00007ff815590000 - 0x00007ff8155d9000 	C:\Users\backu\AppData\Local\Temp\jna-93493358\jna6425006040275401912.dll
0x00007ff8b17d0000 - 0x00007ff8b17d8000 	C:\WINDOWS\System32\PSAPI.DLL
0x00007ff8a5300000 - 0x00007ff8a531d000 	C:\WINDOWS\SYSTEM32\dhcpcsvc6.DLL
0x00007ff8a52d0000 - 0x00007ff8a52f5000 	C:\WINDOWS\SYSTEM32\dhcpcsvc.DLL
0x00007ff898670000 - 0x00007ff898679000 	C:\Users\backu\.vscode\extensions\redhat.java-1.55.0-win32-x64\jre\21.0.11-win32-x86_64\bin\extnet.dll
0x00007ff8ad490000 - 0x00007ff8ad5da000 	C:\WINDOWS\SYSTEM32\DNSAPI.dll
0x00007ff8add50000 - 0x00007ff8add5d000 	C:\WINDOWS\SYSTEM32\DSPARSE.dll
0x00007ff8a3060000 - 0x00007ff8a306b000 	C:\Windows\System32\rasadhlp.dll
0x00007ff8a60f0000 - 0x00007ff8a6176000 	C:\WINDOWS\System32\fwpuclnt.dll
0x00007ff898690000 - 0x00007ff89869e000 	C:\Users\backu\.vscode\extensions\redhat.java-1.55.0-win32-x64\jre\21.0.11-win32-x86_64\bin\sunmscapi.dll
0x00007ff8aece0000 - 0x00007ff8aee58000 	C:\WINDOWS\System32\CRYPT32.dll
0x00007ff8ae450000 - 0x00007ff8ae480000 	C:\WINDOWS\SYSTEM32\ncrypt.dll
0x00007ff8ae400000 - 0x00007ff8ae43f000 	C:\WINDOWS\SYSTEM32\NTASN1.dll

JVMTI agents:
c:\Users\backu\.vscode\extensions\redhat.java-1.55.0-win32-x64\lombok\lombok-1.18.39-4050.jar path:c:\Users\backu\.vscode\extensions\redhat.java-1.55.0-win32-x64\jre\21.0.11-win32-x86_64\bin\instrument.dll, loaded, initialized, instrumentlib options:none

dbghelp: loaded successfully - version: 4.0.5 - missing functions: none
symbol engine: initialized successfully - sym options: 0x614 - pdb path: .;c:\Users\backu\.vscode\extensions\redhat.java-1.55.0-win32-x64\jre\21.0.11-win32-x86_64\bin;C:\WINDOWS\SYSTEM32;C:\WINDOWS\WinSxS\amd64_microsoft.windows.common-controls_6595b64144ccf1df_6.0.26100.8521_none_3e08b75ce33403b3;c:\Users\backu\.vscode\extensions\redhat.java-1.55.0-win32-x64\jre\21.0.11-win32-x86_64\bin\server;C:\Users\backu\AppData\Roaming\Code\User\globalStorage\redhat.java\1.55.0\config_win\org.eclipse.equinox.launcher\org.eclipse.equinox.launcher.win32.win32.x86_64_1.3.100.v20260613-0559;C:\Users\backu\AppData\Local\Temp\jna-93493358

VM Arguments:
jvm_args: --add-modules=ALL-SYSTEM --add-opens=java.base/java.util=ALL-UNNAMED --add-opens=java.base/java.lang=ALL-UNNAMED --add-opens=java.base/sun.nio.fs=ALL-UNNAMED -Declipse.application=org.eclipse.jdt.ls.core.id1 -Dosgi.bundles.defaultStartLevel=4 -Declipse.product=org.eclipse.jdt.ls.core.product -Djava.import.generatesMetadataFilesAtProjectRoot=false -DDetectVMInstallationsJob.disabled=true -Dfile.encoding=utf8 -XX:+UseParallelGC -XX:GCTimeRatio=4 -XX:AdaptiveSizePolicyWeight=90 -Dsun.zip.disableMemoryMapping=true -Xmx2G -Xms100m -Xlog:disable -javaagent:c:\Users\backu\.vscode\extensions\redhat.java-1.55.0-win32-x64\lombok\lombok-1.18.39-4050.jar -XX:+HeapDumpOnOutOfMemoryError -XX:HeapDumpPath=c:\Users\backu\AppData\Roaming\Code\User\workspaceStorage\a385cc1d19ef0a7214639b3a7b931727\redhat.java -Daether.dependencyCollector.impl=bf 
java_command: c:\Users\backu\.vscode\extensions\redhat.java-1.55.0-win32-x64\server\plugins\org.eclipse.equinox.launcher_1.7.200.v20260619-2039.jar -configuration c:\Users\backu\AppData\Roaming\Code\User\globalStorage\redhat.java\1.55.0\config_win -data c:\Users\backu\AppData\Roaming\Code\User\workspaceStorage\a385cc1d19ef0a7214639b3a7b931727\redhat.java\jdt_ws --pipe=\\.\pipe\lsp-b24f664db90ba3bdd1e40a19f941a946-sock
java_class_path (initial): c:\Users\backu\.vscode\extensions\redhat.java-1.55.0-win32-x64\server\plugins\org.eclipse.equinox.launcher_1.7.200.v20260619-2039.jar
Launcher Type: SUN_STANDARD

[Global flags]
    uintx AdaptiveSizePolicyWeight                 = 90                                        {product} {command line}
     intx CICompilerCount                          = 12                                        {product} {ergonomic}
    uintx GCTimeRatio                              = 4                                         {product} {command line}
     bool HeapDumpOnOutOfMemoryError               = true                                   {manageable} {command line}
    ccstr HeapDumpPath                             = c:\Users\backu\AppData\Roaming\Code\User\workspaceStorage\a385cc1d19ef0a7214639b3a7b931727\redhat.java         {manageable} {command line}
   size_t InitialHeapSize                          = 104857600                                 {product} {command line}
   size_t MaxHeapSize                              = 2147483648                                {product} {command line}
   size_t MaxNewSize                               = 715653120                                 {product} {ergonomic}
   size_t MinHeapDeltaBytes                        = 524288                                    {product} {ergonomic}
   size_t MinHeapSize                              = 104857600                                 {product} {command line}
   size_t NewSize                                  = 34603008                                  {product} {ergonomic}
    uintx NonNMethodCodeHeapSize                   = 7602480                                {pd product} {ergonomic}
    uintx NonProfiledCodeHeapSize                  = 122027880                              {pd product} {ergonomic}
   size_t OldSize                                  = 70254592                                  {product} {ergonomic}
    uintx ProfiledCodeHeapSize                     = 122027880                              {pd product} {ergonomic}
    uintx ReservedCodeCacheSize                    = 251658240                              {pd product} {ergonomic}
     bool SegmentedCodeCache                       = true                                      {product} {ergonomic}
   size_t SoftMaxHeapSize                          = 2147483648                             {manageable} {ergonomic}
     bool UseCompressedOops                        = true                           {product lp64_product} {ergonomic}
     bool UseLargePagesIndividualAllocation        = false                                  {pd product} {ergonomic}
     bool UseParallelGC                            = true                                      {product} {command line}

Logging:
Log output configuration:
 #0: stdout all=off uptime,level,tags foldmultilines=false
 #1: stderr all=off uptime,level,tags foldmultilines=false

Release file:
JAVA_VERSION="21.0.11" 
MODULES="java.base java.compiler java.datatransfer java.xml java.prefs java.desktop java.instrument java.logging java.management java.security.sasl java.naming java.rmi java.management.rmi java.net.http java.scripting java.security.jgss java.transaction.xa java.sql java.sql.rowset java.xml.crypto java.se java.smartcardio jdk.accessibility jdk.internal.jvmstat jdk.attach jdk.charsets jdk.internal.opt jdk.zipfs jdk.compiler jdk.crypto.ec jdk.crypto.cryptoki jdk.crypto.mscapi jdk.dynalink jdk.internal.ed jdk.editpad jdk.hotspot.agent jdk.httpserver jdk.internal.le jdk.internal.vm.ci jdk.internal.vm.compiler jdk.internal.vm.compiler.management jdk.jartool jdk.javadoc jdk.jcmd jdk.management jdk.management.agent jdk.jconsole jdk.jdeps jdk.jdwp.agent jdk.jdi jdk.jfr jdk.jshell jdk.jsobject jdk.jstatd jdk.localedata jdk.management.jfr jdk.naming.dns jdk.naming.rmi jdk.net jdk.nio.mapmode jdk.random jdk.sctp jdk.security.auth jdk.security.jgss jdk.unsupported jdk.unsupported.desktop jdk.xml.dom" 

Environment Variables:
JAVA_HOME=C:\Users\backu\Downloads\openjdk-21+35_windows-x64_bin
PATH=C:\SIMULIA\Commands;C:\Users\backu\Downloads\openjdk-21+35_windows-x64_bin\jdk-21\bin;C:\Windows\system32;C:\Windows;C:\Windows\System32\Wbem;C:\Windows\System32\WindowsPowerShell\v1.0\;C:\Windows\System32\OpenSSH\;C:\Program Files\dotnet\;C:\WINDOWS\system32;C:\WINDOWS;C:\WINDOWS\System32\Wbem;C:\WINDOWS\System32\WindowsPowerShell\v1.0\;C:\WINDOWS\System32\OpenSSH\;C:\Users\backu\Downloads\apache-maven-3.9.8-bin.zip\apache-maven-3.9.8\bin;C:\Program Files (x86)\Windows Kits\8.1\Windows Performance Toolkit\;C:\Program Files\Git\cmd;C:\Users\backu\Downloads\apache-maven-3.9.9-bin\apache-maven-3.9.9\bin;E:\Matlab\bin;C:\Program Files\Docker\Docker\resources\bin;C:\MinGW\bin;C:\Program Files\NVIDIA Corporation\NVIDIA App\NvDLISR;C:\Users\backu\Downloads\openjdk-21+35_windows-x64_bin\jdk-21\bin;C:\Program Files\nodejs\;C:\Program Files\WireGuard\;C:\Users\backu\AppData\Local\Programs\Python\Python313\Scripts\;C:\Users\backu\AppData\Local\Programs\Python\Python313\;C:\Program Files\MySQL\MySQL Shell 8.0\bin\;C:\Users\backu\AppData\Local\Microsoft\WindowsApps;C:\Users\backu\AppData\Local\Programs\Microsoft VS Code\bin;C:\Users\backu\AppData\Local\Programs\cursor\resources\app\bin;C:\Users\backu\AppData\Roaming\npm
USERNAME=backu
OS=Windows_NT
PROCESSOR_IDENTIFIER=Intel64 Family 6 Model 154 Stepping 3, GenuineIntel
TMP=C:\Users\backu\AppData\Local\Temp
TEMP=C:\Users\backu\AppData\Local\Temp




Periodic native trim disabled

---------------  S Y S T E M  ---------------

OS:
 Windows 11 , 64 bit Build 26100 (10.0.26100.8521)
OS uptime: 0 days 1:11 hours
Hyper-V role detected

CPU: total 16 (initial active 16) (8 cores per cpu, 2 threads per core) family 6 model 154 stepping 3 microcode 0x43b, cx8, cmov, fxsr, ht, mmx, 3dnowpref, sse, sse2, sse3, ssse3, sse4.1, sse4.2, popcnt, lzcnt, tsc, tscinvbit, avx, avx2, aes, erms, clmul, bmi1, bmi2, adx, sha, fma, vzeroupper, clflush, clflushopt, clwb, hv, serialize, rdtscp, rdpid, fsrm, f16c, cet_ibt, cet_ss
Processor Information for processor 0
  Max Mhz: 2500, Current Mhz: 2500, Mhz Limit: 2500
Processor Information for processor 1
  Max Mhz: 2500, Current Mhz: 2500, Mhz Limit: 2500
Processor Information for processor 2
  Max Mhz: 2500, Current Mhz: 2500, Mhz Limit: 2500
Processor Information for processor 3
  Max Mhz: 2500, Current Mhz: 2500, Mhz Limit: 2500
Processor Information for processor 4
  Max Mhz: 2500, Current Mhz: 2500, Mhz Limit: 2500
Processor Information for processor 5
  Max Mhz: 2500, Current Mhz: 2500, Mhz Limit: 2500
Processor Information for processor 6
  Max Mhz: 2500, Current Mhz: 2500, Mhz Limit: 2500
Processor Information for processor 7
  Max Mhz: 2500, Current Mhz: 2500, Mhz Limit: 2500
Processor Information for processor 8
  Max Mhz: 2500, Current Mhz: 1527, Mhz Limit: 2500
Processor Information for processor 9
  Max Mhz: 2500, Current Mhz: 1527, Mhz Limit: 2500
Processor Information for processor 10
  Max Mhz: 2500, Current Mhz: 1527, Mhz Limit: 2500
Processor Information for processor 11
  Max Mhz: 2500, Current Mhz: 1527, Mhz Limit: 2500
Processor Information for processor 12
  Max Mhz: 2500, Current Mhz: 2500, Mhz Limit: 2500
Processor Information for processor 13
  Max Mhz: 2500, Current Mhz: 1527, Mhz Limit: 2500
Processor Information for processor 14
  Max Mhz: 2500, Current Mhz: 1527, Mhz Limit: 2500
Processor Information for processor 15
  Max Mhz: 2500, Current Mhz: 1527, Mhz Limit: 2500

Memory: 4k page, system-wide physical 16068M (981M free)
TotalPageFile size 24260M (AvailPageFile size 6M)
current process WorkingSet (physical memory assigned to process): 105M, peak: 518M
current process commit charge ("private bytes"): 734M, peak: 801M

vm_info: OpenJDK 64-Bit Server VM (21.0.11+10-LTS) for windows-amd64 JRE (21.0.11+10-LTS), built on 2026-04-21T00:00:00Z by "admin" with MS VC++ 17.12 (VS2022)

END.
