#
# There is insufficient memory for the Java Runtime Environment to continue.
# Native memory allocation (malloc) failed to allocate 1053936 bytes. Error detail: Chunk::new
# Possible reasons:
#   The system is out of physical RAM or swap space
#   This process is running with CompressedOops enabled, and the Java Heap may be blocking the growth of the native heap
# Possible solutions:
#   Reduce memory load on the system
#   Increase physical memory or swap space
#   Check if swap backing store is full
#   Decrease Java heap size (-Xmx/-Xms)
#   Decrease number of Java threads
#   Decrease Java thread stack sizes (-Xss)
#   Set larger code cache with -XX:ReservedCodeCacheSize=
#   JVM is running with Unscaled Compressed Oops mode in which the Java heap is
#     placed in the first 4GB address space. The Java Heap base address is the
#     maximum limit for the native heap growth. Please use -XX:HeapBaseMinAddress
#     to set the Java Heap base and to place the Java Heap above 4GB virtual address.
# This output file may be truncated or incomplete.
#
#  Out of Memory Error (arena.cpp:168), pid=25660, tid=27492
#
# JRE version: OpenJDK Runtime Environment Temurin-21.0.11+10 (21.0.11+10) (build 21.0.11+10-LTS)
# Java VM: OpenJDK 64-Bit Server VM Temurin-21.0.11+10 (21.0.11+10-LTS, mixed mode, sharing, tiered, compressed oops, compressed class ptrs, g1 gc, windows-amd64)
# No core dump will be written. Minidumps are not enabled by default on client versions of Windows
#

---------------  S U M M A R Y ------------

Command Line: --add-modules=ALL-SYSTEM --add-opens=java.base/java.util=ALL-UNNAMED --add-opens=java.base/java.lang=ALL-UNNAMED --add-opens=java.base/sun.nio.fs=ALL-UNNAMED -Declipse.application=org.eclipse.jdt.ls.core.id1 -Dosgi.bundles.defaultStartLevel=4 -Declipse.product=org.eclipse.jdt.ls.core.product -Djava.import.generatesMetadataFilesAtProjectRoot=false -DDetectVMInstallationsJob.disabled=true -Dfile.encoding=utf8 -Xlog:disable -Xms256m -Xmx1024m -XX:+UseG1GC -XX:+UseStringDeduplication -javaagent:c:\Users\backu\.vscode\extensions\redhat.java-1.55.0-win32-x64\lombok\lombok-1.18.39-4050.jar -XX:+HeapDumpOnOutOfMemoryError -XX:HeapDumpPath=c:\Users\backu\AppData\Roaming\Code\User\workspaceStorage\168d849ae748a3a33731f4b1924235b6\redhat.java -Daether.dependencyCollector.impl=bf c:\Users\backu\.vscode\extensions\redhat.java-1.55.0-win32-x64\server\plugins\org.eclipse.equinox.launcher_1.7.200.v20260619-2039.jar -configuration c:\Users\backu\AppData\Roaming\Code\User\globalStorage\redhat.java\1.55.0\config_win -data c:\Users\backu\AppData\Roaming\Code\User\workspaceStorage\168d849ae748a3a33731f4b1924235b6\redhat.java\jdt_ws --pipe=\\.\pipe\lsp-c1a65c2ce934bd8292ff9817cf12f9a3-sock

Host: 12th Gen Intel(R) Core(TM) i5-12500H, 16 cores, 15G,  Windows 11 , 64 bit Build 26100 (10.0.26100.8875)
Time: Sun Aug  9 23:25:04 2026 India Standard Time elapsed time: 27.515266 seconds (0d 0h 0m 27s)

---------------  T H R E A D  ---------------

Current thread (0x0000019eca768920):  JavaThread "C2 CompilerThread3" daemon [_thread_in_native, id=27492, stack(0x000000234c600000,0x000000234c700000) (1024K)]


Current CompileTask:
C2:27515 5608       4       org.eclipse.osgi.internal.serviceregistry.ServiceRegistry::notifyHooksPrivileged (57 bytes)

Stack: [0x000000234c600000,0x000000234c700000]
Native frames: (J=compiled Java code, j=interpreted, Vv=VM code, C=native code)
V  [jvm.dll+0x6d7e19]
V  [jvm.dll+0x8b5096]
V  [jvm.dll+0x8b764e]
V  [jvm.dll+0x8b7d33]
V  [jvm.dll+0x284596]
V  [jvm.dll+0xc685d]
V  [jvm.dll+0xc6da1]
V  [jvm.dll+0x3bed31]
V  [jvm.dll+0x1e3f42]
V  [jvm.dll+0x24c853]
V  [jvm.dll+0x24bce0]
V  [jvm.dll+0x1cb4ae]
V  [jvm.dll+0x25baad]
V  [jvm.dll+0x25a03a]
V  [jvm.dll+0x3f868e]
V  [jvm.dll+0x85fb0d]
V  [jvm.dll+0x6d664d]
C  [ucrtbase.dll+0x2cd30]
C  [KERNEL32.DLL+0x2e957]
C  [ntdll.dll+0xaad6c]


---------------  P R O C E S S  ---------------

Threads class SMR info:
_java_thread_list=0x0000019ecbdbaae0, length=32, elements={
0x0000019eea74da70, 0x0000019eff5f67a0, 0x0000019eff5f7200, 0x0000019eff601430,
0x0000019eff5fa430, 0x0000019eff5fb7e0, 0x0000019eff604e50, 0x0000019eff60e720,
0x0000019eff60fe40, 0x0000019eff6211b0, 0x0000019eff915060, 0x0000019ec7054460,
0x0000019ec744ede0, 0x0000019ec7c8d1f0, 0x0000019ec7c544d0, 0x0000019ec73850c0,
0x0000019ec7d96d20, 0x0000019eff7a5750, 0x0000019ec8400c70, 0x0000019ec7810e00,
0x0000019ec7811490, 0x0000019ec78100e0, 0x0000019ec78121b0, 0x0000019ec73193a0,
0x0000019ec7319a50, 0x0000019ec7812840, 0x0000019ec8f56f80, 0x0000019eca768920,
0x0000019eca3bd820, 0x0000019ec96b0d70, 0x0000019ec7813560, 0x0000019ecab0d1f0
}

Java Threads: ( => current thread )
  0x0000019eea74da70 JavaThread "main"                              [_thread_blocked, id=31108, stack(0x000000234a100000,0x000000234a200000) (1024K)]
  0x0000019eff5f67a0 JavaThread "Reference Handler"          daemon [_thread_blocked, id=24076, stack(0x000000234a900000,0x000000234aa00000) (1024K)]
  0x0000019eff5f7200 JavaThread "Finalizer"                  daemon [_thread_blocked, id=2860, stack(0x000000234aa00000,0x000000234ab00000) (1024K)]
  0x0000019eff601430 JavaThread "Signal Dispatcher"          daemon [_thread_blocked, id=7960, stack(0x000000234ab00000,0x000000234ac00000) (1024K)]
  0x0000019eff5fa430 JavaThread "Attach Listener"            daemon [_thread_blocked, id=28272, stack(0x000000234ac00000,0x000000234ad00000) (1024K)]
  0x0000019eff5fb7e0 JavaThread "Service Thread"             daemon [_thread_blocked, id=27636, stack(0x000000234ad00000,0x000000234ae00000) (1024K)]
  0x0000019eff604e50 JavaThread "Monitor Deflation Thread"   daemon [_thread_blocked, id=23192, stack(0x000000234ae00000,0x000000234af00000) (1024K)]
  0x0000019eff60e720 JavaThread "C2 CompilerThread0"         daemon [_thread_in_native, id=6064, stack(0x000000234af00000,0x000000234b000000) (1024K)]
  0x0000019eff60fe40 JavaThread "C1 CompilerThread0"         daemon [_thread_in_native, id=6572, stack(0x000000234b000000,0x000000234b100000) (1024K)]
  0x0000019eff6211b0 JavaThread "StringDedupThread"          daemon [_thread_blocked, id=24096, stack(0x000000234b100000,0x000000234b200000) (1024K)]
  0x0000019eff915060 JavaThread "Common-Cleaner"             daemon [_thread_blocked, id=14404, stack(0x000000234b700000,0x000000234b800000) (1024K)]
  0x0000019ec7054460 JavaThread "Notification Thread"        daemon [_thread_blocked, id=2028, stack(0x000000234b800000,0x000000234b900000) (1024K)]
  0x0000019ec744ede0 JavaThread "Active Thread: Equinox Container: 37535b40-86bd-4eea-ae59-3be930ff78fe"        [_thread_blocked, id=23272, stack(0x000000234c700000,0x000000234c800000) (1024K)]
  0x0000019ec7c8d1f0 JavaThread "Refresh Thread: Equinox Container: 37535b40-86bd-4eea-ae59-3be930ff78fe" daemon [_thread_blocked, id=25968, stack(0x000000234c800000,0x000000234c900000) (1024K)]
  0x0000019ec7c544d0 JavaThread "Framework Event Dispatcher: Equinox Container: 37535b40-86bd-4eea-ae59-3be930ff78fe" daemon [_thread_blocked, id=29556, stack(0x000000234c900000,0x000000234ca00000) (1024K)]
  0x0000019ec73850c0 JavaThread "Start Level: Equinox Container: 37535b40-86bd-4eea-ae59-3be930ff78fe" daemon [_thread_in_vm, id=20664, stack(0x000000234ca00000,0x000000234cb00000) (1024K)]
  0x0000019ec7d96d20 JavaThread "Bundle File Closer"         daemon [_thread_blocked, id=14220, stack(0x000000234cb00000,0x000000234cc00000) (1024K)]
  0x0000019eff7a5750 JavaThread "SCR Component Actor"        daemon [_thread_blocked, id=21404, stack(0x000000234b400000,0x000000234b500000) (1024K)]
  0x0000019ec8400c70 JavaThread "Worker-JM"                         [_thread_blocked, id=13508, stack(0x000000234b500000,0x000000234b600000) (1024K)]
  0x0000019ec7810e00 JavaThread "JNA Cleaner"                daemon [_thread_blocked, id=30240, stack(0x000000234b900000,0x000000234ba00000) (1024K)]
  0x0000019ec7811490 JavaThread "Worker-0"                          [_thread_blocked, id=21192, stack(0x000000234cc00000,0x000000234cd00000) (1024K)]
  0x0000019ec78100e0 JavaThread "Worker-1: Building"                [_thread_blocked, id=26152, stack(0x000000234cd00000,0x000000234ce00000) (1024K)]
  0x0000019ec78121b0 JavaThread "Worker-2: Repository registry initialization"        [_thread_in_native, id=5604, stack(0x000000234ce00000,0x000000234cf00000) (1024K)]
  0x0000019ec73193a0 JavaThread "C2 CompilerThread1"         daemon [_thread_in_native, id=19808, stack(0x000000234cf00000,0x000000234d000000) (1024K)]
  0x0000019ec7319a50 JavaThread "C2 CompilerThread2"         daemon [_thread_in_native, id=13528, stack(0x000000234d000000,0x000000234d100000) (1024K)]
  0x0000019ec7812840 JavaThread "Worker-3"                          [_thread_blocked, id=14732, stack(0x000000234d400000,0x000000234d500000) (1024K)]
  0x0000019ec8f56f80 JavaThread "C1 CompilerThread1"         daemon [_thread_blocked, id=16124, stack(0x000000234b200000,0x000000234b300000) (1024K)]
=>0x0000019eca768920 JavaThread "C2 CompilerThread3"         daemon [_thread_in_native, id=27492, stack(0x000000234c600000,0x000000234c700000) (1024K)]
  0x0000019eca3bd820 JavaThread "C2 CompilerThread4"         daemon [_thread_in_native, id=2916, stack(0x000000234d300000,0x000000234d400000) (1024K)]
  0x0000019ec96b0d70 JavaThread "C2 CompilerThread5"         daemon [_thread_in_native, id=25408, stack(0x000000234d500000,0x000000234d600000) (1024K)]
  0x0000019ec7813560 JavaThread "Java indexing"              daemon [_thread_blocked, id=29836, stack(0x000000234d600000,0x000000234d700000) (1024K)]
  0x0000019ecab0d1f0 JavaThread "Worker-4"                          [_thread_blocked, id=17048, stack(0x000000234d700000,0x000000234d800000) (1024K)]
Total: 32

Other Threads:
  0x0000019eff5d53f0 VMThread "VM Thread"                           [id=28980, stack(0x000000234a800000,0x000000234a900000) (1024K)] _threads_hazard_ptr=0x0000019ecbdbaae0
  0x0000019eff5b9bb0 WatcherThread "VM Periodic Task Thread"        [id=28068, stack(0x000000234a700000,0x000000234a800000) (1024K)]
  0x0000019eea790590 WorkerThread "GC Thread#0"                     [id=27484, stack(0x000000234a200000,0x000000234a300000) (1024K)]
  0x0000019eff5d3dd0 WorkerThread "GC Thread#1"                     [id=2472, stack(0x000000234ba00000,0x000000234bb00000) (1024K)]
  0x0000019eff5d4180 WorkerThread "GC Thread#2"                     [id=13832, stack(0x000000234bb00000,0x000000234bc00000) (1024K)]
  0x0000019eff5d4530 WorkerThread "GC Thread#3"                     [id=21308, stack(0x000000234bc00000,0x000000234bd00000) (1024K)]
  0x0000019eff5d48e0 WorkerThread "GC Thread#4"                     [id=8724, stack(0x000000234bd00000,0x000000234be00000) (1024K)]
  0x0000019eff5d5040 WorkerThread "GC Thread#5"                     [id=22156, stack(0x000000234be00000,0x000000234bf00000) (1024K)]
  0x0000019ec7a5a9b0 WorkerThread "GC Thread#6"                     [id=20764, stack(0x000000234bf00000,0x000000234c000000) (1024K)]
  0x0000019ec7a5c730 WorkerThread "GC Thread#7"                     [id=14372, stack(0x000000234c000000,0x000000234c100000) (1024K)]
  0x0000019ec7a5dd50 WorkerThread "GC Thread#8"                     [id=25808, stack(0x000000234c100000,0x000000234c200000) (1024K)]
  0x0000019ec7a5b4c0 WorkerThread "GC Thread#9"                     [id=13348, stack(0x000000234c200000,0x000000234c300000) (1024K)]
  0x0000019ec7a5a600 WorkerThread "GC Thread#10"                    [id=14612, stack(0x000000234c300000,0x000000234c400000) (1024K)]
  0x0000019ec7a5ce90 WorkerThread "GC Thread#11"                    [id=23532, stack(0x000000234c400000,0x000000234c500000) (1024K)]
  0x0000019ec7a5d9a0 WorkerThread "GC Thread#12"                    [id=12924, stack(0x000000234c500000,0x000000234c600000) (1024K)]
  0x0000019eea79acb0 ConcurrentGCThread "G1 Main Marker"            [id=24756, stack(0x000000234a300000,0x000000234a400000) (1024K)]
  0x0000019eea79ccf0 WorkerThread "G1 Conc#0"                       [id=1540, stack(0x000000234a400000,0x000000234a500000) (1024K)]
  0x0000019ec7a5cae0 WorkerThread "G1 Conc#1"                       [id=28816, stack(0x000000234b300000,0x000000234b400000) (1024K)]
  0x0000019ec7a5d240 WorkerThread "G1 Conc#2"                       [id=11756, stack(0x000000234b600000,0x000000234b700000) (1024K)]
  0x0000019eff48a6e0 ConcurrentGCThread "G1 Refine#0"               [id=28344, stack(0x000000234a500000,0x000000234a600000) (1024K)]
  0x0000019eff48bf20 ConcurrentGCThread "G1 Service"                [id=21636, stack(0x000000234a600000,0x000000234a700000) (1024K)]
Total: 21

Threads with active compile tasks:
C2 CompilerThread0  27559 5775   !   4       org.eclipse.osgi.internal.loader.classpath.ClasspathManager::findClassImpl (328 bytes)
C2 CompilerThread1  27559 6032   !   4       java.io.ObjectInputStream::readObject0 (681 bytes)
C2 CompilerThread2  27559 5055       4       org.lombokweb.asm.ClassReader::readMethod (1070 bytes)
C2 CompilerThread3  27559 5608       4       org.eclipse.osgi.internal.serviceregistry.ServiceRegistry::notifyHooksPrivileged (57 bytes)
C2 CompilerThread4  27559 5634   !   4       org.eclipse.osgi.internal.loader.classpath.ClasspathManager::findLocalClass (210 bytes)
C2 CompilerThread5  27559 6046       4       java.io.ObjectInputStream$BlockDataInputStream::peek (55 bytes)
Total: 6

VM state: synchronizing (normal execution)

VM Mutex/Monitor currently owned by a thread:  ([mutex/lock_event])
[0x00007ff8dc70f570] Threads_lock - owner thread: 0x0000019eff5d53f0

Heap address: 0x00000000c0000000, size: 1024 MB, Compressed Oops mode: 32-bit

CDS archive(s) mapped at: [0x0000019e82000000-0x0000019e82ba0000-0x0000019e82ba0000), size 12189696, SharedBaseAddress: 0x0000019e82000000, ArchiveRelocationMode: 1.
Compressed class space mapped at: 0x0000019e83000000-0x0000019ec3000000, reserved size: 1073741824
Narrow klass base: 0x0000019e82000000, Narrow klass shift: 0, Narrow klass range: 0x100000000

GC Precious Log:
 CardTable entry size: 512
 Card Set container configuration: InlinePtr #cards 5 size 8 Array Of Cards #cards 12 size 40 Howl #buckets 4 coarsen threshold 1843 Howl Bitmap #cards 512 size 80 coarsen threshold 460 Card regions per heap region 1 cards per card region 2048
 CPUs: 16 total, 16 available
 Memory: 16068M
 Large Page Support: Disabled
 NUMA Support: Disabled
 Compressed Oops: Enabled (32-bit)
 Heap Region Size: 1M
 Heap Min Capacity: 256M
 Heap Initial Capacity: 256M
 Heap Max Capacity: 1G
 Pre-touch: Disabled
 Parallel Workers: 13
 Concurrent Workers: 3
 Concurrent Refinement Workers: 13
 Periodic GC: Disabled
 String Deduplication is enabled

Heap:
 garbage-first heap   total 262144K, used 44657K [0x00000000c0000000, 0x0000000100000000)
  region size 1024K, 31 young (31744K), 8 survivors (8192K)
 Metaspace       used 36969K, committed 38144K, reserved 1114112K
  class space    used 3842K, committed 4352K, reserved 1048576K

Heap Regions: E=young(eden), S=young(survivor), O=old, HS=humongous(starts), HC=humongous(continues), CS=collection set, F=free, TAMS=top-at-mark-start, PB=parsable bottom
|   0|0x00000000c0000000, 0x00000000c0100000, 0x00000000c0100000|100%| O|  |TAMS 0x00000000c0000000| PB 0x00000000c0000000| Untracked 
|   1|0x00000000c0100000, 0x00000000c0200000, 0x00000000c0200000|100%| O|  |TAMS 0x00000000c0100000| PB 0x00000000c0100000| Untracked 
|   2|0x00000000c0200000, 0x00000000c0200000, 0x00000000c0300000|  0%| F|  |TAMS 0x00000000c0200000| PB 0x00000000c0200000| Untracked 
|   3|0x00000000c0300000, 0x00000000c0400000, 0x00000000c0400000|100%| O|  |TAMS 0x00000000c0300000| PB 0x00000000c0300000| Untracked 
|   4|0x00000000c0400000, 0x00000000c0500000, 0x00000000c0500000|100%|HS|  |TAMS 0x00000000c0400000| PB 0x00000000c0400000| Complete 
|   5|0x00000000c0500000, 0x00000000c0600000, 0x00000000c0600000|100%|HS|  |TAMS 0x00000000c0500000| PB 0x00000000c0500000| Complete 
|   6|0x00000000c0600000, 0x00000000c0700000, 0x00000000c0700000|100%| O|  |TAMS 0x00000000c0600000| PB 0x00000000c0600000| Untracked 
|   7|0x00000000c0700000, 0x00000000c0800000, 0x00000000c0800000|100%| O|  |TAMS 0x00000000c0700000| PB 0x00000000c0700000| Untracked 
|   8|0x00000000c0800000, 0x00000000c0900000, 0x00000000c0900000|100%| O|  |TAMS 0x00000000c0800000| PB 0x00000000c0800000| Untracked 
|   9|0x00000000c0900000, 0x00000000c0a00000, 0x00000000c0a00000|100%| O|  |TAMS 0x00000000c0900000| PB 0x00000000c0900000| Untracked 
|  10|0x00000000c0a00000, 0x00000000c0b00000, 0x00000000c0b00000|100%| O|  |TAMS 0x00000000c0a00000| PB 0x00000000c0a00000| Untracked 
|  11|0x00000000c0b00000, 0x00000000c0c00000, 0x00000000c0c00000|100%| O|  |TAMS 0x00000000c0b00000| PB 0x00000000c0b00000| Untracked 
|  12|0x00000000c0c00000, 0x00000000c0d00000, 0x00000000c0d00000|100%| O|  |TAMS 0x00000000c0c00000| PB 0x00000000c0c00000| Untracked 
|  13|0x00000000c0d00000, 0x00000000c0e00000, 0x00000000c0e00000|100%| O|  |TAMS 0x00000000c0d00000| PB 0x00000000c0d00000| Untracked 
|  14|0x00000000c0e00000, 0x00000000c0f00000, 0x00000000c0f00000|100%| O|  |TAMS 0x00000000c0e00000| PB 0x00000000c0e00000| Untracked 
|  15|0x00000000c0f00000, 0x00000000c1000000, 0x00000000c1000000|100%| O|Cm|TAMS 0x00000000c0f00000| PB 0x00000000c0f00000| Complete 
|  16|0x00000000c1000000, 0x00000000c102dc08, 0x00000000c1100000| 17%| O|  |TAMS 0x00000000c1000000| PB 0x00000000c1000000| Untracked 
|  17|0x00000000c1100000, 0x00000000c1100000, 0x00000000c1200000|  0%| F|  |TAMS 0x00000000c1100000| PB 0x00000000c1100000| Untracked 
|  18|0x00000000c1200000, 0x00000000c1200000, 0x00000000c1300000|  0%| F|  |TAMS 0x00000000c1200000| PB 0x00000000c1200000| Untracked 
|  19|0x00000000c1300000, 0x00000000c1300000, 0x00000000c1400000|  0%| F|  |TAMS 0x00000000c1300000| PB 0x00000000c1300000| Untracked 
|  20|0x00000000c1400000, 0x00000000c1400000, 0x00000000c1500000|  0%| F|  |TAMS 0x00000000c1400000| PB 0x00000000c1400000| Untracked 
|  21|0x00000000c1500000, 0x00000000c1500000, 0x00000000c1600000|  0%| F|  |TAMS 0x00000000c1500000| PB 0x00000000c1500000| Untracked 
|  22|0x00000000c1600000, 0x00000000c1600000, 0x00000000c1700000|  0%| F|  |TAMS 0x00000000c1600000| PB 0x00000000c1600000| Untracked 
|  23|0x00000000c1700000, 0x00000000c1700000, 0x00000000c1800000|  0%| F|  |TAMS 0x00000000c1700000| PB 0x00000000c1700000| Untracked 
|  24|0x00000000c1800000, 0x00000000c1800000, 0x00000000c1900000|  0%| F|  |TAMS 0x00000000c1800000| PB 0x00000000c1800000| Untracked 
|  25|0x00000000c1900000, 0x00000000c1900000, 0x00000000c1a00000|  0%| F|  |TAMS 0x00000000c1900000| PB 0x00000000c1900000| Untracked 
|  26|0x00000000c1a00000, 0x00000000c1a00000, 0x00000000c1b00000|  0%| F|  |TAMS 0x00000000c1a00000| PB 0x00000000c1a00000| Untracked 
|  27|0x00000000c1b00000, 0x00000000c1b00000, 0x00000000c1c00000|  0%| F|  |TAMS 0x00000000c1b00000| PB 0x00000000c1b00000| Untracked 
|  28|0x00000000c1c00000, 0x00000000c1c00000, 0x00000000c1d00000|  0%| F|  |TAMS 0x00000000c1c00000| PB 0x00000000c1c00000| Untracked 
|  29|0x00000000c1d00000, 0x00000000c1d00000, 0x00000000c1e00000|  0%| F|  |TAMS 0x00000000c1d00000| PB 0x00000000c1d00000| Untracked 
|  30|0x00000000c1e00000, 0x00000000c1e00000, 0x00000000c1f00000|  0%| F|  |TAMS 0x00000000c1e00000| PB 0x00000000c1e00000| Untracked 
|  31|0x00000000c1f00000, 0x00000000c1f00000, 0x00000000c2000000|  0%| F|  |TAMS 0x00000000c1f00000| PB 0x00000000c1f00000| Untracked 
|  32|0x00000000c2000000, 0x00000000c2000000, 0x00000000c2100000|  0%| F|  |TAMS 0x00000000c2000000| PB 0x00000000c2000000| Untracked 
|  33|0x00000000c2100000, 0x00000000c2100000, 0x00000000c2200000|  0%| F|  |TAMS 0x00000000c2100000| PB 0x00000000c2100000| Untracked 
|  34|0x00000000c2200000, 0x00000000c2200000, 0x00000000c2300000|  0%| F|  |TAMS 0x00000000c2200000| PB 0x00000000c2200000| Untracked 
|  35|0x00000000c2300000, 0x00000000c2300000, 0x00000000c2400000|  0%| F|  |TAMS 0x00000000c2300000| PB 0x00000000c2300000| Untracked 
|  36|0x00000000c2400000, 0x00000000c2400000, 0x00000000c2500000|  0%| F|  |TAMS 0x00000000c2400000| PB 0x00000000c2400000| Untracked 
|  37|0x00000000c2500000, 0x00000000c2500000, 0x00000000c2600000|  0%| F|  |TAMS 0x00000000c2500000| PB 0x00000000c2500000| Untracked 
|  38|0x00000000c2600000, 0x00000000c2600000, 0x00000000c2700000|  0%| F|  |TAMS 0x00000000c2600000| PB 0x00000000c2600000| Untracked 
|  39|0x00000000c2700000, 0x00000000c2700000, 0x00000000c2800000|  0%| F|  |TAMS 0x00000000c2700000| PB 0x00000000c2700000| Untracked 
|  40|0x00000000c2800000, 0x00000000c2800000, 0x00000000c2900000|  0%| F|  |TAMS 0x00000000c2800000| PB 0x00000000c2800000| Untracked 
|  41|0x00000000c2900000, 0x00000000c2900000, 0x00000000c2a00000|  0%| F|  |TAMS 0x00000000c2900000| PB 0x00000000c2900000| Untracked 
|  42|0x00000000c2a00000, 0x00000000c2a00000, 0x00000000c2b00000|  0%| F|  |TAMS 0x00000000c2a00000| PB 0x00000000c2a00000| Untracked 
|  43|0x00000000c2b00000, 0x00000000c2b00000, 0x00000000c2c00000|  0%| F|  |TAMS 0x00000000c2b00000| PB 0x00000000c2b00000| Untracked 
|  44|0x00000000c2c00000, 0x00000000c2c00000, 0x00000000c2d00000|  0%| F|  |TAMS 0x00000000c2c00000| PB 0x00000000c2c00000| Untracked 
|  45|0x00000000c2d00000, 0x00000000c2d00000, 0x00000000c2e00000|  0%| F|  |TAMS 0x00000000c2d00000| PB 0x00000000c2d00000| Untracked 
|  46|0x00000000c2e00000, 0x00000000c2e00000, 0x00000000c2f00000|  0%| F|  |TAMS 0x00000000c2e00000| PB 0x00000000c2e00000| Untracked 
|  47|0x00000000c2f00000, 0x00000000c2f00000, 0x00000000c3000000|  0%| F|  |TAMS 0x00000000c2f00000| PB 0x00000000c2f00000| Untracked 
|  48|0x00000000c3000000, 0x00000000c3000000, 0x00000000c3100000|  0%| F|  |TAMS 0x00000000c3000000| PB 0x00000000c3000000| Untracked 
|  49|0x00000000c3100000, 0x00000000c3100000, 0x00000000c3200000|  0%| F|  |TAMS 0x00000000c3100000| PB 0x00000000c3100000| Untracked 
|  50|0x00000000c3200000, 0x00000000c3200000, 0x00000000c3300000|  0%| F|  |TAMS 0x00000000c3200000| PB 0x00000000c3200000| Untracked 
|  51|0x00000000c3300000, 0x00000000c3300000, 0x00000000c3400000|  0%| F|  |TAMS 0x00000000c3300000| PB 0x00000000c3300000| Untracked 
|  52|0x00000000c3400000, 0x00000000c3400000, 0x00000000c3500000|  0%| F|  |TAMS 0x00000000c3400000| PB 0x00000000c3400000| Untracked 
|  53|0x00000000c3500000, 0x00000000c3500000, 0x00000000c3600000|  0%| F|  |TAMS 0x00000000c3500000| PB 0x00000000c3500000| Untracked 
|  54|0x00000000c3600000, 0x00000000c3600000, 0x00000000c3700000|  0%| F|  |TAMS 0x00000000c3600000| PB 0x00000000c3600000| Untracked 
|  55|0x00000000c3700000, 0x00000000c3700000, 0x00000000c3800000|  0%| F|  |TAMS 0x00000000c3700000| PB 0x00000000c3700000| Untracked 
|  56|0x00000000c3800000, 0x00000000c3800000, 0x00000000c3900000|  0%| F|  |TAMS 0x00000000c3800000| PB 0x00000000c3800000| Untracked 
|  57|0x00000000c3900000, 0x00000000c3900000, 0x00000000c3a00000|  0%| F|  |TAMS 0x00000000c3900000| PB 0x00000000c3900000| Untracked 
|  58|0x00000000c3a00000, 0x00000000c3a00000, 0x00000000c3b00000|  0%| F|  |TAMS 0x00000000c3a00000| PB 0x00000000c3a00000| Untracked 
|  59|0x00000000c3b00000, 0x00000000c3b00000, 0x00000000c3c00000|  0%| F|  |TAMS 0x00000000c3b00000| PB 0x00000000c3b00000| Untracked 
|  60|0x00000000c3c00000, 0x00000000c3c00000, 0x00000000c3d00000|  0%| F|  |TAMS 0x00000000c3c00000| PB 0x00000000c3c00000| Untracked 
|  61|0x00000000c3d00000, 0x00000000c3d00000, 0x00000000c3e00000|  0%| F|  |TAMS 0x00000000c3d00000| PB 0x00000000c3d00000| Untracked 
|  62|0x00000000c3e00000, 0x00000000c3e00000, 0x00000000c3f00000|  0%| F|  |TAMS 0x00000000c3e00000| PB 0x00000000c3e00000| Untracked 
|  63|0x00000000c3f00000, 0x00000000c3f00000, 0x00000000c4000000|  0%| F|  |TAMS 0x00000000c3f00000| PB 0x00000000c3f00000| Untracked 
|  64|0x00000000c4000000, 0x00000000c4000000, 0x00000000c4100000|  0%| F|  |TAMS 0x00000000c4000000| PB 0x00000000c4000000| Untracked 
|  65|0x00000000c4100000, 0x00000000c4100000, 0x00000000c4200000|  0%| F|  |TAMS 0x00000000c4100000| PB 0x00000000c4100000| Untracked 
|  66|0x00000000c4200000, 0x00000000c4200000, 0x00000000c4300000|  0%| F|  |TAMS 0x00000000c4200000| PB 0x00000000c4200000| Untracked 
|  67|0x00000000c4300000, 0x00000000c4300000, 0x00000000c4400000|  0%| F|  |TAMS 0x00000000c4300000| PB 0x00000000c4300000| Untracked 
|  68|0x00000000c4400000, 0x00000000c4400000, 0x00000000c4500000|  0%| F|  |TAMS 0x00000000c4400000| PB 0x00000000c4400000| Untracked 
|  69|0x00000000c4500000, 0x00000000c4500000, 0x00000000c4600000|  0%| F|  |TAMS 0x00000000c4500000| PB 0x00000000c4500000| Untracked 
|  70|0x00000000c4600000, 0x00000000c4600000, 0x00000000c4700000|  0%| F|  |TAMS 0x00000000c4600000| PB 0x00000000c4600000| Untracked 
|  71|0x00000000c4700000, 0x00000000c4700000, 0x00000000c4800000|  0%| F|  |TAMS 0x00000000c4700000| PB 0x00000000c4700000| Untracked 
|  72|0x00000000c4800000, 0x00000000c4800000, 0x00000000c4900000|  0%| F|  |TAMS 0x00000000c4800000| PB 0x00000000c4800000| Untracked 
|  73|0x00000000c4900000, 0x00000000c4900000, 0x00000000c4a00000|  0%| F|  |TAMS 0x00000000c4900000| PB 0x00000000c4900000| Untracked 
|  74|0x00000000c4a00000, 0x00000000c4a00000, 0x00000000c4b00000|  0%| F|  |TAMS 0x00000000c4a00000| PB 0x00000000c4a00000| Untracked 
|  75|0x00000000c4b00000, 0x00000000c4b00000, 0x00000000c4c00000|  0%| F|  |TAMS 0x00000000c4b00000| PB 0x00000000c4b00000| Untracked 
|  76|0x00000000c4c00000, 0x00000000c4c00000, 0x00000000c4d00000|  0%| F|  |TAMS 0x00000000c4c00000| PB 0x00000000c4c00000| Untracked 
|  77|0x00000000c4d00000, 0x00000000c4d00000, 0x00000000c4e00000|  0%| F|  |TAMS 0x00000000c4d00000| PB 0x00000000c4d00000| Untracked 
|  78|0x00000000c4e00000, 0x00000000c4e00000, 0x00000000c4f00000|  0%| F|  |TAMS 0x00000000c4e00000| PB 0x00000000c4e00000| Untracked 
|  79|0x00000000c4f00000, 0x00000000c4f00000, 0x00000000c5000000|  0%| F|  |TAMS 0x00000000c4f00000| PB 0x00000000c4f00000| Untracked 
|  80|0x00000000c5000000, 0x00000000c5000000, 0x00000000c5100000|  0%| F|  |TAMS 0x00000000c5000000| PB 0x00000000c5000000| Untracked 
|  81|0x00000000c5100000, 0x00000000c5100000, 0x00000000c5200000|  0%| F|  |TAMS 0x00000000c5100000| PB 0x00000000c5100000| Untracked 
|  82|0x00000000c5200000, 0x00000000c5200000, 0x00000000c5300000|  0%| F|  |TAMS 0x00000000c5200000| PB 0x00000000c5200000| Untracked 
|  83|0x00000000c5300000, 0x00000000c5300000, 0x00000000c5400000|  0%| F|  |TAMS 0x00000000c5300000| PB 0x00000000c5300000| Untracked 
|  84|0x00000000c5400000, 0x00000000c5400000, 0x00000000c5500000|  0%| F|  |TAMS 0x00000000c5400000| PB 0x00000000c5400000| Untracked 
|  85|0x00000000c5500000, 0x00000000c5500000, 0x00000000c5600000|  0%| F|  |TAMS 0x00000000c5500000| PB 0x00000000c5500000| Untracked 
|  86|0x00000000c5600000, 0x00000000c5600000, 0x00000000c5700000|  0%| F|  |TAMS 0x00000000c5600000| PB 0x00000000c5600000| Untracked 
|  87|0x00000000c5700000, 0x00000000c5700000, 0x00000000c5800000|  0%| F|  |TAMS 0x00000000c5700000| PB 0x00000000c5700000| Untracked 
|  88|0x00000000c5800000, 0x00000000c5800000, 0x00000000c5900000|  0%| F|  |TAMS 0x00000000c5800000| PB 0x00000000c5800000| Untracked 
|  89|0x00000000c5900000, 0x00000000c5900000, 0x00000000c5a00000|  0%| F|  |TAMS 0x00000000c5900000| PB 0x00000000c5900000| Untracked 
|  90|0x00000000c5a00000, 0x00000000c5a00000, 0x00000000c5b00000|  0%| F|  |TAMS 0x00000000c5a00000| PB 0x00000000c5a00000| Untracked 
|  91|0x00000000c5b00000, 0x00000000c5b00000, 0x00000000c5c00000|  0%| F|  |TAMS 0x00000000c5b00000| PB 0x00000000c5b00000| Untracked 
|  92|0x00000000c5c00000, 0x00000000c5c00000, 0x00000000c5d00000|  0%| F|  |TAMS 0x00000000c5c00000| PB 0x00000000c5c00000| Untracked 
|  93|0x00000000c5d00000, 0x00000000c5d00000, 0x00000000c5e00000|  0%| F|  |TAMS 0x00000000c5d00000| PB 0x00000000c5d00000| Untracked 
|  94|0x00000000c5e00000, 0x00000000c5e00000, 0x00000000c5f00000|  0%| F|  |TAMS 0x00000000c5e00000| PB 0x00000000c5e00000| Untracked 
|  95|0x00000000c5f00000, 0x00000000c5f00000, 0x00000000c6000000|  0%| F|  |TAMS 0x00000000c5f00000| PB 0x00000000c5f00000| Untracked 
|  96|0x00000000c6000000, 0x00000000c6000000, 0x00000000c6100000|  0%| F|  |TAMS 0x00000000c6000000| PB 0x00000000c6000000| Untracked 
|  97|0x00000000c6100000, 0x00000000c6100000, 0x00000000c6200000|  0%| F|  |TAMS 0x00000000c6100000| PB 0x00000000c6100000| Untracked 
|  98|0x00000000c6200000, 0x00000000c6200000, 0x00000000c6300000|  0%| F|  |TAMS 0x00000000c6200000| PB 0x00000000c6200000| Untracked 
|  99|0x00000000c6300000, 0x00000000c6300000, 0x00000000c6400000|  0%| F|  |TAMS 0x00000000c6300000| PB 0x00000000c6300000| Untracked 
| 100|0x00000000c6400000, 0x00000000c6400000, 0x00000000c6500000|  0%| F|  |TAMS 0x00000000c6400000| PB 0x00000000c6400000| Untracked 
| 101|0x00000000c6500000, 0x00000000c6500000, 0x00000000c6600000|  0%| F|  |TAMS 0x00000000c6500000| PB 0x00000000c6500000| Untracked 
| 102|0x00000000c6600000, 0x00000000c6600000, 0x00000000c6700000|  0%| F|  |TAMS 0x00000000c6600000| PB 0x00000000c6600000| Untracked 
| 103|0x00000000c6700000, 0x00000000c6700000, 0x00000000c6800000|  0%| F|  |TAMS 0x00000000c6700000| PB 0x00000000c6700000| Untracked 
| 104|0x00000000c6800000, 0x00000000c6800000, 0x00000000c6900000|  0%| F|  |TAMS 0x00000000c6800000| PB 0x00000000c6800000| Untracked 
| 105|0x00000000c6900000, 0x00000000c6900000, 0x00000000c6a00000|  0%| F|  |TAMS 0x00000000c6900000| PB 0x00000000c6900000| Untracked 
| 106|0x00000000c6a00000, 0x00000000c6a00000, 0x00000000c6b00000|  0%| F|  |TAMS 0x00000000c6a00000| PB 0x00000000c6a00000| Untracked 
| 107|0x00000000c6b00000, 0x00000000c6b00000, 0x00000000c6c00000|  0%| F|  |TAMS 0x00000000c6b00000| PB 0x00000000c6b00000| Untracked 
| 108|0x00000000c6c00000, 0x00000000c6c00000, 0x00000000c6d00000|  0%| F|  |TAMS 0x00000000c6c00000| PB 0x00000000c6c00000| Untracked 
| 109|0x00000000c6d00000, 0x00000000c6d00000, 0x00000000c6e00000|  0%| F|  |TAMS 0x00000000c6d00000| PB 0x00000000c6d00000| Untracked 
| 110|0x00000000c6e00000, 0x00000000c6e00000, 0x00000000c6f00000|  0%| F|  |TAMS 0x00000000c6e00000| PB 0x00000000c6e00000| Untracked 
| 111|0x00000000c6f00000, 0x00000000c6f00000, 0x00000000c7000000|  0%| F|  |TAMS 0x00000000c6f00000| PB 0x00000000c6f00000| Untracked 
| 112|0x00000000c7000000, 0x00000000c7000000, 0x00000000c7100000|  0%| F|  |TAMS 0x00000000c7000000| PB 0x00000000c7000000| Untracked 
| 113|0x00000000c7100000, 0x00000000c7100000, 0x00000000c7200000|  0%| F|  |TAMS 0x00000000c7100000| PB 0x00000000c7100000| Untracked 
| 114|0x00000000c7200000, 0x00000000c7200000, 0x00000000c7300000|  0%| F|  |TAMS 0x00000000c7200000| PB 0x00000000c7200000| Untracked 
| 115|0x00000000c7300000, 0x00000000c7300000, 0x00000000c7400000|  0%| F|  |TAMS 0x00000000c7300000| PB 0x00000000c7300000| Untracked 
| 116|0x00000000c7400000, 0x00000000c7400000, 0x00000000c7500000|  0%| F|  |TAMS 0x00000000c7400000| PB 0x00000000c7400000| Untracked 
| 117|0x00000000c7500000, 0x00000000c7500000, 0x00000000c7600000|  0%| F|  |TAMS 0x00000000c7500000| PB 0x00000000c7500000| Untracked 
| 118|0x00000000c7600000, 0x00000000c7600000, 0x00000000c7700000|  0%| F|  |TAMS 0x00000000c7600000| PB 0x00000000c7600000| Untracked 
| 119|0x00000000c7700000, 0x00000000c7700000, 0x00000000c7800000|  0%| F|  |TAMS 0x00000000c7700000| PB 0x00000000c7700000| Untracked 
| 120|0x00000000c7800000, 0x00000000c7800000, 0x00000000c7900000|  0%| F|  |TAMS 0x00000000c7800000| PB 0x00000000c7800000| Untracked 
| 121|0x00000000c7900000, 0x00000000c7900000, 0x00000000c7a00000|  0%| F|  |TAMS 0x00000000c7900000| PB 0x00000000c7900000| Untracked 
| 122|0x00000000c7a00000, 0x00000000c7a00000, 0x00000000c7b00000|  0%| F|  |TAMS 0x00000000c7a00000| PB 0x00000000c7a00000| Untracked 
| 123|0x00000000c7b00000, 0x00000000c7b00000, 0x00000000c7c00000|  0%| F|  |TAMS 0x00000000c7b00000| PB 0x00000000c7b00000| Untracked 
| 124|0x00000000c7c00000, 0x00000000c7c00000, 0x00000000c7d00000|  0%| F|  |TAMS 0x00000000c7c00000| PB 0x00000000c7c00000| Untracked 
| 125|0x00000000c7d00000, 0x00000000c7d00000, 0x00000000c7e00000|  0%| F|  |TAMS 0x00000000c7d00000| PB 0x00000000c7d00000| Untracked 
| 126|0x00000000c7e00000, 0x00000000c7e00000, 0x00000000c7f00000|  0%| F|  |TAMS 0x00000000c7e00000| PB 0x00000000c7e00000| Untracked 
| 127|0x00000000c7f00000, 0x00000000c7f00000, 0x00000000c8000000|  0%| F|  |TAMS 0x00000000c7f00000| PB 0x00000000c7f00000| Untracked 
| 128|0x00000000c8000000, 0x00000000c8000000, 0x00000000c8100000|  0%| F|  |TAMS 0x00000000c8000000| PB 0x00000000c8000000| Untracked 
| 129|0x00000000c8100000, 0x00000000c8100000, 0x00000000c8200000|  0%| F|  |TAMS 0x00000000c8100000| PB 0x00000000c8100000| Untracked 
| 130|0x00000000c8200000, 0x00000000c8200000, 0x00000000c8300000|  0%| F|  |TAMS 0x00000000c8200000| PB 0x00000000c8200000| Untracked 
| 131|0x00000000c8300000, 0x00000000c8300000, 0x00000000c8400000|  0%| F|  |TAMS 0x00000000c8300000| PB 0x00000000c8300000| Untracked 
| 132|0x00000000c8400000, 0x00000000c8400000, 0x00000000c8500000|  0%| F|  |TAMS 0x00000000c8400000| PB 0x00000000c8400000| Untracked 
| 133|0x00000000c8500000, 0x00000000c8500000, 0x00000000c8600000|  0%| F|  |TAMS 0x00000000c8500000| PB 0x00000000c8500000| Untracked 
| 134|0x00000000c8600000, 0x00000000c8600000, 0x00000000c8700000|  0%| F|  |TAMS 0x00000000c8600000| PB 0x00000000c8600000| Untracked 
| 135|0x00000000c8700000, 0x00000000c8700000, 0x00000000c8800000|  0%| F|  |TAMS 0x00000000c8700000| PB 0x00000000c8700000| Untracked 
| 136|0x00000000c8800000, 0x00000000c8800000, 0x00000000c8900000|  0%| F|  |TAMS 0x00000000c8800000| PB 0x00000000c8800000| Untracked 
| 137|0x00000000c8900000, 0x00000000c8900000, 0x00000000c8a00000|  0%| F|  |TAMS 0x00000000c8900000| PB 0x00000000c8900000| Untracked 
| 138|0x00000000c8a00000, 0x00000000c8a00000, 0x00000000c8b00000|  0%| F|  |TAMS 0x00000000c8a00000| PB 0x00000000c8a00000| Untracked 
| 139|0x00000000c8b00000, 0x00000000c8b00000, 0x00000000c8c00000|  0%| F|  |TAMS 0x00000000c8b00000| PB 0x00000000c8b00000| Untracked 
| 140|0x00000000c8c00000, 0x00000000c8c00000, 0x00000000c8d00000|  0%| F|  |TAMS 0x00000000c8c00000| PB 0x00000000c8c00000| Untracked 
| 141|0x00000000c8d00000, 0x00000000c8d00000, 0x00000000c8e00000|  0%| F|  |TAMS 0x00000000c8d00000| PB 0x00000000c8d00000| Untracked 
| 142|0x00000000c8e00000, 0x00000000c8e00000, 0x00000000c8f00000|  0%| F|  |TAMS 0x00000000c8e00000| PB 0x00000000c8e00000| Untracked 
| 143|0x00000000c8f00000, 0x00000000c8f00000, 0x00000000c9000000|  0%| F|  |TAMS 0x00000000c8f00000| PB 0x00000000c8f00000| Untracked 
| 144|0x00000000c9000000, 0x00000000c9000000, 0x00000000c9100000|  0%| F|  |TAMS 0x00000000c9000000| PB 0x00000000c9000000| Untracked 
| 145|0x00000000c9100000, 0x00000000c9100000, 0x00000000c9200000|  0%| F|  |TAMS 0x00000000c9100000| PB 0x00000000c9100000| Untracked 
| 146|0x00000000c9200000, 0x00000000c9200000, 0x00000000c9300000|  0%| F|  |TAMS 0x00000000c9200000| PB 0x00000000c9200000| Untracked 
| 147|0x00000000c9300000, 0x00000000c9300000, 0x00000000c9400000|  0%| F|  |TAMS 0x00000000c9300000| PB 0x00000000c9300000| Untracked 
| 148|0x00000000c9400000, 0x00000000c9400000, 0x00000000c9500000|  0%| F|  |TAMS 0x00000000c9400000| PB 0x00000000c9400000| Untracked 
| 149|0x00000000c9500000, 0x00000000c9500000, 0x00000000c9600000|  0%| F|  |TAMS 0x00000000c9500000| PB 0x00000000c9500000| Untracked 
| 150|0x00000000c9600000, 0x00000000c9600000, 0x00000000c9700000|  0%| F|  |TAMS 0x00000000c9600000| PB 0x00000000c9600000| Untracked 
| 151|0x00000000c9700000, 0x00000000c9700000, 0x00000000c9800000|  0%| F|  |TAMS 0x00000000c9700000| PB 0x00000000c9700000| Untracked 
| 152|0x00000000c9800000, 0x00000000c9800000, 0x00000000c9900000|  0%| F|  |TAMS 0x00000000c9800000| PB 0x00000000c9800000| Untracked 
| 153|0x00000000c9900000, 0x00000000c9900000, 0x00000000c9a00000|  0%| F|  |TAMS 0x00000000c9900000| PB 0x00000000c9900000| Untracked 
| 154|0x00000000c9a00000, 0x00000000c9a00000, 0x00000000c9b00000|  0%| F|  |TAMS 0x00000000c9a00000| PB 0x00000000c9a00000| Untracked 
| 155|0x00000000c9b00000, 0x00000000c9b00000, 0x00000000c9c00000|  0%| F|  |TAMS 0x00000000c9b00000| PB 0x00000000c9b00000| Untracked 
| 156|0x00000000c9c00000, 0x00000000c9c00000, 0x00000000c9d00000|  0%| F|  |TAMS 0x00000000c9c00000| PB 0x00000000c9c00000| Untracked 
| 157|0x00000000c9d00000, 0x00000000c9d00000, 0x00000000c9e00000|  0%| F|  |TAMS 0x00000000c9d00000| PB 0x00000000c9d00000| Untracked 
| 158|0x00000000c9e00000, 0x00000000c9e00000, 0x00000000c9f00000|  0%| F|  |TAMS 0x00000000c9e00000| PB 0x00000000c9e00000| Untracked 
| 159|0x00000000c9f00000, 0x00000000c9f00000, 0x00000000ca000000|  0%| F|  |TAMS 0x00000000c9f00000| PB 0x00000000c9f00000| Untracked 
| 160|0x00000000ca000000, 0x00000000ca000000, 0x00000000ca100000|  0%| F|  |TAMS 0x00000000ca000000| PB 0x00000000ca000000| Untracked 
| 161|0x00000000ca100000, 0x00000000ca100000, 0x00000000ca200000|  0%| F|  |TAMS 0x00000000ca100000| PB 0x00000000ca100000| Untracked 
| 162|0x00000000ca200000, 0x00000000ca200000, 0x00000000ca300000|  0%| F|  |TAMS 0x00000000ca200000| PB 0x00000000ca200000| Untracked 
| 163|0x00000000ca300000, 0x00000000ca300000, 0x00000000ca400000|  0%| F|  |TAMS 0x00000000ca300000| PB 0x00000000ca300000| Untracked 
| 164|0x00000000ca400000, 0x00000000ca400000, 0x00000000ca500000|  0%| F|  |TAMS 0x00000000ca400000| PB 0x00000000ca400000| Untracked 
| 165|0x00000000ca500000, 0x00000000ca500000, 0x00000000ca600000|  0%| F|  |TAMS 0x00000000ca500000| PB 0x00000000ca500000| Untracked 
| 166|0x00000000ca600000, 0x00000000ca600000, 0x00000000ca700000|  0%| F|  |TAMS 0x00000000ca600000| PB 0x00000000ca600000| Untracked 
| 167|0x00000000ca700000, 0x00000000ca700000, 0x00000000ca800000|  0%| F|  |TAMS 0x00000000ca700000| PB 0x00000000ca700000| Untracked 
| 168|0x00000000ca800000, 0x00000000ca800000, 0x00000000ca900000|  0%| F|  |TAMS 0x00000000ca800000| PB 0x00000000ca800000| Untracked 
| 169|0x00000000ca900000, 0x00000000ca900000, 0x00000000caa00000|  0%| F|  |TAMS 0x00000000ca900000| PB 0x00000000ca900000| Untracked 
| 170|0x00000000caa00000, 0x00000000caa00000, 0x00000000cab00000|  0%| F|  |TAMS 0x00000000caa00000| PB 0x00000000caa00000| Untracked 
| 171|0x00000000cab00000, 0x00000000cab00000, 0x00000000cac00000|  0%| F|  |TAMS 0x00000000cab00000| PB 0x00000000cab00000| Untracked 
| 172|0x00000000cac00000, 0x00000000cac00000, 0x00000000cad00000|  0%| F|  |TAMS 0x00000000cac00000| PB 0x00000000cac00000| Untracked 
| 173|0x00000000cad00000, 0x00000000cad00000, 0x00000000cae00000|  0%| F|  |TAMS 0x00000000cad00000| PB 0x00000000cad00000| Untracked 
| 174|0x00000000cae00000, 0x00000000cae00000, 0x00000000caf00000|  0%| F|  |TAMS 0x00000000cae00000| PB 0x00000000cae00000| Untracked 
| 175|0x00000000caf00000, 0x00000000caf00000, 0x00000000cb000000|  0%| F|  |TAMS 0x00000000caf00000| PB 0x00000000caf00000| Untracked 
| 176|0x00000000cb000000, 0x00000000cb000000, 0x00000000cb100000|  0%| F|  |TAMS 0x00000000cb000000| PB 0x00000000cb000000| Untracked 
| 177|0x00000000cb100000, 0x00000000cb100000, 0x00000000cb200000|  0%| F|  |TAMS 0x00000000cb100000| PB 0x00000000cb100000| Untracked 
| 178|0x00000000cb200000, 0x00000000cb200000, 0x00000000cb300000|  0%| F|  |TAMS 0x00000000cb200000| PB 0x00000000cb200000| Untracked 
| 179|0x00000000cb300000, 0x00000000cb300000, 0x00000000cb400000|  0%| F|  |TAMS 0x00000000cb300000| PB 0x00000000cb300000| Untracked 
| 180|0x00000000cb400000, 0x00000000cb400000, 0x00000000cb500000|  0%| F|  |TAMS 0x00000000cb400000| PB 0x00000000cb400000| Untracked 
| 181|0x00000000cb500000, 0x00000000cb500000, 0x00000000cb600000|  0%| F|  |TAMS 0x00000000cb500000| PB 0x00000000cb500000| Untracked 
| 182|0x00000000cb600000, 0x00000000cb600000, 0x00000000cb700000|  0%| F|  |TAMS 0x00000000cb600000| PB 0x00000000cb600000| Untracked 
| 183|0x00000000cb700000, 0x00000000cb700000, 0x00000000cb800000|  0%| F|  |TAMS 0x00000000cb700000| PB 0x00000000cb700000| Untracked 
| 184|0x00000000cb800000, 0x00000000cb800000, 0x00000000cb900000|  0%| F|  |TAMS 0x00000000cb800000| PB 0x00000000cb800000| Untracked 
| 185|0x00000000cb900000, 0x00000000cb900000, 0x00000000cba00000|  0%| F|  |TAMS 0x00000000cb900000| PB 0x00000000cb900000| Untracked 
| 186|0x00000000cba00000, 0x00000000cba00000, 0x00000000cbb00000|  0%| F|  |TAMS 0x00000000cba00000| PB 0x00000000cba00000| Untracked 
| 187|0x00000000cbb00000, 0x00000000cbb00000, 0x00000000cbc00000|  0%| F|  |TAMS 0x00000000cbb00000| PB 0x00000000cbb00000| Untracked 
| 188|0x00000000cbc00000, 0x00000000cbc00000, 0x00000000cbd00000|  0%| F|  |TAMS 0x00000000cbc00000| PB 0x00000000cbc00000| Untracked 
| 189|0x00000000cbd00000, 0x00000000cbd00000, 0x00000000cbe00000|  0%| F|  |TAMS 0x00000000cbd00000| PB 0x00000000cbd00000| Untracked 
| 190|0x00000000cbe00000, 0x00000000cbe00000, 0x00000000cbf00000|  0%| F|  |TAMS 0x00000000cbe00000| PB 0x00000000cbe00000| Untracked 
| 191|0x00000000cbf00000, 0x00000000cbf00000, 0x00000000cc000000|  0%| F|  |TAMS 0x00000000cbf00000| PB 0x00000000cbf00000| Untracked 
| 192|0x00000000cc000000, 0x00000000cc000000, 0x00000000cc100000|  0%| F|  |TAMS 0x00000000cc000000| PB 0x00000000cc000000| Untracked 
| 193|0x00000000cc100000, 0x00000000cc100000, 0x00000000cc200000|  0%| F|  |TAMS 0x00000000cc100000| PB 0x00000000cc100000| Untracked 
| 194|0x00000000cc200000, 0x00000000cc200000, 0x00000000cc300000|  0%| F|  |TAMS 0x00000000cc200000| PB 0x00000000cc200000| Untracked 
| 195|0x00000000cc300000, 0x00000000cc300000, 0x00000000cc400000|  0%| F|  |TAMS 0x00000000cc300000| PB 0x00000000cc300000| Untracked 
| 196|0x00000000cc400000, 0x00000000cc400000, 0x00000000cc500000|  0%| F|  |TAMS 0x00000000cc400000| PB 0x00000000cc400000| Untracked 
| 197|0x00000000cc500000, 0x00000000cc500000, 0x00000000cc600000|  0%| F|  |TAMS 0x00000000cc500000| PB 0x00000000cc500000| Untracked 
| 198|0x00000000cc600000, 0x00000000cc600000, 0x00000000cc700000|  0%| F|  |TAMS 0x00000000cc600000| PB 0x00000000cc600000| Untracked 
| 199|0x00000000cc700000, 0x00000000cc700000, 0x00000000cc800000|  0%| F|  |TAMS 0x00000000cc700000| PB 0x00000000cc700000| Untracked 
| 200|0x00000000cc800000, 0x00000000cc800000, 0x00000000cc900000|  0%| F|  |TAMS 0x00000000cc800000| PB 0x00000000cc800000| Untracked 
| 201|0x00000000cc900000, 0x00000000cc900000, 0x00000000cca00000|  0%| F|  |TAMS 0x00000000cc900000| PB 0x00000000cc900000| Untracked 
| 202|0x00000000cca00000, 0x00000000cca00000, 0x00000000ccb00000|  0%| F|  |TAMS 0x00000000cca00000| PB 0x00000000cca00000| Untracked 
| 203|0x00000000ccb00000, 0x00000000ccb00000, 0x00000000ccc00000|  0%| F|  |TAMS 0x00000000ccb00000| PB 0x00000000ccb00000| Untracked 
| 204|0x00000000ccc00000, 0x00000000ccc00000, 0x00000000ccd00000|  0%| F|  |TAMS 0x00000000ccc00000| PB 0x00000000ccc00000| Untracked 
| 205|0x00000000ccd00000, 0x00000000ccd00000, 0x00000000cce00000|  0%| F|  |TAMS 0x00000000ccd00000| PB 0x00000000ccd00000| Untracked 
| 206|0x00000000cce00000, 0x00000000cce00000, 0x00000000ccf00000|  0%| F|  |TAMS 0x00000000cce00000| PB 0x00000000cce00000| Untracked 
| 207|0x00000000ccf00000, 0x00000000ccf00000, 0x00000000cd000000|  0%| F|  |TAMS 0x00000000ccf00000| PB 0x00000000ccf00000| Untracked 
| 208|0x00000000cd000000, 0x00000000cd000000, 0x00000000cd100000|  0%| F|  |TAMS 0x00000000cd000000| PB 0x00000000cd000000| Untracked 
| 209|0x00000000cd100000, 0x00000000cd100000, 0x00000000cd200000|  0%| F|  |TAMS 0x00000000cd100000| PB 0x00000000cd100000| Untracked 
| 210|0x00000000cd200000, 0x00000000cd200000, 0x00000000cd300000|  0%| F|  |TAMS 0x00000000cd200000| PB 0x00000000cd200000| Untracked 
| 211|0x00000000cd300000, 0x00000000cd300000, 0x00000000cd400000|  0%| F|  |TAMS 0x00000000cd300000| PB 0x00000000cd300000| Untracked 
| 212|0x00000000cd400000, 0x00000000cd400000, 0x00000000cd500000|  0%| F|  |TAMS 0x00000000cd400000| PB 0x00000000cd400000| Untracked 
| 213|0x00000000cd500000, 0x00000000cd500000, 0x00000000cd600000|  0%| F|  |TAMS 0x00000000cd500000| PB 0x00000000cd500000| Untracked 
| 214|0x00000000cd600000, 0x00000000cd600000, 0x00000000cd700000|  0%| F|  |TAMS 0x00000000cd600000| PB 0x00000000cd600000| Untracked 
| 215|0x00000000cd700000, 0x00000000cd700000, 0x00000000cd800000|  0%| F|  |TAMS 0x00000000cd700000| PB 0x00000000cd700000| Untracked 
| 216|0x00000000cd800000, 0x00000000cd800000, 0x00000000cd900000|  0%| F|  |TAMS 0x00000000cd800000| PB 0x00000000cd800000| Untracked 
| 217|0x00000000cd900000, 0x00000000cd900000, 0x00000000cda00000|  0%| F|  |TAMS 0x00000000cd900000| PB 0x00000000cd900000| Untracked 
| 218|0x00000000cda00000, 0x00000000cda00000, 0x00000000cdb00000|  0%| F|  |TAMS 0x00000000cda00000| PB 0x00000000cda00000| Untracked 
| 219|0x00000000cdb00000, 0x00000000cdb00000, 0x00000000cdc00000|  0%| F|  |TAMS 0x00000000cdb00000| PB 0x00000000cdb00000| Untracked 
| 220|0x00000000cdc00000, 0x00000000cdc00000, 0x00000000cdd00000|  0%| F|  |TAMS 0x00000000cdc00000| PB 0x00000000cdc00000| Untracked 
| 221|0x00000000cdd00000, 0x00000000cdd00000, 0x00000000cde00000|  0%| F|  |TAMS 0x00000000cdd00000| PB 0x00000000cdd00000| Untracked 
| 222|0x00000000cde00000, 0x00000000cde00000, 0x00000000cdf00000|  0%| F|  |TAMS 0x00000000cde00000| PB 0x00000000cde00000| Untracked 
| 223|0x00000000cdf00000, 0x00000000cdf00000, 0x00000000ce000000|  0%| F|  |TAMS 0x00000000cdf00000| PB 0x00000000cdf00000| Untracked 
| 224|0x00000000ce000000, 0x00000000ce000000, 0x00000000ce100000|  0%| F|  |TAMS 0x00000000ce000000| PB 0x00000000ce000000| Untracked 
| 225|0x00000000ce100000, 0x00000000ce1a7690, 0x00000000ce200000| 65%| E|  |TAMS 0x00000000ce100000| PB 0x00000000ce100000| Complete 
| 226|0x00000000ce200000, 0x00000000ce300000, 0x00000000ce300000|100%| E|CS|TAMS 0x00000000ce200000| PB 0x00000000ce200000| Complete 
| 227|0x00000000ce300000, 0x00000000ce400000, 0x00000000ce400000|100%| E|CS|TAMS 0x00000000ce300000| PB 0x00000000ce300000| Complete 
| 228|0x00000000ce400000, 0x00000000ce500000, 0x00000000ce500000|100%| E|CS|TAMS 0x00000000ce400000| PB 0x00000000ce400000| Complete 
| 229|0x00000000ce500000, 0x00000000ce600000, 0x00000000ce600000|100%| E|CS|TAMS 0x00000000ce500000| PB 0x00000000ce500000| Complete 
| 230|0x00000000ce600000, 0x00000000ce700000, 0x00000000ce700000|100%| E|CS|TAMS 0x00000000ce600000| PB 0x00000000ce600000| Complete 
| 231|0x00000000ce700000, 0x00000000ce800000, 0x00000000ce800000|100%| E|CS|TAMS 0x00000000ce700000| PB 0x00000000ce700000| Complete 
| 232|0x00000000ce800000, 0x00000000ce900000, 0x00000000ce900000|100%| E|CS|TAMS 0x00000000ce800000| PB 0x00000000ce800000| Complete 
| 233|0x00000000ce900000, 0x00000000cea00000, 0x00000000cea00000|100%| E|CS|TAMS 0x00000000ce900000| PB 0x00000000ce900000| Complete 
| 234|0x00000000cea00000, 0x00000000ceb00000, 0x00000000ceb00000|100%| E|CS|TAMS 0x00000000cea00000| PB 0x00000000cea00000| Complete 
| 235|0x00000000ceb00000, 0x00000000cec00000, 0x00000000cec00000|100%| E|CS|TAMS 0x00000000ceb00000| PB 0x00000000ceb00000| Complete 
| 236|0x00000000cec00000, 0x00000000ced00000, 0x00000000ced00000|100%| E|CS|TAMS 0x00000000cec00000| PB 0x00000000cec00000| Complete 
| 237|0x00000000ced00000, 0x00000000ced6ea20, 0x00000000cee00000| 43%| S|CS|TAMS 0x00000000ced00000| PB 0x00000000ced00000| Complete 
| 238|0x00000000cee00000, 0x00000000cef00000, 0x00000000cef00000|100%| E|CS|TAMS 0x00000000cee00000| PB 0x00000000cee00000| Complete 
| 239|0x00000000cef00000, 0x00000000cf000000, 0x00000000cf000000|100%| E|CS|TAMS 0x00000000cef00000| PB 0x00000000cef00000| Complete 
| 240|0x00000000cf000000, 0x00000000cf100000, 0x00000000cf100000|100%| E|CS|TAMS 0x00000000cf000000| PB 0x00000000cf000000| Complete 
| 241|0x00000000cf100000, 0x00000000cf200000, 0x00000000cf200000|100%| E|CS|TAMS 0x00000000cf100000| PB 0x00000000cf100000| Complete 
| 242|0x00000000cf200000, 0x00000000cf300000, 0x00000000cf300000|100%| E|CS|TAMS 0x00000000cf200000| PB 0x00000000cf200000| Complete 
| 243|0x00000000cf300000, 0x00000000cf400000, 0x00000000cf400000|100%| E|CS|TAMS 0x00000000cf300000| PB 0x00000000cf300000| Complete 
| 244|0x00000000cf400000, 0x00000000cf500000, 0x00000000cf500000|100%| E|  |TAMS 0x00000000cf400000| PB 0x00000000cf400000| Complete 
| 245|0x00000000cf500000, 0x00000000cf600000, 0x00000000cf600000|100%| E|CS|TAMS 0x00000000cf500000| PB 0x00000000cf500000| Complete 
| 246|0x00000000cf600000, 0x00000000cf700000, 0x00000000cf700000|100%| S|CS|TAMS 0x00000000cf600000| PB 0x00000000cf600000| Complete 
| 247|0x00000000cf700000, 0x00000000cf800000, 0x00000000cf800000|100%| S|CS|TAMS 0x00000000cf700000| PB 0x00000000cf700000| Complete 
| 248|0x00000000cf800000, 0x00000000cf900000, 0x00000000cf900000|100%| S|CS|TAMS 0x00000000cf800000| PB 0x00000000cf800000| Complete 
| 249|0x00000000cf900000, 0x00000000cfa00000, 0x00000000cfa00000|100%| S|CS|TAMS 0x00000000cf900000| PB 0x00000000cf900000| Complete 
| 250|0x00000000cfa00000, 0x00000000cfb00000, 0x00000000cfb00000|100%| S|CS|TAMS 0x00000000cfa00000| PB 0x00000000cfa00000| Complete 
| 251|0x00000000cfb00000, 0x00000000cfc00000, 0x00000000cfc00000|100%| S|CS|TAMS 0x00000000cfb00000| PB 0x00000000cfb00000| Complete 
| 252|0x00000000cfc00000, 0x00000000cfd00000, 0x00000000cfd00000|100%| S|CS|TAMS 0x00000000cfc00000| PB 0x00000000cfc00000| Complete 
| 253|0x00000000cfd00000, 0x00000000cfe00000, 0x00000000cfe00000|100%| E|CS|TAMS 0x00000000cfd00000| PB 0x00000000cfd00000| Complete 
| 254|0x00000000cfe00000, 0x00000000cff00000, 0x00000000cff00000|100%| E|CS|TAMS 0x00000000cfe00000| PB 0x00000000cfe00000| Complete 
| 255|0x00000000cff00000, 0x00000000d0000000, 0x00000000d0000000|100%| E|CS|TAMS 0x00000000cff00000| PB 0x00000000cff00000| Complete 

Card table byte_map: [0x0000019efd3e0000,0x0000019efd5e0000] _byte_map_base: 0x0000019efcde0000

Marking Bits: (CMBitMap*) 0x0000019eea791bc0
 Bits: [0x0000019efd5e0000, 0x0000019efe5e0000)

Polling page: 0x0000019ee8540000

Metaspace:

Usage:
  Non-class:     32.36 MB used.
      Class:      3.75 MB used.
       Both:     36.11 MB used.

Virtual space:
  Non-class space:       64.00 MB reserved,      33.00 MB ( 52%) committed,  1 nodes.
      Class space:        1.00 GB reserved,       4.25 MB ( <1%) committed,  1 nodes.
             Both:        1.06 GB reserved,      37.25 MB (  3%) committed. 

Chunk freelists:
   Non-Class:  15.06 MB
       Class:  11.76 MB
        Both:  26.82 MB

MaxMetaspaceSize: unlimited
CompressedClassSpaceSize: 1.00 GB
Initial GC threshold: 21.00 MB
Current GC threshold: 59.19 MB
CDS: on
 - commit_granule_bytes: 65536.
 - commit_granule_words: 8192.
 - virtual_space_node_default_size: 8388608.
 - enlarge_chunks_in_place: 1.
 - use_allocation_guard: 0.


Internal statistics:

num_allocs_failed_limit: 9.
num_arena_births: 906.
num_arena_deaths: 14.
num_vsnodes_births: 2.
num_vsnodes_deaths: 0.
num_space_committed: 596.
num_space_uncommitted: 0.
num_chunks_returned_to_freelist: 23.
num_chunks_taken_from_freelist: 2610.
num_chunk_merges: 8.
num_chunk_splits: 1563.
num_chunks_enlarged: 800.
num_inconsistent_stats: 0.

CodeHeap 'non-profiled nmethods': size=119168Kb used=2744Kb max_used=3115Kb free=116423Kb
 bounds [0x0000019ef54f0000, 0x0000019ef5800000, 0x0000019efc950000]
CodeHeap 'profiled nmethods': size=119104Kb used=12309Kb max_used=13348Kb free=106794Kb
 bounds [0x0000019eed950000, 0x0000019eee670000, 0x0000019ef4da0000]
CodeHeap 'non-nmethods': size=7488Kb used=2104Kb max_used=3263Kb free=5383Kb
 bounds [0x0000019ef4da0000, 0x0000019ef5140000, 0x0000019ef54f0000]
CodeCache: size=245760Kb, used=17157Kb, max_used=19726Kb, free=228600Kb
 total_blobs=6142, nmethods=5490, adapters=553, full_count=0
Compilation: enabled, stopped_count=0, restarted_count=0

Compilation events (20 events):
Event: 23.442 Thread 0x0000019eff60fe40 6095  s    3       org.eclipse.core.internal.jobs.OrderedLock::attempt (50 bytes)
Event: 25.474 Thread 0x0000019eff60fe40 nmethod 6095 0x0000019eedc58090 code [0x0000019eedc58260, 0x0000019eedc58680]
Event: 25.476 Thread 0x0000019ec8f56f80 nmethod 6094 0x0000019eedaea590 code [0x0000019eedaea7a0, 0x0000019eedaeaf98]
Event: 25.477 Thread 0x0000019ec8f56f80 6096       3       java.util.concurrent.locks.AbstractQueuedSynchronizer$Node::setPrevRelaxed (12 bytes)
Event: 25.479 Thread 0x0000019ec8f56f80 nmethod 6096 0x0000019eedb70290 code [0x0000019eedb70420, 0x0000019eedb70580]
Event: 25.481 Thread 0x0000019eff60fe40 6098       1       org.eclipse.core.internal.resources.BuildConfiguration::getProject (5 bytes)
Event: 25.482 Thread 0x0000019ec8f56f80 6099       3       java.util.Comparator$$Lambda/0x0000019e83023128::compare (14 bytes)
Event: 25.482 Thread 0x0000019eff60fe40 nmethod 6098 0x0000019ef5585910 code [0x0000019ef5585aa0, 0x0000019ef5585b68]
Event: 25.483 Thread 0x0000019eff60fe40 6100       3       java.util.Comparator::lambda$comparing$ea9a8b3a$1 (21 bytes)
Event: 25.484 Thread 0x0000019ec8f56f80 nmethod 6099 0x0000019eedd0b310 code [0x0000019eedd0b4e0, 0x0000019eedd0b8d0]
Event: 25.484 Thread 0x0000019ec96b0d70 nmethod 6048 0x0000019ef552a590 code [0x0000019ef552a800, 0x0000019ef552b170]
Event: 25.534 Thread 0x0000019ec8f56f80 6102       3       java.util.concurrent.locks.AbstractQueuedSynchronizer::cleanQueue (174 bytes)
Event: 26.484 Thread 0x0000019eff60fe40 nmethod 6100 0x0000019eedd0ac90 code [0x0000019eedd0ae60, 0x0000019eedd0b1d0]
Event: 26.484 Thread 0x0000019eff60fe40 6101       3       java.util.concurrent.locks.AbstractQueuedSynchronizer::cancelAcquire (45 bytes)
Event: 26.485 Thread 0x0000019ec96b0d70 6097       4       org.eclipse.core.runtime.Path::segment (17 bytes)
Event: 26.485 Thread 0x0000019eff60fe40 nmethod 6101 0x0000019eed963490 code [0x0000019eed963660, 0x0000019eed9639d0]
Event: 26.487 Thread 0x0000019ec8f56f80 nmethod 6102 0x0000019eedad0d90 code [0x0000019eedad1060, 0x0000019eedad1eb8]
Event: 26.491 Thread 0x0000019ec96b0d70 nmethod 6097 0x0000019ef5585410 code [0x0000019ef55855a0, 0x0000019ef5585670]
Event: 26.492 Thread 0x0000019ec96b0d70 6046       4       java.io.ObjectInputStream$BlockDataInputStream::peek (55 bytes)
Event: 27.093 Thread 0x0000019ec8f56f80 6103       3       java.lang.invoke.LambdaForm$MH/0x0000019e83220800::invoke (43 bytes)

GC Heap History (12 events):
Event: 0.780 GC heap before
{Heap before GC invocations=0 (full 0):
 garbage-first heap   total 262144K, used 22528K [0x00000000c0000000, 0x0000000100000000)
  region size 1024K, 23 young (23552K), 0 survivors (0K)
 Metaspace       used 4173K, committed 4416K, reserved 1114112K
  class space    used 454K, committed 576K, reserved 1048576K
}
Event: 0.785 GC heap after
{Heap after GC invocations=1 (full 0):
 garbage-first heap   total 262144K, used 3357K [0x00000000c0000000, 0x0000000100000000)
  region size 1024K, 3 young (3072K), 3 survivors (3072K)
 Metaspace       used 4173K, committed 4416K, reserved 1114112K
  class space    used 454K, committed 576K, reserved 1048576K
}
Event: 1.667 GC heap before
{Heap before GC invocations=1 (full 0):
 garbage-first heap   total 262144K, used 35101K [0x00000000c0000000, 0x0000000100000000)
  region size 1024K, 35 young (35840K), 3 survivors (3072K)
 Metaspace       used 8616K, committed 8960K, reserved 1114112K
  class space    used 911K, committed 1088K, reserved 1048576K
}
Event: 1.672 GC heap after
{Heap after GC invocations=2 (full 0):
 garbage-first heap   total 262144K, used 6567K [0x00000000c0000000, 0x0000000100000000)
  region size 1024K, 4 young (4096K), 4 survivors (4096K)
 Metaspace       used 8616K, committed 8960K, reserved 1114112K
  class space    used 911K, committed 1088K, reserved 1048576K
}
Event: 13.875 GC heap before
{Heap before GC invocations=2 (full 0):
 garbage-first heap   total 262144K, used 123303K [0x00000000c0000000, 0x0000000100000000)
  region size 1024K, 120 young (122880K), 4 survivors (4096K)
 Metaspace       used 20652K, committed 21504K, reserved 1114112K
  class space    used 2170K, committed 2560K, reserved 1048576K
}
Event: 13.893 GC heap after
{Heap after GC invocations=3 (full 0):
 garbage-first heap   total 262144K, used 14276K [0x00000000c0000000, 0x0000000100000000)
  region size 1024K, 11 young (11264K), 11 survivors (11264K)
 Metaspace       used 20652K, committed 21504K, reserved 1114112K
  class space    used 2170K, committed 2560K, reserved 1048576K
}
Event: 21.765 GC heap before
{Heap before GC invocations=4 (full 0):
 garbage-first heap   total 262144K, used 160708K [0x00000000c0000000, 0x0000000100000000)
  region size 1024K, 153 young (156672K), 11 survivors (11264K)
 Metaspace       used 33944K, committed 35136K, reserved 1114112K
  class space    used 3448K, committed 3968K, reserved 1048576K
}
Event: 21.791 GC heap after
{Heap after GC invocations=5 (full 0):
 garbage-first heap   total 262144K, used 22665K [0x00000000c0000000, 0x0000000100000000)
  region size 1024K, 14 young (14336K), 14 survivors (14336K)
 Metaspace       used 33944K, committed 35136K, reserved 1114112K
  class space    used 3448K, committed 3968K, reserved 1048576K
}
Event: 22.313 GC heap before
{Heap before GC invocations=5 (full 0):
 garbage-first heap   total 262144K, used 31881K [0x00000000c0000000, 0x0000000100000000)
  region size 1024K, 24 young (24576K), 14 survivors (14336K)
 Metaspace       used 34898K, committed 35968K, reserved 1114112K
  class space    used 3570K, committed 4096K, reserved 1048576K
}
Event: 22.335 GC heap after
{Heap after GC invocations=6 (full 0):
 garbage-first heap   total 262144K, used 23735K [0x00000000c0000000, 0x0000000100000000)
  region size 1024K, 8 young (8192K), 8 survivors (8192K)
 Metaspace       used 34898K, committed 35968K, reserved 1114112K
  class space    used 3570K, committed 4096K, reserved 1048576K
}
Event: 22.407 GC heap before
{Heap before GC invocations=6 (full 0):
 garbage-first heap   total 262144K, used 24759K [0x00000000c0000000, 0x0000000100000000)
  region size 1024K, 11 young (11264K), 8 survivors (8192K)
 Metaspace       used 35204K, committed 36288K, reserved 1114112K
  class space    used 3598K, committed 4096K, reserved 1048576K
}
Event: 22.417 GC heap after
{Heap after GC invocations=7 (full 0):
 garbage-first heap   total 262144K, used 23153K [0x00000000c0000000, 0x0000000100000000)
  region size 1024K, 8 young (8192K), 8 survivors (8192K)
 Metaspace       used 35204K, committed 36288K, reserved 1114112K
  class space    used 3598K, committed 4096K, reserved 1048576K
}

Dll operation events (12 events):
Event: 0.014 Loaded shared library c:\Users\backu\.vscode\extensions\redhat.java-1.55.0-win32-x64\jre\21.0.11-win32-x86_64\bin\java.dll
Event: 0.081 Loaded shared library c:\Users\backu\.vscode\extensions\redhat.java-1.55.0-win32-x64\jre\21.0.11-win32-x86_64\bin\zip.dll
Event: 0.105 Loaded shared library C:\Users\backu\.vscode\extensions\redhat.java-1.55.0-win32-x64\jre\21.0.11-win32-x86_64\bin\instrument.dll
Event: 0.112 Loaded shared library C:\Users\backu\.vscode\extensions\redhat.java-1.55.0-win32-x64\jre\21.0.11-win32-x86_64\bin\net.dll
Event: 0.114 Loaded shared library C:\Users\backu\.vscode\extensions\redhat.java-1.55.0-win32-x64\jre\21.0.11-win32-x86_64\bin\nio.dll
Event: 0.116 Loaded shared library C:\Users\backu\.vscode\extensions\redhat.java-1.55.0-win32-x64\jre\21.0.11-win32-x86_64\bin\zip.dll
Event: 0.135 Loaded shared library C:\Users\backu\.vscode\extensions\redhat.java-1.55.0-win32-x64\jre\21.0.11-win32-x86_64\bin\jimage.dll
Event: 0.219 Loaded shared library c:\Users\backu\.vscode\extensions\redhat.java-1.55.0-win32-x64\jre\21.0.11-win32-x86_64\bin\verify.dll
Event: 1.614 Loaded shared library C:\Users\backu\AppData\Roaming\Code\User\globalStorage\redhat.java\1.55.0\config_win\org.eclipse.equinox.launcher\org.eclipse.equinox.launcher.win32.win32.x86_64_1.3.100.v20260613-0559\eclipse_11924.dll
Event: 9.849 Loaded shared library C:\Users\backu\AppData\Local\Temp\jna-93493358\jna7881455678497081583.dll
Event: 21.913 Loaded shared library C:\Users\backu\.vscode\extensions\redhat.java-1.55.0-win32-x64\jre\21.0.11-win32-x86_64\bin\management.dll
Event: 21.932 Loaded shared library C:\Users\backu\.vscode\extensions\redhat.java-1.55.0-win32-x64\jre\21.0.11-win32-x86_64\bin\management_ext.dll

Deoptimization events (20 events):
Event: 22.993 Thread 0x0000019ec73850c0 Uncommon trap: trap_request=0xffffffde fr.pc=0x0000019ef56c7b50 relative=0x0000000000000590
Event: 22.993 Thread 0x0000019ec73850c0 Uncommon trap: reason=class_check action=maybe_recompile pc=0x0000019ef56c7b50 method=java.io.ObjectInputStream$PeekInputStream.peek()I @ 17 c2
Event: 22.994 Thread 0x0000019ec73850c0 DEOPT PACKING pc=0x0000019ef56c7b50 sp=0x000000234cafe1f0
Event: 22.994 Thread 0x0000019ec73850c0 DEOPT UNPACKING pc=0x0000019ef4df4422 sp=0x000000234cafe1c0 mode 2
Event: 23.035 Thread 0x0000019ec73850c0 Uncommon trap: trap_request=0xffffff45 fr.pc=0x0000019ef56be2fc relative=0x000000000000025c
Event: 23.035 Thread 0x0000019ec73850c0 Uncommon trap: reason=unstable_if action=reinterpret pc=0x0000019ef56be2fc method=java.lang.AbstractStringBuilder.appendChars([CII)V @ 43 c2
Event: 23.036 Thread 0x0000019ec73850c0 DEOPT PACKING pc=0x0000019ef56be2fc sp=0x000000234cafe3c0
Event: 23.036 Thread 0x0000019ec73850c0 DEOPT UNPACKING pc=0x0000019ef4df4422 sp=0x000000234cafe338 mode 2
Event: 23.036 Thread 0x0000019ec73850c0 Uncommon trap: trap_request=0xffffff45 fr.pc=0x0000019ef554798c relative=0x00000000000000ec
Event: 23.036 Thread 0x0000019ec73850c0 Uncommon trap: reason=unstable_if action=reinterpret pc=0x0000019ef554798c method=java.lang.String.getBytes([BIB)V @ 5 c2
Event: 23.037 Thread 0x0000019ec73850c0 DEOPT PACKING pc=0x0000019ef554798c sp=0x000000234cafe310
Event: 23.037 Thread 0x0000019ec73850c0 DEOPT UNPACKING pc=0x0000019ef4df4422 sp=0x000000234cafe2b8 mode 2
Event: 23.377 Thread 0x0000019ec73850c0 Uncommon trap: trap_request=0xffffff45 fr.pc=0x0000019ef555c4c8 relative=0x0000000000000308
Event: 23.377 Thread 0x0000019ec73850c0 Uncommon trap: reason=unstable_if action=reinterpret pc=0x0000019ef555c4c8 method=jdk.internal.org.objectweb.asm.SymbolTable.put(Ljdk/internal/org/objectweb/asm/SymbolTable$Entry;)Ljdk/internal/org/objectweb/asm/SymbolTable$Entry; @ 13 c2
Event: 23.378 Thread 0x0000019ec73850c0 DEOPT PACKING pc=0x0000019ef555c4c8 sp=0x000000234cafc0b0
Event: 23.378 Thread 0x0000019ec73850c0 DEOPT UNPACKING pc=0x0000019ef4df4422 sp=0x000000234cafc030 mode 2
Event: 25.475 Thread 0x0000019ec73850c0 Uncommon trap: trap_request=0xffffff45 fr.pc=0x0000019ef56417e8 relative=0x0000000000000388
Event: 25.475 Thread 0x0000019ec73850c0 Uncommon trap: reason=unstable_if action=reinterpret pc=0x0000019ef56417e8 method=java.lang.Integer.parseInt(Ljava/lang/String;I)I @ 119 c2
Event: 25.476 Thread 0x0000019ec73850c0 DEOPT PACKING pc=0x0000019ef56417e8 sp=0x000000234cafcff0
Event: 25.476 Thread 0x0000019ec73850c0 DEOPT UNPACKING pc=0x0000019ef4df4422 sp=0x000000234cafcf58 mode 2

Classes loaded (20 events):
Event: 22.833 Loading class javax/xml/transform/stax/StAXSource
Event: 22.834 Loading class javax/xml/transform/stax/StAXSource done
Event: 22.834 Loading class com/sun/org/apache/xalan/internal/xsltc/trax/DOM2TO
Event: 22.835 Loading class com/sun/org/apache/xalan/internal/xsltc/trax/DOM2TO done
Event: 22.844 Loading class com/sun/org/apache/xml/internal/serializer/WriterToUTF8Buffered
Event: 22.845 Loading class com/sun/org/apache/xml/internal/serializer/WriterChain
Event: 22.846 Loading class com/sun/org/apache/xml/internal/serializer/WriterChain done
Event: 22.846 Loading class com/sun/org/apache/xml/internal/serializer/WriterToUTF8Buffered done
Event: 22.846 Loading class com/sun/org/apache/xml/internal/serializer/WriterToASCI
Event: 22.847 Loading class com/sun/org/apache/xml/internal/serializer/WriterToASCI done
Event: 23.038 Loading class sun/reflect/generics/tree/BottomSignature
Event: 23.039 Loading class sun/reflect/generics/tree/BottomSignature done
Event: 23.040 Loading class sun/reflect/generics/tree/Wildcard
Event: 23.040 Loading class sun/reflect/generics/tree/Wildcard done
Event: 23.042 Loading class sun/reflect/generics/reflectiveObjects/WildcardTypeImpl
Event: 23.042 Loading class sun/reflect/generics/reflectiveObjects/WildcardTypeImpl done
Event: 23.044 Loading class sun/reflect/annotation/AnnotatedTypeFactory$AnnotatedParameterizedTypeImpl
Event: 23.045 Loading class java/lang/reflect/AnnotatedParameterizedType
Event: 23.045 Loading class java/lang/reflect/AnnotatedParameterizedType done
Event: 23.045 Loading class sun/reflect/annotation/AnnotatedTypeFactory$AnnotatedParameterizedTypeImpl done

Classes unloaded (7 events):
Event: 22.447 Thread 0x0000019eff5d53f0 Unloading class 0x0000019e831a3000 'java/lang/invoke/LambdaForm$MH+0x0000019e831a3000'
Event: 22.447 Thread 0x0000019eff5d53f0 Unloading class 0x0000019e831a2c00 'java/lang/invoke/LambdaForm$MH+0x0000019e831a2c00'
Event: 22.447 Thread 0x0000019eff5d53f0 Unloading class 0x0000019e831a2800 'java/lang/invoke/LambdaForm$MH+0x0000019e831a2800'
Event: 22.447 Thread 0x0000019eff5d53f0 Unloading class 0x0000019e831a2400 'java/lang/invoke/LambdaForm$MH+0x0000019e831a2400'
Event: 22.447 Thread 0x0000019eff5d53f0 Unloading class 0x0000019e831a2000 'java/lang/invoke/LambdaForm$BMH+0x0000019e831a2000'
Event: 22.447 Thread 0x0000019eff5d53f0 Unloading class 0x0000019e831a1c00 'java/lang/invoke/LambdaForm$DMH+0x0000019e831a1c00'
Event: 22.447 Thread 0x0000019eff5d53f0 Unloading class 0x0000019e831a0800 'java/lang/invoke/LambdaForm$DMH+0x0000019e831a0800'

Classes redefined (0 events):
No events

Internal exceptions (20 events):
Event: 22.955 Thread 0x0000019ec7812840 Exception <a 'sun/nio/fs/WindowsException'{0x00000000cea974c0}> (0x00000000cea974c0) 
thrown [s\src\hotspot\share\prims\jni.cpp, line 520]
Event: 22.969 Thread 0x0000019ec7812840 Exception <a 'sun/nio/fs/WindowsException'{0x00000000ce919bf0}> (0x00000000ce919bf0) 
thrown [s\src\hotspot\share\prims\jni.cpp, line 520]
Event: 22.969 Thread 0x0000019ec7812840 Exception <a 'sun/nio/fs/WindowsException'{0x00000000ce91a600}> (0x00000000ce91a600) 
thrown [s\src\hotspot\share\prims\jni.cpp, line 520]
Event: 22.971 Thread 0x0000019ec7812840 Exception <a 'sun/nio/fs/WindowsException'{0x00000000ce91bec0}> (0x00000000ce91bec0) 
thrown [s\src\hotspot\share\prims\jni.cpp, line 520]
Event: 22.971 Thread 0x0000019ec7812840 Exception <a 'sun/nio/fs/WindowsException'{0x00000000ce91c620}> (0x00000000ce91c620) 
thrown [s\src\hotspot\share\prims\jni.cpp, line 520]
Event: 22.991 Thread 0x0000019ec7812840 Exception <a 'sun/nio/fs/WindowsException'{0x00000000ce9a3c40}> (0x00000000ce9a3c40) 
thrown [s\src\hotspot\share\prims\jni.cpp, line 520]
Event: 22.991 Thread 0x0000019ec7812840 Exception <a 'sun/nio/fs/WindowsException'{0x00000000ce9a4650}> (0x00000000ce9a4650) 
thrown [s\src\hotspot\share\prims\jni.cpp, line 520]
Event: 22.993 Thread 0x0000019ec7812840 Exception <a 'sun/nio/fs/WindowsException'{0x00000000ce9a5f10}> (0x00000000ce9a5f10) 
thrown [s\src\hotspot\share\prims\jni.cpp, line 520]
Event: 22.993 Thread 0x0000019ec7812840 Exception <a 'sun/nio/fs/WindowsException'{0x00000000ce9a6670}> (0x00000000ce9a6670) 
thrown [s\src\hotspot\share\prims\jni.cpp, line 520]
Event: 23.053 Thread 0x0000019ec7812840 Exception <a 'sun/nio/fs/WindowsException'{0x00000000ce893038}> (0x00000000ce893038) 
thrown [s\src\hotspot\share\prims\jni.cpp, line 520]
Event: 23.054 Thread 0x0000019ec7812840 Exception <a 'sun/nio/fs/WindowsException'{0x00000000ce893a48}> (0x00000000ce893a48) 
thrown [s\src\hotspot\share\prims\jni.cpp, line 520]
Event: 23.055 Thread 0x0000019ec7812840 Exception <a 'sun/nio/fs/WindowsException'{0x00000000ce895308}> (0x00000000ce895308) 
thrown [s\src\hotspot\share\prims\jni.cpp, line 520]
Event: 23.055 Thread 0x0000019ec7812840 Exception <a 'sun/nio/fs/WindowsException'{0x00000000ce895a68}> (0x00000000ce895a68) 
thrown [s\src\hotspot\share\prims\jni.cpp, line 520]
Event: 23.100 Thread 0x0000019ec73850c0 Exception <a 'java/io/FileNotFoundException'{0x00000000ce702910}> (0x00000000ce702910) 
thrown [s\src\hotspot\share\prims\jni.cpp, line 520]
Event: 23.127 Thread 0x0000019ec7812840 Exception <a 'sun/nio/fs/WindowsException'{0x00000000ce6394c0}> (0x00000000ce6394c0) 
thrown [s\src\hotspot\share\prims\jni.cpp, line 520]
Event: 23.127 Thread 0x0000019ec7812840 Exception <a 'sun/nio/fs/WindowsException'{0x00000000ce63a110}> (0x00000000ce63a110) 
thrown [s\src\hotspot\share\prims\jni.cpp, line 520]
Event: 23.130 Thread 0x0000019ec7812840 Exception <a 'sun/nio/fs/WindowsException'{0x00000000ce63b9d0}> (0x00000000ce63b9d0) 
thrown [s\src\hotspot\share\prims\jni.cpp, line 520]
Event: 23.130 Thread 0x0000019ec7812840 Exception <a 'sun/nio/fs/WindowsException'{0x00000000ce63c130}> (0x00000000ce63c130) 
thrown [s\src\hotspot\share\prims\jni.cpp, line 520]
Event: 23.408 Thread 0x0000019ec73850c0 Exception <a 'java/lang/UnsatisfiedLinkError'{0x00000000ce4c0ec0}: The specified procedure could not be found.
> (0x00000000ce4c0ec0) 
thrown [s\src\hotspot\share\prims\jni.cpp, line 539]
Event: 24.464 Thread 0x0000019ec73850c0 Exception <a 'java/io/FileNotFoundException'{0x00000000ce4d8cc0}> (0x00000000ce4d8cc0) 
thrown [s\src\hotspot\share\prims\jni.cpp, line 520]

ZGC Phase Switch (0 events):
No events

VM Operations (20 events):
Event: 21.758 Executing safepoint VM operation: G1CollectForAllocation (G1 Evacuation Pause)
Event: 21.791 Executing safepoint VM operation: G1CollectForAllocation (G1 Evacuation Pause) done
Event: 21.979 Executing non-safepoint VM operation: HandshakeAllThreads (Deoptimize)
Event: 21.985 Executing non-safepoint VM operation: HandshakeAllThreads (Deoptimize) done
Event: 22.300 Executing safepoint VM operation: CollectForMetadataAllocation (Metadata GC Threshold)
Event: 22.336 Executing safepoint VM operation: CollectForMetadataAllocation (Metadata GC Threshold) done
Event: 22.374 Executing non-safepoint VM operation: HandshakeAllThreads (Deoptimize)
Event: 22.391 Executing non-safepoint VM operation: HandshakeAllThreads (Deoptimize) done
Event: 22.400 Executing safepoint VM operation: CollectForMetadataAllocation (Metadata GC Threshold)
Event: 22.417 Executing safepoint VM operation: CollectForMetadataAllocation (Metadata GC Threshold) done
Event: 22.445 Executing safepoint VM operation: G1PauseRemark
Event: 22.478 Executing safepoint VM operation: G1PauseRemark done
Event: 22.489 Executing safepoint VM operation: G1PauseCleanup
Event: 22.503 Executing safepoint VM operation: G1PauseCleanup done
Event: 23.355 Executing non-safepoint VM operation: HandshakeAllThreads (Deoptimize)
Event: 23.356 Executing non-safepoint VM operation: HandshakeAllThreads (Deoptimize) done
Event: 24.369 Executing safepoint VM operation: Cleanup
Event: 24.463 Executing safepoint VM operation: Cleanup done
Event: 26.483 Executing safepoint VM operation: Cleanup
Event: 26.484 Executing safepoint VM operation: Cleanup done

Memory protections (0 events):
No events

Nmethod flushes (20 events):
Event: 22.476 Thread 0x0000019eff5d53f0 flushing  nmethod 0x0000019eeda4c290
Event: 22.476 Thread 0x0000019eff5d53f0 flushing  nmethod 0x0000019eeda4e910
Event: 22.476 Thread 0x0000019eff5d53f0 flushing  nmethod 0x0000019eeda52f10
Event: 22.476 Thread 0x0000019eff5d53f0 flushing  nmethod 0x0000019eeda53c90
Event: 22.476 Thread 0x0000019eff5d53f0 flushing  nmethod 0x0000019eeda89b90
Event: 22.476 Thread 0x0000019eff5d53f0 flushing  nmethod 0x0000019eedc62f90
Event: 22.476 Thread 0x0000019eff5d53f0 flushing  nmethod 0x0000019eedc63b10
Event: 22.476 Thread 0x0000019eff5d53f0 flushing  nmethod 0x0000019eedc66f10
Event: 22.476 Thread 0x0000019eff5d53f0 flushing  nmethod 0x0000019eedc6c890
Event: 22.476 Thread 0x0000019eff5d53f0 flushing  nmethod 0x0000019eedc78d90
Event: 22.476 Thread 0x0000019eff5d53f0 flushing  nmethod 0x0000019eedc8e210
Event: 22.476 Thread 0x0000019eff5d53f0 flushing  nmethod 0x0000019eedc8ed10
Event: 22.476 Thread 0x0000019eff5d53f0 flushing  nmethod 0x0000019eedc90b90
Event: 22.476 Thread 0x0000019eff5d53f0 flushing  nmethod 0x0000019eedc91490
Event: 22.476 Thread 0x0000019eff5d53f0 flushing  nmethod 0x0000019eede63a10
Event: 22.476 Thread 0x0000019eff5d53f0 flushing  nmethod 0x0000019eedfdb690
Event: 22.476 Thread 0x0000019eff5d53f0 flushing  nmethod 0x0000019eedfdbc10
Event: 22.476 Thread 0x0000019eff5d53f0 flushing  nmethod 0x0000019eee11cf10
Event: 22.476 Thread 0x0000019eff5d53f0 flushing  nmethod 0x0000019eee11ff90
Event: 22.476 Thread 0x0000019eff5d53f0 flushing  nmethod 0x0000019eee123090

Events (20 events):
Event: 14.447 Thread 0x0000019ec810e7e0 Thread added: 0x0000019ec731a100
Event: 14.448 Thread 0x0000019ec810e7e0 Thread added: 0x0000019ec8ddaf10
Event: 15.754 Thread 0x0000019ec8ddaf10 Thread exited: 0x0000019ec8ddaf10
Event: 16.124 Thread 0x0000019eff60fe40 Thread added: 0x0000019eca3bd820
Event: 16.573 Thread 0x0000019ec7811490 Thread added: 0x0000019ec7812840
Event: 18.028 Thread 0x0000019eca3bd820 Thread exited: 0x0000019eca3bd820
Event: 18.028 Thread 0x0000019ec731a100 Thread exited: 0x0000019ec731a100
Event: 18.028 Thread 0x0000019ec810e7e0 Thread exited: 0x0000019ec810e7e0
Event: 18.057 Thread 0x0000019ec8f56f80 Thread exited: 0x0000019ec8f56f80
Event: 18.135 Thread 0x0000019ec8e54d20 Thread exited: 0x0000019ec8e54d20
Event: 18.413 Thread 0x0000019eff60fe40 Thread added: 0x0000019ec8f56f80
Event: 18.677 Thread 0x0000019eff60fe40 Thread added: 0x0000019eca768920
Event: 18.846 Thread 0x0000019ec8f56f80 Thread added: 0x0000019ec810e7e0
Event: 18.848 Thread 0x0000019eff60fe40 Thread added: 0x0000019ec731a100
Event: 19.139 Thread 0x0000019ec8f56f80 Thread added: 0x0000019eca3bd820
Event: 19.150 Thread 0x0000019ec810e7e0 Thread added: 0x0000019ec96b0d70
Event: 20.708 Thread 0x0000019ec73850c0 Thread added: 0x0000019ec7813560
Event: 22.768 Thread 0x0000019ec7811490 Thread added: 0x0000019ecab0d1f0
Event: 25.477 Thread 0x0000019ec731a100 Thread exited: 0x0000019ec731a100
Event: 25.481 Thread 0x0000019ec810e7e0 Thread exited: 0x0000019ec810e7e0


Dynamic libraries:
0x00007ff7f41c0000 - 0x00007ff7f41ce000 	c:\Users\backu\.vscode\extensions\redhat.java-1.55.0-win32-x64\jre\21.0.11-win32-x86_64\bin\java.exe
0x00007ff987460000 - 0x00007ff9876c6000 	C:\WINDOWS\SYSTEM32\ntdll.dll
0x00007ff985190000 - 0x00007ff985259000 	C:\WINDOWS\System32\KERNEL32.DLL
0x00007ff984680000 - 0x00007ff984a7e000 	C:\WINDOWS\System32\KERNELBASE.dll
0x00007ff984d40000 - 0x00007ff984e8c000 	C:\WINDOWS\System32\ucrtbase.dll
0x00007ff9798a0000 - 0x00007ff9798be000 	c:\Users\backu\.vscode\extensions\redhat.java-1.55.0-win32-x64\jre\21.0.11-win32-x86_64\bin\VCRUNTIME140.dll
0x00007ff970d20000 - 0x00007ff970d38000 	c:\Users\backu\.vscode\extensions\redhat.java-1.55.0-win32-x64\jre\21.0.11-win32-x86_64\bin\jli.dll
0x00007ff9852f0000 - 0x00007ff9854b7000 	C:\WINDOWS\System32\USER32.dll
0x00007ff964e70000 - 0x00007ff965102000 	C:\WINDOWS\WinSxS\amd64_microsoft.windows.common-controls_6595b64144ccf1df_6.0.26100.8875_none_3e0d5d42e32fe9dd\COMCTL32.dll
0x00007ff984d10000 - 0x00007ff984d37000 	C:\WINDOWS\System32\win32u.dll
0x00007ff986d40000 - 0x00007ff986de9000 	C:\WINDOWS\System32\msvcrt.dll
0x00007ff986d10000 - 0x00007ff986d3b000 	C:\WINDOWS\System32\GDI32.dll
0x00007ff984be0000 - 0x00007ff984d0a000 	C:\WINDOWS\System32\gdi32full.dll
0x00007ff984f60000 - 0x00007ff985003000 	C:\WINDOWS\System32\msvcp_win.dll
0x00007ff9854c0000 - 0x00007ff9854f2000 	C:\WINDOWS\System32\IMM32.DLL
0x00007ff976ab0000 - 0x00007ff976abc000 	c:\Users\backu\.vscode\extensions\redhat.java-1.55.0-win32-x64\jre\21.0.11-win32-x86_64\bin\vcruntime140_1.dll
0x00007ff95bff0000 - 0x00007ff95c07d000 	c:\Users\backu\.vscode\extensions\redhat.java-1.55.0-win32-x64\jre\21.0.11-win32-x86_64\bin\msvcp140.dll
0x00007ff8dba50000 - 0x00007ff8dc7f2000 	c:\Users\backu\.vscode\extensions\redhat.java-1.55.0-win32-x64\jre\21.0.11-win32-x86_64\bin\server\jvm.dll
0x00007ff9855a0000 - 0x00007ff985657000 	C:\WINDOWS\System32\ADVAPI32.dll
0x00007ff985660000 - 0x00007ff98570a000 	C:\WINDOWS\System32\sechost.dll
0x00007ff986330000 - 0x00007ff986448000 	C:\WINDOWS\System32\RPCRT4.dll
0x00007ff985260000 - 0x00007ff9852e0000 	C:\WINDOWS\System32\WS2_32.dll
0x00007ff9838f0000 - 0x00007ff98394e000 	C:\WINDOWS\SYSTEM32\POWRPROF.dll
0x00007ff97c210000 - 0x00007ff97c246000 	C:\WINDOWS\SYSTEM32\WINMM.dll
0x00007ff979090000 - 0x00007ff97909b000 	C:\WINDOWS\SYSTEM32\VERSION.dll
0x00007ff9838d0000 - 0x00007ff9838e4000 	C:\WINDOWS\SYSTEM32\UMPDC.dll
0x00007ff9833d0000 - 0x00007ff9833eb000 	C:\WINDOWS\SYSTEM32\kernel.appcore.dll
0x00007ff970e10000 - 0x00007ff970e1a000 	c:\Users\backu\.vscode\extensions\redhat.java-1.55.0-win32-x64\jre\21.0.11-win32-x86_64\bin\jimage.dll
0x00007ff981c20000 - 0x00007ff981e62000 	C:\WINDOWS\SYSTEM32\DBGHELP.DLL
0x00007ff986e20000 - 0x00007ff9871a3000 	C:\WINDOWS\System32\combase.dll
0x00007ff986150000 - 0x00007ff986229000 	C:\WINDOWS\System32\OLEAUT32.dll
0x00007ff951120000 - 0x00007ff95115b000 	C:\WINDOWS\SYSTEM32\dbgcore.DLL
0x00007ff984b20000 - 0x00007ff984bcc000 	C:\WINDOWS\System32\bcryptPrimitives.dll
0x00007ff970bb0000 - 0x00007ff970bbf000 	c:\Users\backu\.vscode\extensions\redhat.java-1.55.0-win32-x64\jre\21.0.11-win32-x86_64\bin\instrument.dll
0x00007ff970b90000 - 0x00007ff970bb0000 	c:\Users\backu\.vscode\extensions\redhat.java-1.55.0-win32-x64\jre\21.0.11-win32-x86_64\bin\java.dll
0x00007ff986540000 - 0x00007ff986cd2000 	C:\WINDOWS\System32\SHELL32.dll
0x00007ff982100000 - 0x00007ff982992000 	C:\WINDOWS\SYSTEM32\windows.storage.dll
0x00007ff986230000 - 0x00007ff986327000 	C:\WINDOWS\System32\SHCORE.dll
0x00007ff985530000 - 0x00007ff985597000 	C:\WINDOWS\System32\shlwapi.dll
0x00007ff9845a0000 - 0x00007ff9845c9000 	C:\WINDOWS\SYSTEM32\profapi.dll
0x00007ff970820000 - 0x00007ff970838000 	c:\Users\backu\.vscode\extensions\redhat.java-1.55.0-win32-x64\jre\21.0.11-win32-x86_64\bin\zip.dll
0x00007ff970810000 - 0x00007ff970820000 	C:\Users\backu\.vscode\extensions\redhat.java-1.55.0-win32-x64\jre\21.0.11-win32-x86_64\bin\net.dll
0x00007ff97a580000 - 0x00007ff97a6a7000 	C:\WINDOWS\SYSTEM32\WINHTTP.dll
0x00007ff983a30000 - 0x00007ff983a9c000 	C:\WINDOWS\system32\mswsock.dll
0x00007ff9707f0000 - 0x00007ff970806000 	C:\Users\backu\.vscode\extensions\redhat.java-1.55.0-win32-x64\jre\21.0.11-win32-x86_64\bin\nio.dll
0x00007ff9707e0000 - 0x00007ff9707f0000 	c:\Users\backu\.vscode\extensions\redhat.java-1.55.0-win32-x64\jre\21.0.11-win32-x86_64\bin\verify.dll
0x00007ff96f3c0000 - 0x00007ff96f405000 	C:\Users\backu\AppData\Roaming\Code\User\globalStorage\redhat.java\1.55.0\config_win\org.eclipse.equinox.launcher\org.eclipse.equinox.launcher.win32.win32.x86_64_1.3.100.v20260613-0559\eclipse_11924.dll
0x00007ff985890000 - 0x00007ff985a29000 	C:\WINDOWS\System32\ole32.dll
0x00007ff983d30000 - 0x00007ff983d4b000 	C:\WINDOWS\SYSTEM32\CRYPTSP.dll
0x00007ff9832c0000 - 0x00007ff9832f9000 	C:\WINDOWS\system32\rsaenh.dll
0x00007ff983af0000 - 0x00007ff983b22000 	C:\WINDOWS\SYSTEM32\USERENV.dll
0x00007ff984570000 - 0x00007ff98459a000 	C:\WINDOWS\SYSTEM32\bcrypt.dll
0x00007ff983d50000 - 0x00007ff983d5c000 	C:\WINDOWS\SYSTEM32\CRYPTBASE.dll
0x00007ff982d10000 - 0x00007ff982d43000 	C:\WINDOWS\SYSTEM32\IPHLPAPI.DLL
0x00007ff986e10000 - 0x00007ff986e1a000 	C:\WINDOWS\System32\NSI.dll
0x00007ff967690000 - 0x00007ff9676d9000 	C:\Users\backu\AppData\Local\Temp\jna-93493358\jna7881455678497081583.dll
0x00007ff986530000 - 0x00007ff986538000 	C:\WINDOWS\System32\PSAPI.DLL
0x00007ff970790000 - 0x00007ff97079a000 	C:\Users\backu\.vscode\extensions\redhat.java-1.55.0-win32-x64\jre\21.0.11-win32-x86_64\bin\management.dll
0x00007ff970780000 - 0x00007ff97078c000 	C:\Users\backu\.vscode\extensions\redhat.java-1.55.0-win32-x64\jre\21.0.11-win32-x86_64\bin\management_ext.dll

JVMTI agents:
c:\Users\backu\.vscode\extensions\redhat.java-1.55.0-win32-x64\lombok\lombok-1.18.39-4050.jar path:c:\Users\backu\.vscode\extensions\redhat.java-1.55.0-win32-x64\jre\21.0.11-win32-x86_64\bin\instrument.dll, loaded, initialized, instrumentlib options:none

dbghelp: loaded successfully - version: 4.0.5 - missing functions: none
symbol engine: initialized successfully - sym options: 0x614 - pdb path: .;c:\Users\backu\.vscode\extensions\redhat.java-1.55.0-win32-x64\jre\21.0.11-win32-x86_64\bin;C:\WINDOWS\SYSTEM32;C:\WINDOWS\WinSxS\amd64_microsoft.windows.common-controls_6595b64144ccf1df_6.0.26100.8875_none_3e0d5d42e32fe9dd;c:\Users\backu\.vscode\extensions\redhat.java-1.55.0-win32-x64\jre\21.0.11-win32-x86_64\bin\server;C:\Users\backu\AppData\Roaming\Code\User\globalStorage\redhat.java\1.55.0\config_win\org.eclipse.equinox.launcher\org.eclipse.equinox.launcher.win32.win32.x86_64_1.3.100.v20260613-0559;C:\Users\backu\AppData\Local\Temp\jna-93493358

VM Arguments:
jvm_args: --add-modules=ALL-SYSTEM --add-opens=java.base/java.util=ALL-UNNAMED --add-opens=java.base/java.lang=ALL-UNNAMED --add-opens=java.base/sun.nio.fs=ALL-UNNAMED -Declipse.application=org.eclipse.jdt.ls.core.id1 -Dosgi.bundles.defaultStartLevel=4 -Declipse.product=org.eclipse.jdt.ls.core.product -Djava.import.generatesMetadataFilesAtProjectRoot=false -DDetectVMInstallationsJob.disabled=true -Dfile.encoding=utf8 -Xlog:disable -Xms256m -Xmx1024m -XX:+UseG1GC -XX:+UseStringDeduplication -javaagent:c:\Users\backu\.vscode\extensions\redhat.java-1.55.0-win32-x64\lombok\lombok-1.18.39-4050.jar -XX:+HeapDumpOnOutOfMemoryError -XX:HeapDumpPath=c:\Users\backu\AppData\Roaming\Code\User\workspaceStorage\168d849ae748a3a33731f4b1924235b6\redhat.java -Daether.dependencyCollector.impl=bf 
java_command: c:\Users\backu\.vscode\extensions\redhat.java-1.55.0-win32-x64\server\plugins\org.eclipse.equinox.launcher_1.7.200.v20260619-2039.jar -configuration c:\Users\backu\AppData\Roaming\Code\User\globalStorage\redhat.java\1.55.0\config_win -data c:\Users\backu\AppData\Roaming\Code\User\workspaceStorage\168d849ae748a3a33731f4b1924235b6\redhat.java\jdt_ws --pipe=\\.\pipe\lsp-c1a65c2ce934bd8292ff9817cf12f9a3-sock
java_class_path (initial): c:\Users\backu\.vscode\extensions\redhat.java-1.55.0-win32-x64\server\plugins\org.eclipse.equinox.launcher_1.7.200.v20260619-2039.jar
Launcher Type: SUN_STANDARD

[Global flags]
     intx CICompilerCount                          = 12                                        {product} {ergonomic}
     uint ConcGCThreads                            = 3                                         {product} {ergonomic}
     uint G1ConcRefinementThreads                  = 13                                        {product} {ergonomic}
   size_t G1HeapRegionSize                         = 1048576                                   {product} {ergonomic}
    uintx GCDrainStackTargetSize                   = 64                                        {product} {ergonomic}
     bool HeapDumpOnOutOfMemoryError               = true                                   {manageable} {command line}
    ccstr HeapDumpPath                             = c:\Users\backu\AppData\Roaming\Code\User\workspaceStorage\168d849ae748a3a33731f4b1924235b6\redhat.java         {manageable} {command line}
   size_t InitialHeapSize                          = 268435456                                 {product} {command line}
   size_t MarkStackSize                            = 4194304                                   {product} {ergonomic}
   size_t MaxHeapSize                              = 1073741824                                {product} {command line}
   size_t MaxNewSize                               = 643825664                                 {product} {ergonomic}
   size_t MinHeapDeltaBytes                        = 1048576                                   {product} {ergonomic}
   size_t MinHeapSize                              = 268435456                                 {product} {command line}
    uintx NonNMethodCodeHeapSize                   = 7602480                                {pd product} {ergonomic}
    uintx NonProfiledCodeHeapSize                  = 122027880                              {pd product} {ergonomic}
    uintx ProfiledCodeHeapSize                     = 122027880                              {pd product} {ergonomic}
    uintx ReservedCodeCacheSize                    = 251658240                              {pd product} {ergonomic}
     bool SegmentedCodeCache                       = true                                      {product} {ergonomic}
   size_t SoftMaxHeapSize                          = 1073741824                             {manageable} {ergonomic}
     bool UseCompressedOops                        = true                           {product lp64_product} {ergonomic}
     bool UseG1GC                                  = true                                      {product} {command line}
     bool UseLargePagesIndividualAllocation        = false                                  {pd product} {ergonomic}
     bool UseStringDeduplication                   = true                                      {product} {command line}

Logging:
Log output configuration:
 #0: stdout all=off uptime,level,tags foldmultilines=false
 #1: stderr all=off uptime,level,tags foldmultilines=false

Release file:
JAVA_VERSION="21.0.11" 
MODULES="java.base java.compiler java.datatransfer java.xml java.prefs java.desktop java.instrument java.logging java.management java.security.sasl java.naming java.rmi java.management.rmi java.net.http java.scripting java.security.jgss java.transaction.xa java.sql java.sql.rowset java.xml.crypto java.se java.smartcardio jdk.accessibility jdk.internal.jvmstat jdk.attach jdk.charsets jdk.internal.opt jdk.zipfs jdk.compiler jdk.crypto.ec jdk.crypto.cryptoki jdk.crypto.mscapi jdk.dynalink jdk.internal.ed jdk.editpad jdk.hotspot.agent jdk.httpserver jdk.internal.le jdk.internal.vm.ci jdk.internal.vm.compiler jdk.internal.vm.compiler.management jdk.jartool jdk.javadoc jdk.jcmd jdk.management jdk.management.agent jdk.jconsole jdk.jdeps jdk.jdwp.agent jdk.jdi jdk.jfr jdk.jshell jdk.jsobject jdk.jstatd jdk.localedata jdk.management.jfr jdk.naming.dns jdk.naming.rmi jdk.net jdk.nio.mapmode jdk.random jdk.sctp jdk.security.auth jdk.security.jgss jdk.unsupported jdk.unsupported.desktop jdk.xml.dom" 

Environment Variables:
JAVA_HOME=C:\Users\backu\Downloads\openjdk-21+35_windows-x64_bin\jdk-21
PATH=C:\SIMULIA\Commands;C:\Users\backu\Downloads\openjdk-21+35_windows-x64_bin\jdk-21;C:\Windows\system32;C:\Windows;C:\Windows\System32\Wbem;C:\Windows\System32\WindowsPowerShell\v1.0\;C:\Windows\System32\OpenSSH\;C:\Program Files\dotnet\;C:\WINDOWS\system32;C:\WINDOWS;C:\WINDOWS\System32\Wbem;C:\WINDOWS\System32\WindowsPowerShell\v1.0\;C:\WINDOWS\System32\OpenSSH\;C:\Users\backu\Downloads\apache-maven-3.9.8-bin.zip\apache-maven-3.9.8\bin;C:\Program Files (x86)\Windows Kits\8.1\Windows Performance Toolkit\;C:\Program Files\Git\cmd;C:\Users\backu\Downloads\apache-maven-3.9.9-bin\apache-maven-3.9.9\bin;E:\Matlab\bin;C:\Program Files\Docker\Docker\resources\bin;C:\MinGW\bin;C:\Users\backu\Downloads\openjdk-21+35_windows-x64_bin\jdk-21\bin;C:\Program Files\nodejs\;C:\Program Files\WireGuard\;C:\Users\backu\AppData\Local\Programs\Python\Python313\Scripts\;C:\Users\backu\AppData\Local\Programs\Python\Python313\;C:\Program Files\MySQL\MySQL Shell 8.0\bin\;C:\Users\backu\AppData\Local\Microsoft\WindowsApps;C:\Users\backu\AppData\Local\Programs\Microsoft VS Code\bin;C:\Users\backu\AppData\Local\Programs\cursor\resources\app\bin;C:\Users\backu\AppData\Roaming\npm
USERNAME=backu
OS=Windows_NT
PROCESSOR_IDENTIFIER=Intel64 Family 6 Model 154 Stepping 3, GenuineIntel
TMP=C:\Users\backu\AppData\Local\Temp
TEMP=C:\Users\backu\AppData\Local\Temp




Periodic native trim disabled

---------------  S Y S T E M  ---------------

OS:
 Windows 11 , 64 bit Build 26100 (10.0.26100.8875)
OS uptime: 5 days 8:39 hours
Hyper-V role detected

CPU: total 16 (initial active 16) (8 cores per cpu, 2 threads per core) family 6 model 154 stepping 3 microcode 0x43b, cx8, cmov, fxsr, ht, mmx, 3dnowpref, sse, sse2, sse3, ssse3, sse4.1, sse4.2, popcnt, lzcnt, tsc, tscinvbit, avx, avx2, aes, erms, clmul, bmi1, bmi2, adx, sha, fma, vzeroupper, clflush, clflushopt, clwb, hv, serialize, rdtscp, rdpid, fsrm, f16c, cet_ibt, cet_ss
Processor Information for processor 0
  Max Mhz: 2500, Current Mhz: 1532, Mhz Limit: 2500
Processor Information for processor 1
  Max Mhz: 2500, Current Mhz: 1532, Mhz Limit: 2500
Processor Information for processor 2
  Max Mhz: 2500, Current Mhz: 1532, Mhz Limit: 2500
Processor Information for processor 3
  Max Mhz: 2500, Current Mhz: 1532, Mhz Limit: 2500
Processor Information for processor 4
  Max Mhz: 2500, Current Mhz: 1532, Mhz Limit: 2500
Processor Information for processor 5
  Max Mhz: 2500, Current Mhz: 1532, Mhz Limit: 2500
Processor Information for processor 6
  Max Mhz: 2500, Current Mhz: 1532, Mhz Limit: 2500
Processor Information for processor 7
  Max Mhz: 2500, Current Mhz: 1532, Mhz Limit: 2500
Processor Information for processor 8
  Max Mhz: 2500, Current Mhz: 2500, Mhz Limit: 2500
Processor Information for processor 9
  Max Mhz: 2500, Current Mhz: 1527, Mhz Limit: 2500
Processor Information for processor 10
  Max Mhz: 2500, Current Mhz: 1527, Mhz Limit: 2500
Processor Information for processor 11
  Max Mhz: 2500, Current Mhz: 1527, Mhz Limit: 2500
Processor Information for processor 12
  Max Mhz: 2500, Current Mhz: 1527, Mhz Limit: 2500
Processor Information for processor 13
  Max Mhz: 2500, Current Mhz: 1527, Mhz Limit: 2500
Processor Information for processor 14
  Max Mhz: 2500, Current Mhz: 1527, Mhz Limit: 2500
Processor Information for processor 15
  Max Mhz: 2500, Current Mhz: 1527, Mhz Limit: 2500

Memory: 4k page, system-wide physical 16068M (1265M free)
TotalPageFile size 24260M (AvailPageFile size 6M)
current process WorkingSet (physical memory assigned to process): 382M, peak: 385M
current process commit charge ("private bytes"): 499M, peak: 503M

vm_info: OpenJDK 64-Bit Server VM (21.0.11+10-LTS) for windows-amd64 JRE (21.0.11+10-LTS), built on 2026-04-21T00:00:00Z by "admin" with MS VC++ 17.12 (VS2022)

END.
