#
# There is insufficient memory for the Java Runtime Environment to continue.
# Native memory allocation (malloc) failed to allocate 1164960 bytes. Error detail: Chunk::new
# Possible reasons:
#   The system is out of physical RAM or swap space
#   This process is running with CompressedOops enabled, and the Java Heap may be blocking the growth of the native heap
# Possible solutions:
#   Reduce memory load on the system
#   Increase physical memory or swap space
#   Check if swap backing store is full
#   Decrease Java heap size (-Xmx/-Xms)
#   Decrease number of Java threads
#   Decrease Java thread stack sizes (-Xss)
#   Set larger code cache with -XX:ReservedCodeCacheSize=
#   JVM is running with Unscaled Compressed Oops mode in which the Java heap is
#     placed in the first 4GB address space. The Java Heap base address is the
#     maximum limit for the native heap growth. Please use -XX:HeapBaseMinAddress
#     to set the Java Heap base and to place the Java Heap above 4GB virtual address.
# This output file may be truncated or incomplete.
#
#  Out of Memory Error (arena.cpp:168), pid=7324, tid=12972
#
# JRE version: OpenJDK Runtime Environment Temurin-21.0.11+10 (21.0.11+10) (build 21.0.11+10-LTS)
# Java VM: OpenJDK 64-Bit Server VM Temurin-21.0.11+10 (21.0.11+10-LTS, mixed mode, sharing, tiered, compressed oops, compressed class ptrs, parallel gc, windows-amd64)
# No core dump will be written. Minidumps are not enabled by default on client versions of Windows
#

---------------  S U M M A R Y ------------

Command Line: --add-modules=ALL-SYSTEM --add-opens=java.base/java.util=ALL-UNNAMED --add-opens=java.base/java.lang=ALL-UNNAMED --add-opens=java.base/sun.nio.fs=ALL-UNNAMED -Declipse.application=org.eclipse.jdt.ls.core.id1 -Dosgi.bundles.defaultStartLevel=4 -Declipse.product=org.eclipse.jdt.ls.core.product -Djava.import.generatesMetadataFilesAtProjectRoot=false -DDetectVMInstallationsJob.disabled=true -Dfile.encoding=utf8 -XX:+UseParallelGC -XX:GCTimeRatio=4 -XX:AdaptiveSizePolicyWeight=90 -Dsun.zip.disableMemoryMapping=true -Xmx2G -Xms100m -Xlog:disable -javaagent:c:\Users\backu\.vscode\extensions\redhat.java-1.55.0-win32-x64\lombok\lombok-1.18.39-4050.jar -XX:+HeapDumpOnOutOfMemoryError -XX:HeapDumpPath=c:\Users\backu\AppData\Roaming\Code\User\workspaceStorage\24d177da0d8e40e9f1d65268932b200b\redhat.java -Daether.dependencyCollector.impl=bf c:\Users\backu\.vscode\extensions\redhat.java-1.55.0-win32-x64\server\plugins\org.eclipse.equinox.launcher_1.7.200.v20260619-2039.jar -configuration c:\Users\backu\AppData\Roaming\Code\User\globalStorage\redhat.java\1.55.0\config_win -data c:\Users\backu\AppData\Roaming\Code\User\workspaceStorage\24d177da0d8e40e9f1d65268932b200b\redhat.java\jdt_ws --pipe=\\.\pipe\lsp-a6417dfaaa9e327f93534334e6ae55fb-sock

Host: 12th Gen Intel(R) Core(TM) i5-12500H, 16 cores, 15G,  Windows 11 , 64 bit Build 26100 (10.0.26100.8521)
Time: Sat Aug  1 22:25:37 2026 India Standard Time elapsed time: 30.532478 seconds (0d 0h 0m 30s)

---------------  T H R E A D  ---------------

Current thread (0x000001f625bfe930):  JavaThread "C2 CompilerThread1" daemon [_thread_in_native, id=12972, stack(0x00000009ceb00000,0x00000009cec00000) (1024K)]


Current CompileTask:
C2:30532 12660       4       org.eclipse.jdt.internal.compiler.parser.Scanner::internalScanIdentifierOrKeyword (5041 bytes)

Stack: [0x00000009ceb00000,0x00000009cec00000]
Native frames: (J=compiled Java code, j=interpreted, Vv=VM code, C=native code)
V  [jvm.dll+0x6d7e19]
V  [jvm.dll+0x8b5096]
V  [jvm.dll+0x8b764e]
V  [jvm.dll+0x8b7d33]
V  [jvm.dll+0x284596]
V  [jvm.dll+0xc685d]
V  [jvm.dll+0xc6da1]
V  [jvm.dll+0x3bed6b]
V  [jvm.dll+0x38b2b2]
V  [jvm.dll+0x38a6fa]
V  [jvm.dll+0x24c700]
V  [jvm.dll+0x24bce0]
V  [jvm.dll+0x1cb4ae]
V  [jvm.dll+0x25baad]
V  [jvm.dll+0x25a03a]
V  [jvm.dll+0x3f868e]
V  [jvm.dll+0x85fb0d]
V  [jvm.dll+0x6d664d]
C  [ucrtbase.dll+0x2cd30]
C  [KERNEL32.DLL+0x2e957]
C  [ntdll.dll+0x87c1c]


---------------  P R O C E S S  ---------------

Threads class SMR info:
_java_thread_list=0x000001f625977990, length=120, elements={
0x000001f5c03c9eb0, 0x000001f5c2874380, 0x000001f5c277e770, 0x000001f5c2877d60,
0x000001f5c2878d40, 0x000001f5c2885120, 0x000001f5c28857b0, 0x000001f61b60c1d0,
0x000001f61b60cc10, 0x000001f5c28871f0, 0x000001f5c2887f10, 0x000001f5c2885e40,
0x000001f5c2887880, 0x000001f5c28864d0, 0x000001f5c28885a0, 0x000001f5c2886b60,
0x000001f6220f94f0, 0x000001f6220f6070, 0x000001f6220f8e60, 0x000001f6220f7420,
0x000001f6220f87d0, 0x000001f6220f9b80, 0x000001f6220f6700, 0x000001f6220fa210,
0x000001f6220f6d90, 0x000001f6220f8140, 0x000001f6220faf30, 0x000001f6220fa8a0,
0x000001f6220f7ab0, 0x000001f6220fb5c0, 0x000001f6220fbc50, 0x000001f6220fc2e0,
0x000001f6220fc970, 0x000001f6220fd000, 0x000001f6220fd690, 0x000001f62608d990,
0x000001f62608e020, 0x000001f62608ed40, 0x000001f62608f3d0, 0x000001f62608fa60,
0x000001f62608e6b0, 0x000001f62608cc70, 0x000001f62608c5e0, 0x000001f6260900f0,
0x000001f626090780, 0x000001f62608d300, 0x000001f626090e10, 0x000001f6260914a0,
0x000001f626091b30, 0x000001f6260921c0, 0x000001f626092ee0, 0x000001f626092850,
0x000001f626093570, 0x000001f626093c00, 0x000001f625129970, 0x000001f62512ad20,
0x000001f62512ba40, 0x000001f6251292e0, 0x000001f62512a000, 0x000001f62512a690,
0x000001f6251285c0, 0x000001f62512c0d0, 0x000001f625128c50, 0x000001f62512cdf0,
0x000001f62512f550, 0x000001f62512d480, 0x000001f62512e1a0, 0x000001f62512c760,
0x000001f62512db10, 0x000001f62512eec0, 0x000001f62512e830, 0x000001f62512fbe0,
0x000001f626425d50, 0x000001f626427100, 0x000001f626427790, 0x000001f626426a70,
0x000001f6264284b0, 0x000001f626428b40, 0x000001f626427e20, 0x000001f6264256c0,
0x000001f6264291d0, 0x000001f626429860, 0x000001f6264263e0, 0x000001f62642cce0,
0x000001f62642b930, 0x000001f626429ef0, 0x000001f62642b2a0, 0x000001f62642a580,
0x000001f62642ac10, 0x000001f62642bfc0, 0x000001f62642c650, 0x000001f625bfe930,
0x000001f625bffda0, 0x000001f625090fb0, 0x000001f625093da0, 0x000001f625093080,
0x000001f625091640, 0x000001f625095150, 0x000001f625c01210, 0x000001f625091cd0,
0x000001f625095e70, 0x000001f6250957e0, 0x000001f6250929f0, 0x000001f625c00470,
0x000001f625094430, 0x000001f625093710, 0x000001f625096b90, 0x000001f625096500,
0x000001f625097220, 0x000001f6250978b0, 0x000001f623ccbc80, 0x000001f623cc8800,
0x000001f623cc9520, 0x000001f623ccc310, 0x000001f623cc8e90, 0x000001f623ccd030,
0x000001f623cca8d0, 0x000001f623ccc9a0, 0x000001f623cc9bb0, 0x000001f625c02d50
}

Java Threads: ( => current thread )
  0x000001f5c03c9eb0 JavaThread "main"                              [_thread_blocked, id=21388, stack(0x00000009cdd00000,0x00000009cde00000) (1024K)]
  0x000001f5c2874380 JavaThread "Reference Handler"          daemon [_thread_blocked, id=23712, stack(0x00000009ce100000,0x00000009ce200000) (1024K)]
  0x000001f5c277e770 JavaThread "Finalizer"                  daemon [_thread_blocked, id=32604, stack(0x00000009ce200000,0x00000009ce300000) (1024K)]
  0x000001f5c2877d60 JavaThread "Signal Dispatcher"          daemon [_thread_blocked, id=30480, stack(0x00000009ce300000,0x00000009ce400000) (1024K)]
  0x000001f5c2878d40 JavaThread "Attach Listener"            daemon [_thread_blocked, id=13396, stack(0x00000009ce400000,0x00000009ce500000) (1024K)]
  0x000001f5c2885120 JavaThread "Service Thread"             daemon [_thread_blocked, id=30716, stack(0x00000009ce500000,0x00000009ce600000) (1024K)]
  0x000001f5c28857b0 JavaThread "Monitor Deflation Thread"   daemon [_thread_blocked, id=15804, stack(0x00000009ce600000,0x00000009ce700000) (1024K)]
  0x000001f61b60c1d0 JavaThread "C2 CompilerThread0"         daemon [_thread_blocked, id=20176, stack(0x00000009ce700000,0x00000009ce800000) (1024K)]
  0x000001f61b60cc10 JavaThread "C1 CompilerThread0"         daemon [_thread_blocked, id=36600, stack(0x00000009ce800000,0x00000009ce900000) (1024K)]
  0x000001f5c28871f0 JavaThread "Common-Cleaner"             daemon [_thread_blocked, id=4708, stack(0x00000009cec00000,0x00000009ced00000) (1024K)]
  0x000001f5c2887f10 JavaThread "Notification Thread"        daemon [_thread_blocked, id=25300, stack(0x00000009cee00000,0x00000009cef00000) (1024K)]
  0x000001f5c2885e40 JavaThread "Active Thread: Equinox Container: 20b1cbb5-8bc5-441c-9881-ba26628b28cc"        [_thread_blocked, id=23772, stack(0x00000009cf700000,0x00000009cf800000) (1024K)]
  0x000001f5c2887880 JavaThread "Refresh Thread: Equinox Container: 20b1cbb5-8bc5-441c-9881-ba26628b28cc" daemon [_thread_blocked, id=35232, stack(0x00000009cf900000,0x00000009cfa00000) (1024K)]
  0x000001f5c28864d0 JavaThread "Framework Event Dispatcher: Equinox Container: 20b1cbb5-8bc5-441c-9881-ba26628b28cc" daemon [_thread_blocked, id=30216, stack(0x00000009cfa00000,0x00000009cfb00000) (1024K)]
  0x000001f5c28885a0 JavaThread "Start Level: Equinox Container: 20b1cbb5-8bc5-441c-9881-ba26628b28cc" daemon [_thread_blocked, id=15492, stack(0x00000009cfb00000,0x00000009cfc00000) (1024K)]
  0x000001f5c2886b60 JavaThread "Bundle File Closer"         daemon [_thread_blocked, id=27056, stack(0x00000009cff00000,0x00000009d0000000) (1024K)]
  0x000001f6220f94f0 JavaThread "SCR Component Actor"        daemon [_thread_blocked, id=15724, stack(0x00000009cea00000,0x00000009ceb00000) (1024K)]
  0x000001f6220f6070 JavaThread "Worker-JM"                         [_thread_blocked, id=19260, stack(0x00000009cef00000,0x00000009cf000000) (1024K)]
  0x000001f6220f8e60 JavaThread "JNA Cleaner"                daemon [_thread_blocked, id=11492, stack(0x00000009d0200000,0x00000009d0300000) (1024K)]
  0x000001f6220f7420 JavaThread "Worker-0"                          [_thread_blocked, id=3352, stack(0x00000009d0300000,0x00000009d0400000) (1024K)]
  0x000001f6220f87d0 JavaThread "Worker-1"                          [_thread_blocked, id=6308, stack(0x00000009d0400000,0x00000009d0500000) (1024K)]
  0x000001f6220f9b80 JavaThread "Worker-2"                          [_thread_blocked, id=25884, stack(0x00000009d0500000,0x00000009d0600000) (1024K)]
  0x000001f6220f6700 JavaThread "Java indexing"              daemon [_thread_blocked, id=14664, stack(0x00000009d0800000,0x00000009d0900000) (1024K)]
  0x000001f6220fa210 JavaThread "Worker-3"                          [_thread_blocked, id=24764, stack(0x00000009d0900000,0x00000009d0a00000) (1024K)]
  0x000001f6220f6d90 JavaThread "Worker-4: Initialize workspace"        [_thread_blocked, id=1752, stack(0x00000009d0c00000,0x00000009d0d00000) (1024K)]
  0x000001f6220f8140 JavaThread "Worker-5: Publish Diagnostics"        [_thread_in_vm, id=28064, stack(0x00000009d0f00000,0x00000009d1000000) (1024K)]
  0x000001f6220faf30 JavaThread "Thread-1"                   daemon [_thread_in_native, id=34728, stack(0x00000009d1000000,0x00000009d1100000) (1024K)]
  0x000001f6220fa8a0 JavaThread "Thread-2"                   daemon [_thread_in_native, id=20100, stack(0x00000009d1100000,0x00000009d1200000) (1024K)]
  0x000001f6220f7ab0 JavaThread "Thread-3"                   daemon [_thread_in_native, id=25980, stack(0x00000009d1200000,0x00000009d1300000) (1024K)]
  0x000001f6220fb5c0 JavaThread "Thread-4"                   daemon [_thread_in_native, id=36336, stack(0x00000009d1300000,0x00000009d1400000) (1024K)]
  0x000001f6220fbc50 JavaThread "Thread-5"                   daemon [_thread_in_native, id=25484, stack(0x00000009d1400000,0x00000009d1500000) (1024K)]
  0x000001f6220fc2e0 JavaThread "Thread-6"                   daemon [_thread_in_native, id=33856, stack(0x00000009d1500000,0x00000009d1600000) (1024K)]
  0x000001f6220fc970 JavaThread "Thread-7"                   daemon [_thread_in_native, id=20324, stack(0x00000009d1600000,0x00000009d1700000) (1024K)]
  0x000001f6220fd000 JavaThread "Thread-8"                   daemon [_thread_in_native, id=23332, stack(0x00000009d1700000,0x00000009d1800000) (1024K)]
  0x000001f6220fd690 JavaThread "Thread-9"                   daemon [_thread_in_native, id=14208, stack(0x00000009d1800000,0x00000009d1900000) (1024K)]
  0x000001f62608d990 JavaThread "Thread-10"                  daemon [_thread_in_native, id=31888, stack(0x00000009d1900000,0x00000009d1a00000) (1024K)]
  0x000001f62608e020 JavaThread "Thread-11"                  daemon [_thread_in_native, id=35168, stack(0x00000009d1a00000,0x00000009d1b00000) (1024K)]
  0x000001f62608ed40 JavaThread "Thread-12"                  daemon [_thread_in_native, id=26712, stack(0x00000009d1b00000,0x00000009d1c00000) (1024K)]
  0x000001f62608f3d0 JavaThread "Thread-13"                  daemon [_thread_in_native, id=5528, stack(0x00000009d1c00000,0x00000009d1d00000) (1024K)]
  0x000001f62608fa60 JavaThread "Thread-14"                  daemon [_thread_in_native, id=6060, stack(0x00000009d1d00000,0x00000009d1e00000) (1024K)]
  0x000001f62608e6b0 JavaThread "Thread-15"                  daemon [_thread_in_native, id=37388, stack(0x00000009d1e00000,0x00000009d1f00000) (1024K)]
  0x000001f62608cc70 JavaThread "Thread-16"                  daemon [_thread_in_native, id=7488, stack(0x00000009d1f00000,0x00000009d2000000) (1024K)]
  0x000001f62608c5e0 JavaThread "Thread-17"                  daemon [_thread_in_native, id=17548, stack(0x00000009d2000000,0x00000009d2100000) (1024K)]
  0x000001f6260900f0 JavaThread "pool-2-thread-1"                   [_thread_blocked, id=27588, stack(0x00000009d2100000,0x00000009d2200000) (1024K)]
  0x000001f626090780 JavaThread "PatternSearchJob-worker-1"  daemon [_thread_blocked, id=33220, stack(0x00000009d2200000,0x00000009d2300000) (1024K)]
  0x000001f62608d300 JavaThread "PatternSearchJob-worker-2"  daemon [_thread_blocked, id=13400, stack(0x00000009d2300000,0x00000009d2400000) (1024K)]
  0x000001f626090e10 JavaThread "PatternSearchJob-worker-3"  daemon [_thread_blocked, id=15264, stack(0x00000009d2400000,0x00000009d2500000) (1024K)]
  0x000001f6260914a0 JavaThread "PatternSearchJob-worker-4"  daemon [_thread_blocked, id=6372, stack(0x00000009d2500000,0x00000009d2600000) (1024K)]
  0x000001f626091b30 JavaThread "PatternSearchJob-worker-5"  daemon [_thread_blocked, id=2476, stack(0x00000009d2600000,0x00000009d2700000) (1024K)]
  0x000001f6260921c0 JavaThread "PatternSearchJob-worker-6"  daemon [_thread_blocked, id=24368, stack(0x00000009d2700000,0x00000009d2800000) (1024K)]
  0x000001f626092ee0 JavaThread "PatternSearchJob-worker-7"  daemon [_thread_blocked, id=24668, stack(0x00000009d2800000,0x00000009d2900000) (1024K)]
  0x000001f626092850 JavaThread "PatternSearchJob-worker-8"  daemon [_thread_blocked, id=11352, stack(0x00000009d2900000,0x00000009d2a00000) (1024K)]
  0x000001f626093570 JavaThread "PatternSearchJob-worker-9"  daemon [_thread_blocked, id=18176, stack(0x00000009d2a00000,0x00000009d2b00000) (1024K)]
  0x000001f626093c00 JavaThread "PatternSearchJob-worker-10" daemon [_thread_blocked, id=9532, stack(0x00000009d2b00000,0x00000009d2c00000) (1024K)]
  0x000001f625129970 JavaThread "PatternSearchJob-worker-11" daemon [_thread_blocked, id=37180, stack(0x00000009d2c00000,0x00000009d2d00000) (1024K)]
  0x000001f62512ad20 JavaThread "PatternSearchJob-worker-12" daemon [_thread_blocked, id=34704, stack(0x00000009d2d00000,0x00000009d2e00000) (1024K)]
  0x000001f62512ba40 JavaThread "PatternSearchJob-worker-13" daemon [_thread_blocked, id=27936, stack(0x00000009d2e00000,0x00000009d2f00000) (1024K)]
  0x000001f6251292e0 JavaThread "PatternSearchJob-worker-14" daemon [_thread_blocked, id=12720, stack(0x00000009d2f00000,0x00000009d3000000) (1024K)]
  0x000001f62512a000 JavaThread "PatternSearchJob-worker-15" daemon [_thread_blocked, id=25948, stack(0x00000009d3000000,0x00000009d3100000) (1024K)]
  0x000001f62512a690 JavaThread "WorkspaceEventsHandler"            [_thread_blocked, id=7876, stack(0x00000009d3100000,0x00000009d3200000) (1024K)]
  0x000001f6251285c0 JavaThread "pool-1-thread-1"                   [_thread_blocked, id=34884, stack(0x00000009d3200000,0x00000009d3300000) (1024K)]
  0x000001f62512c0d0 JavaThread "LocalFile Deleter"          daemon [_thread_blocked, id=7732, stack(0x00000009d0b00000,0x00000009d0c00000) (1024K)]
  0x000001f625128c50 JavaThread "LocalFile Deleter"          daemon [_thread_blocked, id=25660, stack(0x00000009d3300000,0x00000009d3400000) (1024K)]
  0x000001f62512cdf0 JavaThread "LocalFile Deleter"          daemon [_thread_blocked, id=21260, stack(0x00000009d3400000,0x00000009d3500000) (1024K)]
  0x000001f62512f550 JavaThread "LocalFile Deleter"          daemon [_thread_blocked, id=8108, stack(0x00000009d3500000,0x00000009d3600000) (1024K)]
  0x000001f62512d480 JavaThread "LocalFile Deleter"          daemon [_thread_blocked, id=29008, stack(0x00000009d3600000,0x00000009d3700000) (1024K)]
  0x000001f62512e1a0 JavaThread "LocalFile Deleter"          daemon [_thread_blocked, id=33616, stack(0x00000009d3700000,0x00000009d3800000) (1024K)]
  0x000001f62512c760 JavaThread "LocalFile Deleter"          daemon [_thread_blocked, id=9904, stack(0x00000009d3800000,0x00000009d3900000) (1024K)]
  0x000001f62512db10 JavaThread "LocalFile Deleter"          daemon [_thread_blocked, id=36656, stack(0x00000009d3900000,0x00000009d3a00000) (1024K)]
  0x000001f62512eec0 JavaThread "LocalFile Deleter"          daemon [_thread_blocked, id=9276, stack(0x00000009d3a00000,0x00000009d3b00000) (1024K)]
  0x000001f62512e830 JavaThread "LocalFile Deleter"          daemon [_thread_blocked, id=34732, stack(0x00000009d3b00000,0x00000009d3c00000) (1024K)]
  0x000001f62512fbe0 JavaThread "LocalFile Deleter"          daemon [_thread_blocked, id=31492, stack(0x00000009d3c00000,0x00000009d3d00000) (1024K)]
  0x000001f626425d50 JavaThread "LocalFile Deleter"          daemon [_thread_blocked, id=27580, stack(0x00000009d3d00000,0x00000009d3e00000) (1024K)]
  0x000001f626427100 JavaThread "LocalFile Deleter"          daemon [_thread_blocked, id=36792, stack(0x00000009d3e00000,0x00000009d3f00000) (1024K)]
  0x000001f626427790 JavaThread "LocalFile Deleter"          daemon [_thread_blocked, id=31056, stack(0x00000009d3f00000,0x00000009d4000000) (1024K)]
  0x000001f626426a70 JavaThread "LocalFile Deleter"          daemon [_thread_blocked, id=35116, stack(0x00000009d4000000,0x00000009d4100000) (1024K)]
  0x000001f6264284b0 JavaThread "LocalFile Deleter"          daemon [_thread_blocked, id=14760, stack(0x00000009d4100000,0x00000009d4200000) (1024K)]
  0x000001f626428b40 JavaThread "Compiler Source File Reader" daemon [_thread_blocked, id=13556, stack(0x00000009d0a00000,0x00000009d0b00000) (1024K)]
  0x000001f626427e20 JavaThread "Compiler Source File Reader" daemon [_thread_blocked, id=4944, stack(0x00000009d4200000,0x00000009d4300000) (1024K)]
  0x000001f6264256c0 JavaThread "Compiler Source File Reader" daemon [_thread_blocked, id=28164, stack(0x00000009d4300000,0x00000009d4400000) (1024K)]
  0x000001f6264291d0 JavaThread "Compiler Source File Reader" daemon [_thread_blocked, id=24312, stack(0x00000009d4400000,0x00000009d4500000) (1024K)]
  0x000001f626429860 JavaThread "Compiler Source File Reader" daemon [_thread_blocked, id=11228, stack(0x00000009d4500000,0x00000009d4600000) (1024K)]
  0x000001f6264263e0 JavaThread "Compiler Source File Reader" daemon [_thread_blocked, id=18428, stack(0x00000009d4600000,0x00000009d4700000) (1024K)]
  0x000001f62642cce0 JavaThread "Compiler Source File Reader" daemon [_thread_blocked, id=31212, stack(0x00000009d4700000,0x00000009d4800000) (1024K)]
  0x000001f62642b930 JavaThread "Compiler Source File Reader" daemon [_thread_blocked, id=35764, stack(0x00000009d4800000,0x00000009d4900000) (1024K)]
  0x000001f626429ef0 JavaThread "Compiler Source File Reader" daemon [_thread_blocked, id=4892, stack(0x00000009d4900000,0x00000009d4a00000) (1024K)]
  0x000001f62642b2a0 JavaThread "Compiler Source File Reader" daemon [_thread_blocked, id=4788, stack(0x00000009d4a00000,0x00000009d4b00000) (1024K)]
  0x000001f62642a580 JavaThread "Compiler Source File Reader" daemon [_thread_blocked, id=29044, stack(0x00000009d4b00000,0x00000009d4c00000) (1024K)]
  0x000001f62642ac10 JavaThread "Compiler Source File Reader" daemon [_thread_blocked, id=6556, stack(0x00000009d4c00000,0x00000009d4d00000) (1024K)]
  0x000001f62642bfc0 JavaThread "Compiler Source File Reader" daemon [_thread_blocked, id=328, stack(0x00000009d4d00000,0x00000009d4e00000) (1024K)]
  0x000001f62642c650 JavaThread "Compiler Source File Reader" daemon [_thread_blocked, id=21040, stack(0x00000009d4e00000,0x00000009d4f00000) (1024K)]
=>0x000001f625bfe930 JavaThread "C2 CompilerThread1"         daemon [_thread_in_native, id=12972, stack(0x00000009ceb00000,0x00000009cec00000) (1024K)]
  0x000001f625bffda0 JavaThread "C2 CompilerThread2"         daemon [_thread_in_native, id=18344, stack(0x00000009d0600000,0x00000009d0700000) (1024K)]
  0x000001f625090fb0 JavaThread "Compiler Processing Task"   daemon [_thread_blocked, id=1336, stack(0x00000009d0700000,0x00000009d0800000) (1024K)]
  0x000001f625093da0 JavaThread "Compiler Class File Writer" daemon [_thread_blocked, id=27228, stack(0x00000009d4f00000,0x00000009d5000000) (1024K)]
  0x000001f625093080 JavaThread "Compiler Class File Writer" daemon [_thread_blocked, id=164, stack(0x00000009d5000000,0x00000009d5100000) (1024K)]
  0x000001f625091640 JavaThread "Compiler Class File Writer" daemon [_thread_blocked, id=20340, stack(0x00000009d5100000,0x00000009d5200000) (1024K)]
  0x000001f625095150 JavaThread "Compiler Class File Writer" daemon [_thread_blocked, id=3612, stack(0x00000009d5200000,0x00000009d5300000) (1024K)]
  0x000001f625c01210 JavaThread "C2 CompilerThread3"         daemon [_thread_in_native, id=29676, stack(0x00000009d5300000,0x00000009d5400000) (1024K)]
  0x000001f625091cd0 JavaThread "Compiler Class File Writer" daemon [_thread_blocked, id=14640, stack(0x00000009d5400000,0x00000009d5500000) (1024K)]
  0x000001f625095e70 JavaThread "Compiler Class File Writer" daemon [_thread_blocked, id=24372, stack(0x00000009d5500000,0x00000009d5600000) (1024K)]
  0x000001f6250957e0 JavaThread "Compiler Class File Writer" daemon [_thread_blocked, id=32052, stack(0x00000009d5600000,0x00000009d5700000) (1024K)]
  0x000001f6250929f0 JavaThread "Compiler Class File Writer" daemon [_thread_blocked, id=1924, stack(0x00000009d5700000,0x00000009d5800000) (1024K)]
  0x000001f625c00470 JavaThread "C2 CompilerThread4"         daemon [_thread_blocked, id=24696, stack(0x00000009d5800000,0x00000009d5900000) (1024K)]
  0x000001f625094430 JavaThread "Compiler Class File Writer" daemon [_thread_blocked, id=14988, stack(0x00000009d5900000,0x00000009d5a00000) (1024K)]
  0x000001f625093710 JavaThread "Compiler Class File Writer" daemon [_thread_blocked, id=23668, stack(0x00000009d5a00000,0x00000009d5b00000) (1024K)]
  0x000001f625096b90 JavaThread "Compiler Class File Writer" daemon [_thread_blocked, id=24348, stack(0x00000009d5b00000,0x00000009d5c00000) (1024K)]
  0x000001f625096500 JavaThread "Compiler Class File Writer" daemon [_thread_blocked, id=18804, stack(0x00000009d5c00000,0x00000009d5d00000) (1024K)]
  0x000001f625097220 JavaThread "Compiler Class File Writer" daemon [_thread_blocked, id=35108, stack(0x00000009d5d00000,0x00000009d5e00000) (1024K)]
  0x000001f6250978b0 JavaThread "Compiler Class File Writer" daemon [_thread_blocked, id=18232, stack(0x00000009d5e00000,0x00000009d5f00000) (1024K)]
  0x000001f623ccbc80 JavaThread "ForkJoinPool.commonPool-worker-1" daemon [_thread_blocked, id=17908, stack(0x00000009d5f00000,0x00000009d6000000) (1024K)]
  0x000001f623cc8800 JavaThread "ForkJoinPool.commonPool-worker-2" daemon [_thread_blocked, id=22792, stack(0x00000009d6000000,0x00000009d6100000) (1024K)]
  0x000001f623cc9520 JavaThread "ForkJoinPool.commonPool-worker-3" daemon [_thread_blocked, id=12208, stack(0x00000009d6100000,0x00000009d6200000) (1024K)]
  0x000001f623ccc310 JavaThread "ForkJoinPool.commonPool-worker-4" daemon [_thread_blocked, id=33600, stack(0x00000009d6200000,0x00000009d6300000) (1024K)]
  0x000001f623cc8e90 JavaThread "ForkJoinPool.commonPool-worker-5" daemon [_thread_blocked, id=28088, stack(0x00000009d6300000,0x00000009d6400000) (1024K)]
  0x000001f623ccd030 JavaThread "ForkJoinPool.commonPool-worker-6" daemon [_thread_blocked, id=12528, stack(0x00000009d6400000,0x00000009d6500000) (1024K)]
  0x000001f623cca8d0 JavaThread "ForkJoinPool.commonPool-worker-7" daemon [_thread_blocked, id=18460, stack(0x00000009d6500000,0x00000009d6600000) (1024K)]
  0x000001f623ccc9a0 JavaThread "ForkJoinPool.commonPool-worker-8" daemon [_thread_blocked, id=17672, stack(0x00000009d6600000,0x00000009d6700000) (1024K)]
  0x000001f623cc9bb0 JavaThread "Worker-6"                          [_thread_blocked, id=33976, stack(0x00000009d0100000,0x00000009d0200000) (1024K)]
  0x000001f625c02d50 JavaThread "C1 CompilerThread1"         daemon [_thread_blocked, id=18356, stack(0x00000009ce900000,0x00000009cea00000) (1024K)]
Total: 120

Other Threads:
  0x000001f5c286fba0 VMThread "VM Thread"                           [id=33712, stack(0x00000009ce000000,0x00000009ce100000) (1024K)]
  0x000001f5c265ca00 WatcherThread "VM Periodic Task Thread"        [id=10580, stack(0x00000009cdf00000,0x00000009ce000000) (1024K)]
  0x000001f5c27ed860 WorkerThread "GC Thread#0"                     [id=20164, stack(0x00000009cde00000,0x00000009cdf00000) (1024K)]
  0x000001f6211563d0 WorkerThread "GC Thread#1"                     [id=25768, stack(0x00000009cf000000,0x00000009cf100000) (1024K)]
  0x000001f62176e980 WorkerThread "GC Thread#2"                     [id=36340, stack(0x00000009cf100000,0x00000009cf200000) (1024K)]
  0x000001f621156fa0 WorkerThread "GC Thread#3"                     [id=17704, stack(0x00000009cf200000,0x00000009cf300000) (1024K)]
  0x000001f621157350 WorkerThread "GC Thread#4"                     [id=15992, stack(0x00000009cf300000,0x00000009cf400000) (1024K)]
  0x000001f621637240 WorkerThread "GC Thread#5"                     [id=35756, stack(0x00000009cf400000,0x00000009cf500000) (1024K)]
  0x000001f621639a10 WorkerThread "GC Thread#6"                     [id=26496, stack(0x00000009cf500000,0x00000009cf600000) (1024K)]
  0x000001f62183e090 WorkerThread "GC Thread#7"                     [id=21436, stack(0x00000009cf800000,0x00000009cf900000) (1024K)]
  0x000001f62183d1d0 WorkerThread "GC Thread#8"                     [id=17740, stack(0x00000009cfc00000,0x00000009cfd00000) (1024K)]
  0x000001f62183d930 WorkerThread "GC Thread#9"                     [id=37456, stack(0x00000009cfd00000,0x00000009cfe00000) (1024K)]
  0x000001f62183e440 WorkerThread "GC Thread#10"                    [id=19580, stack(0x00000009cfe00000,0x00000009cff00000) (1024K)]
  0x000001f62183d580 WorkerThread "GC Thread#11"                    [id=21528, stack(0x00000009ced00000,0x00000009cee00000) (1024K)]
  0x000001f62183e7f0 WorkerThread "GC Thread#12"                    [id=25128, stack(0x00000009cf600000,0x00000009cf700000) (1024K)]
Total: 15

Threads with active compile tasks:
C2 CompilerThread1  33611 12660       4       org.eclipse.jdt.internal.compiler.parser.Scanner::internalScanIdentifierOrKeyword (5041 bytes)
C2 CompilerThread2  33611 12440 % !   4       org.eclipse.jdt.internal.core.JarPackageFragmentRoot::computeChildren @ 139 (523 bytes)
Total: 2

VM state: not at safepoint (normal execution)

VM Mutex/Monitor currently owned by a thread:  ([mutex/lock_event])
[0x00007ff99ad9f670] Heap_lock - owner thread: 0x000001f6220f8140
[0x00007ff99ad9faf0] PSOldGenExpand_lock - owner thread: 0x000001f6220f8140

Heap address: 0x0000000080000000, size: 2048 MB, Compressed Oops mode: 32-bit

CDS archive(s) mapped at: [0x000001f5da000000-0x000001f5daba0000-0x000001f5daba0000), size 12189696, SharedBaseAddress: 0x000001f5da000000, ArchiveRelocationMode: 1.
Compressed class space mapped at: 0x000001f5db000000-0x000001f61b000000, reserved size: 1073741824
Narrow klass base: 0x000001f5da000000, Narrow klass shift: 0, Narrow klass range: 0x100000000

GC Precious Log:
 CardTable entry size: 512
 CPUs: 16 total, 16 available
 Memory: 16068M
 Large Page Support: Disabled
 NUMA Support: Disabled
 Compressed Oops: Enabled (32-bit)
 Alignments: Space 512K, Generation 512K, Heap 2M
 Heap Min Capacity: 100M
 Heap Initial Capacity: 100M
 Heap Max Capacity: 2G
 Pre-touch: Disabled
 Parallel Workers: 13

Heap:
 PSYoungGen      total 12288K, used 10595K [0x00000000d5580000, 0x00000000d6380000, 0x0000000100000000)
  eden space 10240K, 100% used [0x00000000d5580000,0x00000000d5f80000,0x00000000d5f80000)
  from space 2048K, 17% used [0x00000000d5f80000,0x00000000d5fd8d68,0x00000000d6180000)
  to   space 1024K, 0% used [0x00000000d6280000,0x00000000d6280000,0x00000000d6380000)
 ParOldGen       total 115712K, used 115711K [0x0000000080000000, 0x0000000087100000, 0x00000000d5580000)
  object space 115712K, 99% used [0x0000000080000000,0x00000000870fff98,0x0000000087100000)
 Metaspace       used 66373K, committed 67904K, reserved 1114112K
  class space    used 7015K, committed 7680K, reserved 1048576K

Card table byte_map: [0x000001f5c2170000,0x000001f5c2580000] _byte_map_base: 0x000001f5c1d70000

Marking Bits: (ParMarkBitMap*) 0x00007ff99ada4460
 Begin Bits: [0x000001f5d4c80000, 0x000001f5d6c80000)
 End Bits:   [0x000001f5d6c80000, 0x000001f5d8c80000)

Polling page: 0x000001f5c0380000

Metaspace:

Usage:
  Non-class:     57.97 MB used.
      Class:      6.85 MB used.
       Both:     64.82 MB used.

Virtual space:
  Non-class space:       64.00 MB reserved,      58.81 MB ( 92%) committed,  1 nodes.
      Class space:        1.00 GB reserved,       7.50 MB ( <1%) committed,  1 nodes.
             Both:        1.06 GB reserved,      66.31 MB (  6%) committed. 

Chunk freelists:
   Non-Class:  4.81 MB
       Class:  8.47 MB
        Both:  13.28 MB

MaxMetaspaceSize: unlimited
CompressedClassSpaceSize: 1.00 GB
Initial GC threshold: 21.00 MB
Current GC threshold: 97.31 MB
CDS: on
 - commit_granule_bytes: 65536.
 - commit_granule_words: 8192.
 - virtual_space_node_default_size: 8388608.
 - enlarge_chunks_in_place: 1.
 - use_allocation_guard: 0.


Internal statistics:

num_allocs_failed_limit: 11.
num_arena_births: 1322.
num_arena_deaths: 18.
num_vsnodes_births: 2.
num_vsnodes_deaths: 0.
num_space_committed: 1061.
num_space_uncommitted: 0.
num_chunks_returned_to_freelist: 30.
num_chunks_taken_from_freelist: 4599.
num_chunk_merges: 13.
num_chunk_splits: 2739.
num_chunks_enlarged: 1447.
num_inconsistent_stats: 0.

CodeHeap 'non-profiled nmethods': size=119168Kb used=8037Kb max_used=8037Kb free=111130Kb
 bounds [0x000001f5cd570000, 0x000001f5cdd50000, 0x000001f5d49d0000]
CodeHeap 'profiled nmethods': size=119104Kb used=26631Kb max_used=26631Kb free=92472Kb
 bounds [0x000001f5c59d0000, 0x000001f5c73e0000, 0x000001f5cce20000]
CodeHeap 'non-nmethods': size=7488Kb used=2014Kb max_used=3209Kb free=5473Kb
 bounds [0x000001f5cce20000, 0x000001f5cd150000, 0x000001f5cd570000]
CodeCache: size=245760Kb, used=36682Kb, max_used=37877Kb, free=209075Kb
 total_blobs=12587, nmethods=11818, adapters=673, full_count=0
Compilation: enabled, stopped_count=0, restarted_count=0

Compilation events (20 events):
Event: 29.455 Thread 0x000001f61b60c1d0 nmethod 12618 0x000001f5cdd34e10 code [0x000001f5cdd350e0, 0x000001f5cdd37570]
Event: 29.456 Thread 0x000001f61b60c1d0 12657       4       java.util.ArrayList::listIterator (10 bytes)
Event: 29.457 Thread 0x000001f61b60c1d0 nmethod 12657 0x000001f5cdd38690 code [0x000001f5cdd38820, 0x000001f5cdd38928]
Event: 29.462 Thread 0x000001f61b60cc10 12677   !   3       java.util.concurrent.ThreadPoolExecutor::getTask (177 bytes)
Event: 29.463 Thread 0x000001f61b60c1d0 12678       4       org.eclipse.jdt.internal.core.JavaModelManager::isExternalFile (36 bytes)
Event: 29.464 Thread 0x000001f61b60cc10 nmethod 12677 0x000001f5c73ce890 code [0x000001f5c73ceb40, 0x000001f5c73cf970]
Event: 29.464 Thread 0x000001f625c02d50 12679       3       java.util.jar.JarFile::<init> (11 bytes)
Event: 29.465 Thread 0x000001f61b60cc10 12680       3       org.eclipse.jdt.internal.core.util.Util::isJavaLikeFileName (18 bytes)
Event: 29.465 Thread 0x000001f625c02d50 nmethod 12679 0x000001f5c73cfe10 code [0x000001f5c73cffc0, 0x000001f5c73d0108]
Event: 29.465 Thread 0x000001f61b60cc10 nmethod 12680 0x000001f5c73d0190 code [0x000001f5c73d0380, 0x000001f5c73d06c0]
Event: 29.466 Thread 0x000001f61b60cc10 12681       1       org.eclipse.core.runtime.Status::getException (5 bytes)
Event: 29.466 Thread 0x000001f61b60cc10 nmethod 12681 0x000001f5cdd38a10 code [0x000001f5cdd38ba0, 0x000001f5cdd38c68]
Event: 29.469 Thread 0x000001f61b60cc10 12682       3       org.eclipse.jdt.internal.compiler.ast.Annotation::getTargetElementType (278 bytes)
Event: 29.471 Thread 0x000001f61b60cc10 nmethod 12682 0x000001f5c73d0810 code [0x000001f5c73d0b40, 0x000001f5c73d1a78]
Event: 29.474 Thread 0x000001f625c00470 nmethod 12638 0x000001f5cdd38d10 code [0x000001f5cdd39040, 0x000001f5cdd3aee8]
Event: 29.474 Thread 0x000001f61b60c1d0 nmethod 12678 0x000001f5cdd3c290 code [0x000001f5cdd3c460, 0x000001f5cdd3c848]
Event: 29.475 Thread 0x000001f61b60c1d0 12683       4       java.util.jar.Attributes$Name::of (28 bytes)
Event: 29.491 Thread 0x000001f61b60c1d0 nmethod 12683 0x000001f5cdd3cb90 code [0x000001f5cdd3cda0, 0x000001f5cdd3d600]
Event: 29.508 Thread 0x000001f625c00470 12684       4       java.util.concurrent.TimeUnit::toMillis (69 bytes)
Event: 29.509 Thread 0x000001f625c00470 nmethod 12684 0x000001f5cdd3db90 code [0x000001f5cdd3dd20, 0x000001f5cdd3de68]

GC Heap History (20 events):
Event: 29.419 GC heap after
{Heap after GC invocations=194 (full 3):
 PSYoungGen      total 11264K, used 481K [0x00000000d5580000, 0x00000000d6200000, 0x0000000100000000)
  eden space 10752K, 0% used [0x00000000d5580000,0x00000000d5580000,0x00000000d6000000)
  from space 512K, 94% used [0x00000000d6080000,0x00000000d60f8570,0x00000000d6100000)
  to   space 1024K, 0% used [0x00000000d6100000,0x00000000d6100000,0x00000000d6200000)
 ParOldGen       total 111104K, used 110610K [0x0000000080000000, 0x0000000086c80000, 0x00000000d5580000)
  object space 111104K, 99% used [0x0000000080000000,0x0000000086c04ab0,0x0000000086c80000)
 Metaspace       used 66354K, committed 67840K, reserved 1114112K
  class space    used 7015K, committed 7680K, reserved 1048576K
}
Event: 29.427 GC heap before
{Heap before GC invocations=195 (full 3):
 PSYoungGen      total 11264K, used 11233K [0x00000000d5580000, 0x00000000d6200000, 0x0000000100000000)
  eden space 10752K, 100% used [0x00000000d5580000,0x00000000d6000000,0x00000000d6000000)
  from space 512K, 94% used [0x00000000d6080000,0x00000000d60f8570,0x00000000d6100000)
  to   space 1024K, 0% used [0x00000000d6100000,0x00000000d6100000,0x00000000d6200000)
 ParOldGen       total 111104K, used 110610K [0x0000000080000000, 0x0000000086c80000, 0x00000000d5580000)
  object space 111104K, 99% used [0x0000000080000000,0x0000000086c04ab0,0x0000000086c80000)
 Metaspace       used 66360K, committed 67840K, reserved 1114112K
  class space    used 7015K, committed 7680K, reserved 1048576K
}
Event: 29.428 GC heap after
{Heap after GC invocations=195 (full 3):
 PSYoungGen      total 11776K, used 512K [0x00000000d5580000, 0x00000000d6200000, 0x0000000100000000)
  eden space 10752K, 0% used [0x00000000d5580000,0x00000000d5580000,0x00000000d6000000)
  from space 1024K, 50% used [0x00000000d6100000,0x00000000d6180000,0x00000000d6200000)
  to   space 1024K, 0% used [0x00000000d6000000,0x00000000d6000000,0x00000000d6100000)
 ParOldGen       total 111104K, used 110849K [0x0000000080000000, 0x0000000086c80000, 0x00000000d5580000)
  object space 111104K, 99% used [0x0000000080000000,0x0000000086c40590,0x0000000086c80000)
 Metaspace       used 66360K, committed 67840K, reserved 1114112K
  class space    used 7015K, committed 7680K, reserved 1048576K
}
Event: 29.440 GC heap before
{Heap before GC invocations=196 (full 3):
 PSYoungGen      total 11776K, used 11264K [0x00000000d5580000, 0x00000000d6200000, 0x0000000100000000)
  eden space 10752K, 100% used [0x00000000d5580000,0x00000000d6000000,0x00000000d6000000)
  from space 1024K, 50% used [0x00000000d6100000,0x00000000d6180000,0x00000000d6200000)
  to   space 1024K, 0% used [0x00000000d6000000,0x00000000d6000000,0x00000000d6100000)
 ParOldGen       total 111104K, used 110849K [0x0000000080000000, 0x0000000086c80000, 0x00000000d5580000)
  object space 111104K, 99% used [0x0000000080000000,0x0000000086c40590,0x0000000086c80000)
 Metaspace       used 66364K, committed 67840K, reserved 1114112K
  class space    used 7015K, committed 7680K, reserved 1048576K
}
Event: 29.441 GC heap after
{Heap after GC invocations=196 (full 3):
 PSYoungGen      total 11776K, used 512K [0x00000000d5580000, 0x00000000d6200000, 0x0000000100000000)
  eden space 10752K, 0% used [0x00000000d5580000,0x00000000d5580000,0x00000000d6000000)
  from space 1024K, 50% used [0x00000000d6000000,0x00000000d6080020,0x00000000d6100000)
  to   space 1024K, 0% used [0x00000000d6100000,0x00000000d6100000,0x00000000d6200000)
 ParOldGen       total 111616K, used 111193K [0x0000000080000000, 0x0000000086d00000, 0x00000000d5580000)
  object space 111616K, 99% used [0x0000000080000000,0x0000000086c96460,0x0000000086d00000)
 Metaspace       used 66364K, committed 67840K, reserved 1114112K
  class space    used 7015K, committed 7680K, reserved 1048576K
}
Event: 29.454 GC heap before
{Heap before GC invocations=197 (full 3):
 PSYoungGen      total 11776K, used 11264K [0x00000000d5580000, 0x00000000d6200000, 0x0000000100000000)
  eden space 10752K, 100% used [0x00000000d5580000,0x00000000d6000000,0x00000000d6000000)
  from space 1024K, 50% used [0x00000000d6000000,0x00000000d6080020,0x00000000d6100000)
  to   space 1024K, 0% used [0x00000000d6100000,0x00000000d6100000,0x00000000d6200000)
 ParOldGen       total 111616K, used 111193K [0x0000000080000000, 0x0000000086d00000, 0x00000000d5580000)
  object space 111616K, 99% used [0x0000000080000000,0x0000000086c96460,0x0000000086d00000)
 Metaspace       used 66369K, committed 67840K, reserved 1114112K
  class space    used 7015K, committed 7680K, reserved 1048576K
}
Event: 29.455 GC heap after
{Heap after GC invocations=197 (full 3):
 PSYoungGen      total 11776K, used 562K [0x00000000d5580000, 0x00000000d6200000, 0x0000000100000000)
  eden space 10752K, 0% used [0x00000000d5580000,0x00000000d5580000,0x00000000d6000000)
  from space 1024K, 54% used [0x00000000d6100000,0x00000000d618c868,0x00000000d6200000)
  to   space 1024K, 0% used [0x00000000d6000000,0x00000000d6000000,0x00000000d6100000)
 ParOldGen       total 111616K, used 111464K [0x0000000080000000, 0x0000000086d00000, 0x00000000d5580000)
  object space 111616K, 99% used [0x0000000080000000,0x0000000086cda308,0x0000000086d00000)
 Metaspace       used 66369K, committed 67840K, reserved 1114112K
  class space    used 7015K, committed 7680K, reserved 1048576K
}
Event: 29.460 GC heap before
{Heap before GC invocations=198 (full 3):
 PSYoungGen      total 11776K, used 11314K [0x00000000d5580000, 0x00000000d6200000, 0x0000000100000000)
  eden space 10752K, 99% used [0x00000000d5580000,0x00000000d5fffff0,0x00000000d6000000)
  from space 1024K, 54% used [0x00000000d6100000,0x00000000d618c868,0x00000000d6200000)
  to   space 1024K, 0% used [0x00000000d6000000,0x00000000d6000000,0x00000000d6100000)
 ParOldGen       total 111616K, used 111464K [0x0000000080000000, 0x0000000086d00000, 0x00000000d5580000)
  object space 111616K, 99% used [0x0000000080000000,0x0000000086cda308,0x0000000086d00000)
 Metaspace       used 66369K, committed 67840K, reserved 1114112K
  class space    used 7015K, committed 7680K, reserved 1048576K
}
Event: 29.461 GC heap after
{Heap after GC invocations=198 (full 3):
 PSYoungGen      total 11776K, used 288K [0x00000000d5580000, 0x00000000d6180000, 0x0000000100000000)
  eden space 10752K, 0% used [0x00000000d5580000,0x00000000d5580000,0x00000000d6000000)
  from space 1024K, 28% used [0x00000000d6000000,0x00000000d6048000,0x00000000d6100000)
  to   space 512K, 0% used [0x00000000d6100000,0x00000000d6100000,0x00000000d6180000)
 ParOldGen       total 112128K, used 111843K [0x0000000080000000, 0x0000000086d80000, 0x00000000d5580000)
  object space 112128K, 99% used [0x0000000080000000,0x0000000086d38da8,0x0000000086d80000)
 Metaspace       used 66369K, committed 67840K, reserved 1114112K
  class space    used 7015K, committed 7680K, reserved 1048576K
}
Event: 29.472 GC heap before
{Heap before GC invocations=199 (full 3):
 PSYoungGen      total 11776K, used 11035K [0x00000000d5580000, 0x00000000d6180000, 0x0000000100000000)
  eden space 10752K, 99% used [0x00000000d5580000,0x00000000d5ffee70,0x00000000d6000000)
  from space 1024K, 28% used [0x00000000d6000000,0x00000000d6048000,0x00000000d6100000)
  to   space 512K, 0% used [0x00000000d6100000,0x00000000d6100000,0x00000000d6180000)
 ParOldGen       total 112128K, used 111859K [0x0000000080000000, 0x0000000086d80000, 0x00000000d5580000)
  object space 112128K, 99% used [0x0000000080000000,0x0000000086d3cdb8,0x0000000086d80000)
 Metaspace       used 66373K, committed 67904K, reserved 1114112K
  class space    used 7015K, committed 7680K, reserved 1048576K
}
Event: 29.473 GC heap after
{Heap after GC invocations=199 (full 3):
 PSYoungGen      total 11264K, used 464K [0x00000000d5580000, 0x00000000d6180000, 0x0000000100000000)
  eden space 10752K, 0% used [0x00000000d5580000,0x00000000d5580000,0x00000000d6000000)
  from space 512K, 90% used [0x00000000d6100000,0x00000000d61740b0,0x00000000d6180000)
  to   space 512K, 0% used [0x00000000d6080000,0x00000000d6080000,0x00000000d6100000)
 ParOldGen       total 112640K, used 112203K [0x0000000080000000, 0x0000000086e00000, 0x00000000d5580000)
  object space 112640K, 99% used [0x0000000080000000,0x0000000086d92dc8,0x0000000086e00000)
 Metaspace       used 66373K, committed 67904K, reserved 1114112K
  class space    used 7015K, committed 7680K, reserved 1048576K
}
Event: 29.480 GC heap before
{Heap before GC invocations=200 (full 3):
 PSYoungGen      total 11264K, used 11216K [0x00000000d5580000, 0x00000000d6180000, 0x0000000100000000)
  eden space 10752K, 100% used [0x00000000d5580000,0x00000000d6000000,0x00000000d6000000)
  from space 512K, 90% used [0x00000000d6100000,0x00000000d61740b0,0x00000000d6180000)
  to   space 512K, 0% used [0x00000000d6080000,0x00000000d6080000,0x00000000d6100000)
 ParOldGen       total 112640K, used 112205K [0x0000000080000000, 0x0000000086e00000, 0x00000000d5580000)
  object space 112640K, 99% used [0x0000000080000000,0x0000000086d935d0,0x0000000086e00000)
 Metaspace       used 66373K, committed 67904K, reserved 1114112K
  class space    used 7015K, committed 7680K, reserved 1048576K
}
Event: 29.482 GC heap after
{Heap after GC invocations=200 (full 3):
 PSYoungGen      total 11264K, used 384K [0x00000000d5580000, 0x00000000d6180000, 0x0000000100000000)
  eden space 10752K, 0% used [0x00000000d5580000,0x00000000d5580000,0x00000000d6000000)
  from space 512K, 75% used [0x00000000d6080000,0x00000000d60e0000,0x00000000d6100000)
  to   space 512K, 0% used [0x00000000d6100000,0x00000000d6100000,0x00000000d6180000)
 ParOldGen       total 112640K, used 112450K [0x0000000080000000, 0x0000000086e00000, 0x00000000d5580000)
  object space 112640K, 99% used [0x0000000080000000,0x0000000086dd0898,0x0000000086e00000)
 Metaspace       used 66373K, committed 67904K, reserved 1114112K
  class space    used 7015K, committed 7680K, reserved 1048576K
}
Event: 29.490 GC heap before
{Heap before GC invocations=201 (full 3):
 PSYoungGen      total 11264K, used 11136K [0x00000000d5580000, 0x00000000d6180000, 0x0000000100000000)
  eden space 10752K, 100% used [0x00000000d5580000,0x00000000d6000000,0x00000000d6000000)
  from space 512K, 75% used [0x00000000d6080000,0x00000000d60e0000,0x00000000d6100000)
  to   space 512K, 0% used [0x00000000d6100000,0x00000000d6100000,0x00000000d6180000)
 ParOldGen       total 112640K, used 112450K [0x0000000080000000, 0x0000000086e00000, 0x00000000d5580000)
  object space 112640K, 99% used [0x0000000080000000,0x0000000086dd0898,0x0000000086e00000)
 Metaspace       used 66373K, committed 67904K, reserved 1114112K
  class space    used 7015K, committed 7680K, reserved 1048576K
}
Event: 29.491 GC heap after
{Heap after GC invocations=201 (full 3):
 PSYoungGen      total 10752K, used 508K [0x00000000d5580000, 0x00000000d6300000, 0x0000000100000000)
  eden space 10240K, 0% used [0x00000000d5580000,0x00000000d5580000,0x00000000d5f80000)
  from space 512K, 99% used [0x00000000d6100000,0x00000000d617f2a8,0x00000000d6180000)
  to   space 1536K, 0% used [0x00000000d5f80000,0x00000000d5f80000,0x00000000d6100000)
 ParOldGen       total 113152K, used 113002K [0x0000000080000000, 0x0000000086e80000, 0x00000000d5580000)
  object space 113152K, 99% used [0x0000000080000000,0x0000000086e5a898,0x0000000086e80000)
 Metaspace       used 66373K, committed 67904K, reserved 1114112K
  class space    used 7015K, committed 7680K, reserved 1048576K
}
Event: 29.497 GC heap before
{Heap before GC invocations=202 (full 3):
 PSYoungGen      total 10752K, used 10748K [0x00000000d5580000, 0x00000000d6300000, 0x0000000100000000)
  eden space 10240K, 100% used [0x00000000d5580000,0x00000000d5f80000,0x00000000d5f80000)
  from space 512K, 99% used [0x00000000d6100000,0x00000000d617f2a8,0x00000000d6180000)
  to   space 1536K, 0% used [0x00000000d5f80000,0x00000000d5f80000,0x00000000d6100000)
 ParOldGen       total 113152K, used 113002K [0x0000000080000000, 0x0000000086e80000, 0x00000000d5580000)
  object space 113152K, 99% used [0x0000000080000000,0x0000000086e5a898,0x0000000086e80000)
 Metaspace       used 66373K, committed 67904K, reserved 1114112K
  class space    used 7015K, committed 7680K, reserved 1048576K
}
Event: 29.498 GC heap after
{Heap after GC invocations=202 (full 3):
 PSYoungGen      total 11776K, used 1504K [0x00000000d5580000, 0x00000000d6480000, 0x0000000100000000)
  eden space 10240K, 0% used [0x00000000d5580000,0x00000000d5580000,0x00000000d5f80000)
  from space 1536K, 97% used [0x00000000d5f80000,0x00000000d60f8010,0x00000000d6100000)
  to   space 2560K, 0% used [0x00000000d6200000,0x00000000d6200000,0x00000000d6480000)
 ParOldGen       total 113664K, used 113565K [0x0000000080000000, 0x0000000086f00000, 0x00000000d5580000)
  object space 113664K, 99% used [0x0000000080000000,0x0000000086ee7458,0x0000000086f00000)
 Metaspace       used 66373K, committed 67904K, reserved 1114112K
  class space    used 7015K, committed 7680K, reserved 1048576K
}
Event: 29.504 GC heap before
{Heap before GC invocations=203 (full 3):
 PSYoungGen      total 11776K, used 11744K [0x00000000d5580000, 0x00000000d6480000, 0x0000000100000000)
  eden space 10240K, 100% used [0x00000000d5580000,0x00000000d5f80000,0x00000000d5f80000)
  from space 1536K, 97% used [0x00000000d5f80000,0x00000000d60f8010,0x00000000d6100000)
  to   space 2560K, 0% used [0x00000000d6200000,0x00000000d6200000,0x00000000d6480000)
 ParOldGen       total 113664K, used 113565K [0x0000000080000000, 0x0000000086f00000, 0x00000000d5580000)
  object space 113664K, 99% used [0x0000000080000000,0x0000000086ee7458,0x0000000086f00000)
 Metaspace       used 66373K, committed 67904K, reserved 1114112K
  class space    used 7015K, committed 7680K, reserved 1048576K
}
Event: 29.506 GC heap after
{Heap after GC invocations=203 (full 3):
 PSYoungGen      total 11776K, used 1376K [0x00000000d5580000, 0x00000000d6380000, 0x0000000100000000)
  eden space 10240K, 0% used [0x00000000d5580000,0x00000000d5580000,0x00000000d5f80000)
  from space 1536K, 89% used [0x00000000d6200000,0x00000000d6358200,0x00000000d6380000)
  to   space 2048K, 0% used [0x00000000d5f80000,0x00000000d5f80000,0x00000000d6180000)
 ParOldGen       total 115200K, used 115021K [0x0000000080000000, 0x0000000087080000, 0x00000000d5580000)
  object space 115200K, 99% used [0x0000000080000000,0x0000000087053468,0x0000000087080000)
 Metaspace       used 66373K, committed 67904K, reserved 1114112K
  class space    used 7015K, committed 7680K, reserved 1048576K
}
Event: 29.511 GC heap before
{Heap before GC invocations=204 (full 3):
 PSYoungGen      total 11776K, used 11616K [0x00000000d5580000, 0x00000000d6380000, 0x0000000100000000)
  eden space 10240K, 100% used [0x00000000d5580000,0x00000000d5f80000,0x00000000d5f80000)
  from space 1536K, 89% used [0x00000000d6200000,0x00000000d6358200,0x00000000d6380000)
  to   space 2048K, 0% used [0x00000000d5f80000,0x00000000d5f80000,0x00000000d6180000)
 ParOldGen       total 115200K, used 115021K [0x0000000080000000, 0x0000000087080000, 0x00000000d5580000)
  object space 115200K, 99% used [0x0000000080000000,0x0000000087053468,0x0000000087080000)
 Metaspace       used 66373K, committed 67904K, reserved 1114112K
  class space    used 7015K, committed 7680K, reserved 1048576K
}

Dll operation events (10 events):
Event: 0.010 Loaded shared library c:\Users\backu\.vscode\extensions\redhat.java-1.55.0-win32-x64\jre\21.0.11-win32-x86_64\bin\java.dll
Event: 0.073 Loaded shared library c:\Users\backu\.vscode\extensions\redhat.java-1.55.0-win32-x64\jre\21.0.11-win32-x86_64\bin\zip.dll
Event: 0.093 Loaded shared library C:\Users\backu\.vscode\extensions\redhat.java-1.55.0-win32-x64\jre\21.0.11-win32-x86_64\bin\instrument.dll
Event: 0.097 Loaded shared library C:\Users\backu\.vscode\extensions\redhat.java-1.55.0-win32-x64\jre\21.0.11-win32-x86_64\bin\net.dll
Event: 0.099 Loaded shared library C:\Users\backu\.vscode\extensions\redhat.java-1.55.0-win32-x64\jre\21.0.11-win32-x86_64\bin\nio.dll
Event: 0.102 Loaded shared library C:\Users\backu\.vscode\extensions\redhat.java-1.55.0-win32-x64\jre\21.0.11-win32-x86_64\bin\zip.dll
Event: 0.118 Loaded shared library C:\Users\backu\.vscode\extensions\redhat.java-1.55.0-win32-x64\jre\21.0.11-win32-x86_64\bin\jimage.dll
Event: 0.182 Loaded shared library c:\Users\backu\.vscode\extensions\redhat.java-1.55.0-win32-x64\jre\21.0.11-win32-x86_64\bin\verify.dll
Event: 1.166 Loaded shared library C:\Users\backu\AppData\Roaming\Code\User\globalStorage\redhat.java\1.55.0\config_win\org.eclipse.equinox.launcher\org.eclipse.equinox.launcher.win32.win32.x86_64_1.3.100.v20260613-0559\eclipse_11924.dll
Event: 4.817 Loaded shared library C:\Users\backu\AppData\Local\Temp\jna-93493358\jna6767112521782133076.dll

Deoptimization events (20 events):
Event: 29.335 Thread 0x000001f6220f8140 Uncommon trap: trap_request=0xffffffc6 fr.pc=0x000001f5cdcab9c8 relative=0x0000000000000188
Event: 29.335 Thread 0x000001f6220f8140 Uncommon trap: reason=bimorphic_or_optimized_type_check action=maybe_recompile pc=0x000001f5cdcab9c8 method=java.util.Collection.toArray(Ljava/util/function/IntFunction;)[Ljava/lang/Object; @ 3 c2
Event: 29.335 Thread 0x000001f6220f8140 DEOPT PACKING pc=0x000001f5cdcab9c8 sp=0x00000009d0ffec10
Event: 29.335 Thread 0x000001f6220f8140 DEOPT UNPACKING pc=0x000001f5cce73aa2 sp=0x00000009d0ffeba0 mode 2
Event: 29.336 Thread 0x000001f6220f8140 Uncommon trap: trap_request=0xffffffc6 fr.pc=0x000001f5cdcab9c8 relative=0x0000000000000188
Event: 29.336 Thread 0x000001f6220f8140 Uncommon trap: reason=bimorphic_or_optimized_type_check action=maybe_recompile pc=0x000001f5cdcab9c8 method=java.util.Collection.toArray(Ljava/util/function/IntFunction;)[Ljava/lang/Object; @ 3 c2
Event: 29.336 Thread 0x000001f6220f8140 DEOPT PACKING pc=0x000001f5cdcab9c8 sp=0x00000009d0ffec10
Event: 29.336 Thread 0x000001f6220f8140 DEOPT UNPACKING pc=0x000001f5cce73aa2 sp=0x00000009d0ffeba0 mode 2
Event: 29.341 Thread 0x000001f6220f8140 Uncommon trap: trap_request=0xffffffc6 fr.pc=0x000001f5cdcab9c8 relative=0x0000000000000188
Event: 29.341 Thread 0x000001f6220f8140 Uncommon trap: reason=bimorphic_or_optimized_type_check action=maybe_recompile pc=0x000001f5cdcab9c8 method=java.util.Collection.toArray(Ljava/util/function/IntFunction;)[Ljava/lang/Object; @ 3 c2
Event: 29.341 Thread 0x000001f6220f8140 DEOPT PACKING pc=0x000001f5cdcab9c8 sp=0x00000009d0ffe7d0
Event: 29.341 Thread 0x000001f6220f8140 DEOPT UNPACKING pc=0x000001f5cce73aa2 sp=0x00000009d0ffe760 mode 2
Event: 29.373 Thread 0x000001f6220f8140 DEOPT PACKING pc=0x000001f5c6bc8be5 sp=0x00000009d0ffe6c0
Event: 29.373 Thread 0x000001f6220f8140 DEOPT UNPACKING pc=0x000001f5cce74242 sp=0x00000009d0ffdc38 mode 0
Event: 29.399 Thread 0x000001f6220f6d90 DEOPT PACKING pc=0x000001f5c6612830 sp=0x00000009d0cfe350
Event: 29.399 Thread 0x000001f6220f6d90 DEOPT UNPACKING pc=0x000001f5cce74242 sp=0x00000009d0cfd838 mode 0
Event: 29.402 Thread 0x000001f6220f8140 DEOPT PACKING pc=0x000001f5c65e5626 sp=0x00000009d0ffe510
Event: 29.402 Thread 0x000001f6220f8140 DEOPT UNPACKING pc=0x000001f5cce74242 sp=0x00000009d0ffda00 mode 0
Event: 29.479 Thread 0x000001f623cc9520 DEOPT PACKING pc=0x000001f5c6bc7ea2 sp=0x00000009d61fddb0
Event: 29.479 Thread 0x000001f623cc9520 DEOPT UNPACKING pc=0x000001f5cce74242 sp=0x00000009d61fd328 mode 0

Classes loaded (20 events):
Event: 23.272 Loading class java/util/Collections$SynchronizedList done
Event: 23.272 Loading class java/util/Collections$SynchronizedRandomAccessList done
Event: 23.277 Loading class java/util/concurrent/CompletableFuture$Signaller
Event: 23.278 Loading class java/util/concurrent/CompletableFuture$Signaller done
Event: 23.453 Loading class java/nio/charset/CharacterCodingException
Event: 23.453 Loading class java/nio/charset/CharacterCodingException done
Event: 23.453 Loading class java/io/SequenceInputStream
Event: 23.453 Loading class java/io/SequenceInputStream done
Event: 23.524 Loading class java/util/concurrent/CompletableFuture$UniApply
Event: 23.524 Loading class java/util/concurrent/CompletableFuture$UniApply done
Event: 23.525 Loading class java/util/concurrent/CompletableFuture$UniExceptionally
Event: 23.525 Loading class java/util/concurrent/CompletableFuture$UniExceptionally done
Event: 23.571 Loading class javax/xml/transform/TransformerConfigurationException
Event: 23.571 Loading class javax/xml/transform/TransformerConfigurationException done
Event: 24.698 Loading class java/util/Hashtable$KeySet
Event: 24.699 Loading class java/util/Hashtable$KeySet done
Event: 24.808 Loading class java/lang/UnsupportedClassVersionError
Event: 24.808 Loading class java/lang/UnsupportedClassVersionError done
Event: 27.415 Loading class java/lang/invoke/MethodHandleImpl$CountingWrapper$1
Event: 27.416 Loading class java/lang/invoke/MethodHandleImpl$CountingWrapper$1 done

Classes unloaded (9 events):
Event: 5.625 Thread 0x000001f5c286fba0 Unloading class 0x000001f5db1a5000 'java/lang/invoke/LambdaForm$MH+0x000001f5db1a5000'
Event: 5.625 Thread 0x000001f5c286fba0 Unloading class 0x000001f5db1a4c00 'java/lang/invoke/LambdaForm$MH+0x000001f5db1a4c00'
Event: 5.625 Thread 0x000001f5c286fba0 Unloading class 0x000001f5db1a4800 'java/lang/invoke/LambdaForm$MH+0x000001f5db1a4800'
Event: 5.625 Thread 0x000001f5c286fba0 Unloading class 0x000001f5db1a4400 'java/lang/invoke/LambdaForm$MH+0x000001f5db1a4400'
Event: 5.625 Thread 0x000001f5c286fba0 Unloading class 0x000001f5db1a4000 'java/lang/invoke/LambdaForm$BMH+0x000001f5db1a4000'
Event: 5.625 Thread 0x000001f5c286fba0 Unloading class 0x000001f5db1a3c00 'java/lang/invoke/LambdaForm$DMH+0x000001f5db1a3c00'
Event: 5.625 Thread 0x000001f5c286fba0 Unloading class 0x000001f5db1a2800 'java/lang/invoke/LambdaForm$DMH+0x000001f5db1a2800'
Event: 21.648 Thread 0x000001f5c286fba0 Unloading class 0x000001f5db64cc00 'java/lang/invoke/LambdaForm$MH+0x000001f5db64cc00'
Event: 21.648 Thread 0x000001f5c286fba0 Unloading class 0x000001f5db64c000 'java/lang/invoke/LambdaForm$MH+0x000001f5db64c000'

Classes redefined (0 events):
No events

Internal exceptions (20 events):
Event: 24.752 Thread 0x000001f6220f6d90 Exception <a 'sun/nio/fs/WindowsException'{0x00000000d5aa80b8}> (0x00000000d5aa80b8) 
thrown [s\src\hotspot\share\prims\jni.cpp, line 520]
Event: 24.752 Thread 0x000001f6220f6d90 Exception <a 'sun/nio/fs/WindowsException'{0x00000000d5aa8818}> (0x00000000d5aa8818) 
thrown [s\src\hotspot\share\prims\jni.cpp, line 520]
Event: 24.763 Thread 0x000001f6220f6d90 Exception <a 'java/io/FileNotFoundException'{0x00000000d5581b48}> (0x00000000d5581b48) 
thrown [s\src\hotspot\share\prims\jni.cpp, line 520]
Event: 24.764 Thread 0x000001f6220f6d90 Exception <a 'java/io/FileNotFoundException'{0x00000000d55b3a60}> (0x00000000d55b3a60) 
thrown [s\src\hotspot\share\prims\jni.cpp, line 520]
Event: 24.770 Thread 0x000001f6251285c0 Exception <a 'java/lang/IncompatibleClassChangeError'{0x00000000d56cad68}: Found class java.lang.Object, but interface was expected> (0x00000000d56cad68) 
thrown [s\src\hotspot\share\interpreter\linkResolver.cpp, line 840]
Event: 24.791 Thread 0x000001f6220f6d90 Exception <a 'sun/nio/fs/WindowsException'{0x00000000d5a1e7e8}> (0x00000000d5a1e7e8) 
thrown [s\src\hotspot\share\prims\jni.cpp, line 520]
Event: 24.792 Thread 0x000001f6220f6d90 Exception <a 'sun/nio/fs/WindowsException'{0x00000000d5a1ef48}> (0x00000000d5a1ef48) 
thrown [s\src\hotspot\share\prims\jni.cpp, line 520]
Event: 24.823 Thread 0x000001f623ccbc80 Exception <a 'java/lang/NoSuchMethodError'{0x00000000d59d49c0}: 'int java.lang.invoke.Invokers$Holder.invokeExact_MT(java.lang.Object, java.lang.Object)'> (0x00000000d59d49c0) 
thrown [s\src\hotspot\share\interpreter\linkResolver.cpp, line 773]
Event: 24.824 Thread 0x000001f623cc8800 Implicit null exception at 0x000001f5cd5f0fa6 to 0x000001f5cd5f1574
Event: 24.832 Thread 0x000001f6220f6d90 Exception <a 'sun/nio/fs/WindowsException'{0x00000000d5ab4a68}> (0x00000000d5ab4a68) 
thrown [s\src\hotspot\share\prims\jni.cpp, line 520]
Event: 24.832 Thread 0x000001f6220f6d90 Exception <a 'sun/nio/fs/WindowsException'{0x00000000d5ab5438}> (0x00000000d5ab5438) 
thrown [s\src\hotspot\share\prims\jni.cpp, line 520]
Event: 24.910 Thread 0x000001f623ccbc80 Implicit null exception at 0x000001f5cd83f506 to 0x000001f5cd83f631
Event: 29.405 Thread 0x000001f623cc9520 Exception <a 'sun/nio/fs/WindowsException'{0x00000000d5e01368}> (0x00000000d5e01368) 
thrown [s\src\hotspot\share\prims\jni.cpp, line 520]
Event: 29.405 Thread 0x000001f623cc9520 Exception <a 'sun/nio/fs/WindowsException'{0x00000000d5e01d98}> (0x00000000d5e01d98) 
thrown [s\src\hotspot\share\prims\jni.cpp, line 520]
Event: 29.406 Thread 0x000001f623cc9520 Exception <a 'sun/nio/fs/WindowsException'{0x00000000d5e02db8}> (0x00000000d5e02db8) 
thrown [s\src\hotspot\share\prims\jni.cpp, line 520]
Event: 29.406 Thread 0x000001f623cc9520 Exception <a 'sun/nio/fs/WindowsException'{0x00000000d5e037c8}> (0x00000000d5e037c8) 
thrown [s\src\hotspot\share\prims\jni.cpp, line 520]
Event: 29.409 Thread 0x000001f623cc9520 Exception <a 'sun/nio/fs/WindowsException'{0x00000000d559e878}> (0x00000000d559e878) 
thrown [s\src\hotspot\share\prims\jni.cpp, line 520]
Event: 29.409 Thread 0x000001f623cc9520 Exception <a 'sun/nio/fs/WindowsException'{0x00000000d559f288}> (0x00000000d559f288) 
thrown [s\src\hotspot\share\prims\jni.cpp, line 520]
Event: 29.417 Thread 0x000001f623cc9520 Exception <a 'sun/nio/fs/WindowsException'{0x00000000d5e86328}> (0x00000000d5e86328) 
thrown [s\src\hotspot\share\prims\jni.cpp, line 520]
Event: 29.417 Thread 0x000001f623cc9520 Exception <a 'sun/nio/fs/WindowsException'{0x00000000d5f38660}> (0x00000000d5f38660) 
thrown [s\src\hotspot\share\prims\jni.cpp, line 520]

ZGC Phase Switch (0 events):
No events

VM Operations (20 events):
Event: 29.428 Executing safepoint VM operation: ParallelGCFailedAllocation (Allocation Failure) done
Event: 29.440 Executing safepoint VM operation: ParallelGCFailedAllocation (Allocation Failure)
Event: 29.441 Executing safepoint VM operation: ParallelGCFailedAllocation (Allocation Failure) done
Event: 29.453 Executing safepoint VM operation: ParallelGCFailedAllocation (Allocation Failure)
Event: 29.455 Executing safepoint VM operation: ParallelGCFailedAllocation (Allocation Failure) done
Event: 29.460 Executing safepoint VM operation: ParallelGCFailedAllocation (Allocation Failure)
Event: 29.461 Executing safepoint VM operation: ParallelGCFailedAllocation (Allocation Failure) done
Event: 29.471 Executing safepoint VM operation: ParallelGCFailedAllocation (Allocation Failure)
Event: 29.471 Executing safepoint VM operation: ParallelGCFailedAllocation (Allocation Failure) done
Event: 29.472 Executing safepoint VM operation: ParallelGCSystemGC (GCLocker Initiated GC)
Event: 29.473 Executing safepoint VM operation: ParallelGCSystemGC (GCLocker Initiated GC) done
Event: 29.480 Executing safepoint VM operation: ParallelGCFailedAllocation (Allocation Failure)
Event: 29.482 Executing safepoint VM operation: ParallelGCFailedAllocation (Allocation Failure) done
Event: 29.490 Executing safepoint VM operation: ParallelGCFailedAllocation (Allocation Failure)
Event: 29.491 Executing safepoint VM operation: ParallelGCFailedAllocation (Allocation Failure) done
Event: 29.496 Executing safepoint VM operation: ParallelGCFailedAllocation (Allocation Failure)
Event: 29.498 Executing safepoint VM operation: ParallelGCFailedAllocation (Allocation Failure) done
Event: 29.504 Executing safepoint VM operation: ParallelGCFailedAllocation (Allocation Failure)
Event: 29.506 Executing safepoint VM operation: ParallelGCFailedAllocation (Allocation Failure) done
Event: 29.511 Executing safepoint VM operation: ParallelGCFailedAllocation (Allocation Failure)

Memory protections (0 events):
No events

Nmethod flushes (20 events):
Event: 21.663 Thread 0x000001f5c286fba0 flushing  nmethod 0x000001f5c63c8b10
Event: 21.663 Thread 0x000001f5c286fba0 flushing  nmethod 0x000001f5c63d3510
Event: 21.663 Thread 0x000001f5c286fba0 flushing  nmethod 0x000001f5c63d4e90
Event: 21.663 Thread 0x000001f5c286fba0 flushing  nmethod 0x000001f5c63dcb10
Event: 21.663 Thread 0x000001f5c286fba0 flushing  nmethod 0x000001f5c63e3110
Event: 21.663 Thread 0x000001f5c286fba0 flushing  nmethod 0x000001f5c63e3a90
Event: 21.663 Thread 0x000001f5c286fba0 flushing  nmethod 0x000001f5c63e4a10
Event: 21.663 Thread 0x000001f5c286fba0 flushing  nmethod 0x000001f5c63e5510
Event: 21.663 Thread 0x000001f5c286fba0 flushing  nmethod 0x000001f5c63e7b10
Event: 21.663 Thread 0x000001f5c286fba0 flushing  nmethod 0x000001f5c63e7e90
Event: 21.663 Thread 0x000001f5c286fba0 flushing osr nmethod 0x000001f5c63ee890
Event: 21.663 Thread 0x000001f5c286fba0 flushing  nmethod 0x000001f5c6414410
Event: 21.663 Thread 0x000001f5c286fba0 flushing  nmethod 0x000001f5c643c210
Event: 21.663 Thread 0x000001f5c286fba0 flushing  nmethod 0x000001f5c643c810
Event: 21.663 Thread 0x000001f5c286fba0 flushing  nmethod 0x000001f5c643db10
Event: 21.663 Thread 0x000001f5c286fba0 flushing  nmethod 0x000001f5c6443d10
Event: 21.663 Thread 0x000001f5c286fba0 flushing  nmethod 0x000001f5c6467490
Event: 21.663 Thread 0x000001f5c286fba0 flushing  nmethod 0x000001f5c646c890
Event: 21.663 Thread 0x000001f5c286fba0 flushing  nmethod 0x000001f5c64c8510
Event: 21.663 Thread 0x000001f5c286fba0 flushing  nmethod 0x000001f5c64d6310

Events (20 events):
Event: 22.907 Thread 0x000001f623ccc310 Thread exited: 0x000001f623ccc310
Event: 22.907 Thread 0x000001f623cc8800 Thread exited: 0x000001f623cc8800
Event: 22.907 Thread 0x000001f623ccbc80 Thread exited: 0x000001f623ccbc80
Event: 22.907 Thread 0x000001f623cc8e90 Thread exited: 0x000001f623cc8e90
Event: 22.908 Thread 0x000001f623cca8d0 Thread exited: 0x000001f623cca8d0
Event: 23.206 Thread 0x000001f6220fa210 Thread added: 0x000001f623cc9bb0
Event: 23.261 Thread 0x000001f623cc9bb0 Thread exited: 0x000001f623cc9bb0
Event: 23.525 Thread 0x000001f6251285c0 Thread added: 0x000001f623ccbc80
Event: 23.528 Thread 0x000001f6251285c0 Thread added: 0x000001f623cc8800
Event: 23.529 Thread 0x000001f6251285c0 Thread added: 0x000001f623cc9520
Event: 23.530 Thread 0x000001f6251285c0 Thread added: 0x000001f623ccc310
Event: 23.530 Thread 0x000001f623ccc310 Thread added: 0x000001f623cc8e90
Event: 23.535 Thread 0x000001f6251285c0 Thread added: 0x000001f623ccd030
Event: 23.536 Thread 0x000001f6251285c0 Thread added: 0x000001f623cca8d0
Event: 24.788 Thread 0x000001f623cca8d0 Thread added: 0x000001f623ccc9a0
Event: 26.003 Thread 0x000001f62206ac70 Thread exited: 0x000001f62206ac70
Event: 26.006 Thread 0x000001f6220f8140 Thread added: 0x000001f623cc9bb0
Event: 27.206 Thread 0x000001f62206ba10 Thread exited: 0x000001f62206ba10
Event: 28.643 Thread 0x000001f61b702160 Thread exited: 0x000001f61b702160
Event: 29.339 Thread 0x000001f61b60cc10 Thread added: 0x000001f625c02d50


Dynamic libraries:
0x00007ff66bc30000 - 0x00007ff66bc3e000 	c:\Users\backu\.vscode\extensions\redhat.java-1.55.0-win32-x64\jre\21.0.11-win32-x86_64\bin\java.exe
0x00007ffa8a6c0000 - 0x00007ffa8a926000 	C:\WINDOWS\SYSTEM32\ntdll.dll
0x00007ffa89550000 - 0x00007ffa89619000 	C:\WINDOWS\System32\KERNEL32.DLL
0x00007ffa87cb0000 - 0x00007ffa880aa000 	C:\WINDOWS\System32\KERNELBASE.dll
0x00007ffa880b0000 - 0x00007ffa881fc000 	C:\WINDOWS\System32\ucrtbase.dll
0x00007ffa59560000 - 0x00007ffa59578000 	c:\Users\backu\.vscode\extensions\redhat.java-1.55.0-win32-x64\jre\21.0.11-win32-x86_64\bin\jli.dll
0x00007ffa8a3f0000 - 0x00007ffa8a5b7000 	C:\WINDOWS\System32\USER32.dll
0x00007ffa87950000 - 0x00007ffa87977000 	C:\WINDOWS\System32\win32u.dll
0x00007ffa8a5c0000 - 0x00007ffa8a5eb000 	C:\WINDOWS\System32\GDI32.dll
0x00007ffa87b80000 - 0x00007ffa87cab000 	C:\WINDOWS\System32\gdi32full.dll
0x00007ffa87980000 - 0x00007ffa87a23000 	C:\WINDOWS\System32\msvcp_win.dll
0x00007ffa49b00000 - 0x00007ffa49b1e000 	c:\Users\backu\.vscode\extensions\redhat.java-1.55.0-win32-x64\jre\21.0.11-win32-x86_64\bin\VCRUNTIME140.dll
0x00007ffa69520000 - 0x00007ffa697b2000 	C:\WINDOWS\WinSxS\amd64_microsoft.windows.common-controls_6595b64144ccf1df_6.0.26100.8521_none_3e08b75ce33403b3\COMCTL32.dll
0x00007ffa89a30000 - 0x00007ffa89ad9000 	C:\WINDOWS\System32\msvcrt.dll
0x00007ffa89800000 - 0x00007ffa89832000 	C:\WINDOWS\System32\IMM32.DLL
0x00007ffa6bd70000 - 0x00007ffa6bd7c000 	c:\Users\backu\.vscode\extensions\redhat.java-1.55.0-win32-x64\jre\21.0.11-win32-x86_64\bin\vcruntime140_1.dll
0x00007ff9f1590000 - 0x00007ff9f161d000 	c:\Users\backu\.vscode\extensions\redhat.java-1.55.0-win32-x64\jre\21.0.11-win32-x86_64\bin\msvcp140.dll
0x00007ff99a0e0000 - 0x00007ff99ae82000 	c:\Users\backu\.vscode\extensions\redhat.java-1.55.0-win32-x64\jre\21.0.11-win32-x86_64\bin\server\jvm.dll
0x00007ffa89f70000 - 0x00007ffa8a026000 	C:\WINDOWS\System32\ADVAPI32.dll
0x00007ffa8a1a0000 - 0x00007ffa8a24a000 	C:\WINDOWS\System32\sechost.dll
0x00007ffa89910000 - 0x00007ffa89a28000 	C:\WINDOWS\System32\RPCRT4.dll
0x00007ffa88a50000 - 0x00007ffa88ad0000 	C:\WINDOWS\System32\WS2_32.dll
0x00007ffa86c60000 - 0x00007ffa86cbe000 	C:\WINDOWS\SYSTEM32\POWRPROF.dll
0x00007ffa7d1e0000 - 0x00007ffa7d1eb000 	C:\WINDOWS\SYSTEM32\VERSION.dll
0x00007ffa7f7c0000 - 0x00007ffa7f7f6000 	C:\WINDOWS\SYSTEM32\WINMM.dll
0x00007ffa86c20000 - 0x00007ffa86c34000 	C:\WINDOWS\SYSTEM32\UMPDC.dll
0x00007ffa86750000 - 0x00007ffa8676b000 	C:\WINDOWS\SYSTEM32\kernel.appcore.dll
0x00007ffa4a9a0000 - 0x00007ffa4a9aa000 	c:\Users\backu\.vscode\extensions\redhat.java-1.55.0-win32-x64\jre\21.0.11-win32-x86_64\bin\jimage.dll
0x00007ffa85010000 - 0x00007ffa85252000 	C:\WINDOWS\SYSTEM32\DBGHELP.DLL
0x00007ffa88530000 - 0x00007ffa888b3000 	C:\WINDOWS\System32\combase.dll
0x00007ffa8a030000 - 0x00007ffa8a109000 	C:\WINDOWS\System32\OLEAUT32.dll
0x00007ffa7ae40000 - 0x00007ffa7ae7b000 	C:\WINDOWS\SYSTEM32\dbgcore.DLL
0x00007ffa88380000 - 0x00007ffa88428000 	C:\WINDOWS\System32\bcryptPrimitives.dll
0x00007ffa7d340000 - 0x00007ffa7d34f000 	c:\Users\backu\.vscode\extensions\redhat.java-1.55.0-win32-x64\jre\21.0.11-win32-x86_64\bin\instrument.dll
0x00007ffa48ed0000 - 0x00007ffa48ef0000 	c:\Users\backu\.vscode\extensions\redhat.java-1.55.0-win32-x64\jre\21.0.11-win32-x86_64\bin\java.dll
0x00007ffa88b30000 - 0x00007ffa892b4000 	C:\WINDOWS\System32\SHELL32.dll
0x00007ffa854f0000 - 0x00007ffa85d70000 	C:\WINDOWS\SYSTEM32\windows.storage.dll
0x00007ffa88930000 - 0x00007ffa88a26000 	C:\WINDOWS\System32\SHCORE.dll
0x00007ffa884c0000 - 0x00007ffa88527000 	C:\WINDOWS\System32\shlwapi.dll
0x00007ffa87870000 - 0x00007ffa87899000 	C:\WINDOWS\SYSTEM32\profapi.dll
0x00007ffa3dd90000 - 0x00007ffa3dda8000 	c:\Users\backu\.vscode\extensions\redhat.java-1.55.0-win32-x64\jre\21.0.11-win32-x86_64\bin\zip.dll
0x00007ffa493e0000 - 0x00007ffa493f0000 	C:\Users\backu\.vscode\extensions\redhat.java-1.55.0-win32-x64\jre\21.0.11-win32-x86_64\bin\net.dll
0x00007ffa7d5a0000 - 0x00007ffa7d6c9000 	C:\WINDOWS\SYSTEM32\WINHTTP.dll
0x00007ffa86d70000 - 0x00007ffa86ddc000 	C:\WINDOWS\system32\mswsock.dll
0x00007ff9f63b0000 - 0x00007ff9f63c6000 	C:\Users\backu\.vscode\extensions\redhat.java-1.55.0-win32-x64\jre\21.0.11-win32-x86_64\bin\nio.dll
0x00007ffa66e50000 - 0x00007ffa66e60000 	c:\Users\backu\.vscode\extensions\redhat.java-1.55.0-win32-x64\jre\21.0.11-win32-x86_64\bin\verify.dll
0x00007ffa49ba0000 - 0x00007ffa49be5000 	C:\Users\backu\AppData\Roaming\Code\User\globalStorage\redhat.java\1.55.0\config_win\org.eclipse.equinox.launcher\org.eclipse.equinox.launcher.win32.win32.x86_64_1.3.100.v20260613-0559\eclipse_11924.dll
0x00007ffa8a250000 - 0x00007ffa8a3e8000 	C:\WINDOWS\System32\ole32.dll
0x00007ffa87060000 - 0x00007ffa8707b000 	C:\WINDOWS\SYSTEM32\CRYPTSP.dll
0x00007ffa86640000 - 0x00007ffa86679000 	C:\WINDOWS\system32\rsaenh.dll
0x00007ffa86e20000 - 0x00007ffa86e53000 	C:\WINDOWS\SYSTEM32\USERENV.dll
0x00007ffa87840000 - 0x00007ffa8786a000 	C:\WINDOWS\SYSTEM32\bcrypt.dll
0x00007ffa87050000 - 0x00007ffa8705c000 	C:\WINDOWS\SYSTEM32\CRYPTBASE.dll
0x00007ffa86110000 - 0x00007ffa86143000 	C:\WINDOWS\SYSTEM32\IPHLPAPI.DLL
0x00007ffa89840000 - 0x00007ffa8984a000 	C:\WINDOWS\System32\NSI.dll
0x00007ffa1abb0000 - 0x00007ffa1abf9000 	C:\Users\backu\AppData\Local\Temp\jna-93493358\jna6767112521782133076.dll
0x00007ffa884b0000 - 0x00007ffa884b8000 	C:\WINDOWS\System32\PSAPI.DLL
0x00007ffa7e4d0000 - 0x00007ffa7e4ed000 	C:\WINDOWS\SYSTEM32\dhcpcsvc6.DLL
0x00007ffa7e0f0000 - 0x00007ffa7e115000 	C:\WINDOWS\SYSTEM32\dhcpcsvc.DLL

JVMTI agents:
c:\Users\backu\.vscode\extensions\redhat.java-1.55.0-win32-x64\lombok\lombok-1.18.39-4050.jar path:c:\Users\backu\.vscode\extensions\redhat.java-1.55.0-win32-x64\jre\21.0.11-win32-x86_64\bin\instrument.dll, loaded, initialized, instrumentlib options:none

dbghelp: loaded successfully - version: 4.0.5 - missing functions: none
symbol engine: initialized successfully - sym options: 0x614 - pdb path: .;c:\Users\backu\.vscode\extensions\redhat.java-1.55.0-win32-x64\jre\21.0.11-win32-x86_64\bin;C:\WINDOWS\SYSTEM32;C:\WINDOWS\WinSxS\amd64_microsoft.windows.common-controls_6595b64144ccf1df_6.0.26100.8521_none_3e08b75ce33403b3;c:\Users\backu\.vscode\extensions\redhat.java-1.55.0-win32-x64\jre\21.0.11-win32-x86_64\bin\server;C:\Users\backu\AppData\Roaming\Code\User\globalStorage\redhat.java\1.55.0\config_win\org.eclipse.equinox.launcher\org.eclipse.equinox.launcher.win32.win32.x86_64_1.3.100.v20260613-0559;C:\Users\backu\AppData\Local\Temp\jna-93493358

VM Arguments:
jvm_args: --add-modules=ALL-SYSTEM --add-opens=java.base/java.util=ALL-UNNAMED --add-opens=java.base/java.lang=ALL-UNNAMED --add-opens=java.base/sun.nio.fs=ALL-UNNAMED -Declipse.application=org.eclipse.jdt.ls.core.id1 -Dosgi.bundles.defaultStartLevel=4 -Declipse.product=org.eclipse.jdt.ls.core.product -Djava.import.generatesMetadataFilesAtProjectRoot=false -DDetectVMInstallationsJob.disabled=true -Dfile.encoding=utf8 -XX:+UseParallelGC -XX:GCTimeRatio=4 -XX:AdaptiveSizePolicyWeight=90 -Dsun.zip.disableMemoryMapping=true -Xmx2G -Xms100m -Xlog:disable -javaagent:c:\Users\backu\.vscode\extensions\redhat.java-1.55.0-win32-x64\lombok\lombok-1.18.39-4050.jar -XX:+HeapDumpOnOutOfMemoryError -XX:HeapDumpPath=c:\Users\backu\AppData\Roaming\Code\User\workspaceStorage\24d177da0d8e40e9f1d65268932b200b\redhat.java -Daether.dependencyCollector.impl=bf 
java_command: c:\Users\backu\.vscode\extensions\redhat.java-1.55.0-win32-x64\server\plugins\org.eclipse.equinox.launcher_1.7.200.v20260619-2039.jar -configuration c:\Users\backu\AppData\Roaming\Code\User\globalStorage\redhat.java\1.55.0\config_win -data c:\Users\backu\AppData\Roaming\Code\User\workspaceStorage\24d177da0d8e40e9f1d65268932b200b\redhat.java\jdt_ws --pipe=\\.\pipe\lsp-a6417dfaaa9e327f93534334e6ae55fb-sock
java_class_path (initial): c:\Users\backu\.vscode\extensions\redhat.java-1.55.0-win32-x64\server\plugins\org.eclipse.equinox.launcher_1.7.200.v20260619-2039.jar
Launcher Type: SUN_STANDARD

[Global flags]
    uintx AdaptiveSizePolicyWeight                 = 90                                        {product} {command line}
     intx CICompilerCount                          = 12                                        {product} {ergonomic}
    uintx GCTimeRatio                              = 4                                         {product} {command line}
     bool HeapDumpOnOutOfMemoryError               = true                                   {manageable} {command line}
    ccstr HeapDumpPath                             = c:\Users\backu\AppData\Roaming\Code\User\workspaceStorage\24d177da0d8e40e9f1d65268932b200b\redhat.java         {manageable} {command line}
   size_t InitialHeapSize                          = 104857600                                 {product} {command line}
   size_t MaxHeapSize                              = 2147483648                                {product} {command line}
   size_t MaxNewSize                               = 715653120                                 {product} {ergonomic}
   size_t MinHeapDeltaBytes                        = 524288                                    {product} {ergonomic}
   size_t MinHeapSize                              = 104857600                                 {product} {command line}
   size_t NewSize                                  = 34603008                                  {product} {ergonomic}
    uintx NonNMethodCodeHeapSize                   = 7602480                                {pd product} {ergonomic}
    uintx NonProfiledCodeHeapSize                  = 122027880                              {pd product} {ergonomic}
   size_t OldSize                                  = 70254592                                  {product} {ergonomic}
    uintx ProfiledCodeHeapSize                     = 122027880                              {pd product} {ergonomic}
    uintx ReservedCodeCacheSize                    = 251658240                              {pd product} {ergonomic}
     bool SegmentedCodeCache                       = true                                      {product} {ergonomic}
   size_t SoftMaxHeapSize                          = 2147483648                             {manageable} {ergonomic}
     bool UseCompressedOops                        = true                           {product lp64_product} {ergonomic}
     bool UseLargePagesIndividualAllocation        = false                                  {pd product} {ergonomic}
     bool UseParallelGC                            = true                                      {product} {command line}

Logging:
Log output configuration:
 #0: stdout all=off uptime,level,tags foldmultilines=false
 #1: stderr all=off uptime,level,tags foldmultilines=false

Release file:
JAVA_VERSION="21.0.11" 
MODULES="java.base java.compiler java.datatransfer java.xml java.prefs java.desktop java.instrument java.logging java.management java.security.sasl java.naming java.rmi java.management.rmi java.net.http java.scripting java.security.jgss java.transaction.xa java.sql java.sql.rowset java.xml.crypto java.se java.smartcardio jdk.accessibility jdk.internal.jvmstat jdk.attach jdk.charsets jdk.internal.opt jdk.zipfs jdk.compiler jdk.crypto.ec jdk.crypto.cryptoki jdk.crypto.mscapi jdk.dynalink jdk.internal.ed jdk.editpad jdk.hotspot.agent jdk.httpserver jdk.internal.le jdk.internal.vm.ci jdk.internal.vm.compiler jdk.internal.vm.compiler.management jdk.jartool jdk.javadoc jdk.jcmd jdk.management jdk.management.agent jdk.jconsole jdk.jdeps jdk.jdwp.agent jdk.jdi jdk.jfr jdk.jshell jdk.jsobject jdk.jstatd jdk.localedata jdk.management.jfr jdk.naming.dns jdk.naming.rmi jdk.net jdk.nio.mapmode jdk.random jdk.sctp jdk.security.auth jdk.security.jgss jdk.unsupported jdk.unsupported.desktop jdk.xml.dom" 

Environment Variables:
JAVA_HOME=C:\Users\backu\Downloads\openjdk-21+35_windows-x64_bin
PATH=C:\SIMULIA\Commands;C:\Users\backu\Downloads\openjdk-21+35_windows-x64_bin\jdk-21\bin;C:\Windows\system32;C:\Windows;C:\Windows\System32\Wbem;C:\Windows\System32\WindowsPowerShell\v1.0\;C:\Windows\System32\OpenSSH\;C:\Program Files\dotnet\;C:\WINDOWS\system32;C:\WINDOWS;C:\WINDOWS\System32\Wbem;C:\WINDOWS\System32\WindowsPowerShell\v1.0\;C:\WINDOWS\System32\OpenSSH\;C:\Users\backu\Downloads\apache-maven-3.9.8-bin.zip\apache-maven-3.9.8\bin;C:\Program Files (x86)\Windows Kits\8.1\Windows Performance Toolkit\;C:\Program Files\Git\cmd;C:\Users\backu\Downloads\apache-maven-3.9.9-bin\apache-maven-3.9.9\bin;E:\Matlab\bin;C:\Program Files\Docker\Docker\resources\bin;C:\MinGW\bin;C:\Program Files\NVIDIA Corporation\NVIDIA App\NvDLISR;C:\Users\backu\Downloads\openjdk-21+35_windows-x64_bin\jdk-21\bin;C:\Program Files\nodejs\;C:\Program Files\WireGuard\;C:\Users\backu\AppData\Local\Programs\Python\Python313\Scripts\;C:\Users\backu\AppData\Local\Programs\Python\Python313\;C:\Program Files\MySQL\MySQL Shell 8.0\bin\;C:\Users\backu\AppData\Local\Microsoft\WindowsApps;C:\Users\backu\AppData\Local\Programs\Microsoft VS Code\bin;C:\Users\backu\AppData\Local\Programs\cursor\resources\app\bin;C:\Users\backu\AppData\Roaming\npm
USERNAME=backu
OS=Windows_NT
PROCESSOR_IDENTIFIER=Intel64 Family 6 Model 154 Stepping 3, GenuineIntel
TMP=C:\Users\backu\AppData\Local\Temp
TEMP=C:\Users\backu\AppData\Local\Temp




Periodic native trim disabled

---------------  S Y S T E M  ---------------

OS:
 Windows 11 , 64 bit Build 26100 (10.0.26100.8521)
OS uptime: 0 days 8:16 hours
Hyper-V role detected

CPU: total 16 (initial active 16) (8 cores per cpu, 2 threads per core) family 6 model 154 stepping 3 microcode 0x43b, cx8, cmov, fxsr, ht, mmx, 3dnowpref, sse, sse2, sse3, ssse3, sse4.1, sse4.2, popcnt, lzcnt, tsc, tscinvbit, avx, avx2, aes, erms, clmul, bmi1, bmi2, adx, sha, fma, vzeroupper, clflush, clflushopt, clwb, hv, serialize, rdtscp, rdpid, fsrm, f16c, cet_ibt, cet_ss
Processor Information for processor 0
  Max Mhz: 2500, Current Mhz: 2500, Mhz Limit: 2500
Processor Information for processor 1
  Max Mhz: 2500, Current Mhz: 2500, Mhz Limit: 2500
Processor Information for processor 2
  Max Mhz: 2500, Current Mhz: 2500, Mhz Limit: 2500
Processor Information for processor 3
  Max Mhz: 2500, Current Mhz: 2500, Mhz Limit: 2500
Processor Information for processor 4
  Max Mhz: 2500, Current Mhz: 2500, Mhz Limit: 2500
Processor Information for processor 5
  Max Mhz: 2500, Current Mhz: 2500, Mhz Limit: 2500
Processor Information for processor 6
  Max Mhz: 2500, Current Mhz: 2500, Mhz Limit: 2500
Processor Information for processor 7
  Max Mhz: 2500, Current Mhz: 2500, Mhz Limit: 2500
Processor Information for processor 8
  Max Mhz: 2500, Current Mhz: 1527, Mhz Limit: 2500
Processor Information for processor 9
  Max Mhz: 2500, Current Mhz: 2500, Mhz Limit: 2500
Processor Information for processor 10
  Max Mhz: 2500, Current Mhz: 1527, Mhz Limit: 2500
Processor Information for processor 11
  Max Mhz: 2500, Current Mhz: 1527, Mhz Limit: 2500
Processor Information for processor 12
  Max Mhz: 2500, Current Mhz: 1527, Mhz Limit: 2500
Processor Information for processor 13
  Max Mhz: 2500, Current Mhz: 1527, Mhz Limit: 2500
Processor Information for processor 14
  Max Mhz: 2500, Current Mhz: 1527, Mhz Limit: 2500
Processor Information for processor 15
  Max Mhz: 2500, Current Mhz: 1527, Mhz Limit: 2500

Memory: 4k page, system-wide physical 16068M (1046M free)
TotalPageFile size 24260M (AvailPageFile size 25M)
current process WorkingSet (physical memory assigned to process): 412M, peak: 414M
current process commit charge ("private bytes"): 1755M, peak: 1757M

vm_info: OpenJDK 64-Bit Server VM (21.0.11+10-LTS) for windows-amd64 JRE (21.0.11+10-LTS), built on 2026-04-21T00:00:00Z by "admin" with MS VC++ 17.12 (VS2022)

END.
