#
# There is insufficient memory for the Java Runtime Environment to continue.
# Native memory allocation (malloc) failed to allocate 1204912 bytes. Error detail: Chunk::new
# Possible reasons:
#   The system is out of physical RAM or swap space
#   This process is running with CompressedOops enabled, and the Java Heap may be blocking the growth of the native heap
# Possible solutions:
#   Reduce memory load on the system
#   Increase physical memory or swap space
#   Check if swap backing store is full
#   Decrease Java heap size (-Xmx/-Xms)
#   Decrease number of Java threads
#   Decrease Java thread stack sizes (-Xss)
#   Set larger code cache with -XX:ReservedCodeCacheSize=
#   JVM is running with Unscaled Compressed Oops mode in which the Java heap is
#     placed in the first 4GB address space. The Java Heap base address is the
#     maximum limit for the native heap growth. Please use -XX:HeapBaseMinAddress
#     to set the Java Heap base and to place the Java Heap above 4GB virtual address.
# This output file may be truncated or incomplete.
#
#  Out of Memory Error (arena.cpp:168), pid=22828, tid=35316
#
# JRE version: OpenJDK Runtime Environment Temurin-21.0.11+10 (21.0.11+10) (build 21.0.11+10-LTS)
# Java VM: OpenJDK 64-Bit Server VM Temurin-21.0.11+10 (21.0.11+10-LTS, mixed mode, sharing, tiered, compressed oops, compressed class ptrs, parallel gc, windows-amd64)
# No core dump will be written. Minidumps are not enabled by default on client versions of Windows
#

---------------  S U M M A R Y ------------

Command Line: --add-modules=ALL-SYSTEM --add-opens=java.base/java.util=ALL-UNNAMED --add-opens=java.base/java.lang=ALL-UNNAMED --add-opens=java.base/sun.nio.fs=ALL-UNNAMED -Declipse.application=org.eclipse.jdt.ls.core.id1 -Dosgi.bundles.defaultStartLevel=4 -Declipse.product=org.eclipse.jdt.ls.core.product -Djava.import.generatesMetadataFilesAtProjectRoot=false -DDetectVMInstallationsJob.disabled=true -Dfile.encoding=utf8 -XX:+UseParallelGC -XX:GCTimeRatio=4 -XX:AdaptiveSizePolicyWeight=90 -Dsun.zip.disableMemoryMapping=true -Xmx2G -Xms100m -Xlog:disable -javaagent:c:\Users\backu\.vscode\extensions\redhat.java-1.55.0-win32-x64\lombok\lombok-1.18.39-4050.jar -XX:+HeapDumpOnOutOfMemoryError -XX:HeapDumpPath=c:\Users\backu\AppData\Roaming\Code\User\workspaceStorage\24d177da0d8e40e9f1d65268932b200b\redhat.java -Daether.dependencyCollector.impl=bf c:\Users\backu\.vscode\extensions\redhat.java-1.55.0-win32-x64\server\plugins\org.eclipse.equinox.launcher_1.7.200.v20260619-2039.jar -configuration c:\Users\backu\AppData\Roaming\Code\User\globalStorage\redhat.java\1.55.0\config_win -data c:\Users\backu\AppData\Roaming\Code\User\workspaceStorage\24d177da0d8e40e9f1d65268932b200b\redhat.java\jdt_ws --pipe=\\.\pipe\lsp-cdb5f3a38a2fe2a5bfc5ff216da4176f-sock

Host: 12th Gen Intel(R) Core(TM) i5-12500H, 16 cores, 15G,  Windows 11 , 64 bit Build 26100 (10.0.26100.8521)
Time: Sat Aug  1 22:23:06 2026 India Standard Time elapsed time: 17.130541 seconds (0d 0h 0m 17s)

---------------  T H R E A D  ---------------

Current thread (0x0000019b2b59d060):  JavaThread "C2 CompilerThread0" daemon [_thread_in_native, id=35316, stack(0x000000334e100000,0x000000334e200000) (1024K)]


Current CompileTask:
C2:17130 7293       4       java.lang.invoke.MethodType::makeImpl (109 bytes)

Stack: [0x000000334e100000,0x000000334e200000]
Native frames: (J=compiled Java code, j=interpreted, Vv=VM code, C=native code)
V  [jvm.dll+0x6d7e19]
V  [jvm.dll+0x8b5096]
V  [jvm.dll+0x8b764e]
V  [jvm.dll+0x8b7d33]
V  [jvm.dll+0x284596]
V  [jvm.dll+0xc685d]
V  [jvm.dll+0xc6da1]
V  [jvm.dll+0x3bed6b]
V  [jvm.dll+0x1e4149]
V  [jvm.dll+0x24c853]
V  [jvm.dll+0x24bce0]
V  [jvm.dll+0x1cb4ae]
V  [jvm.dll+0x25baad]
V  [jvm.dll+0x25a03a]
V  [jvm.dll+0x3f868e]
V  [jvm.dll+0x85fb0d]
V  [jvm.dll+0x6d664d]
C  [ucrtbase.dll+0x2cd30]
C  [KERNEL32.DLL+0x2e957]
C  [ntdll.dll+0x87c1c]


---------------  P R O C E S S  ---------------

Threads class SMR info:
_java_thread_list=0x0000019b8e1dd690, length=54, elements={
0x0000019b2900ad50, 0x0000019b2b48e7a0, 0x0000019b2b582750, 0x0000019b2b587170,
0x0000019b2b588030, 0x0000019b2b58e800, 0x0000019b2b58c8a0, 0x0000019b2b59d060,
0x0000019b2b59e8d0, 0x0000019b84390c30, 0x0000019b843922f0, 0x0000019b8457cdd0,
0x0000019b84579950, 0x0000019b8457b390, 0x0000019b8457a670, 0x0000019b8457ba20,
0x0000019b8457c0b0, 0x0000019b8457c740, 0x0000019b84579fe0, 0x0000019b8457ad00,
0x0000019b8ad8e460, 0x0000019b8a20b5b0, 0x0000019b8a20dd10, 0x0000019b8a20e3a0,
0x0000019b8a20cff0, 0x0000019b8ad8eb30, 0x0000019b8ad8f200, 0x0000019b8ad8d6c0,
0x0000019b8a20af20, 0x0000019b8ad8ffa0, 0x0000019b8a20c2d0, 0x0000019b8ad8f8d0,
0x0000019b8a20c960, 0x0000019b8a20bc40, 0x0000019b8a210b00, 0x0000019b8a20f0c0,
0x0000019b8a210470, 0x0000019b8a20d680, 0x0000019b8a211eb0, 0x0000019b8a211190,
0x0000019b8a20ea30, 0x0000019b8a211820, 0x0000019b8a212540, 0x0000019b8a20f750,
0x0000019b8a20fde0, 0x0000019b8cb32ea0, 0x0000019b8cb31af0, 0x0000019b8cb300b0,
0x0000019b8cb30740, 0x0000019b8cb33bc0, 0x0000019b8cb31460, 0x0000019b8cb32180,
0x0000019b8cb33530, 0x0000019b8cb34250
}

Java Threads: ( => current thread )
  0x0000019b2900ad50 JavaThread "main"                              [_thread_blocked, id=34976, stack(0x000000334d700000,0x000000334d800000) (1024K)]
  0x0000019b2b48e7a0 JavaThread "Reference Handler"          daemon [_thread_blocked, id=24216, stack(0x000000334db00000,0x000000334dc00000) (1024K)]
  0x0000019b2b582750 JavaThread "Finalizer"                  daemon [_thread_blocked, id=14632, stack(0x000000334dc00000,0x000000334dd00000) (1024K)]
  0x0000019b2b587170 JavaThread "Signal Dispatcher"          daemon [_thread_blocked, id=30616, stack(0x000000334dd00000,0x000000334de00000) (1024K)]
  0x0000019b2b588030 JavaThread "Attach Listener"            daemon [_thread_blocked, id=29360, stack(0x000000334de00000,0x000000334df00000) (1024K)]
  0x0000019b2b58e800 JavaThread "Service Thread"             daemon [_thread_blocked, id=6220, stack(0x000000334df00000,0x000000334e000000) (1024K)]
  0x0000019b2b58c8a0 JavaThread "Monitor Deflation Thread"   daemon [_thread_blocked, id=37776, stack(0x000000334e000000,0x000000334e100000) (1024K)]
=>0x0000019b2b59d060 JavaThread "C2 CompilerThread0"         daemon [_thread_in_native, id=35316, stack(0x000000334e100000,0x000000334e200000) (1024K)]
  0x0000019b2b59e8d0 JavaThread "C1 CompilerThread0"         daemon [_thread_blocked, id=26724, stack(0x000000334e200000,0x000000334e300000) (1024K)]
  0x0000019b84390c30 JavaThread "C1 CompilerThread1"         daemon [_thread_blocked, id=37684, stack(0x000000334e300000,0x000000334e400000) (1024K)]
  0x0000019b843922f0 JavaThread "C1 CompilerThread2"         daemon [_thread_blocked, id=31236, stack(0x000000334e400000,0x000000334e500000) (1024K)]
  0x0000019b8457cdd0 JavaThread "Common-Cleaner"             daemon [_thread_blocked, id=32156, stack(0x000000334e700000,0x000000334e800000) (1024K)]
  0x0000019b84579950 JavaThread "Notification Thread"        daemon [_thread_blocked, id=30092, stack(0x000000334e800000,0x000000334e900000) (1024K)]
  0x0000019b8457b390 JavaThread "Active Thread: Equinox Container: cebd03b2-2052-4a63-8f84-d17039db6592"        [_thread_blocked, id=28452, stack(0x000000334f100000,0x000000334f200000) (1024K)]
  0x0000019b8457a670 JavaThread "Refresh Thread: Equinox Container: cebd03b2-2052-4a63-8f84-d17039db6592" daemon [_thread_blocked, id=4676, stack(0x000000334f300000,0x000000334f400000) (1024K)]
  0x0000019b8457ba20 JavaThread "Framework Event Dispatcher: Equinox Container: cebd03b2-2052-4a63-8f84-d17039db6592" daemon [_thread_blocked, id=29352, stack(0x000000334f400000,0x000000334f500000) (1024K)]
  0x0000019b8457c0b0 JavaThread "Start Level: Equinox Container: cebd03b2-2052-4a63-8f84-d17039db6592" daemon [_thread_blocked, id=25004, stack(0x000000334f500000,0x000000334f600000) (1024K)]
  0x0000019b8457c740 JavaThread "Bundle File Closer"         daemon [_thread_blocked, id=33476, stack(0x000000334f800000,0x000000334f900000) (1024K)]
  0x0000019b84579fe0 JavaThread "SCR Component Actor"        daemon [_thread_blocked, id=32880, stack(0x000000334e500000,0x000000334e600000) (1024K)]
  0x0000019b8457ad00 JavaThread "Worker-JM"                         [_thread_blocked, id=18184, stack(0x000000334f900000,0x000000334fa00000) (1024K)]
  0x0000019b8ad8e460 JavaThread "C1 CompilerThread3"         daemon [_thread_blocked, id=34692, stack(0x000000334fb00000,0x000000334fc00000) (1024K)]
  0x0000019b8a20b5b0 JavaThread "JNA Cleaner"                daemon [_thread_blocked, id=27272, stack(0x000000334fc00000,0x000000334fd00000) (1024K)]
  0x0000019b8a20dd10 JavaThread "Worker-0: Repository registry initialization"        [_thread_in_vm, id=14808, stack(0x000000334fd00000,0x000000334fe00000) (1024K)]
  0x0000019b8a20e3a0 JavaThread "Worker-1"                          [_thread_blocked, id=32420, stack(0x000000334fe00000,0x000000334ff00000) (1024K)]
  0x0000019b8a20cff0 JavaThread "Worker-2: Building"                [_thread_blocked, id=14628, stack(0x000000334ff00000,0x0000003350000000) (1024K)]
  0x0000019b8ad8eb30 JavaThread "C2 CompilerThread1"         daemon [_thread_blocked, id=24512, stack(0x000000334fa00000,0x000000334fb00000) (1024K)]
  0x0000019b8ad8f200 JavaThread "C2 CompilerThread2"         daemon [_thread_in_native, id=32652, stack(0x0000003350000000,0x0000003350100000) (1024K)]
  0x0000019b8ad8d6c0 JavaThread "C2 CompilerThread3"         daemon [_thread_blocked, id=29876, stack(0x0000003350100000,0x0000003350200000) (1024K)]
  0x0000019b8a20af20 JavaThread "Java indexing"              daemon [_thread_blocked, id=33444, stack(0x0000003350300000,0x0000003350400000) (1024K)]
  0x0000019b8ad8ffa0 JavaThread "C2 CompilerThread4"         daemon [_thread_blocked, id=27632, stack(0x0000003350200000,0x0000003350300000) (1024K)]
  0x0000019b8a20c2d0 JavaThread "Worker-3"                          [_thread_blocked, id=35340, stack(0x0000003350400000,0x0000003350500000) (1024K)]
  0x0000019b8ad8f8d0 JavaThread "C2 CompilerThread5"         daemon [_thread_blocked, id=32228, stack(0x0000003350500000,0x0000003350600000) (1024K)]
  0x0000019b8a20c960 JavaThread "Worker-4"                          [_thread_blocked, id=31420, stack(0x0000003350600000,0x0000003350700000) (1024K)]
  0x0000019b8a20bc40 JavaThread "Worker-5"                          [_thread_blocked, id=28016, stack(0x0000003350900000,0x0000003350a00000) (1024K)]
  0x0000019b8a210b00 JavaThread "Thread-1"                   daemon [_thread_in_native, id=25172, stack(0x0000003350a00000,0x0000003350b00000) (1024K)]
  0x0000019b8a20f0c0 JavaThread "Thread-2"                   daemon [_thread_in_native, id=37392, stack(0x0000003350b00000,0x0000003350c00000) (1024K)]
  0x0000019b8a210470 JavaThread "Thread-3"                   daemon [_thread_in_native, id=28436, stack(0x0000003350c00000,0x0000003350d00000) (1024K)]
  0x0000019b8a20d680 JavaThread "Thread-4"                   daemon [_thread_in_native, id=27308, stack(0x0000003350d00000,0x0000003350e00000) (1024K)]
  0x0000019b8a211eb0 JavaThread "Thread-5"                   daemon [_thread_in_native, id=27996, stack(0x0000003350e00000,0x0000003350f00000) (1024K)]
  0x0000019b8a211190 JavaThread "Thread-6"                   daemon [_thread_in_native, id=17844, stack(0x0000003350f00000,0x0000003351000000) (1024K)]
  0x0000019b8a20ea30 JavaThread "Thread-7"                   daemon [_thread_in_native, id=23440, stack(0x0000003351000000,0x0000003351100000) (1024K)]
  0x0000019b8a211820 JavaThread "Thread-8"                   daemon [_thread_in_native, id=29772, stack(0x0000003351100000,0x0000003351200000) (1024K)]
  0x0000019b8a212540 JavaThread "Thread-9"                   daemon [_thread_in_native, id=9692, stack(0x0000003351200000,0x0000003351300000) (1024K)]
  0x0000019b8a20f750 JavaThread "Thread-10"                  daemon [_thread_in_native, id=25908, stack(0x0000003351300000,0x0000003351400000) (1024K)]
  0x0000019b8a20fde0 JavaThread "Thread-11"                  daemon [_thread_in_native, id=27204, stack(0x0000003351400000,0x0000003351500000) (1024K)]
  0x0000019b8cb32ea0 JavaThread "Thread-12"                  daemon [_thread_in_native, id=8936, stack(0x0000003351500000,0x0000003351600000) (1024K)]
  0x0000019b8cb31af0 JavaThread "Thread-13"                  daemon [_thread_in_native, id=33160, stack(0x0000003351600000,0x0000003351700000) (1024K)]
  0x0000019b8cb300b0 JavaThread "Thread-14"                  daemon [_thread_in_native, id=20436, stack(0x0000003351700000,0x0000003351800000) (1024K)]
  0x0000019b8cb30740 JavaThread "Thread-15"                  daemon [_thread_in_native, id=36284, stack(0x0000003351800000,0x0000003351900000) (1024K)]
  0x0000019b8cb33bc0 JavaThread "Thread-16"                  daemon [_thread_in_native, id=23124, stack(0x0000003351900000,0x0000003351a00000) (1024K)]
  0x0000019b8cb31460 JavaThread "Thread-17"                  daemon [_thread_in_native, id=27312, stack(0x0000003351a00000,0x0000003351b00000) (1024K)]
  0x0000019b8cb32180 JavaThread "pool-2-thread-1"                   [_thread_blocked, id=22404, stack(0x0000003351b00000,0x0000003351c00000) (1024K)]
  0x0000019b8cb33530 JavaThread "WorkspaceEventsHandler"            [_thread_blocked, id=9932, stack(0x0000003351c00000,0x0000003351d00000) (1024K)]
  0x0000019b8cb34250 JavaThread "pool-1-thread-1"                   [_thread_blocked, id=20776, stack(0x0000003351d00000,0x0000003351e00000) (1024K)]
Total: 54

Other Threads:
  0x0000019b2b474930 VMThread "VM Thread"                           [id=30632, stack(0x000000334da00000,0x000000334db00000) (1024K)] _threads_hazard_ptr=0x0000019b8e1dd690
  0x0000019b2b36ca00 WatcherThread "VM Periodic Task Thread"        [id=30640, stack(0x000000334d900000,0x000000334da00000) (1024K)]
  0x0000019b2b4fc160 WorkerThread "GC Thread#0"                     [id=33888, stack(0x000000334d800000,0x000000334d900000) (1024K)]
  0x0000019b8a06b8a0 WorkerThread "GC Thread#1"                     [id=24360, stack(0x000000334ea00000,0x000000334eb00000) (1024K)]
  0x0000019b8a540460 WorkerThread "GC Thread#2"                     [id=26136, stack(0x000000334eb00000,0x000000334ec00000) (1024K)]
  0x0000019b8a7fd6e0 WorkerThread "GC Thread#3"                     [id=24776, stack(0x000000334ec00000,0x000000334ed00000) (1024K)]
  0x0000019b8a7fda90 WorkerThread "GC Thread#4"                     [id=23376, stack(0x000000334ed00000,0x000000334ee00000) (1024K)]
  0x0000019b8a7fea50 WorkerThread "GC Thread#5"                     [id=4884, stack(0x000000334ee00000,0x000000334ef00000) (1024K)]
  0x0000019b8a4f28e0 WorkerThread "GC Thread#6"                     [id=4436, stack(0x000000334ef00000,0x000000334f000000) (1024K)]
  0x0000019b8aa376a0 WorkerThread "GC Thread#7"                     [id=6024, stack(0x000000334f200000,0x000000334f300000) (1024K)]
  0x0000019b8ac42920 WorkerThread "GC Thread#8"                     [id=29688, stack(0x000000334f000000,0x000000334f100000) (1024K)]
  0x0000019b8ac42cd0 WorkerThread "GC Thread#9"                     [id=4496, stack(0x000000334f600000,0x000000334f700000) (1024K)]
  0x0000019b8acb7430 WorkerThread "GC Thread#10"                    [id=32592, stack(0x000000334f700000,0x000000334f800000) (1024K)]
  0x0000019b8ae48600 WorkerThread "GC Thread#11"                    [id=6740, stack(0x000000334e600000,0x000000334e700000) (1024K)]
  0x0000019b8ae47af0 WorkerThread "GC Thread#12"                    [id=35192, stack(0x000000334e900000,0x000000334ea00000) (1024K)]
Total: 15

Threads with active compile tasks:
C2 CompilerThread0  19185 7293       4       java.lang.invoke.MethodType::makeImpl (109 bytes)
C2 CompilerThread1  19185 7241   !   4       org.eclipse.osgi.internal.loader.BundleLoader::findClass0 (490 bytes)
C2 CompilerThread2  19185 6960   !   4       org.eclipse.osgi.internal.loader.BundleLoader::findRequiredSource (283 bytes)
C2 CompilerThread3  19185 7478       4       org.eclipse.osgi.internal.loader.BundleLoader::addExportedProvidersFor (167 bytes)
C2 CompilerThread4  19185 7484       4       org.eclipse.osgi.container.ModuleDatabase::readLock (11 bytes)
C2 CompilerThread5  19185 7448       4       java.lang.invoke.MethodType::methodType (69 bytes)
Total: 6

VM state: synchronizing (normal execution)

VM Mutex/Monitor currently owned by a thread:  ([mutex/lock_event])
[0x00007ff99ad9d4f0] Metaspace_lock - owner thread: 0x0000019b8a20dd10
[0x00007ff99ad9f570] Threads_lock - owner thread: 0x0000019b2b474930

Heap address: 0x0000000080000000, size: 2048 MB, Compressed Oops mode: 32-bit

CDS archive(s) mapped at: [0x0000019b42000000-0x0000019b42ba0000-0x0000019b42ba0000), size 12189696, SharedBaseAddress: 0x0000019b42000000, ArchiveRelocationMode: 1.
Compressed class space mapped at: 0x0000019b43000000-0x0000019b83000000, reserved size: 1073741824
Narrow klass base: 0x0000019b42000000, Narrow klass shift: 0, Narrow klass range: 0x100000000

GC Precious Log:
 CardTable entry size: 512
 CPUs: 16 total, 16 available
 Memory: 16068M
 Large Page Support: Disabled
 NUMA Support: Disabled
 Compressed Oops: Enabled (32-bit)
 Alignments: Space 512K, Generation 512K, Heap 2M
 Heap Min Capacity: 100M
 Heap Initial Capacity: 100M
 Heap Max Capacity: 2G
 Pre-touch: Disabled
 Parallel Workers: 13

Heap:
 PSYoungGen      total 20992K, used 7653K [0x00000000d5580000, 0x00000000d6c00000, 0x0000000100000000)
  eden space 19456K, 32% used [0x00000000d5580000,0x00000000d5b99790,0x00000000d6880000)
  from space 1536K, 91% used [0x00000000d6a80000,0x00000000d6be0000,0x00000000d6c00000)
  to   space 1536K, 0% used [0x00000000d6900000,0x00000000d6900000,0x00000000d6a80000)
 ParOldGen       total 68608K, used 40328K [0x0000000080000000, 0x0000000084300000, 0x00000000d5580000)
  object space 68608K, 58% used [0x0000000080000000,0x00000000827621c0,0x0000000084300000)
 Metaspace       used 49326K, committed 50624K, reserved 1114112K
  class space    used 5346K, committed 5888K, reserved 1048576K

Card table byte_map: [0x0000019b2ae80000,0x0000019b2b290000] _byte_map_base: 0x0000019b2aa80000

Marking Bits: (ParMarkBitMap*) 0x00007ff99ada4460
 Begin Bits: [0x0000019b3d990000, 0x0000019b3f990000)
 End Bits:   [0x0000019b3f990000, 0x0000019b41990000)

Polling page: 0x0000019b29340000

Metaspace:

Usage:
  Non-class:     42.95 MB used.
      Class:      5.22 MB used.
       Both:     48.17 MB used.

Virtual space:
  Non-class space:       64.00 MB reserved,      43.69 MB ( 68%) committed,  1 nodes.
      Class space:        1.00 GB reserved,       5.75 MB ( <1%) committed,  1 nodes.
             Both:        1.06 GB reserved,      49.44 MB (  5%) committed. 

Chunk freelists:
   Non-Class:  3.80 MB
       Class:  10.17 MB
        Both:  13.97 MB

MaxMetaspaceSize: unlimited
CompressedClassSpaceSize: 1.00 GB
Initial GC threshold: 21.00 MB
Current GC threshold: 58.38 MB
CDS: on
 - commit_granule_bytes: 65536.
 - commit_granule_words: 8192.
 - virtual_space_node_default_size: 8388608.
 - enlarge_chunks_in_place: 1.
 - use_allocation_guard: 0.


Internal statistics:

num_allocs_failed_limit: 6.
num_arena_births: 1010.
num_arena_deaths: 14.
num_vsnodes_births: 2.
num_vsnodes_deaths: 0.
num_space_committed: 791.
num_space_uncommitted: 0.
num_chunks_returned_to_freelist: 20.
num_chunks_taken_from_freelist: 3344.
num_chunk_merges: 11.
num_chunk_splits: 1985.
num_chunks_enlarged: 1025.
num_inconsistent_stats: 0.

CodeHeap 'non-profiled nmethods': size=119168Kb used=3600Kb max_used=3600Kb free=115567Kb
 bounds [0x0000019b36280000, 0x0000019b36610000, 0x0000019b3d6e0000]
CodeHeap 'profiled nmethods': size=119104Kb used=14388Kb max_used=14388Kb free=104715Kb
 bounds [0x0000019b2e6e0000, 0x0000019b2f4f0000, 0x0000019b35b30000]
CodeHeap 'non-nmethods': size=7488Kb used=3068Kb max_used=3145Kb free=4419Kb
 bounds [0x0000019b35b30000, 0x0000019b35e50000, 0x0000019b36280000]
CodeCache: size=245760Kb, used=21056Kb, max_used=21133Kb, free=224701Kb
 total_blobs=7534, nmethods=6852, adapters=585, full_count=0
Compilation: enabled, stopped_count=0, restarted_count=0

Compilation events (20 events):
Event: 17.029 Thread 0x0000019b8ad8d6c0 nmethod 7458 0x0000019b365ff290 code [0x0000019b365ff640, 0x0000019b36602218]
Event: 17.029 Thread 0x0000019b8ad8e460 7475       3       java.lang.invoke.MethodType::methodType (100 bytes)
Event: 17.031 Thread 0x0000019b84390c30 7476       1       com.google.inject.internal.ProvisionListenerStackCallback::access$000 (5 bytes)
Event: 17.031 Thread 0x0000019b8ad8e460 nmethod 7475 0x0000019b2f4e7310 code [0x0000019b2f4e7540, 0x0000019b2f4e7cc8]
Event: 17.031 Thread 0x0000019b84390c30 nmethod 7476 0x0000019b36603a90 code [0x0000019b36603c20, 0x0000019b36603cd0]
Event: 17.035 Thread 0x0000019b8ad8ffa0 nmethod 7472 0x0000019b36603d90 code [0x0000019b36603f20, 0x0000019b36604198]
Event: 17.040 Thread 0x0000019b84390c30 7477       3       com.google.inject.internal.InjectorImpl::enterContext (65 bytes)
Event: 17.042 Thread 0x0000019b8ad8d6c0 7478       4       org.eclipse.osgi.internal.loader.BundleLoader::addExportedProvidersFor (167 bytes)
Event: 17.043 Thread 0x0000019b84390c30 nmethod 7477 0x0000019b2f4e7f10 code [0x0000019b2f4e8140, 0x0000019b2f4e8cf8]
Event: 17.050 Thread 0x0000019b8ad8e460 7479       3       java.lang.invoke.MethodHandleImpl$IntrinsicMethodHandle::<init> (25 bytes)
Event: 17.052 Thread 0x0000019b8ad8e460 nmethod 7479 0x0000019b2f4e9090 code [0x0000019b2f4e9260, 0x0000019b2f4e97c0]
Event: 17.056 Thread 0x0000019b843922f0 7480   !   3       java.util.zip.ZipFile$Source::get (177 bytes)
Event: 17.056 Thread 0x0000019b8ad8e460 7481       3       java.util.zip.ZipFile$Source$Key::<init> (23 bytes)
Event: 17.058 Thread 0x0000019b8ad8e460 nmethod 7481 0x0000019b2f4e9990 code [0x0000019b2f4e9b40, 0x0000019b2f4e9db0]
Event: 17.061 Thread 0x0000019b843922f0 nmethod 7480 0x0000019b2f4e9e90 code [0x0000019b2f4ea180, 0x0000019b2f4eb370]
Event: 17.061 Thread 0x0000019b2b59e8d0 7482       3       org.eclipse.osgi.internal.util.Tokenizer::getString (7 bytes)
Event: 17.061 Thread 0x0000019b84390c30 7483       3       org.eclipse.osgi.internal.util.Tokenizer::getString (174 bytes)
Event: 17.062 Thread 0x0000019b2b59e8d0 nmethod 7482 0x0000019b2f4ebb90 code [0x0000019b2f4ebd40, 0x0000019b2f4ebea0]
Event: 17.066 Thread 0x0000019b84390c30 nmethod 7483 0x0000019b2f4ebf90 code [0x0000019b2f4ec220, 0x0000019b2f4ecc48]
Event: 17.069 Thread 0x0000019b8ad8ffa0 7484       4       org.eclipse.osgi.container.ModuleDatabase::readLock (11 bytes)

GC Heap History (20 events):
Event: 12.443 GC heap before
{Heap before GC invocations=19 (full 2):
 PSYoungGen      total 24576K, used 24384K [0x00000000d5580000, 0x00000000d7180000, 0x0000000100000000)
  eden space 22016K, 100% used [0x00000000d5580000,0x00000000d6b00000,0x00000000d6b00000)
  from space 2560K, 92% used [0x00000000d6f00000,0x00000000d7150030,0x00000000d7180000)
  to   space 3072K, 0% used [0x00000000d6b80000,0x00000000d6b80000,0x00000000d6e80000)
 ParOldGen       total 68608K, used 23074K [0x0000000080000000, 0x0000000084300000, 0x00000000d5580000)
  object space 68608K, 33% used [0x0000000080000000,0x0000000081688aa0,0x0000000084300000)
 Metaspace       used 40184K, committed 41472K, reserved 1114112K
  class space    used 4205K, committed 4800K, reserved 1048576K
}
Event: 12.449 GC heap after
{Heap after GC invocations=19 (full 2):
 PSYoungGen      total 24576K, used 2048K [0x00000000d5580000, 0x00000000d7000000, 0x0000000100000000)
  eden space 22016K, 0% used [0x00000000d5580000,0x00000000d5580000,0x00000000d6b00000)
  from space 2560K, 80% used [0x00000000d6b80000,0x00000000d6d80010,0x00000000d6e00000)
  to   space 2048K, 0% used [0x00000000d6e00000,0x00000000d6e00000,0x00000000d7000000)
 ParOldGen       total 68608K, used 25278K [0x0000000080000000, 0x0000000084300000, 0x00000000d5580000)
  object space 68608K, 36% used [0x0000000080000000,0x00000000818afad0,0x0000000084300000)
 Metaspace       used 40184K, committed 41472K, reserved 1114112K
  class space    used 4205K, committed 4800K, reserved 1048576K
}
Event: 12.916 GC heap before
{Heap before GC invocations=20 (full 2):
 PSYoungGen      total 24576K, used 24064K [0x00000000d5580000, 0x00000000d7000000, 0x0000000100000000)
  eden space 22016K, 100% used [0x00000000d5580000,0x00000000d6b00000,0x00000000d6b00000)
  from space 2560K, 80% used [0x00000000d6b80000,0x00000000d6d80010,0x00000000d6e00000)
  to   space 2048K, 0% used [0x00000000d6e00000,0x00000000d6e00000,0x00000000d7000000)
 ParOldGen       total 68608K, used 25278K [0x0000000080000000, 0x0000000084300000, 0x00000000d5580000)
  object space 68608K, 36% used [0x0000000080000000,0x00000000818afad0,0x0000000084300000)
 Metaspace       used 41159K, committed 42368K, reserved 1114112K
  class space    used 4343K, committed 4864K, reserved 1048576K
}
Event: 12.923 GC heap after
{Heap after GC invocations=20 (full 2):
 PSYoungGen      total 22016K, used 2016K [0x00000000d5580000, 0x00000000d7500000, 0x0000000100000000)
  eden space 19968K, 0% used [0x00000000d5580000,0x00000000d5580000,0x00000000d6900000)
  from space 2048K, 98% used [0x00000000d6e00000,0x00000000d6ff83f0,0x00000000d7000000)
  to   space 5120K, 0% used [0x00000000d6900000,0x00000000d6900000,0x00000000d6e00000)
 ParOldGen       total 68608K, used 27606K [0x0000000080000000, 0x0000000084300000, 0x00000000d5580000)
  object space 68608K, 40% used [0x0000000080000000,0x0000000081af5ae0,0x0000000084300000)
 Metaspace       used 41159K, committed 42368K, reserved 1114112K
  class space    used 4343K, committed 4864K, reserved 1048576K
}
Event: 13.107 GC heap before
{Heap before GC invocations=21 (full 2):
 PSYoungGen      total 22016K, used 21984K [0x00000000d5580000, 0x00000000d7500000, 0x0000000100000000)
  eden space 19968K, 100% used [0x00000000d5580000,0x00000000d6900000,0x00000000d6900000)
  from space 2048K, 98% used [0x00000000d6e00000,0x00000000d6ff83f0,0x00000000d7000000)
  to   space 5120K, 0% used [0x00000000d6900000,0x00000000d6900000,0x00000000d6e00000)
 ParOldGen       total 68608K, used 27606K [0x0000000080000000, 0x0000000084300000, 0x00000000d5580000)
  object space 68608K, 40% used [0x0000000080000000,0x0000000081af5ae0,0x0000000084300000)
 Metaspace       used 41722K, committed 42944K, reserved 1114112K
  class space    used 4413K, committed 4928K, reserved 1048576K
}
Event: 13.113 GC heap after
{Heap after GC invocations=21 (full 2):
 PSYoungGen      total 22016K, used 1888K [0x00000000d5580000, 0x00000000d6f00000, 0x0000000100000000)
  eden space 19968K, 0% used [0x00000000d5580000,0x00000000d5580000,0x00000000d6900000)
  from space 2048K, 92% used [0x00000000d6900000,0x00000000d6ad8000,0x00000000d6b00000)
  to   space 3072K, 0% used [0x00000000d6c00000,0x00000000d6c00000,0x00000000d6f00000)
 ParOldGen       total 68608K, used 29596K [0x0000000080000000, 0x0000000084300000, 0x00000000d5580000)
  object space 68608K, 43% used [0x0000000080000000,0x0000000081ce73b0,0x0000000084300000)
 Metaspace       used 41722K, committed 42944K, reserved 1114112K
  class space    used 4413K, committed 4928K, reserved 1048576K
}
Event: 13.255 GC heap before
{Heap before GC invocations=22 (full 2):
 PSYoungGen      total 22016K, used 21856K [0x00000000d5580000, 0x00000000d6f00000, 0x0000000100000000)
  eden space 19968K, 100% used [0x00000000d5580000,0x00000000d6900000,0x00000000d6900000)
  from space 2048K, 92% used [0x00000000d6900000,0x00000000d6ad8000,0x00000000d6b00000)
  to   space 3072K, 0% used [0x00000000d6c00000,0x00000000d6c00000,0x00000000d6f00000)
 ParOldGen       total 68608K, used 29596K [0x0000000080000000, 0x0000000084300000, 0x00000000d5580000)
  object space 68608K, 43% used [0x0000000080000000,0x0000000081ce73b0,0x0000000084300000)
 Metaspace       used 42293K, committed 43520K, reserved 1114112K
  class space    used 4493K, committed 5056K, reserved 1048576K
}
Event: 13.262 GC heap after
{Heap after GC invocations=22 (full 2):
 PSYoungGen      total 22016K, used 1847K [0x00000000d5580000, 0x00000000d6e00000, 0x0000000100000000)
  eden space 19968K, 0% used [0x00000000d5580000,0x00000000d5580000,0x00000000d6900000)
  from space 2048K, 90% used [0x00000000d6c00000,0x00000000d6dcde50,0x00000000d6e00000)
  to   space 2048K, 0% used [0x00000000d6900000,0x00000000d6900000,0x00000000d6b00000)
 ParOldGen       total 68608K, used 31265K [0x0000000080000000, 0x0000000084300000, 0x00000000d5580000)
  object space 68608K, 45% used [0x0000000080000000,0x0000000081e88648,0x0000000084300000)
 Metaspace       used 42293K, committed 43520K, reserved 1114112K
  class space    used 4493K, committed 5056K, reserved 1048576K
}
Event: 13.406 GC heap before
{Heap before GC invocations=23 (full 2):
 PSYoungGen      total 22016K, used 21815K [0x00000000d5580000, 0x00000000d6e00000, 0x0000000100000000)
  eden space 19968K, 100% used [0x00000000d5580000,0x00000000d6900000,0x00000000d6900000)
  from space 2048K, 90% used [0x00000000d6c00000,0x00000000d6dcde50,0x00000000d6e00000)
  to   space 2048K, 0% used [0x00000000d6900000,0x00000000d6900000,0x00000000d6b00000)
 ParOldGen       total 68608K, used 31265K [0x0000000080000000, 0x0000000084300000, 0x00000000d5580000)
  object space 68608K, 45% used [0x0000000080000000,0x0000000081e88648,0x0000000084300000)
 Metaspace       used 42963K, committed 44224K, reserved 1114112K
  class space    used 4573K, committed 5120K, reserved 1048576K
}
Event: 13.416 GC heap after
{Heap after GC invocations=23 (full 2):
 PSYoungGen      total 22016K, used 1683K [0x00000000d5580000, 0x00000000d6d00000, 0x0000000100000000)
  eden space 19968K, 0% used [0x00000000d5580000,0x00000000d5580000,0x00000000d6900000)
  from space 2048K, 82% used [0x00000000d6900000,0x00000000d6aa4c80,0x00000000d6b00000)
  to   space 2048K, 0% used [0x00000000d6b00000,0x00000000d6b00000,0x00000000d6d00000)
 ParOldGen       total 68608K, used 32839K [0x0000000080000000, 0x0000000084300000, 0x00000000d5580000)
  object space 68608K, 47% used [0x0000000080000000,0x0000000082011c70,0x0000000084300000)
 Metaspace       used 42963K, committed 44224K, reserved 1114112K
  class space    used 4573K, committed 5120K, reserved 1048576K
}
Event: 13.597 GC heap before
{Heap before GC invocations=24 (full 2):
 PSYoungGen      total 22016K, used 21646K [0x00000000d5580000, 0x00000000d6d00000, 0x0000000100000000)
  eden space 19968K, 99% used [0x00000000d5580000,0x00000000d68fef48,0x00000000d6900000)
  from space 2048K, 82% used [0x00000000d6900000,0x00000000d6aa4c80,0x00000000d6b00000)
  to   space 2048K, 0% used [0x00000000d6b00000,0x00000000d6b00000,0x00000000d6d00000)
 ParOldGen       total 68608K, used 32839K [0x0000000080000000, 0x0000000084300000, 0x00000000d5580000)
  object space 68608K, 47% used [0x0000000080000000,0x0000000082011c70,0x0000000084300000)
 Metaspace       used 43484K, committed 44736K, reserved 1114112K
  class space    used 4596K, committed 5120K, reserved 1048576K
}
Event: 13.604 GC heap after
{Heap after GC invocations=24 (full 2):
 PSYoungGen      total 21504K, used 2017K [0x00000000d5580000, 0x00000000d6e00000, 0x0000000100000000)
  eden space 19456K, 0% used [0x00000000d5580000,0x00000000d5580000,0x00000000d6880000)
  from space 2048K, 98% used [0x00000000d6b00000,0x00000000d6cf8748,0x00000000d6d00000)
  to   space 2560K, 0% used [0x00000000d6880000,0x00000000d6880000,0x00000000d6b00000)
 ParOldGen       total 68608K, used 34217K [0x0000000080000000, 0x0000000084300000, 0x00000000d5580000)
  object space 68608K, 49% used [0x0000000080000000,0x000000008216a4c8,0x0000000084300000)
 Metaspace       used 43484K, committed 44736K, reserved 1114112K
  class space    used 4596K, committed 5120K, reserved 1048576K
}
Event: 13.766 GC heap before
{Heap before GC invocations=25 (full 2):
 PSYoungGen      total 21504K, used 21473K [0x00000000d5580000, 0x00000000d6e00000, 0x0000000100000000)
  eden space 19456K, 100% used [0x00000000d5580000,0x00000000d6880000,0x00000000d6880000)
  from space 2048K, 98% used [0x00000000d6b00000,0x00000000d6cf8748,0x00000000d6d00000)
  to   space 2560K, 0% used [0x00000000d6880000,0x00000000d6880000,0x00000000d6b00000)
 ParOldGen       total 68608K, used 34217K [0x0000000080000000, 0x0000000084300000, 0x00000000d5580000)
  object space 68608K, 49% used [0x0000000080000000,0x000000008216a4c8,0x0000000084300000)
 Metaspace       used 43822K, committed 45056K, reserved 1114112K
  class space    used 4639K, committed 5184K, reserved 1048576K
}
Event: 13.773 GC heap after
{Heap after GC invocations=25 (full 2):
 PSYoungGen      total 21504K, used 1771K [0x00000000d5580000, 0x00000000d6c80000, 0x0000000100000000)
  eden space 19456K, 0% used [0x00000000d5580000,0x00000000d5580000,0x00000000d6880000)
  from space 2048K, 86% used [0x00000000d6880000,0x00000000d6a3ad70,0x00000000d6a80000)
  to   space 2048K, 0% used [0x00000000d6a80000,0x00000000d6a80000,0x00000000d6c80000)
 ParOldGen       total 68608K, used 35886K [0x0000000080000000, 0x0000000084300000, 0x00000000d5580000)
  object space 68608K, 52% used [0x0000000080000000,0x000000008230b9a0,0x0000000084300000)
 Metaspace       used 43822K, committed 45056K, reserved 1114112K
  class space    used 4639K, committed 5184K, reserved 1048576K
}
Event: 13.976 GC heap before
{Heap before GC invocations=26 (full 2):
 PSYoungGen      total 21504K, used 21226K [0x00000000d5580000, 0x00000000d6c80000, 0x0000000100000000)
  eden space 19456K, 99% used [0x00000000d5580000,0x00000000d687fc08,0x00000000d6880000)
  from space 2048K, 86% used [0x00000000d6880000,0x00000000d6a3ad70,0x00000000d6a80000)
  to   space 2048K, 0% used [0x00000000d6a80000,0x00000000d6a80000,0x00000000d6c80000)
 ParOldGen       total 68608K, used 35886K [0x0000000080000000, 0x0000000084300000, 0x00000000d5580000)
  object space 68608K, 52% used [0x0000000080000000,0x000000008230b9a0,0x0000000084300000)
 Metaspace       used 44314K, committed 45568K, reserved 1114112K
  class space    used 4695K, committed 5248K, reserved 1048576K
}
Event: 13.981 GC heap after
{Heap after GC invocations=26 (full 2):
 PSYoungGen      total 21504K, used 1792K [0x00000000d5580000, 0x00000000d6c80000, 0x0000000100000000)
  eden space 19456K, 0% used [0x00000000d5580000,0x00000000d5580000,0x00000000d6880000)
  from space 2048K, 87% used [0x00000000d6a80000,0x00000000d6c40020,0x00000000d6c80000)
  to   space 2048K, 0% used [0x00000000d6880000,0x00000000d6880000,0x00000000d6a80000)
 ParOldGen       total 68608K, used 37505K [0x0000000080000000, 0x0000000084300000, 0x00000000d5580000)
  object space 68608K, 54% used [0x0000000080000000,0x00000000824a0468,0x0000000084300000)
 Metaspace       used 44314K, committed 45568K, reserved 1114112K
  class space    used 4695K, committed 5248K, reserved 1048576K
}
Event: 15.220 GC heap before
{Heap before GC invocations=27 (full 2):
 PSYoungGen      total 21504K, used 21248K [0x00000000d5580000, 0x00000000d6c80000, 0x0000000100000000)
  eden space 19456K, 100% used [0x00000000d5580000,0x00000000d6880000,0x00000000d6880000)
  from space 2048K, 87% used [0x00000000d6a80000,0x00000000d6c40020,0x00000000d6c80000)
  to   space 2048K, 0% used [0x00000000d6880000,0x00000000d6880000,0x00000000d6a80000)
 ParOldGen       total 68608K, used 37505K [0x0000000080000000, 0x0000000084300000, 0x00000000d5580000)
  object space 68608K, 54% used [0x0000000080000000,0x00000000824a0468,0x0000000084300000)
 Metaspace       used 46516K, committed 47872K, reserved 1114112K
  class space    used 4965K, committed 5568K, reserved 1048576K
}
Event: 15.228 GC heap after
{Heap after GC invocations=27 (full 2):
 PSYoungGen      total 21504K, used 1440K [0x00000000d5580000, 0x00000000d6c80000, 0x0000000100000000)
  eden space 19456K, 0% used [0x00000000d5580000,0x00000000d5580000,0x00000000d6880000)
  from space 2048K, 70% used [0x00000000d6880000,0x00000000d69e8000,0x00000000d6a80000)
  to   space 2048K, 0% used [0x00000000d6a80000,0x00000000d6a80000,0x00000000d6c80000)
 ParOldGen       total 68608K, used 39097K [0x0000000080000000, 0x0000000084300000, 0x00000000d5580000)
  object space 68608K, 56% used [0x0000000080000000,0x000000008262e4c0,0x0000000084300000)
 Metaspace       used 46516K, committed 47872K, reserved 1114112K
  class space    used 4965K, committed 5568K, reserved 1048576K
}
Event: 16.757 GC heap before
{Heap before GC invocations=28 (full 2):
 PSYoungGen      total 21504K, used 20896K [0x00000000d5580000, 0x00000000d6c80000, 0x0000000100000000)
  eden space 19456K, 100% used [0x00000000d5580000,0x00000000d6880000,0x00000000d6880000)
  from space 2048K, 70% used [0x00000000d6880000,0x00000000d69e8000,0x00000000d6a80000)
  to   space 2048K, 0% used [0x00000000d6a80000,0x00000000d6a80000,0x00000000d6c80000)
 ParOldGen       total 68608K, used 39097K [0x0000000080000000, 0x0000000084300000, 0x00000000d5580000)
  object space 68608K, 56% used [0x0000000080000000,0x000000008262e4c0,0x0000000084300000)
 Metaspace       used 48743K, committed 50112K, reserved 1114112K
  class space    used 5271K, committed 5888K, reserved 1048576K
}
Event: 16.763 GC heap after
{Heap after GC invocations=28 (full 2):
 PSYoungGen      total 20992K, used 1408K [0x00000000d5580000, 0x00000000d6c00000, 0x0000000100000000)
  eden space 19456K, 0% used [0x00000000d5580000,0x00000000d5580000,0x00000000d6880000)
  from space 1536K, 91% used [0x00000000d6a80000,0x00000000d6be0000,0x00000000d6c00000)
  to   space 1536K, 0% used [0x00000000d6900000,0x00000000d6900000,0x00000000d6a80000)
 ParOldGen       total 68608K, used 40328K [0x0000000080000000, 0x0000000084300000, 0x00000000d5580000)
  object space 68608K, 58% used [0x0000000080000000,0x00000000827621c0,0x0000000084300000)
 Metaspace       used 48743K, committed 50112K, reserved 1114112K
  class space    used 5271K, committed 5888K, reserved 1048576K
}

Dll operation events (10 events):
Event: 0.012 Loaded shared library c:\Users\backu\.vscode\extensions\redhat.java-1.55.0-win32-x64\jre\21.0.11-win32-x86_64\bin\java.dll
Event: 0.062 Loaded shared library c:\Users\backu\.vscode\extensions\redhat.java-1.55.0-win32-x64\jre\21.0.11-win32-x86_64\bin\zip.dll
Event: 0.079 Loaded shared library C:\Users\backu\.vscode\extensions\redhat.java-1.55.0-win32-x64\jre\21.0.11-win32-x86_64\bin\instrument.dll
Event: 0.083 Loaded shared library C:\Users\backu\.vscode\extensions\redhat.java-1.55.0-win32-x64\jre\21.0.11-win32-x86_64\bin\net.dll
Event: 0.085 Loaded shared library C:\Users\backu\.vscode\extensions\redhat.java-1.55.0-win32-x64\jre\21.0.11-win32-x86_64\bin\nio.dll
Event: 0.087 Loaded shared library C:\Users\backu\.vscode\extensions\redhat.java-1.55.0-win32-x64\jre\21.0.11-win32-x86_64\bin\zip.dll
Event: 0.103 Loaded shared library C:\Users\backu\.vscode\extensions\redhat.java-1.55.0-win32-x64\jre\21.0.11-win32-x86_64\bin\jimage.dll
Event: 0.174 Loaded shared library c:\Users\backu\.vscode\extensions\redhat.java-1.55.0-win32-x64\jre\21.0.11-win32-x86_64\bin\verify.dll
Event: 1.167 Loaded shared library C:\Users\backu\AppData\Roaming\Code\User\globalStorage\redhat.java\1.55.0\config_win\org.eclipse.equinox.launcher\org.eclipse.equinox.launcher.win32.win32.x86_64_1.3.100.v20260613-0559\eclipse_11924.dll
Event: 5.929 Loaded shared library C:\Users\backu\AppData\Local\Temp\jna-93493358\jna8743385105760515950.dll

Deoptimization events (20 events):
Event: 16.624 Thread 0x0000019b8a20dd10 Uncommon trap: trap_request=0xffffffbe fr.pc=0x0000019b365f4544 relative=0x0000000000000364
Event: 16.624 Thread 0x0000019b8a20dd10 Uncommon trap: reason=profile_predicate action=maybe_recompile pc=0x0000019b365f4544 method=com.google.inject.internal.aop.ImmutableStringTrie.nextPivotColumn([Ljava/lang/String;III)I @ 21 c2
Event: 16.624 Thread 0x0000019b8a20dd10 DEOPT PACKING pc=0x0000019b365f4544 sp=0x000000334fdfd8c0
Event: 16.624 Thread 0x0000019b8a20dd10 DEOPT UNPACKING pc=0x0000019b35b83aa2 sp=0x000000334fdfd850 mode 2
Event: 16.625 Thread 0x0000019b8a20dd10 Uncommon trap: trap_request=0xffffffbe fr.pc=0x0000019b365f4544 relative=0x0000000000000364
Event: 16.625 Thread 0x0000019b8a20dd10 Uncommon trap: reason=profile_predicate action=maybe_recompile pc=0x0000019b365f4544 method=com.google.inject.internal.aop.ImmutableStringTrie.nextPivotColumn([Ljava/lang/String;III)I @ 21 c2
Event: 16.625 Thread 0x0000019b8a20dd10 DEOPT PACKING pc=0x0000019b365f4544 sp=0x000000334fdfd8c0
Event: 16.625 Thread 0x0000019b8a20dd10 DEOPT UNPACKING pc=0x0000019b35b83aa2 sp=0x000000334fdfd850 mode 2
Event: 16.626 Thread 0x0000019b8a20dd10 Uncommon trap: trap_request=0xffffffbe fr.pc=0x0000019b365f4544 relative=0x0000000000000364
Event: 16.626 Thread 0x0000019b8a20dd10 Uncommon trap: reason=profile_predicate action=maybe_recompile pc=0x0000019b365f4544 method=com.google.inject.internal.aop.ImmutableStringTrie.nextPivotColumn([Ljava/lang/String;III)I @ 21 c2
Event: 16.626 Thread 0x0000019b8a20dd10 DEOPT PACKING pc=0x0000019b365f4544 sp=0x000000334fdfd8c0
Event: 16.626 Thread 0x0000019b8a20dd10 DEOPT UNPACKING pc=0x0000019b35b83aa2 sp=0x000000334fdfd850 mode 2
Event: 16.628 Thread 0x0000019b8a20dd10 Uncommon trap: trap_request=0xffffffbe fr.pc=0x0000019b365f4544 relative=0x0000000000000364
Event: 16.628 Thread 0x0000019b8a20dd10 Uncommon trap: reason=profile_predicate action=maybe_recompile pc=0x0000019b365f4544 method=com.google.inject.internal.aop.ImmutableStringTrie.nextPivotColumn([Ljava/lang/String;III)I @ 21 c2
Event: 16.628 Thread 0x0000019b8a20dd10 DEOPT PACKING pc=0x0000019b365f4544 sp=0x000000334fdfd8c0
Event: 16.628 Thread 0x0000019b8a20dd10 DEOPT UNPACKING pc=0x0000019b35b83aa2 sp=0x000000334fdfd850 mode 2
Event: 16.993 Thread 0x0000019b8a20dd10 Uncommon trap: trap_request=0x00000259 fr.pc=0x0000019b36476a80 relative=0x00000000000000e0
Event: 16.993 Thread 0x0000019b8a20dd10 Uncommon trap: reason=unloaded action=reinterpret pc=0x0000019b36476a80 method=org.codehaus.plexus.util.xml.pull.MXParser.more()C @ 22 c2
Event: 16.993 Thread 0x0000019b8a20dd10 DEOPT PACKING pc=0x0000019b36476a80 sp=0x000000334fdfed40
Event: 16.993 Thread 0x0000019b8a20dd10 DEOPT UNPACKING pc=0x0000019b35b83aa2 sp=0x000000334fdfece0 mode 2

Classes loaded (20 events):
Event: 13.641 Loading class sun/nio/ch/WindowsAsynchronousFileChannelImpl$WriteTask
Event: 13.642 Loading class sun/nio/ch/WindowsAsynchronousFileChannelImpl$WriteTask done
Event: 13.664 Loading class sun/reflect/generics/repository/FieldRepository
Event: 13.665 Loading class sun/reflect/generics/repository/FieldRepository done
Event: 13.804 Loading class sun/misc/Unsafe
Event: 13.805 Loading class sun/misc/Unsafe done
Event: 14.243 Loading class java/lang/invoke/MethodHandleImpl$CountingWrapper
Event: 14.244 Loading class java/lang/invoke/MethodHandleImpl$CountingWrapper done
Event: 14.278 Loading class java/util/concurrent/CompletionService
Event: 14.279 Loading class java/util/concurrent/CompletionService done
Event: 14.441 Loading class sun/reflect/generics/scope/ConstructorScope
Event: 14.441 Loading class sun/reflect/generics/scope/ConstructorScope done
Event: 14.442 Loading class sun/reflect/generics/tree/VoidDescriptor
Event: 14.442 Loading class sun/reflect/generics/tree/VoidDescriptor done
Event: 14.975 Loading class java/nio/channels/ServerSocketChannel
Event: 14.976 Loading class java/nio/channels/ServerSocketChannel done
Event: 15.904 Loading class jdk/internal/org/objectweb/asm/ClassReader
Event: 15.909 Loading class jdk/internal/org/objectweb/asm/ClassReader done
Event: 16.969 Loading class java/lang/ProcessEnvironment$CheckedKeySet
Event: 16.970 Loading class java/lang/ProcessEnvironment$CheckedKeySet done

Classes unloaded (7 events):
Event: 7.161 Thread 0x0000019b2b474930 Unloading class 0x0000019b431a2800 'java/lang/invoke/LambdaForm$MH+0x0000019b431a2800'
Event: 7.161 Thread 0x0000019b2b474930 Unloading class 0x0000019b431a2400 'java/lang/invoke/LambdaForm$MH+0x0000019b431a2400'
Event: 7.161 Thread 0x0000019b2b474930 Unloading class 0x0000019b431a2000 'java/lang/invoke/LambdaForm$MH+0x0000019b431a2000'
Event: 7.161 Thread 0x0000019b2b474930 Unloading class 0x0000019b431a1c00 'java/lang/invoke/LambdaForm$MH+0x0000019b431a1c00'
Event: 7.161 Thread 0x0000019b2b474930 Unloading class 0x0000019b431a1800 'java/lang/invoke/LambdaForm$BMH+0x0000019b431a1800'
Event: 7.161 Thread 0x0000019b2b474930 Unloading class 0x0000019b431a1400 'java/lang/invoke/LambdaForm$DMH+0x0000019b431a1400'
Event: 7.161 Thread 0x0000019b2b474930 Unloading class 0x0000019b431a0000 'java/lang/invoke/LambdaForm$DMH+0x0000019b431a0000'

Classes redefined (0 events):
No events

Internal exceptions (20 events):
Event: 12.201 Thread 0x0000019b8a20c2d0 Exception <a 'java/io/FileNotFoundException'{0x00000000d6809d30}> (0x00000000d6809d30) 
thrown [s\src\hotspot\share\prims\jni.cpp, line 520]
Event: 12.202 Thread 0x0000019b8a20c2d0 Exception <a 'java/io/FileNotFoundException'{0x00000000d680b300}> (0x00000000d680b300) 
thrown [s\src\hotspot\share\prims\jni.cpp, line 520]
Event: 12.214 Thread 0x0000019b8a20c2d0 Exception <a 'java/lang/NoSuchMethodError'{0x00000000d68c93d8}: 'java.lang.Object java.lang.invoke.DirectMethodHandle$Holder.newInvokeSpecial(java.lang.Object, java.lang.Object, java.lang.Object, int)'> (0x00000000d68c93d8) 
thrown [s\src\hotspot\share\interpreter\linkResolver.cpp, line 773]
Event: 12.218 Thread 0x0000019b8a20c2d0 Exception <a 'java/lang/NoSuchMethodError'{0x00000000d68cd050}: 'java.lang.Object java.lang.invoke.DirectMethodHandle$Holder.invokeSpecial(java.lang.Object, java.lang.Object, java.lang.Object, java.lang.Object, int)'> (0x00000000d68cd050) 
thrown [s\src\hotspot\share\interpreter\linkResolver.cpp, line 773]
Event: 12.220 Thread 0x0000019b8a20c2d0 Exception <a 'java/lang/NoSuchMethodError'{0x00000000d68d04f8}: 'java.lang.Object java.lang.invoke.Invokers$Holder.linkToTargetMethod(java.lang.Object, java.lang.Object, int, java.lang.Object)'> (0x00000000d68d04f8) 
thrown [s\src\hotspot\share\interpreter\linkResolver.cpp, line 773]
Event: 12.248 Thread 0x0000019b8a20c2d0 Exception <a 'java/lang/NoSuchMethodError'{0x00000000d55a0b28}: 'void java.lang.invoke.DirectMethodHandle$Holder.invokeStaticInit(java.lang.Object, java.lang.Object, java.lang.Object)'> (0x00000000d55a0b28) 
thrown [s\src\hotspot\share\interpreter\linkResolver.cpp, line 773]
Event: 13.176 Thread 0x0000019b2900ad50 Exception <a 'java/lang/NoSuchMethodError'{0x00000000d5ddee58}: 'void java.lang.invoke.DirectMethodHandle$Holder.invokeSpecial(java.lang.Object, java.lang.Object, java.lang.Object, java.lang.Object, java.lang.Object, java.lang.Object)'> (0x00000000d5ddee58) 
thrown [s\src\hotspot\share\interpreter\linkResolver.cpp, line 773]
Event: 13.180 Thread 0x0000019b2900ad50 Exception <a 'java/lang/IncompatibleClassChangeError'{0x00000000d5e955e0}: Found class java.lang.Object, but interface was expected> (0x00000000d5e955e0) 
thrown [s\src\hotspot\share\interpreter\linkResolver.cpp, line 840]
Event: 13.181 Thread 0x0000019b2900ad50 Exception <a 'java/lang/IncompatibleClassChangeError'{0x00000000d5e96798}: Found class java.lang.Object, but interface was expected> (0x00000000d5e96798) 
thrown [s\src\hotspot\share\interpreter\linkResolver.cpp, line 840]
Event: 13.571 Thread 0x0000019b2900ad50 Implicit null exception at 0x0000019b364c623a to 0x0000019b364c6274
Event: 14.240 Thread 0x0000019b8a20cff0 Exception <a 'java/lang/NoSuchMethodError'{0x00000000d5d0ec68}: 'java.lang.Object java.lang.invoke.DirectMethodHandle$Holder.invokeStatic(java.lang.Object, int, java.lang.Object, java.lang.Object)'> (0x00000000d5d0ec68) 
thrown [s\src\hotspot\share\interpreter\linkResolver.cpp, line 773]
Event: 14.242 Thread 0x0000019b8a20cff0 Exception <a 'java/lang/NoSuchMethodError'{0x00000000d5d12468}: 'java.lang.Object java.lang.invoke.DelegatingMethodHandle$Holder.delegate(java.lang.Object, int, java.lang.Object, java.lang.Object)'> (0x00000000d5d12468) 
thrown [s\src\hotspot\share\interpreter\linkResolver.cpp, line 773]
Event: 14.247 Thread 0x0000019b8a20cff0 Implicit null exception at 0x0000019b36394276 to 0x0000019b363945ac
Event: 14.256 Thread 0x0000019b8a20cff0 Exception <a 'java/lang/NoSuchMethodError'{0x00000000d5d25be8}: 'int java.lang.invoke.Invokers$Holder.linkToTargetMethod(java.lang.Object, java.lang.Object, java.lang.Object)'> (0x00000000d5d25be8) 
thrown [s\src\hotspot\share\interpreter\linkResolver.cpp, line 773]
Event: 14.488 Thread 0x0000019b8cb34250 Exception <a 'java/io/FileNotFoundException'{0x00000000d60d7ad0}> (0x00000000d60d7ad0) 
thrown [s\src\hotspot\share\prims\jni.cpp, line 520]
Event: 15.793 Thread 0x0000019b8a20dd10 Exception <a 'java/lang/ExceptionInInitializerError'{0x00000000d5c977b8}> (0x00000000d5c977b8) 
thrown [s\src\hotspot\share\oops\instanceKlass.cpp, line 1218]
Event: 15.915 Thread 0x0000019b8a20dd10 Implicit null exception at 0x0000019b363c28fe to 0x0000019b363c2b70
Event: 15.916 Thread 0x0000019b8a20dd10 Implicit null exception at 0x0000019b3633799c to 0x0000019b363388b8
Event: 15.931 Thread 0x0000019b8a20dd10 Exception <a 'java/lang/NoSuchMethodError'{0x00000000d5d4e4d0}: 'java.lang.Object java.lang.invoke.Invokers$Holder.invokeExact_MT(java.lang.Object, int, java.lang.Object)'> (0x00000000d5d4e4d0) 
thrown [s\src\hotspot\share\interpreter\linkResolver.cpp, line 773]
Event: 16.924 Thread 0x0000019b8a20dd10 Exception <a 'java/lang/NoClassDefFoundError'{0x00000000d572ea88}: com/google/inject/servlet/ServletModuleTargetVisitor> (0x00000000d572ea88) 
thrown [s\src\hotspot\share\classfile\systemDictionary.cpp, line 302]

ZGC Phase Switch (0 events):
No events

VM Operations (20 events):
Event: 13.576 Executing safepoint VM operation: ParallelGCFailedAllocation (Allocation Failure)
Event: 13.604 Executing safepoint VM operation: ParallelGCFailedAllocation (Allocation Failure) done
Event: 13.765 Executing safepoint VM operation: ParallelGCFailedAllocation (Allocation Failure)
Event: 13.773 Executing safepoint VM operation: ParallelGCFailedAllocation (Allocation Failure) done
Event: 13.962 Executing safepoint VM operation: ParallelGCFailedAllocation (Allocation Failure)
Event: 13.982 Executing safepoint VM operation: ParallelGCFailedAllocation (Allocation Failure) done
Event: 13.997 Executing non-safepoint VM operation: HandshakeAllThreads (Deoptimize)
Event: 14.007 Executing non-safepoint VM operation: HandshakeAllThreads (Deoptimize) done
Event: 14.406 Executing non-safepoint VM operation: HandshakeAllThreads (Deoptimize)
Event: 14.420 Executing non-safepoint VM operation: HandshakeAllThreads (Deoptimize) done
Event: 14.810 Executing non-safepoint VM operation: HandshakeAllThreads (Deoptimize)
Event: 14.810 Executing non-safepoint VM operation: HandshakeAllThreads (Deoptimize) done
Event: 15.220 Executing safepoint VM operation: ParallelGCFailedAllocation (Allocation Failure)
Event: 15.228 Executing safepoint VM operation: ParallelGCFailedAllocation (Allocation Failure) done
Event: 16.113 Executing non-safepoint VM operation: HandshakeAllThreads (Deoptimize)
Event: 16.113 Executing non-safepoint VM operation: HandshakeAllThreads (Deoptimize) done
Event: 16.277 Executing safepoint VM operation: ICBufferFull
Event: 16.277 Executing safepoint VM operation: ICBufferFull done
Event: 16.757 Executing safepoint VM operation: ParallelGCFailedAllocation (Allocation Failure)
Event: 16.763 Executing safepoint VM operation: ParallelGCFailedAllocation (Allocation Failure) done

Memory protections (0 events):
No events

Nmethod flushes (20 events):
Event: 10.727 Thread 0x0000019b2b474930 flushing  nmethod 0x0000019b2edfe310
Event: 10.727 Thread 0x0000019b2b474930 flushing  nmethod 0x0000019b2edfec10
Event: 10.727 Thread 0x0000019b2b474930 flushing  nmethod 0x0000019b2edffe10
Event: 10.727 Thread 0x0000019b2b474930 flushing  nmethod 0x0000019b2ee00b10
Event: 10.727 Thread 0x0000019b2b474930 flushing  nmethod 0x0000019b2ee02310
Event: 10.727 Thread 0x0000019b2b474930 flushing  nmethod 0x0000019b2ee02810
Event: 10.727 Thread 0x0000019b2b474930 flushing  nmethod 0x0000019b2ee02d10
Event: 10.727 Thread 0x0000019b2b474930 flushing  nmethod 0x0000019b2ee03110
Event: 10.727 Thread 0x0000019b2b474930 flushing  nmethod 0x0000019b2ee03990
Event: 10.727 Thread 0x0000019b2b474930 flushing  nmethod 0x0000019b2ee04510
Event: 10.727 Thread 0x0000019b2b474930 flushing  nmethod 0x0000019b2ee05f90
Event: 10.727 Thread 0x0000019b2b474930 flushing  nmethod 0x0000019b2ee08910
Event: 10.727 Thread 0x0000019b2b474930 flushing  nmethod 0x0000019b2ee4c290
Event: 10.727 Thread 0x0000019b2b474930 flushing  nmethod 0x0000019b2ee4cd90
Event: 10.727 Thread 0x0000019b2b474930 flushing  nmethod 0x0000019b2ee53490
Event: 10.727 Thread 0x0000019b2b474930 flushing  nmethod 0x0000019b2ee73a90
Event: 10.727 Thread 0x0000019b2b474930 flushing  nmethod 0x0000019b2eec5190
Event: 10.727 Thread 0x0000019b2b474930 flushing  nmethod 0x0000019b2eeeae10
Event: 10.727 Thread 0x0000019b2b474930 flushing  nmethod 0x0000019b2ef2ae90
Event: 10.727 Thread 0x0000019b2b474930 flushing  nmethod 0x0000019b2ef2b310

Events (20 events):
Event: 11.368 Thread 0x0000019b2900ad50 Thread added: 0x0000019b8a210b00
Event: 11.371 Thread 0x0000019b2900ad50 Thread added: 0x0000019b8a20f0c0
Event: 11.372 Thread 0x0000019b2900ad50 Thread added: 0x0000019b8a210470
Event: 11.373 Thread 0x0000019b2900ad50 Thread added: 0x0000019b8a20d680
Event: 11.374 Thread 0x0000019b2900ad50 Thread added: 0x0000019b8a211eb0
Event: 11.375 Thread 0x0000019b2900ad50 Thread added: 0x0000019b8a211190
Event: 11.376 Thread 0x0000019b2900ad50 Thread added: 0x0000019b8a20ea30
Event: 11.377 Thread 0x0000019b2900ad50 Thread added: 0x0000019b8a211820
Event: 11.378 Thread 0x0000019b2900ad50 Thread added: 0x0000019b8a212540
Event: 11.379 Thread 0x0000019b2900ad50 Thread added: 0x0000019b8a20f750
Event: 11.380 Thread 0x0000019b2900ad50 Thread added: 0x0000019b8a20fde0
Event: 11.381 Thread 0x0000019b2900ad50 Thread added: 0x0000019b8cb32ea0
Event: 11.382 Thread 0x0000019b2900ad50 Thread added: 0x0000019b8cb31af0
Event: 11.383 Thread 0x0000019b2900ad50 Thread added: 0x0000019b8cb300b0
Event: 11.384 Thread 0x0000019b2900ad50 Thread added: 0x0000019b8cb30740
Event: 11.385 Thread 0x0000019b2900ad50 Thread added: 0x0000019b8cb33bc0
Event: 11.386 Thread 0x0000019b2900ad50 Thread added: 0x0000019b8cb31460
Event: 11.495 Thread 0x0000019b2900ad50 Thread added: 0x0000019b8cb32180
Event: 13.325 Thread 0x0000019b2900ad50 Thread added: 0x0000019b8cb33530
Event: 13.325 Thread 0x0000019b2900ad50 Thread added: 0x0000019b8cb34250


Dynamic libraries:
0x00007ff66bc30000 - 0x00007ff66bc3e000 	c:\Users\backu\.vscode\extensions\redhat.java-1.55.0-win32-x64\jre\21.0.11-win32-x86_64\bin\java.exe
0x00007ffa8a6c0000 - 0x00007ffa8a926000 	C:\WINDOWS\SYSTEM32\ntdll.dll
0x00007ffa89550000 - 0x00007ffa89619000 	C:\WINDOWS\System32\KERNEL32.DLL
0x00007ffa87cb0000 - 0x00007ffa880aa000 	C:\WINDOWS\System32\KERNELBASE.dll
0x00007ffa880b0000 - 0x00007ffa881fc000 	C:\WINDOWS\System32\ucrtbase.dll
0x00007ffa59560000 - 0x00007ffa59578000 	c:\Users\backu\.vscode\extensions\redhat.java-1.55.0-win32-x64\jre\21.0.11-win32-x86_64\bin\jli.dll
0x00007ffa49b00000 - 0x00007ffa49b1e000 	c:\Users\backu\.vscode\extensions\redhat.java-1.55.0-win32-x64\jre\21.0.11-win32-x86_64\bin\VCRUNTIME140.dll
0x00007ffa8a3f0000 - 0x00007ffa8a5b7000 	C:\WINDOWS\System32\USER32.dll
0x00007ffa87950000 - 0x00007ffa87977000 	C:\WINDOWS\System32\win32u.dll
0x00007ffa69520000 - 0x00007ffa697b2000 	C:\WINDOWS\WinSxS\amd64_microsoft.windows.common-controls_6595b64144ccf1df_6.0.26100.8521_none_3e08b75ce33403b3\COMCTL32.dll
0x00007ffa8a5c0000 - 0x00007ffa8a5eb000 	C:\WINDOWS\System32\GDI32.dll
0x00007ffa89a30000 - 0x00007ffa89ad9000 	C:\WINDOWS\System32\msvcrt.dll
0x00007ffa87b80000 - 0x00007ffa87cab000 	C:\WINDOWS\System32\gdi32full.dll
0x00007ffa87980000 - 0x00007ffa87a23000 	C:\WINDOWS\System32\msvcp_win.dll
0x00007ffa89800000 - 0x00007ffa89832000 	C:\WINDOWS\System32\IMM32.DLL
0x00007ffa6bd70000 - 0x00007ffa6bd7c000 	c:\Users\backu\.vscode\extensions\redhat.java-1.55.0-win32-x64\jre\21.0.11-win32-x86_64\bin\vcruntime140_1.dll
0x00007ff9f1590000 - 0x00007ff9f161d000 	c:\Users\backu\.vscode\extensions\redhat.java-1.55.0-win32-x64\jre\21.0.11-win32-x86_64\bin\msvcp140.dll
0x00007ff99a0e0000 - 0x00007ff99ae82000 	c:\Users\backu\.vscode\extensions\redhat.java-1.55.0-win32-x64\jre\21.0.11-win32-x86_64\bin\server\jvm.dll
0x00007ffa89f70000 - 0x00007ffa8a026000 	C:\WINDOWS\System32\ADVAPI32.dll
0x00007ffa8a1a0000 - 0x00007ffa8a24a000 	C:\WINDOWS\System32\sechost.dll
0x00007ffa89910000 - 0x00007ffa89a28000 	C:\WINDOWS\System32\RPCRT4.dll
0x00007ffa88a50000 - 0x00007ffa88ad0000 	C:\WINDOWS\System32\WS2_32.dll
0x00007ffa86c60000 - 0x00007ffa86cbe000 	C:\WINDOWS\SYSTEM32\POWRPROF.dll
0x00007ffa7f7c0000 - 0x00007ffa7f7f6000 	C:\WINDOWS\SYSTEM32\WINMM.dll
0x00007ffa7d1e0000 - 0x00007ffa7d1eb000 	C:\WINDOWS\SYSTEM32\VERSION.dll
0x00007ffa86c20000 - 0x00007ffa86c34000 	C:\WINDOWS\SYSTEM32\UMPDC.dll
0x00007ffa86750000 - 0x00007ffa8676b000 	C:\WINDOWS\SYSTEM32\kernel.appcore.dll
0x00007ffa4a9a0000 - 0x00007ffa4a9aa000 	c:\Users\backu\.vscode\extensions\redhat.java-1.55.0-win32-x64\jre\21.0.11-win32-x86_64\bin\jimage.dll
0x00007ffa85010000 - 0x00007ffa85252000 	C:\WINDOWS\SYSTEM32\DBGHELP.DLL
0x00007ffa88530000 - 0x00007ffa888b3000 	C:\WINDOWS\System32\combase.dll
0x00007ffa8a030000 - 0x00007ffa8a109000 	C:\WINDOWS\System32\OLEAUT32.dll
0x00007ffa7ae40000 - 0x00007ffa7ae7b000 	C:\WINDOWS\SYSTEM32\dbgcore.DLL
0x00007ffa88380000 - 0x00007ffa88428000 	C:\WINDOWS\System32\bcryptPrimitives.dll
0x00007ffa66e50000 - 0x00007ffa66e5f000 	c:\Users\backu\.vscode\extensions\redhat.java-1.55.0-win32-x64\jre\21.0.11-win32-x86_64\bin\instrument.dll
0x00007ffa48ed0000 - 0x00007ffa48ef0000 	c:\Users\backu\.vscode\extensions\redhat.java-1.55.0-win32-x64\jre\21.0.11-win32-x86_64\bin\java.dll
0x00007ffa88b30000 - 0x00007ffa892b4000 	C:\WINDOWS\System32\SHELL32.dll
0x00007ffa854f0000 - 0x00007ffa85d70000 	C:\WINDOWS\SYSTEM32\windows.storage.dll
0x00007ffa88930000 - 0x00007ffa88a26000 	C:\WINDOWS\System32\SHCORE.dll
0x00007ffa884c0000 - 0x00007ffa88527000 	C:\WINDOWS\System32\shlwapi.dll
0x00007ffa87870000 - 0x00007ffa87899000 	C:\WINDOWS\SYSTEM32\profapi.dll
0x00007ffa3dd90000 - 0x00007ffa3dda8000 	c:\Users\backu\.vscode\extensions\redhat.java-1.55.0-win32-x64\jre\21.0.11-win32-x86_64\bin\zip.dll
0x00007ffa493e0000 - 0x00007ffa493f0000 	C:\Users\backu\.vscode\extensions\redhat.java-1.55.0-win32-x64\jre\21.0.11-win32-x86_64\bin\net.dll
0x00007ffa7d5a0000 - 0x00007ffa7d6c9000 	C:\WINDOWS\SYSTEM32\WINHTTP.dll
0x00007ffa86d70000 - 0x00007ffa86ddc000 	C:\WINDOWS\system32\mswsock.dll
0x00007ff9f63b0000 - 0x00007ff9f63c6000 	C:\Users\backu\.vscode\extensions\redhat.java-1.55.0-win32-x64\jre\21.0.11-win32-x86_64\bin\nio.dll
0x00007ffa7d340000 - 0x00007ffa7d350000 	c:\Users\backu\.vscode\extensions\redhat.java-1.55.0-win32-x64\jre\21.0.11-win32-x86_64\bin\verify.dll
0x00007ffa49ba0000 - 0x00007ffa49be5000 	C:\Users\backu\AppData\Roaming\Code\User\globalStorage\redhat.java\1.55.0\config_win\org.eclipse.equinox.launcher\org.eclipse.equinox.launcher.win32.win32.x86_64_1.3.100.v20260613-0559\eclipse_11924.dll
0x00007ffa8a250000 - 0x00007ffa8a3e8000 	C:\WINDOWS\System32\ole32.dll
0x00007ffa87060000 - 0x00007ffa8707b000 	C:\WINDOWS\SYSTEM32\CRYPTSP.dll
0x00007ffa86640000 - 0x00007ffa86679000 	C:\WINDOWS\system32\rsaenh.dll
0x00007ffa86e20000 - 0x00007ffa86e53000 	C:\WINDOWS\SYSTEM32\USERENV.dll
0x00007ffa87840000 - 0x00007ffa8786a000 	C:\WINDOWS\SYSTEM32\bcrypt.dll
0x00007ffa87050000 - 0x00007ffa8705c000 	C:\WINDOWS\SYSTEM32\CRYPTBASE.dll
0x00007ffa86110000 - 0x00007ffa86143000 	C:\WINDOWS\SYSTEM32\IPHLPAPI.DLL
0x00007ffa89840000 - 0x00007ffa8984a000 	C:\WINDOWS\System32\NSI.dll
0x00007ffa1abb0000 - 0x00007ffa1abf9000 	C:\Users\backu\AppData\Local\Temp\jna-93493358\jna8743385105760515950.dll
0x00007ffa884b0000 - 0x00007ffa884b8000 	C:\WINDOWS\System32\PSAPI.DLL
0x00007ffa7e4d0000 - 0x00007ffa7e4ed000 	C:\WINDOWS\SYSTEM32\dhcpcsvc6.DLL
0x00007ffa7e0f0000 - 0x00007ffa7e115000 	C:\WINDOWS\SYSTEM32\dhcpcsvc.DLL

JVMTI agents:
c:\Users\backu\.vscode\extensions\redhat.java-1.55.0-win32-x64\lombok\lombok-1.18.39-4050.jar path:c:\Users\backu\.vscode\extensions\redhat.java-1.55.0-win32-x64\jre\21.0.11-win32-x86_64\bin\instrument.dll, loaded, initialized, instrumentlib options:none

dbghelp: loaded successfully - version: 4.0.5 - missing functions: none
symbol engine: initialized successfully - sym options: 0x614 - pdb path: .;c:\Users\backu\.vscode\extensions\redhat.java-1.55.0-win32-x64\jre\21.0.11-win32-x86_64\bin;C:\WINDOWS\SYSTEM32;C:\WINDOWS\WinSxS\amd64_microsoft.windows.common-controls_6595b64144ccf1df_6.0.26100.8521_none_3e08b75ce33403b3;c:\Users\backu\.vscode\extensions\redhat.java-1.55.0-win32-x64\jre\21.0.11-win32-x86_64\bin\server;C:\Users\backu\AppData\Roaming\Code\User\globalStorage\redhat.java\1.55.0\config_win\org.eclipse.equinox.launcher\org.eclipse.equinox.launcher.win32.win32.x86_64_1.3.100.v20260613-0559;C:\Users\backu\AppData\Local\Temp\jna-93493358

VM Arguments:
jvm_args: --add-modules=ALL-SYSTEM --add-opens=java.base/java.util=ALL-UNNAMED --add-opens=java.base/java.lang=ALL-UNNAMED --add-opens=java.base/sun.nio.fs=ALL-UNNAMED -Declipse.application=org.eclipse.jdt.ls.core.id1 -Dosgi.bundles.defaultStartLevel=4 -Declipse.product=org.eclipse.jdt.ls.core.product -Djava.import.generatesMetadataFilesAtProjectRoot=false -DDetectVMInstallationsJob.disabled=true -Dfile.encoding=utf8 -XX:+UseParallelGC -XX:GCTimeRatio=4 -XX:AdaptiveSizePolicyWeight=90 -Dsun.zip.disableMemoryMapping=true -Xmx2G -Xms100m -Xlog:disable -javaagent:c:\Users\backu\.vscode\extensions\redhat.java-1.55.0-win32-x64\lombok\lombok-1.18.39-4050.jar -XX:+HeapDumpOnOutOfMemoryError -XX:HeapDumpPath=c:\Users\backu\AppData\Roaming\Code\User\workspaceStorage\24d177da0d8e40e9f1d65268932b200b\redhat.java -Daether.dependencyCollector.impl=bf 
java_command: c:\Users\backu\.vscode\extensions\redhat.java-1.55.0-win32-x64\server\plugins\org.eclipse.equinox.launcher_1.7.200.v20260619-2039.jar -configuration c:\Users\backu\AppData\Roaming\Code\User\globalStorage\redhat.java\1.55.0\config_win -data c:\Users\backu\AppData\Roaming\Code\User\workspaceStorage\24d177da0d8e40e9f1d65268932b200b\redhat.java\jdt_ws --pipe=\\.\pipe\lsp-cdb5f3a38a2fe2a5bfc5ff216da4176f-sock
java_class_path (initial): c:\Users\backu\.vscode\extensions\redhat.java-1.55.0-win32-x64\server\plugins\org.eclipse.equinox.launcher_1.7.200.v20260619-2039.jar
Launcher Type: SUN_STANDARD

[Global flags]
    uintx AdaptiveSizePolicyWeight                 = 90                                        {product} {command line}
     intx CICompilerCount                          = 12                                        {product} {ergonomic}
    uintx GCTimeRatio                              = 4                                         {product} {command line}
     bool HeapDumpOnOutOfMemoryError               = true                                   {manageable} {command line}
    ccstr HeapDumpPath                             = c:\Users\backu\AppData\Roaming\Code\User\workspaceStorage\24d177da0d8e40e9f1d65268932b200b\redhat.java         {manageable} {command line}
   size_t InitialHeapSize                          = 104857600                                 {product} {command line}
   size_t MaxHeapSize                              = 2147483648                                {product} {command line}
   size_t MaxNewSize                               = 715653120                                 {product} {ergonomic}
   size_t MinHeapDeltaBytes                        = 524288                                    {product} {ergonomic}
   size_t MinHeapSize                              = 104857600                                 {product} {command line}
   size_t NewSize                                  = 34603008                                  {product} {ergonomic}
    uintx NonNMethodCodeHeapSize                   = 7602480                                {pd product} {ergonomic}
    uintx NonProfiledCodeHeapSize                  = 122027880                              {pd product} {ergonomic}
   size_t OldSize                                  = 70254592                                  {product} {ergonomic}
    uintx ProfiledCodeHeapSize                     = 122027880                              {pd product} {ergonomic}
    uintx ReservedCodeCacheSize                    = 251658240                              {pd product} {ergonomic}
     bool SegmentedCodeCache                       = true                                      {product} {ergonomic}
   size_t SoftMaxHeapSize                          = 2147483648                             {manageable} {ergonomic}
     bool UseCompressedOops                        = true                           {product lp64_product} {ergonomic}
     bool UseLargePagesIndividualAllocation        = false                                  {pd product} {ergonomic}
     bool UseParallelGC                            = true                                      {product} {command line}

Logging:
Log output configuration:
 #0: stdout all=off uptime,level,tags foldmultilines=false
 #1: stderr all=off uptime,level,tags foldmultilines=false

Release file:
JAVA_VERSION="21.0.11" 
MODULES="java.base java.compiler java.datatransfer java.xml java.prefs java.desktop java.instrument java.logging java.management java.security.sasl java.naming java.rmi java.management.rmi java.net.http java.scripting java.security.jgss java.transaction.xa java.sql java.sql.rowset java.xml.crypto java.se java.smartcardio jdk.accessibility jdk.internal.jvmstat jdk.attach jdk.charsets jdk.internal.opt jdk.zipfs jdk.compiler jdk.crypto.ec jdk.crypto.cryptoki jdk.crypto.mscapi jdk.dynalink jdk.internal.ed jdk.editpad jdk.hotspot.agent jdk.httpserver jdk.internal.le jdk.internal.vm.ci jdk.internal.vm.compiler jdk.internal.vm.compiler.management jdk.jartool jdk.javadoc jdk.jcmd jdk.management jdk.management.agent jdk.jconsole jdk.jdeps jdk.jdwp.agent jdk.jdi jdk.jfr jdk.jshell jdk.jsobject jdk.jstatd jdk.localedata jdk.management.jfr jdk.naming.dns jdk.naming.rmi jdk.net jdk.nio.mapmode jdk.random jdk.sctp jdk.security.auth jdk.security.jgss jdk.unsupported jdk.unsupported.desktop jdk.xml.dom" 

Environment Variables:
JAVA_HOME=C:\Users\backu\Downloads\openjdk-21+35_windows-x64_bin
PATH=C:\SIMULIA\Commands;C:\Users\backu\Downloads\openjdk-21+35_windows-x64_bin\jdk-21\bin;C:\Windows\system32;C:\Windows;C:\Windows\System32\Wbem;C:\Windows\System32\WindowsPowerShell\v1.0\;C:\Windows\System32\OpenSSH\;C:\Program Files\dotnet\;C:\WINDOWS\system32;C:\WINDOWS;C:\WINDOWS\System32\Wbem;C:\WINDOWS\System32\WindowsPowerShell\v1.0\;C:\WINDOWS\System32\OpenSSH\;C:\Users\backu\Downloads\apache-maven-3.9.8-bin.zip\apache-maven-3.9.8\bin;C:\Program Files (x86)\Windows Kits\8.1\Windows Performance Toolkit\;C:\Program Files\Git\cmd;C:\Users\backu\Downloads\apache-maven-3.9.9-bin\apache-maven-3.9.9\bin;E:\Matlab\bin;C:\Program Files\Docker\Docker\resources\bin;C:\MinGW\bin;C:\Program Files\NVIDIA Corporation\NVIDIA App\NvDLISR;C:\Users\backu\Downloads\openjdk-21+35_windows-x64_bin\jdk-21\bin;C:\Program Files\nodejs\;C:\Program Files\WireGuard\;C:\Users\backu\AppData\Local\Programs\Python\Python313\Scripts\;C:\Users\backu\AppData\Local\Programs\Python\Python313\;C:\Program Files\MySQL\MySQL Shell 8.0\bin\;C:\Users\backu\AppData\Local\Microsoft\WindowsApps;C:\Users\backu\AppData\Local\Programs\Microsoft VS Code\bin;C:\Users\backu\AppData\Local\Programs\cursor\resources\app\bin;C:\Users\backu\AppData\Roaming\npm
USERNAME=backu
OS=Windows_NT
PROCESSOR_IDENTIFIER=Intel64 Family 6 Model 154 Stepping 3, GenuineIntel
TMP=C:\Users\backu\AppData\Local\Temp
TEMP=C:\Users\backu\AppData\Local\Temp




Periodic native trim disabled

---------------  S Y S T E M  ---------------

OS:
 Windows 11 , 64 bit Build 26100 (10.0.26100.8521)
OS uptime: 0 days 8:14 hours
Hyper-V role detected

CPU: total 16 (initial active 16) (8 cores per cpu, 2 threads per core) family 6 model 154 stepping 3 microcode 0x43b, cx8, cmov, fxsr, ht, mmx, 3dnowpref, sse, sse2, sse3, ssse3, sse4.1, sse4.2, popcnt, lzcnt, tsc, tscinvbit, avx, avx2, aes, erms, clmul, bmi1, bmi2, adx, sha, fma, vzeroupper, clflush, clflushopt, clwb, hv, serialize, rdtscp, rdpid, fsrm, f16c, cet_ibt, cet_ss
Processor Information for processor 0
  Max Mhz: 2500, Current Mhz: 2500, Mhz Limit: 2500
Processor Information for processor 1
  Max Mhz: 2500, Current Mhz: 1532, Mhz Limit: 2500
Processor Information for processor 2
  Max Mhz: 2500, Current Mhz: 1532, Mhz Limit: 2500
Processor Information for processor 3
  Max Mhz: 2500, Current Mhz: 1532, Mhz Limit: 2500
Processor Information for processor 4
  Max Mhz: 2500, Current Mhz: 2500, Mhz Limit: 2500
Processor Information for processor 5
  Max Mhz: 2500, Current Mhz: 2500, Mhz Limit: 2500
Processor Information for processor 6
  Max Mhz: 2500, Current Mhz: 2500, Mhz Limit: 2500
Processor Information for processor 7
  Max Mhz: 2500, Current Mhz: 1532, Mhz Limit: 2500
Processor Information for processor 8
  Max Mhz: 2500, Current Mhz: 2500, Mhz Limit: 2500
Processor Information for processor 9
  Max Mhz: 2500, Current Mhz: 2500, Mhz Limit: 2500
Processor Information for processor 10
  Max Mhz: 2500, Current Mhz: 2500, Mhz Limit: 2500
Processor Information for processor 11
  Max Mhz: 2500, Current Mhz: 2500, Mhz Limit: 2500
Processor Information for processor 12
  Max Mhz: 2500, Current Mhz: 1527, Mhz Limit: 2500
Processor Information for processor 13
  Max Mhz: 2500, Current Mhz: 1527, Mhz Limit: 2500
Processor Information for processor 14
  Max Mhz: 2500, Current Mhz: 1527, Mhz Limit: 2500
Processor Information for processor 15
  Max Mhz: 2500, Current Mhz: 1527, Mhz Limit: 2500

Memory: 4k page, system-wide physical 16068M (1099M free)
TotalPageFile size 24260M (AvailPageFile size 5M)
current process WorkingSet (physical memory assigned to process): 275M, peak: 280M
current process commit charge ("private bytes"): 394M, peak: 396M

vm_info: OpenJDK 64-Bit Server VM (21.0.11+10-LTS) for windows-amd64 JRE (21.0.11+10-LTS), built on 2026-04-21T00:00:00Z by "admin" with MS VC++ 17.12 (VS2022)

END.
