#
# There is insufficient memory for the Java Runtime Environment to continue.
# Native memory allocation (malloc) failed to allocate 1048576 bytes. Error detail: AllocateHeap
# Possible reasons:
#   The system is out of physical RAM or swap space
#   This process is running with CompressedOops enabled, and the Java Heap may be blocking the growth of the native heap
# Possible solutions:
#   Reduce memory load on the system
#   Increase physical memory or swap space
#   Check if swap backing store is full
#   Decrease Java heap size (-Xmx/-Xms)
#   Decrease number of Java threads
#   Decrease Java thread stack sizes (-Xss)
#   Set larger code cache with -XX:ReservedCodeCacheSize=
#   JVM is running with Unscaled Compressed Oops mode in which the Java heap is
#     placed in the first 4GB address space. The Java Heap base address is the
#     maximum limit for the native heap growth. Please use -XX:HeapBaseMinAddress
#     to set the Java Heap base and to place the Java Heap above 4GB virtual address.
# This output file may be truncated or incomplete.
#
#  Out of Memory Error (allocation.cpp:44), pid=23688, tid=32404
#
# JRE version: OpenJDK Runtime Environment Temurin-21.0.11+10 (21.0.11+10) (build 21.0.11+10-LTS)
# Java VM: OpenJDK 64-Bit Server VM Temurin-21.0.11+10 (21.0.11+10-LTS, mixed mode, sharing, tiered, compressed oops, compressed class ptrs, parallel gc, windows-amd64)
# No core dump will be written. Minidumps are not enabled by default on client versions of Windows
#

---------------  S U M M A R Y ------------

Command Line: --add-modules=ALL-SYSTEM --add-opens=java.base/java.util=ALL-UNNAMED --add-opens=java.base/java.lang=ALL-UNNAMED --add-opens=java.base/sun.nio.fs=ALL-UNNAMED -Declipse.application=org.eclipse.jdt.ls.core.id1 -Dosgi.bundles.defaultStartLevel=4 -Declipse.product=org.eclipse.jdt.ls.core.product -Djava.import.generatesMetadataFilesAtProjectRoot=false -DDetectVMInstallationsJob.disabled=true -Dfile.encoding=utf8 -XX:+UseParallelGC -XX:GCTimeRatio=4 -XX:AdaptiveSizePolicyWeight=90 -Dsun.zip.disableMemoryMapping=true -Xmx2G -Xms100m -Xlog:disable -javaagent:c:\Users\backu\.vscode\extensions\redhat.java-1.55.0-win32-x64\lombok\lombok-1.18.39-4050.jar -XX:+HeapDumpOnOutOfMemoryError -XX:HeapDumpPath=c:\Users\backu\AppData\Roaming\Code\User\workspaceStorage\24d177da0d8e40e9f1d65268932b200b\redhat.java -Daether.dependencyCollector.impl=bf c:\Users\backu\.vscode\extensions\redhat.java-1.55.0-win32-x64\server\plugins\org.eclipse.equinox.launcher_1.7.200.v20260619-2039.jar -configuration c:\Users\backu\AppData\Roaming\Code\User\globalStorage\redhat.java\1.55.0\config_win -data c:\Users\backu\AppData\Roaming\Code\User\workspaceStorage\24d177da0d8e40e9f1d65268932b200b\redhat.java\jdt_ws --pipe=\\.\pipe\lsp-dd6caf0c6281c1b15c5cf3fa70ff65ba-sock

Host: 12th Gen Intel(R) Core(TM) i5-12500H, 16 cores, 15G,  Windows 11 , 64 bit Build 26100 (10.0.26100.8521)
Time: Sat Aug  1 22:22:49 2026 India Standard Time elapsed time: 65.904402 seconds (0d 0h 1m 5s)

---------------  T H R E A D  ---------------

Current thread (0x000001630585b830):  JavaThread "Attach Listener" daemon [_thread_in_vm, id=32404, stack(0x0000004dd6400000,0x0000004dd6500000) (1024K)]

Stack: [0x0000004dd6400000,0x0000004dd6500000]
Native frames: (J=compiled Java code, j=interpreted, Vv=VM code, C=native code)
V  [jvm.dll+0x6d7e19]
V  [jvm.dll+0x8b5096]
V  [jvm.dll+0x8b764e]
V  [jvm.dll+0x8b7d33]
V  [jvm.dll+0x284596]
V  [jvm.dll+0xc13c7]
V  [jvm.dll+0x6d86c9]
V  [jvm.dll+0x133616]
V  [jvm.dll+0x3f868e]
V  [jvm.dll+0x85fb0d]
V  [jvm.dll+0x6d664d]
C  [ucrtbase.dll+0x2cd30]
C  [KERNEL32.DLL+0x2e957]
C  [ntdll.dll+0x87c1c]


---------------  P R O C E S S  ---------------

Threads class SMR info:
_java_thread_list=0x000001636983b6d0, length=120, elements={
0x00000163057ae960, 0x00000163058503f0, 0x0000016305852190, 0x000001630585ab50,
0x000001630585b830, 0x000001630585d920, 0x000001630585fcf0, 0x0000016305868340,
0x000001635e6ef4f0, 0x000001635e9528c0, 0x0000016364016270, 0x0000016364a7e090,
0x0000016364ca3a70, 0x00000163649a7340, 0x00000163649a79b0, 0x0000016365149230,
0x000001636545ed00, 0x0000016365486810, 0x0000016364caf740, 0x0000016364caea20,
0x0000016364cae390, 0x0000016364cb0460, 0x0000016364caf0b0, 0x0000016364cacfe0,
0x0000016364cafdd0, 0x0000016364cad670, 0x00000163645382e0, 0x0000016364538970,
0x0000016364539000, 0x0000016364539690, 0x0000016364539d20, 0x0000016364536f30,
0x000001636453a3b0, 0x00000163645375c0, 0x0000016364537c50, 0x0000016367c759f0,
0x0000016367c73fb0, 0x0000016367c74cd0, 0x0000016367c76da0, 0x0000016367c74640,
0x0000016367c76710, 0x0000016367c76080, 0x0000016367c77430, 0x0000016367c78150,
0x0000016367c787e0, 0x0000016367c79500, 0x0000016367c7a220, 0x0000016367c7a8b0,
0x0000016367c7af40, 0x000001636a6e9e00, 0x000001636a6ebed0, 0x000001636a6eab20,
0x000001636a6ea490, 0x000001636a6ecbf0, 0x000001636a6ed280, 0x000001636a6ec560,
0x000001636a6eb1b0, 0x000001636a6eb840, 0x0000016369c01df0, 0x0000016369c01760,
0x0000016369c02480, 0x0000016369c02b10, 0x0000016369c031a0, 0x0000016369c03830,
0x0000016369c03ec0, 0x0000016369c04550, 0x0000016369c010d0, 0x0000016369c086f0,
0x0000016369c05270, 0x0000016369c05f90, 0x0000016368d97ce0, 0x0000016368d99720,
0x0000016368d98a00, 0x0000016368d99db0, 0x0000016368d9aad0, 0x0000016368d97650,
0x0000016368d9a440, 0x0000016368d99090, 0x0000016368d9b160, 0x0000016368d9b7f0,
0x0000016368d98370, 0x0000016368d9ec70, 0x0000016368d9d8c0, 0x0000016368d9cba0,
0x0000016368d9be80, 0x0000016368d9df50, 0x0000016368d9c510, 0x0000016368d9e5e0,
0x00000163657634e0, 0x0000016365762130, 0x00000163657627c0, 0x0000016365762e50,
0x0000016365761aa0, 0x00000163657655b0, 0x0000016365765c40, 0x0000016365764f20,
0x00000163657662d0, 0x0000016365766960, 0x0000016365766ff0, 0x0000016365764200,
0x0000016365763b70, 0x0000016365767680, 0x0000016365767d10, 0x00000163657683a0,
0x0000016365768a30, 0x00000163657690c0, 0x000001636ba85eb0, 0x000001636ba84b00,
0x000001636ba85820, 0x000001636ba84470, 0x000001636ba83de0, 0x000001636ba86540,
0x000001636ba86bd0, 0x000001636ba878f0, 0x000001636ba88610, 0x000001636ba85190,
0x000001636ba87260, 0x000001636ba87f80, 0x000001636ba8b400, 0x000001636ba8ad70
}

Java Threads: ( => current thread )
  0x00000163057ae960 JavaThread "main"                              [_thread_blocked, id=21316, stack(0x0000004dd5d00000,0x0000004dd5e00000) (1024K)]
  0x00000163058503f0 JavaThread "Reference Handler"          daemon [_thread_blocked, id=30172, stack(0x0000004dd6100000,0x0000004dd6200000) (1024K)]
  0x0000016305852190 JavaThread "Finalizer"                  daemon [_thread_blocked, id=27320, stack(0x0000004dd6200000,0x0000004dd6300000) (1024K)]
  0x000001630585ab50 JavaThread "Signal Dispatcher"          daemon [_thread_blocked, id=25468, stack(0x0000004dd6300000,0x0000004dd6400000) (1024K)]
=>0x000001630585b830 JavaThread "Attach Listener"            daemon [_thread_in_vm, id=32404, stack(0x0000004dd6400000,0x0000004dd6500000) (1024K)]
  0x000001630585d920 JavaThread "Service Thread"             daemon [_thread_blocked, id=9340, stack(0x0000004dd6500000,0x0000004dd6600000) (1024K)]
  0x000001630585fcf0 JavaThread "Monitor Deflation Thread"   daemon [_thread_blocked, id=7136, stack(0x0000004dd6600000,0x0000004dd6700000) (1024K)]
  0x0000016305868340 JavaThread "C2 CompilerThread0"         daemon [_thread_blocked, id=25548, stack(0x0000004dd6700000,0x0000004dd6800000) (1024K)]
  0x000001635e6ef4f0 JavaThread "C1 CompilerThread0"         daemon [_thread_blocked, id=21988, stack(0x0000004dd6800000,0x0000004dd6900000) (1024K)]
  0x000001635e9528c0 JavaThread "Common-Cleaner"             daemon [_thread_blocked, id=21648, stack(0x0000004dd6c00000,0x0000004dd6d00000) (1024K)]
  0x0000016364016270 JavaThread "Notification Thread"        daemon [_thread_blocked, id=36996, stack(0x0000004dd6e00000,0x0000004dd6f00000) (1024K)]
  0x0000016364a7e090 JavaThread "Active Thread: Equinox Container: 74870165-7841-4ef8-87d3-ff18c0a7b140"        [_thread_blocked, id=23028, stack(0x0000004dd7700000,0x0000004dd7800000) (1024K)]
  0x0000016364ca3a70 JavaThread "Refresh Thread: Equinox Container: 74870165-7841-4ef8-87d3-ff18c0a7b140" daemon [_thread_blocked, id=32276, stack(0x0000004dd7800000,0x0000004dd7900000) (1024K)]
  0x00000163649a7340 JavaThread "Framework Event Dispatcher: Equinox Container: 74870165-7841-4ef8-87d3-ff18c0a7b140" daemon [_thread_blocked, id=25284, stack(0x0000004dd7900000,0x0000004dd7a00000) (1024K)]
  0x00000163649a79b0 JavaThread "Start Level: Equinox Container: 74870165-7841-4ef8-87d3-ff18c0a7b140" daemon [_thread_blocked, id=3128, stack(0x0000004dd7a00000,0x0000004dd7b00000) (1024K)]
  0x0000016365149230 JavaThread "Bundle File Closer"         daemon [_thread_blocked, id=1576, stack(0x0000004dd7e00000,0x0000004dd7f00000) (1024K)]
  0x000001636545ed00 JavaThread "SCR Component Actor"        daemon [_thread_blocked, id=29824, stack(0x0000004dd6a00000,0x0000004dd6b00000) (1024K)]
  0x0000016365486810 JavaThread "Worker-JM"                         [_thread_blocked, id=31260, stack(0x0000004dd7f00000,0x0000004dd8000000) (1024K)]
  0x0000016364caf740 JavaThread "JNA Cleaner"                daemon [_thread_blocked, id=5160, stack(0x0000004dd8200000,0x0000004dd8300000) (1024K)]
  0x0000016364caea20 JavaThread "Worker-0"                          [_thread_blocked, id=37044, stack(0x0000004dd8300000,0x0000004dd8400000) (1024K)]
  0x0000016364cae390 JavaThread "Worker-1"                          [_thread_blocked, id=33904, stack(0x0000004dd8400000,0x0000004dd8500000) (1024K)]
  0x0000016364cb0460 JavaThread "Worker-2"                          [_thread_blocked, id=32424, stack(0x0000004dd8500000,0x0000004dd8600000) (1024K)]
  0x0000016364caf0b0 JavaThread "Java indexing"              daemon [_thread_blocked, id=12404, stack(0x0000004dd8900000,0x0000004dd8a00000) (1024K)]
  0x0000016364cacfe0 JavaThread "Worker-3"                          [_thread_blocked, id=4084, stack(0x0000004dd8c00000,0x0000004dd8d00000) (1024K)]
  0x0000016364cafdd0 JavaThread "Worker-4"                          [_thread_blocked, id=30204, stack(0x0000004dd8d00000,0x0000004dd8e00000) (1024K)]
  0x0000016364cad670 JavaThread "Thread-1"                   daemon [_thread_in_native, id=12668, stack(0x0000004dd8e00000,0x0000004dd8f00000) (1024K)]
  0x00000163645382e0 JavaThread "Thread-2"                   daemon [_thread_in_native, id=29392, stack(0x0000004dd8f00000,0x0000004dd9000000) (1024K)]
  0x0000016364538970 JavaThread "Thread-3"                   daemon [_thread_in_native, id=16600, stack(0x0000004dd9000000,0x0000004dd9100000) (1024K)]
  0x0000016364539000 JavaThread "Thread-4"                   daemon [_thread_in_native, id=13328, stack(0x0000004dd9100000,0x0000004dd9200000) (1024K)]
  0x0000016364539690 JavaThread "Thread-5"                   daemon [_thread_in_native, id=26680, stack(0x0000004dd9200000,0x0000004dd9300000) (1024K)]
  0x0000016364539d20 JavaThread "Thread-6"                   daemon [_thread_in_native, id=25336, stack(0x0000004dd9300000,0x0000004dd9400000) (1024K)]
  0x0000016364536f30 JavaThread "Thread-7"                   daemon [_thread_in_native, id=36368, stack(0x0000004dd9400000,0x0000004dd9500000) (1024K)]
  0x000001636453a3b0 JavaThread "Thread-8"                   daemon [_thread_in_native, id=26208, stack(0x0000004dd9500000,0x0000004dd9600000) (1024K)]
  0x00000163645375c0 JavaThread "Thread-9"                   daemon [_thread_in_native, id=16936, stack(0x0000004dd9600000,0x0000004dd9700000) (1024K)]
  0x0000016364537c50 JavaThread "Thread-10"                  daemon [_thread_in_native, id=37096, stack(0x0000004dd9700000,0x0000004dd9800000) (1024K)]
  0x0000016367c759f0 JavaThread "Thread-11"                  daemon [_thread_in_native, id=6728, stack(0x0000004dd9800000,0x0000004dd9900000) (1024K)]
  0x0000016367c73fb0 JavaThread "Thread-12"                  daemon [_thread_in_native, id=29660, stack(0x0000004dd9900000,0x0000004dd9a00000) (1024K)]
  0x0000016367c74cd0 JavaThread "Thread-13"                  daemon [_thread_in_native, id=27820, stack(0x0000004dd9a00000,0x0000004dd9b00000) (1024K)]
  0x0000016367c76da0 JavaThread "Thread-14"                  daemon [_thread_in_native, id=10268, stack(0x0000004dd9b00000,0x0000004dd9c00000) (1024K)]
  0x0000016367c74640 JavaThread "Thread-15"                  daemon [_thread_in_native, id=36332, stack(0x0000004dd9c00000,0x0000004dd9d00000) (1024K)]
  0x0000016367c76710 JavaThread "Thread-16"                  daemon [_thread_in_native, id=5388, stack(0x0000004dd9d00000,0x0000004dd9e00000) (1024K)]
  0x0000016367c76080 JavaThread "Thread-17"                  daemon [_thread_in_native, id=24876, stack(0x0000004dd9e00000,0x0000004dd9f00000) (1024K)]
  0x0000016367c77430 JavaThread "pool-2-thread-1"                   [_thread_blocked, id=34768, stack(0x0000004dd9f00000,0x0000004dda000000) (1024K)]
  0x0000016367c78150 JavaThread "WorkspaceEventsHandler"            [_thread_blocked, id=13520, stack(0x0000004dda300000,0x0000004dda400000) (1024K)]
  0x0000016367c787e0 JavaThread "pool-1-thread-1"                   [_thread_blocked, id=34896, stack(0x0000004dda400000,0x0000004dda500000) (1024K)]
  0x0000016367c79500 JavaThread "ForkJoinPool.commonPool-worker-1" daemon [_thread_blocked, id=26636, stack(0x0000004dd8700000,0x0000004dd8800000) (1024K)]
  0x0000016367c7a220 JavaThread "ForkJoinPool.commonPool-worker-2" daemon [_thread_blocked, id=34028, stack(0x0000004dd8800000,0x0000004dd8900000) (1024K)]
  0x0000016367c7a8b0 JavaThread "ForkJoinPool.commonPool-worker-3" daemon [_thread_blocked, id=240, stack(0x0000004dda000000,0x0000004dda100000) (1024K)]
  0x0000016367c7af40 JavaThread "ForkJoinPool.commonPool-worker-4" daemon [_thread_blocked, id=16216, stack(0x0000004dda100000,0x0000004dda200000) (1024K)]
  0x000001636a6e9e00 JavaThread "ForkJoinPool.commonPool-worker-5" daemon [_thread_blocked, id=26896, stack(0x0000004dda200000,0x0000004dda300000) (1024K)]
  0x000001636a6ebed0 JavaThread "ForkJoinPool.commonPool-worker-6" daemon [_thread_blocked, id=5648, stack(0x0000004dda500000,0x0000004dda600000) (1024K)]
  0x000001636a6eab20 JavaThread "PatternSearchJob-worker-1"  daemon [_thread_blocked, id=22532, stack(0x0000004dda600000,0x0000004dda700000) (1024K)]
  0x000001636a6ea490 JavaThread "PatternSearchJob-worker-2"  daemon [_thread_blocked, id=4492, stack(0x0000004dda700000,0x0000004dda800000) (1024K)]
  0x000001636a6ecbf0 JavaThread "PatternSearchJob-worker-3"  daemon [_thread_blocked, id=10796, stack(0x0000004dda800000,0x0000004dda900000) (1024K)]
  0x000001636a6ed280 JavaThread "PatternSearchJob-worker-4"  daemon [_thread_blocked, id=36360, stack(0x0000004dda900000,0x0000004ddaa00000) (1024K)]
  0x000001636a6ec560 JavaThread "PatternSearchJob-worker-5"  daemon [_thread_blocked, id=3800, stack(0x0000004ddaa00000,0x0000004ddab00000) (1024K)]
  0x000001636a6eb1b0 JavaThread "PatternSearchJob-worker-6"  daemon [_thread_blocked, id=2056, stack(0x0000004ddab00000,0x0000004ddac00000) (1024K)]
  0x000001636a6eb840 JavaThread "PatternSearchJob-worker-7"  daemon [_thread_blocked, id=4200, stack(0x0000004ddac00000,0x0000004ddad00000) (1024K)]
  0x0000016369c01df0 JavaThread "PatternSearchJob-worker-8"  daemon [_thread_blocked, id=24352, stack(0x0000004ddad00000,0x0000004ddae00000) (1024K)]
  0x0000016369c01760 JavaThread "PatternSearchJob-worker-9"  daemon [_thread_blocked, id=13324, stack(0x0000004ddae00000,0x0000004ddaf00000) (1024K)]
  0x0000016369c02480 JavaThread "PatternSearchJob-worker-10" daemon [_thread_blocked, id=35544, stack(0x0000004ddaf00000,0x0000004ddb000000) (1024K)]
  0x0000016369c02b10 JavaThread "PatternSearchJob-worker-11" daemon [_thread_blocked, id=7540, stack(0x0000004ddb000000,0x0000004ddb100000) (1024K)]
  0x0000016369c031a0 JavaThread "PatternSearchJob-worker-12" daemon [_thread_blocked, id=31592, stack(0x0000004ddb200000,0x0000004ddb300000) (1024K)]
  0x0000016369c03830 JavaThread "PatternSearchJob-worker-13" daemon [_thread_blocked, id=23604, stack(0x0000004ddb300000,0x0000004ddb400000) (1024K)]
  0x0000016369c03ec0 JavaThread "PatternSearchJob-worker-14" daemon [_thread_blocked, id=22520, stack(0x0000004ddb400000,0x0000004ddb500000) (1024K)]
  0x0000016369c04550 JavaThread "PatternSearchJob-worker-15" daemon [_thread_blocked, id=13604, stack(0x0000004ddb500000,0x0000004ddb600000) (1024K)]
  0x0000016369c010d0 JavaThread "ForkJoinPool.commonPool-worker-7" daemon [_thread_blocked, id=26068, stack(0x0000004ddb600000,0x0000004ddb700000) (1024K)]
  0x0000016369c086f0 JavaThread "Cleaner-0"                  daemon [_thread_blocked, id=18884, stack(0x0000004ddbb00000,0x0000004ddbc00000) (1024K)]
  0x0000016369c05270 JavaThread "LocalFile Deleter"          daemon [_thread_blocked, id=23444, stack(0x0000004ddb800000,0x0000004ddb900000) (1024K)]
  0x0000016369c05f90 JavaThread "LocalFile Deleter"          daemon [_thread_blocked, id=33532, stack(0x0000004ddb900000,0x0000004ddba00000) (1024K)]
  0x0000016368d97ce0 JavaThread "LocalFile Deleter"          daemon [_thread_blocked, id=36908, stack(0x0000004ddba00000,0x0000004ddbb00000) (1024K)]
  0x0000016368d99720 JavaThread "LocalFile Deleter"          daemon [_thread_blocked, id=24232, stack(0x0000004ddbc00000,0x0000004ddbd00000) (1024K)]
  0x0000016368d98a00 JavaThread "LocalFile Deleter"          daemon [_thread_blocked, id=29732, stack(0x0000004ddbd00000,0x0000004ddbe00000) (1024K)]
  0x0000016368d99db0 JavaThread "LocalFile Deleter"          daemon [_thread_blocked, id=13140, stack(0x0000004ddbe00000,0x0000004ddbf00000) (1024K)]
  0x0000016368d9aad0 JavaThread "LocalFile Deleter"          daemon [_thread_blocked, id=6600, stack(0x0000004ddbf00000,0x0000004ddc000000) (1024K)]
  0x0000016368d97650 JavaThread "LocalFile Deleter"          daemon [_thread_blocked, id=9832, stack(0x0000004ddc000000,0x0000004ddc100000) (1024K)]
  0x0000016368d9a440 JavaThread "LocalFile Deleter"          daemon [_thread_blocked, id=37048, stack(0x0000004ddc100000,0x0000004ddc200000) (1024K)]
  0x0000016368d99090 JavaThread "LocalFile Deleter"          daemon [_thread_blocked, id=36784, stack(0x0000004ddc200000,0x0000004ddc300000) (1024K)]
  0x0000016368d9b160 JavaThread "LocalFile Deleter"          daemon [_thread_blocked, id=23324, stack(0x0000004ddc300000,0x0000004ddc400000) (1024K)]
  0x0000016368d9b7f0 JavaThread "LocalFile Deleter"          daemon [_thread_blocked, id=35736, stack(0x0000004ddc400000,0x0000004ddc500000) (1024K)]
  0x0000016368d98370 JavaThread "LocalFile Deleter"          daemon [_thread_blocked, id=30360, stack(0x0000004ddc500000,0x0000004ddc600000) (1024K)]
  0x0000016368d9ec70 JavaThread "LocalFile Deleter"          daemon [_thread_blocked, id=12124, stack(0x0000004ddc600000,0x0000004ddc700000) (1024K)]
  0x0000016368d9d8c0 JavaThread "LocalFile Deleter"          daemon [_thread_blocked, id=8156, stack(0x0000004ddc700000,0x0000004ddc800000) (1024K)]
  0x0000016368d9cba0 JavaThread "LocalFile Deleter"          daemon [_thread_blocked, id=14552, stack(0x0000004ddc800000,0x0000004ddc900000) (1024K)]
  0x0000016368d9be80 JavaThread "Compiler Source File Reader" daemon [_thread_blocked, id=26404, stack(0x0000004ddc900000,0x0000004ddca00000) (1024K)]
  0x0000016368d9df50 JavaThread "Compiler Source File Reader" daemon [_thread_blocked, id=27284, stack(0x0000004ddca00000,0x0000004ddcb00000) (1024K)]
  0x0000016368d9c510 JavaThread "Compiler Source File Reader" daemon [_thread_blocked, id=22452, stack(0x0000004ddcb00000,0x0000004ddcc00000) (1024K)]
  0x0000016368d9e5e0 JavaThread "Compiler Source File Reader" daemon [_thread_blocked, id=19016, stack(0x0000004ddcc00000,0x0000004ddcd00000) (1024K)]
  0x00000163657634e0 JavaThread "Compiler Source File Reader" daemon [_thread_blocked, id=35860, stack(0x0000004ddcd00000,0x0000004ddce00000) (1024K)]
  0x0000016365762130 JavaThread "Compiler Source File Reader" daemon [_thread_blocked, id=37844, stack(0x0000004ddce00000,0x0000004ddcf00000) (1024K)]
  0x00000163657627c0 JavaThread "Compiler Source File Reader" daemon [_thread_blocked, id=18560, stack(0x0000004ddcf00000,0x0000004ddd000000) (1024K)]
  0x0000016365762e50 JavaThread "Compiler Source File Reader" daemon [_thread_blocked, id=31324, stack(0x0000004ddd000000,0x0000004ddd100000) (1024K)]
  0x0000016365761aa0 JavaThread "Compiler Source File Reader" daemon [_thread_blocked, id=14248, stack(0x0000004ddd100000,0x0000004ddd200000) (1024K)]
  0x00000163657655b0 JavaThread "Compiler Source File Reader" daemon [_thread_blocked, id=24968, stack(0x0000004ddd200000,0x0000004ddd300000) (1024K)]
  0x0000016365765c40 JavaThread "Compiler Source File Reader" daemon [_thread_blocked, id=9328, stack(0x0000004ddd300000,0x0000004ddd400000) (1024K)]
  0x0000016365764f20 JavaThread "Compiler Source File Reader" daemon [_thread_blocked, id=7848, stack(0x0000004ddd400000,0x0000004ddd500000) (1024K)]
  0x00000163657662d0 JavaThread "Compiler Source File Reader" daemon [_thread_blocked, id=25904, stack(0x0000004ddd500000,0x0000004ddd600000) (1024K)]
  0x0000016365766960 JavaThread "Compiler Source File Reader" daemon [_thread_blocked, id=22332, stack(0x0000004ddd600000,0x0000004ddd700000) (1024K)]
  0x0000016365766ff0 JavaThread "Compiler Processing Task"   daemon [_thread_blocked, id=25784, stack(0x0000004ddd900000,0x0000004ddda00000) (1024K)]
  0x0000016365764200 JavaThread "Compiler Class File Writer" daemon [_thread_blocked, id=24452, stack(0x0000004ddda00000,0x0000004dddb00000) (1024K)]
  0x0000016365763b70 JavaThread "Compiler Class File Writer" daemon [_thread_blocked, id=35796, stack(0x0000004dddb00000,0x0000004dddc00000) (1024K)]
  0x0000016365767680 JavaThread "Compiler Class File Writer" daemon [_thread_blocked, id=22648, stack(0x0000004dddc00000,0x0000004dddd00000) (1024K)]
  0x0000016365767d10 JavaThread "Compiler Class File Writer" daemon [_thread_blocked, id=5056, stack(0x0000004dddd00000,0x0000004ddde00000) (1024K)]
  0x00000163657683a0 JavaThread "Compiler Class File Writer" daemon [_thread_blocked, id=33764, stack(0x0000004ddde00000,0x0000004dddf00000) (1024K)]
  0x0000016365768a30 JavaThread "Compiler Class File Writer" daemon [_thread_blocked, id=37520, stack(0x0000004dddf00000,0x0000004dde000000) (1024K)]
  0x00000163657690c0 JavaThread "Compiler Class File Writer" daemon [_thread_blocked, id=31568, stack(0x0000004dde000000,0x0000004dde100000) (1024K)]
  0x000001636ba85eb0 JavaThread "Compiler Class File Writer" daemon [_thread_blocked, id=12424, stack(0x0000004dde100000,0x0000004dde200000) (1024K)]
  0x000001636ba84b00 JavaThread "Compiler Class File Writer" daemon [_thread_blocked, id=28552, stack(0x0000004dde200000,0x0000004dde300000) (1024K)]
  0x000001636ba85820 JavaThread "Compiler Class File Writer" daemon [_thread_blocked, id=29560, stack(0x0000004dde300000,0x0000004dde400000) (1024K)]
  0x000001636ba84470 JavaThread "Compiler Class File Writer" daemon [_thread_blocked, id=35576, stack(0x0000004dde400000,0x0000004dde500000) (1024K)]
  0x000001636ba83de0 JavaThread "Compiler Class File Writer" daemon [_thread_blocked, id=25288, stack(0x0000004dde500000,0x0000004dde600000) (1024K)]
  0x000001636ba86540 JavaThread "Compiler Class File Writer" daemon [_thread_blocked, id=22696, stack(0x0000004dde600000,0x0000004dde700000) (1024K)]
  0x000001636ba86bd0 JavaThread "Compiler Class File Writer" daemon [_thread_blocked, id=35100, stack(0x0000004dde700000,0x0000004dde800000) (1024K)]
  0x000001636ba878f0 JavaThread "Worker-5"                          [_thread_blocked, id=24260, stack(0x0000004dde800000,0x0000004dde900000) (1024K)]
  0x000001636ba88610 JavaThread "Java Debug Server"          daemon [_thread_in_native, id=33232, stack(0x0000004ddb100000,0x0000004ddb200000) (1024K)]
  0x000001636ba85190 JavaThread "pool-5-thread-1"                   [_thread_in_native, id=7552, stack(0x0000004ddb700000,0x0000004ddb800000) (1024K)]
  0x000001636ba87260 JavaThread "RxSchedulerPurge-1"         daemon [_thread_blocked, id=26356, stack(0x0000004ddd700000,0x0000004ddd800000) (1024K)]
  0x000001636ba87f80 JavaThread "RxCachedWorkerPoolEvictor-1" daemon [_thread_blocked, id=32260, stack(0x0000004ddd800000,0x0000004ddd900000) (1024K)]
  0x000001636ba8b400 JavaThread "RxNewThreadScheduler-1"     daemon [_thread_blocked, id=25520, stack(0x0000004dde900000,0x0000004ddea00000) (1024K)]
  0x000001636ba8ad70 JavaThread "process reaper (pid 27792)" daemon [_thread_in_native, id=31964, stack(0x0000004dd5780000,0x0000004dd57a0000) (128K)]
Total: 120

Other Threads:
  0x000001630584fb70 VMThread "VM Thread"                           [id=29432, stack(0x0000004dd6000000,0x0000004dd6100000) (1024K)]
  0x000001631c13ba00 WatcherThread "VM Periodic Task Thread"        [id=29440, stack(0x0000004dd5f00000,0x0000004dd6000000) (1024K)]
  0x00000163057cce40 WorkerThread "GC Thread#0"                     [id=29204, stack(0x0000004dd5e00000,0x0000004dd5f00000) (1024K)]
  0x000001636447fe80 WorkerThread "GC Thread#1"                     [id=28648, stack(0x0000004dd7000000,0x0000004dd7100000) (1024K)]
  0x0000016364480230 WorkerThread "GC Thread#2"                     [id=6004, stack(0x0000004dd7100000,0x0000004dd7200000) (1024K)]
  0x00000163647a6c40 WorkerThread "GC Thread#3"                     [id=28776, stack(0x0000004dd7200000,0x0000004dd7300000) (1024K)]
  0x00000163647a6ff0 WorkerThread "GC Thread#4"                     [id=25184, stack(0x0000004dd7300000,0x0000004dd7400000) (1024K)]
  0x00000163647a73a0 WorkerThread "GC Thread#5"                     [id=31664, stack(0x0000004dd7400000,0x0000004dd7500000) (1024K)]
  0x00000163647a7750 WorkerThread "GC Thread#6"                     [id=21088, stack(0x0000004dd7500000,0x0000004dd7600000) (1024K)]
  0x0000016364784960 WorkerThread "GC Thread#7"                     [id=36664, stack(0x0000004dd7600000,0x0000004dd7700000) (1024K)]
  0x0000016364ced470 WorkerThread "GC Thread#8"                     [id=26980, stack(0x0000004dd7b00000,0x0000004dd7c00000) (1024K)]
  0x0000016364fd47c0 WorkerThread "GC Thread#9"                     [id=3036, stack(0x0000004dd7c00000,0x0000004dd7d00000) (1024K)]
  0x0000016364fd4b70 WorkerThread "GC Thread#10"                    [id=21524, stack(0x0000004dd7d00000,0x0000004dd7e00000) (1024K)]
  0x0000016364ccb930 WorkerThread "GC Thread#11"                    [id=7556, stack(0x0000004dd6d00000,0x0000004dd6e00000) (1024K)]
  0x0000016364ccb580 WorkerThread "GC Thread#12"                    [id=33408, stack(0x0000004dd6f00000,0x0000004dd7000000) (1024K)]
Total: 15

Threads with active compile tasks:
Total: 0

VM state: not at safepoint (normal execution)

VM Mutex/Monitor currently owned by a thread: None

Heap address: 0x0000000080000000, size: 2048 MB, Compressed Oops mode: 32-bit

CDS archive(s) mapped at: [0x000001631d000000-0x000001631dba0000-0x000001631dba0000), size 12189696, SharedBaseAddress: 0x000001631d000000, ArchiveRelocationMode: 1.
Compressed class space mapped at: 0x000001631e000000-0x000001635e000000, reserved size: 1073741824
Narrow klass base: 0x000001631d000000, Narrow klass shift: 0, Narrow klass range: 0x100000000

GC Precious Log:
 CardTable entry size: 512
 CPUs: 16 total, 16 available
 Memory: 16068M
 Large Page Support: Disabled
 NUMA Support: Disabled
 Compressed Oops: Enabled (32-bit)
 Alignments: Space 512K, Generation 512K, Heap 2M
 Heap Min Capacity: 100M
 Heap Initial Capacity: 100M
 Heap Max Capacity: 2G
 Pre-touch: Disabled
 Parallel Workers: 13

Heap:
 PSYoungGen      total 13312K, used 8145K [0x00000000d5580000, 0x00000000d6900000, 0x0000000100000000)
  eden space 12800K, 59% used [0x00000000d5580000,0x00000000d5cf45d8,0x00000000d6200000)
  from space 512K, 100% used [0x00000000d6580000,0x00000000d6600000,0x00000000d6600000)
  to   space 3584K, 0% used [0x00000000d6200000,0x00000000d6200000,0x00000000d6580000)
 ParOldGen       total 143872K, used 143652K [0x0000000080000000, 0x0000000088c80000, 0x00000000d5580000)
  object space 143872K, 99% used [0x0000000080000000,0x0000000088c49398,0x0000000088c80000)
 Metaspace       used 75861K, committed 77504K, reserved 1179648K
  class space    used 8018K, committed 8768K, reserved 1048576K

Card table byte_map: [0x0000016305150000,0x0000016305560000] _byte_map_base: 0x0000016304d50000

Marking Bits: (ParMarkBitMap*) 0x00007ff99ada4460
 Begin Bits: [0x0000016317c60000, 0x0000016319c60000)
 End Bits:   [0x0000016319c60000, 0x000001631bc60000)

Polling page: 0x0000016303660000

Metaspace:

Usage:
  Non-class:     66.25 MB used.
      Class:      7.83 MB used.
       Both:     74.08 MB used.

Virtual space:
  Non-class space:      128.00 MB reserved,      67.12 MB ( 52%) committed,  2 nodes.
      Class space:        1.00 GB reserved,       8.56 MB ( <1%) committed,  1 nodes.
             Both:        1.12 GB reserved,      75.69 MB (  7%) committed. 

Chunk freelists:
   Non-Class:  12.20 MB
       Class:  7.36 MB
        Both:  19.56 MB

MaxMetaspaceSize: unlimited
CompressedClassSpaceSize: 1.00 GB
Initial GC threshold: 21.00 MB
Current GC threshold: 97.31 MB
CDS: on
 - commit_granule_bytes: 65536.
 - commit_granule_words: 8192.
 - virtual_space_node_default_size: 8388608.
 - enlarge_chunks_in_place: 1.
 - use_allocation_guard: 0.


Internal statistics:

num_allocs_failed_limit: 9.
num_arena_births: 1426.
num_arena_deaths: 14.
num_vsnodes_births: 3.
num_vsnodes_deaths: 0.
num_space_committed: 1211.
num_space_uncommitted: 0.
num_chunks_returned_to_freelist: 23.
num_chunks_taken_from_freelist: 5208.
num_chunk_merges: 12.
num_chunk_splits: 3102.
num_chunks_enlarged: 1630.
num_inconsistent_stats: 0.

CodeHeap 'non-profiled nmethods': size=119168Kb used=10194Kb max_used=10194Kb free=108973Kb
 bounds [0x0000016310550000, 0x0000016310f50000, 0x00000163179b0000]
CodeHeap 'profiled nmethods': size=119104Kb used=30894Kb max_used=30894Kb free=88209Kb
 bounds [0x00000163089b0000, 0x000001630a7e0000, 0x000001630fe00000]
CodeHeap 'non-nmethods': size=7488Kb used=1483Kb max_used=3242Kb free=6004Kb
 bounds [0x000001630fe00000, 0x0000016310170000, 0x0000016310550000]
CodeCache: size=245760Kb, used=42571Kb, max_used=44330Kb, free=203186Kb
 total_blobs=14104, nmethods=13294, adapters=714, full_count=0
Compilation: enabled, stopped_count=0, restarted_count=0

Compilation events (20 events):
Event: 43.850 Thread 0x000001635e6ef4f0 nmethod 14191 0x000001630a7d8210 code [0x000001630a7d8600, 0x000001630a7da278]
Event: 43.859 Thread 0x0000016366a97980 nmethod 14174 0x0000016310f26a90 code [0x0000016310f26c80, 0x0000016310f27640]
Event: 43.859 Thread 0x0000016366a97980 14176       4       org.eclipse.jdt.internal.compiler.util.SimpleSetOfCharArray::add (90 bytes)
Event: 44.879 Thread 0x0000016366a97980 nmethod 14176 0x0000016310f27b10 code [0x0000016310f27ce0, 0x0000016310f28330]
Event: 44.879 Thread 0x0000016366a97980 14179       4       org.eclipse.jdt.internal.core.SearchableEnvironment$$Lambda/0x000001631e6f7d60::apply (12 bytes)
Event: 44.885 Thread 0x0000016366a97980 nmethod 14179 0x0000016310f28590 code [0x0000016310f28740, 0x0000016310f28d30]
Event: 44.885 Thread 0x0000016366a97980 14189       4       org.eclipse.jdt.core.dom.ASTVisitor::preVisit2 (7 bytes)
Event: 44.886 Thread 0x0000016366a97980 nmethod 14189 0x0000016310f28f90 code [0x0000016310f29120, 0x0000016310f291b0]
Event: 44.886 Thread 0x0000016366a97980 14182       4       org.eclipse.jdt.internal.compiler.lookup.SourceTypeBinding::kind (31 bytes)
Event: 44.888 Thread 0x0000016366a97980 nmethod 14182 0x0000016310f29290 code [0x0000016310f29420, 0x0000016310f29520]
Event: 44.888 Thread 0x0000016366a97980 14181       4       org.eclipse.jdt.internal.compiler.lookup.BinaryTypeBinding::resolveType (207 bytes)
Event: 44.894 Thread 0x0000016366a97980 nmethod 14181 0x0000016310f29610 code [0x0000016310f29820, 0x0000016310f29b78]
Event: 44.944 Thread 0x0000016366a99b90 nmethod 14173 0x0000016310f29f10 code [0x0000016310f2d680, 0x0000016310f33cf8]
Event: 45.043 Thread 0x0000016305868340 nmethod 14170 0x0000016310f38990 code [0x0000016310f391e0, 0x0000016310f40ae8]
Event: 53.927 Thread 0x000001635e6ef4f0 14192       3       java.util.concurrent.ConcurrentHashMap$KeySetView::iterator (34 bytes)
Event: 53.927 Thread 0x000001635e6ef4f0 nmethod 14192 0x000001630a7dac10 code [0x000001630a7dadc0, 0x000001630a7dafe8]
Event: 53.927 Thread 0x000001635e6ef4f0 14193       3       java.util.concurrent.ConcurrentHashMap$KeyIterator::<init> (12 bytes)
Event: 53.927 Thread 0x000001635e6ef4f0 nmethod 14193 0x000001630a7db110 code [0x000001630a7db2c0, 0x000001630a7db3f8]
Event: 57.918 Thread 0x000001635e6ef4f0 14194       3       java.util.concurrent.Executors$RunnableAdapter::call (14 bytes)
Event: 57.918 Thread 0x000001635e6ef4f0 nmethod 14194 0x000001630a7db490 code [0x000001630a7db640, 0x000001630a7db828]

GC Heap History (20 events):
Event: 25.354 GC heap before
{Heap before GC invocations=166 (full 3):
 PSYoungGen      total 14848K, used 14845K [0x00000000d5580000, 0x00000000d7080000, 0x0000000100000000)
  eden space 12800K, 100% used [0x00000000d5580000,0x00000000d6200000,0x00000000d6200000)
  from space 2048K, 99% used [0x00000000d6900000,0x00000000d6aff6d8,0x00000000d6b00000)
  to   space 7168K, 0% used [0x00000000d6200000,0x00000000d6200000,0x00000000d6900000)
 ParOldGen       total 135680K, used 135387K [0x0000000080000000, 0x0000000088480000, 0x00000000d5580000)
  object space 135680K, 99% used [0x0000000080000000,0x0000000088436f20,0x0000000088480000)
 Metaspace       used 70644K, committed 72256K, reserved 1114112K
  class space    used 7368K, committed 8064K, reserved 1048576K
}
Event: 25.355 GC heap after
{Heap after GC invocations=166 (full 3):
 PSYoungGen      total 17408K, used 4449K [0x00000000d5580000, 0x00000000d6c00000, 0x0000000100000000)
  eden space 12800K, 0% used [0x00000000d5580000,0x00000000d5580000,0x00000000d6200000)
  from space 4608K, 96% used [0x00000000d6200000,0x00000000d6658520,0x00000000d6680000)
  to   space 5120K, 0% used [0x00000000d6700000,0x00000000d6700000,0x00000000d6c00000)
 ParOldGen       total 137728K, used 137444K [0x0000000080000000, 0x0000000088680000, 0x00000000d5580000)
  object space 137728K, 99% used [0x0000000080000000,0x00000000886391a0,0x0000000088680000)
 Metaspace       used 70644K, committed 72256K, reserved 1114112K
  class space    used 7368K, committed 8064K, reserved 1048576K
}
Event: 25.699 GC heap before
{Heap before GC invocations=167 (full 3):
 PSYoungGen      total 17408K, used 17249K [0x00000000d5580000, 0x00000000d6c00000, 0x0000000100000000)
  eden space 12800K, 100% used [0x00000000d5580000,0x00000000d6200000,0x00000000d6200000)
  from space 4608K, 96% used [0x00000000d6200000,0x00000000d6658520,0x00000000d6680000)
  to   space 5120K, 0% used [0x00000000d6700000,0x00000000d6700000,0x00000000d6c00000)
 ParOldGen       total 137728K, used 137444K [0x0000000080000000, 0x0000000088680000, 0x00000000d5580000)
  object space 137728K, 99% used [0x0000000080000000,0x00000000886391a0,0x0000000088680000)
 Metaspace       used 71070K, committed 72704K, reserved 1114112K
  class space    used 7436K, committed 8128K, reserved 1048576K
}
Event: 25.703 GC heap after
{Heap after GC invocations=167 (full 3):
 PSYoungGen      total 14336K, used 1248K [0x00000000d5580000, 0x00000000d6880000, 0x0000000100000000)
  eden space 12800K, 0% used [0x00000000d5580000,0x00000000d5580000,0x00000000d6200000)
  from space 1536K, 81% used [0x00000000d6700000,0x00000000d6838000,0x00000000d6880000)
  to   space 2560K, 0% used [0x00000000d6380000,0x00000000d6380000,0x00000000d6600000)
 ParOldGen       total 138240K, used 137828K [0x0000000080000000, 0x0000000088700000, 0x00000000d5580000)
  object space 138240K, 99% used [0x0000000080000000,0x00000000886991a0,0x0000000088700000)
 Metaspace       used 71070K, committed 72704K, reserved 1114112K
  class space    used 7436K, committed 8128K, reserved 1048576K
}
Event: 26.029 GC heap before
{Heap before GC invocations=168 (full 3):
 PSYoungGen      total 14336K, used 14048K [0x00000000d5580000, 0x00000000d6880000, 0x0000000100000000)
  eden space 12800K, 100% used [0x00000000d5580000,0x00000000d6200000,0x00000000d6200000)
  from space 1536K, 81% used [0x00000000d6700000,0x00000000d6838000,0x00000000d6880000)
  to   space 2560K, 0% used [0x00000000d6380000,0x00000000d6380000,0x00000000d6600000)
 ParOldGen       total 138240K, used 137828K [0x0000000080000000, 0x0000000088700000, 0x00000000d5580000)
  object space 138240K, 99% used [0x0000000080000000,0x00000000886991a0,0x0000000088700000)
 Metaspace       used 71683K, committed 73280K, reserved 1114112K
  class space    used 7516K, committed 8192K, reserved 1048576K
}
Event: 26.031 GC heap after
{Heap after GC invocations=168 (full 3):
 PSYoungGen      total 15360K, used 928K [0x00000000d5580000, 0x00000000d6780000, 0x0000000100000000)
  eden space 12800K, 0% used [0x00000000d5580000,0x00000000d5580000,0x00000000d6200000)
  from space 2560K, 36% used [0x00000000d6380000,0x00000000d6468000,0x00000000d6600000)
  to   space 1536K, 0% used [0x00000000d6600000,0x00000000d6600000,0x00000000d6780000)
 ParOldGen       total 139264K, used 138847K [0x0000000080000000, 0x0000000088800000, 0x00000000d5580000)
  object space 139264K, 99% used [0x0000000080000000,0x0000000088797c48,0x0000000088800000)
 Metaspace       used 71683K, committed 73280K, reserved 1114112K
  class space    used 7516K, committed 8192K, reserved 1048576K
}
Event: 26.361 GC heap before
{Heap before GC invocations=169 (full 3):
 PSYoungGen      total 15360K, used 13728K [0x00000000d5580000, 0x00000000d6780000, 0x0000000100000000)
  eden space 12800K, 100% used [0x00000000d5580000,0x00000000d6200000,0x00000000d6200000)
  from space 2560K, 36% used [0x00000000d6380000,0x00000000d6468000,0x00000000d6600000)
  to   space 1536K, 0% used [0x00000000d6600000,0x00000000d6600000,0x00000000d6780000)
 ParOldGen       total 139264K, used 138847K [0x0000000080000000, 0x0000000088800000, 0x00000000d5580000)
  object space 139264K, 99% used [0x0000000080000000,0x0000000088797c48,0x0000000088800000)
 Metaspace       used 72075K, committed 73600K, reserved 1114112K
  class space    used 7550K, committed 8256K, reserved 1048576K
}
Event: 26.362 GC heap after
{Heap after GC invocations=169 (full 3):
 PSYoungGen      total 13824K, used 544K [0x00000000d5580000, 0x00000000d6700000, 0x0000000100000000)
  eden space 12800K, 0% used [0x00000000d5580000,0x00000000d5580000,0x00000000d6200000)
  from space 1024K, 53% used [0x00000000d6600000,0x00000000d6688000,0x00000000d6700000)
  to   space 1024K, 0% used [0x00000000d6500000,0x00000000d6500000,0x00000000d6600000)
 ParOldGen       total 139776K, used 139589K [0x0000000080000000, 0x0000000088880000, 0x00000000d5580000)
  object space 139776K, 99% used [0x0000000080000000,0x00000000888514b0,0x0000000088880000)
 Metaspace       used 72075K, committed 73600K, reserved 1114112K
  class space    used 7550K, committed 8256K, reserved 1048576K
}
Event: 26.473 GC heap before
{Heap before GC invocations=170 (full 3):
 PSYoungGen      total 13824K, used 13344K [0x00000000d5580000, 0x00000000d6700000, 0x0000000100000000)
  eden space 12800K, 100% used [0x00000000d5580000,0x00000000d6200000,0x00000000d6200000)
  from space 1024K, 53% used [0x00000000d6600000,0x00000000d6688000,0x00000000d6700000)
  to   space 1024K, 0% used [0x00000000d6500000,0x00000000d6500000,0x00000000d6600000)
 ParOldGen       total 139776K, used 139589K [0x0000000080000000, 0x0000000088880000, 0x00000000d5580000)
  object space 139776K, 99% used [0x0000000080000000,0x00000000888514b0,0x0000000088880000)
 Metaspace       used 72077K, committed 73600K, reserved 1114112K
  class space    used 7550K, committed 8256K, reserved 1048576K
}
Event: 26.474 GC heap after
{Heap after GC invocations=170 (full 3):
 PSYoungGen      total 13824K, used 288K [0x00000000d5580000, 0x00000000d6680000, 0x0000000100000000)
  eden space 12800K, 0% used [0x00000000d5580000,0x00000000d5580000,0x00000000d6200000)
  from space 1024K, 28% used [0x00000000d6500000,0x00000000d6548000,0x00000000d6600000)
  to   space 512K, 0% used [0x00000000d6600000,0x00000000d6600000,0x00000000d6680000)
 ParOldGen       total 140288K, used 139929K [0x0000000080000000, 0x0000000088900000, 0x00000000d5580000)
  object space 140288K, 99% used [0x0000000080000000,0x00000000888a64c0,0x0000000088900000)
 Metaspace       used 72077K, committed 73600K, reserved 1114112K
  class space    used 7550K, committed 8256K, reserved 1048576K
}
Event: 26.887 GC heap before
{Heap before GC invocations=171 (full 3):
 PSYoungGen      total 13824K, used 13088K [0x00000000d5580000, 0x00000000d6680000, 0x0000000100000000)
  eden space 12800K, 100% used [0x00000000d5580000,0x00000000d6200000,0x00000000d6200000)
  from space 1024K, 28% used [0x00000000d6500000,0x00000000d6548000,0x00000000d6600000)
  to   space 512K, 0% used [0x00000000d6600000,0x00000000d6600000,0x00000000d6680000)
 ParOldGen       total 140288K, used 139929K [0x0000000080000000, 0x0000000088900000, 0x00000000d5580000)
  object space 140288K, 99% used [0x0000000080000000,0x00000000888a64c0,0x0000000088900000)
 Metaspace       used 73514K, committed 75136K, reserved 1179648K
  class space    used 7705K, committed 8448K, reserved 1048576K
}
Event: 26.888 GC heap after
{Heap after GC invocations=171 (full 3):
 PSYoungGen      total 13312K, used 497K [0x00000000d5580000, 0x00000000d6680000, 0x0000000100000000)
  eden space 12800K, 0% used [0x00000000d5580000,0x00000000d5580000,0x00000000d6200000)
  from space 512K, 97% used [0x00000000d6600000,0x00000000d667c5a8,0x00000000d6680000)
  to   space 1024K, 0% used [0x00000000d6480000,0x00000000d6480000,0x00000000d6580000)
 ParOldGen       total 140288K, used 140089K [0x0000000080000000, 0x0000000088900000, 0x00000000d5580000)
  object space 140288K, 99% used [0x0000000080000000,0x00000000888ce4e0,0x0000000088900000)
 Metaspace       used 73514K, committed 75136K, reserved 1179648K
  class space    used 7705K, committed 8448K, reserved 1048576K
}
Event: 27.015 GC heap before
{Heap before GC invocations=172 (full 3):
 PSYoungGen      total 13312K, used 13293K [0x00000000d5580000, 0x00000000d6680000, 0x0000000100000000)
  eden space 12800K, 99% used [0x00000000d5580000,0x00000000d61fee58,0x00000000d6200000)
  from space 512K, 97% used [0x00000000d6600000,0x00000000d667c5a8,0x00000000d6680000)
  to   space 1024K, 0% used [0x00000000d6480000,0x00000000d6480000,0x00000000d6580000)
 ParOldGen       total 140288K, used 140089K [0x0000000080000000, 0x0000000088900000, 0x00000000d5580000)
  object space 140288K, 99% used [0x0000000080000000,0x00000000888ce4e0,0x0000000088900000)
 Metaspace       used 74871K, committed 76416K, reserved 1179648K
  class space    used 7932K, committed 8640K, reserved 1048576K
}
Event: 27.016 GC heap after
{Heap after GC invocations=172 (full 3):
 PSYoungGen      total 13824K, used 496K [0x00000000d5580000, 0x00000000d6680000, 0x0000000100000000)
  eden space 12800K, 0% used [0x00000000d5580000,0x00000000d5580000,0x00000000d6200000)
  from space 1024K, 48% used [0x00000000d6480000,0x00000000d64fc010,0x00000000d6580000)
  to   space 1024K, 0% used [0x00000000d6580000,0x00000000d6580000,0x00000000d6680000)
 ParOldGen       total 140800K, used 140424K [0x0000000080000000, 0x0000000088980000, 0x00000000d5580000)
  object space 140800K, 99% used [0x0000000080000000,0x00000000889220a0,0x0000000088980000)
 Metaspace       used 74871K, committed 76416K, reserved 1179648K
  class space    used 7932K, committed 8640K, reserved 1048576K
}
Event: 28.124 GC heap before
{Heap before GC invocations=173 (full 3):
 PSYoungGen      total 13824K, used 13296K [0x00000000d5580000, 0x00000000d6680000, 0x0000000100000000)
  eden space 12800K, 100% used [0x00000000d5580000,0x00000000d6200000,0x00000000d6200000)
  from space 1024K, 48% used [0x00000000d6480000,0x00000000d64fc010,0x00000000d6580000)
  to   space 1024K, 0% used [0x00000000d6580000,0x00000000d6580000,0x00000000d6680000)
 ParOldGen       total 140800K, used 140424K [0x0000000080000000, 0x0000000088980000, 0x00000000d5580000)
  object space 140800K, 99% used [0x0000000080000000,0x00000000889220a0,0x0000000088980000)
 Metaspace       used 75264K, committed 76864K, reserved 1179648K
  class space    used 7976K, committed 8704K, reserved 1048576K
}
Event: 28.125 GC heap after
{Heap after GC invocations=173 (full 3):
 PSYoungGen      total 13824K, used 868K [0x00000000d5580000, 0x00000000d6680000, 0x0000000100000000)
  eden space 12800K, 0% used [0x00000000d5580000,0x00000000d5580000,0x00000000d6200000)
  from space 1024K, 84% used [0x00000000d6580000,0x00000000d6659230,0x00000000d6680000)
  to   space 1024K, 0% used [0x00000000d6480000,0x00000000d6480000,0x00000000d6580000)
 ParOldGen       total 140800K, used 140680K [0x0000000080000000, 0x0000000088980000, 0x00000000d5580000)
  object space 140800K, 99% used [0x0000000080000000,0x00000000889620e0,0x0000000088980000)
 Metaspace       used 75264K, committed 76864K, reserved 1179648K
  class space    used 7976K, committed 8704K, reserved 1048576K
}
Event: 28.487 GC heap before
{Heap before GC invocations=174 (full 3):
 PSYoungGen      total 13824K, used 13668K [0x00000000d5580000, 0x00000000d6680000, 0x0000000100000000)
  eden space 12800K, 100% used [0x00000000d5580000,0x00000000d6200000,0x00000000d6200000)
  from space 1024K, 84% used [0x00000000d6580000,0x00000000d6659230,0x00000000d6680000)
  to   space 1024K, 0% used [0x00000000d6480000,0x00000000d6480000,0x00000000d6580000)
 ParOldGen       total 140800K, used 140680K [0x0000000080000000, 0x0000000088980000, 0x00000000d5580000)
  object space 140800K, 99% used [0x0000000080000000,0x00000000889620e0,0x0000000088980000)
 Metaspace       used 75332K, committed 76992K, reserved 1179648K
  class space    used 7978K, committed 8704K, reserved 1048576K
}
Event: 28.489 GC heap after
{Heap after GC invocations=174 (full 3):
 PSYoungGen      total 13824K, used 880K [0x00000000d5580000, 0x00000000d6600000, 0x0000000100000000)
  eden space 12800K, 0% used [0x00000000d5580000,0x00000000d5580000,0x00000000d6200000)
  from space 1024K, 85% used [0x00000000d6480000,0x00000000d655c010,0x00000000d6580000)
  to   space 512K, 0% used [0x00000000d6580000,0x00000000d6580000,0x00000000d6600000)
 ParOldGen       total 141824K, used 141338K [0x0000000080000000, 0x0000000088a80000, 0x00000000d5580000)
  object space 141824K, 99% used [0x0000000080000000,0x0000000088a06808,0x0000000088a80000)
 Metaspace       used 75332K, committed 76992K, reserved 1179648K
  class space    used 7978K, committed 8704K, reserved 1048576K
}
Event: 43.089 GC heap before
{Heap before GC invocations=175 (full 3):
 PSYoungGen      total 13824K, used 13680K [0x00000000d5580000, 0x00000000d6600000, 0x0000000100000000)
  eden space 12800K, 100% used [0x00000000d5580000,0x00000000d6200000,0x00000000d6200000)
  from space 1024K, 85% used [0x00000000d6480000,0x00000000d655c010,0x00000000d6580000)
  to   space 512K, 0% used [0x00000000d6580000,0x00000000d6580000,0x00000000d6600000)
 ParOldGen       total 141824K, used 141338K [0x0000000080000000, 0x0000000088a80000, 0x00000000d5580000)
  object space 141824K, 99% used [0x0000000080000000,0x0000000088a06808,0x0000000088a80000)
 Metaspace       used 75697K, committed 77312K, reserved 1179648K
  class space    used 8010K, committed 8704K, reserved 1048576K
}
Event: 43.092 GC heap after
{Heap after GC invocations=175 (full 3):
 PSYoungGen      total 13312K, used 512K [0x00000000d5580000, 0x00000000d6900000, 0x0000000100000000)
  eden space 12800K, 0% used [0x00000000d5580000,0x00000000d5580000,0x00000000d6200000)
  from space 512K, 100% used [0x00000000d6580000,0x00000000d6600000,0x00000000d6600000)
  to   space 3584K, 0% used [0x00000000d6200000,0x00000000d6200000,0x00000000d6580000)
 ParOldGen       total 143872K, used 143652K [0x0000000080000000, 0x0000000088c80000, 0x00000000d5580000)
  object space 143872K, 99% used [0x0000000080000000,0x0000000088c49398,0x0000000088c80000)
 Metaspace       used 75697K, committed 77312K, reserved 1179648K
  class space    used 8010K, committed 8704K, reserved 1048576K
}

Dll operation events (11 events):
Event: 0.017 Loaded shared library c:\Users\backu\.vscode\extensions\redhat.java-1.55.0-win32-x64\jre\21.0.11-win32-x86_64\bin\java.dll
Event: 0.081 Loaded shared library c:\Users\backu\.vscode\extensions\redhat.java-1.55.0-win32-x64\jre\21.0.11-win32-x86_64\bin\zip.dll
Event: 0.107 Loaded shared library C:\Users\backu\.vscode\extensions\redhat.java-1.55.0-win32-x64\jre\21.0.11-win32-x86_64\bin\instrument.dll
Event: 0.112 Loaded shared library C:\Users\backu\.vscode\extensions\redhat.java-1.55.0-win32-x64\jre\21.0.11-win32-x86_64\bin\net.dll
Event: 0.114 Loaded shared library C:\Users\backu\.vscode\extensions\redhat.java-1.55.0-win32-x64\jre\21.0.11-win32-x86_64\bin\nio.dll
Event: 0.117 Loaded shared library C:\Users\backu\.vscode\extensions\redhat.java-1.55.0-win32-x64\jre\21.0.11-win32-x86_64\bin\zip.dll
Event: 0.135 Loaded shared library C:\Users\backu\.vscode\extensions\redhat.java-1.55.0-win32-x64\jre\21.0.11-win32-x86_64\bin\jimage.dll
Event: 0.201 Loaded shared library c:\Users\backu\.vscode\extensions\redhat.java-1.55.0-win32-x64\jre\21.0.11-win32-x86_64\bin\verify.dll
Event: 1.159 Loaded shared library C:\Users\backu\AppData\Roaming\Code\User\globalStorage\redhat.java\1.55.0\config_win\org.eclipse.equinox.launcher\org.eclipse.equinox.launcher.win32.win32.x86_64_1.3.100.v20260613-0559\eclipse_11924.dll
Event: 4.776 Loaded shared library C:\Users\backu\AppData\Local\Temp\jna-93493358\jna8590386468607043122.dll
Event: 26.796 Loaded shared library C:\Users\backu\.vscode\extensions\redhat.java-1.55.0-win32-x64\jre\21.0.11-win32-x86_64\bin\extnet.dll

Deoptimization events (20 events):
Event: 43.098 Thread 0x000001636a6e9e00 Uncommon trap: trap_request=0xffffffc6 fr.pc=0x0000016310ecee4c relative=0x0000000000003cac
Event: 43.098 Thread 0x000001636a6e9e00 Uncommon trap: reason=bimorphic_or_optimized_type_check action=maybe_recompile pc=0x0000016310ecee4c method=org.eclipse.jdt.internal.compiler.lookup.ModuleBinding.getVisiblePackage(Lorg/eclipse/jdt/internal/compiler/lookup/PackageBinding;[C)Lorg/eclipse/j
Event: 43.098 Thread 0x000001636a6e9e00 DEOPT PACKING pc=0x0000016310ecee4c sp=0x0000004dda2fe4b0
Event: 43.098 Thread 0x000001636a6e9e00 DEOPT UNPACKING pc=0x000001630fe53aa2 sp=0x0000004dda2fe448 mode 2
Event: 43.167 Thread 0x000001636a6e9e00 Uncommon trap: trap_request=0xffffff45 fr.pc=0x0000016310e9d5c0 relative=0x0000000000000dc0
Event: 43.167 Thread 0x000001636a6e9e00 Uncommon trap: reason=unstable_if action=reinterpret pc=0x0000016310e9d5c0 method=java.util.stream.ReferencePipeline.collect(Ljava/util/stream/Collector;)Ljava/lang/Object; @ 4 c2
Event: 43.167 Thread 0x000001636a6e9e00 DEOPT PACKING pc=0x0000016310e9d5c0 sp=0x0000004dda2ff000
Event: 43.167 Thread 0x000001636a6e9e00 DEOPT UNPACKING pc=0x000001630fe53aa2 sp=0x0000004dda2fefc0 mode 2
Event: 43.167 Thread 0x000001636a6e9e00 Uncommon trap: trap_request=0xffffff45 fr.pc=0x0000016310c5bb74 relative=0x0000000000000134
Event: 43.167 Thread 0x000001636a6e9e00 Uncommon trap: reason=unstable_if action=reinterpret pc=0x0000016310c5bb74 method=java.util.stream.AbstractPipeline.evaluate(Ljava/util/stream/TerminalOp;)Ljava/lang/Object; @ 53 c2
Event: 43.167 Thread 0x000001636a6e9e00 DEOPT PACKING pc=0x0000016310c5bb74 sp=0x0000004dda2fefa0
Event: 43.167 Thread 0x000001636a6e9e00 DEOPT UNPACKING pc=0x000001630fe53aa2 sp=0x0000004dda2fef50 mode 2
Event: 43.168 Thread 0x000001636a6e9e00 Uncommon trap: trap_request=0xffffff45 fr.pc=0x00000163108cdcf4 relative=0x00000000000000d4
Event: 43.168 Thread 0x000001636a6e9e00 Uncommon trap: reason=unstable_if action=reinterpret pc=0x00000163108cdcf4 method=java.util.stream.AbstractPipeline.sourceSpliterator(I)Ljava/util/Spliterator; @ 82 c2
Event: 43.168 Thread 0x000001636a6e9e00 DEOPT PACKING pc=0x00000163108cdcf4 sp=0x0000004dda2fef30
Event: 43.168 Thread 0x000001636a6e9e00 DEOPT UNPACKING pc=0x000001630fe53aa2 sp=0x0000004dda2feea0 mode 2
Event: 43.182 Thread 0x000001636a6e9e00 DEOPT PACKING pc=0x000001630a36a2c4 sp=0x0000004dda2ff560
Event: 43.182 Thread 0x000001636a6e9e00 DEOPT UNPACKING pc=0x000001630fe54242 sp=0x0000004dda2fea10 mode 0
Event: 43.824 Thread 0x000001636a6e9e00 DEOPT PACKING pc=0x000001630a5094f2 sp=0x0000004dda2fe1a0
Event: 43.824 Thread 0x000001636a6e9e00 DEOPT UNPACKING pc=0x000001630fe54242 sp=0x0000004dda2fd718 mode 0

Classes loaded (20 events):
Event: 27.054 Loading class java/util/concurrent/CompletableFuture$UniWhenComplete
Event: 27.054 Loading class java/util/concurrent/CompletableFuture$UniWhenComplete done
Event: 27.054 Loading class java/util/concurrent/CompletableFuture$UniCompose
Event: 27.055 Loading class java/util/concurrent/CompletableFuture$UniCompose done
Event: 27.055 Loading class java/util/concurrent/CompletableFuture$UniRelay
Event: 27.055 Loading class java/util/concurrent/CompletableFuture$UniRelay done
Event: 27.918 Loading class java/util/concurrent/ScheduledThreadPoolExecutor$DelayedWorkQueue$Itr
Event: 27.918 Loading class java/util/concurrent/ScheduledThreadPoolExecutor$DelayedWorkQueue$Itr done
Event: 29.097 Loading class java/lang/ProcessHandleImpl$ExitCompletion
Event: 29.097 Loading class java/lang/ProcessHandleImpl$ExitCompletion done
Event: 29.097 Loading class java/lang/ProcessHandleImpl$1
Event: 29.097 Loading class java/lang/ProcessHandleImpl$1 done
Event: 29.098 Loading class java/util/concurrent/CompletableFuture$UniHandle
Event: 29.098 Loading class java/util/concurrent/CompletableFuture$UniHandle done
Event: 31.059 Loading class sun/nio/cs/ISO_8859_1$Encoder
Event: 31.060 Loading class sun/nio/cs/ISO_8859_1$Encoder done
Event: 31.060 Loading class sun/nio/cs/Surrogate$Parser
Event: 31.060 Loading class sun/nio/cs/Surrogate$Parser done
Event: 31.060 Loading class sun/nio/cs/Surrogate
Event: 31.060 Loading class sun/nio/cs/Surrogate done

Classes unloaded (7 events):
Event: 5.612 Thread 0x000001630584fb70 Unloading class 0x000001631e1a8c00 'java/lang/invoke/LambdaForm$MH+0x000001631e1a8c00'
Event: 5.612 Thread 0x000001630584fb70 Unloading class 0x000001631e1a8800 'java/lang/invoke/LambdaForm$MH+0x000001631e1a8800'
Event: 5.612 Thread 0x000001630584fb70 Unloading class 0x000001631e1a8400 'java/lang/invoke/LambdaForm$MH+0x000001631e1a8400'
Event: 5.612 Thread 0x000001630584fb70 Unloading class 0x000001631e1a8000 'java/lang/invoke/LambdaForm$MH+0x000001631e1a8000'
Event: 5.612 Thread 0x000001630584fb70 Unloading class 0x000001631e1a7c00 'java/lang/invoke/LambdaForm$BMH+0x000001631e1a7c00'
Event: 5.612 Thread 0x000001630584fb70 Unloading class 0x000001631e1a7800 'java/lang/invoke/LambdaForm$DMH+0x000001631e1a7800'
Event: 5.612 Thread 0x000001630584fb70 Unloading class 0x000001631e1a6400 'java/lang/invoke/LambdaForm$DMH+0x000001631e1a6400'

Classes redefined (0 events):
No events

Internal exceptions (20 events):
Event: 26.322 Thread 0x000001636a6e9e00 Exception <a 'sun/nio/fs/WindowsException'{0x00000000d5b163e0}> (0x00000000d5b163e0) 
thrown [s\src\hotspot\share\prims\jni.cpp, line 520]
Event: 26.825 Thread 0x000001636ba85190 Exception <a 'java/io/FileNotFoundException'{0x00000000d5bbf780}> (0x00000000d5bbf780) 
thrown [s\src\hotspot\share\prims\jni.cpp, line 520]
Event: 26.974 Thread 0x000001636ba85190 Exception <a 'java/lang/NoSuchMethodError'{0x00000000d5e09198}: 'java.lang.Object java.lang.invoke.DirectMethodHandle$Holder.invokeVirtual(java.lang.Object, java.lang.Object, java.lang.Object, java.lang.Object)'> (0x00000000d5e09198) 
thrown [s\src\hotspot\share\interpreter\linkResolver.cpp, line 773]
Event: 27.019 Thread 0x000001636ba8b400 Exception <a 'java/lang/NoSuchMethodError'{0x00000000d55ac900}: 'java.lang.Object java.lang.invoke.DirectMethodHandle$Holder.invokeStatic(java.lang.Object, long, java.lang.Object, java.lang.Object)'> (0x00000000d55ac900) 
thrown [s\src\hotspot\share\interpreter\linkResolver.cpp, line 773]
Event: 27.039 Thread 0x000001636ba8b400 Exception <a 'sun/nio/fs/WindowsException'{0x00000000d5692038}> (0x00000000d5692038) 
thrown [s\src\hotspot\share\prims\jni.cpp, line 520]
Event: 27.040 Thread 0x000001636ba8b400 Exception <a 'sun/nio/fs/WindowsException'{0x00000000d5693038}> (0x00000000d5693038) 
thrown [s\src\hotspot\share\prims\jni.cpp, line 520]
Event: 27.053 Thread 0x000001636ba8b400 Exception <a 'java/lang/NoSuchMethodError'{0x00000000d5738e00}: 'void java.lang.invoke.DirectMethodHandle$Holder.invokeStatic(java.lang.Object, java.lang.Object, java.lang.Object, java.lang.Object, java.lang.Object, java.lang.Object, java.lang.Object)'> (0x00000000d5738e00) 
thrown [s\src\hotspot\share\interpreter\linkResolver.cpp, line 773]
Event: 27.884 Thread 0x000001636ba899c0 Exception <a 'java/lang/NoSuchMethodError'{0x00000000d576d508}: 'long java.lang.invoke.DelegatingMethodHandle$Holder.reinvoke_L(java.lang.Object, java.lang.Object)'> (0x00000000d576d508) 
thrown [s\src\hotspot\share\interpreter\linkResolver.cpp, line 773]
Event: 27.884 Thread 0x000001636ba899c0 Exception <a 'java/lang/NoSuchMethodError'{0x00000000d57774a8}: 'void java.lang.invoke.DelegatingMethodHandle$Holder.reinvoke_L(java.lang.Object, java.lang.Object, long)'> (0x00000000d57774a8) 
thrown [s\src\hotspot\share\interpreter\linkResolver.cpp, line 773]
Event: 28.061 Thread 0x000001636ba878f0 Exception <a 'java/lang/NullPointerException'{0x00000000d5a323f8}> (0x00000000d5a323f8) 
thrown [s\src\hotspot\share\interpreter\linkResolver.cpp, line 1372]
Event: 28.061 Thread 0x000001636ba878f0 Exception <a 'java/lang/NullPointerException'{0x00000000d5a328f0}> (0x00000000d5a328f0) 
thrown [s\src\hotspot\share\interpreter\linkResolver.cpp, line 1372]
Event: 28.062 Thread 0x000001636ba878f0 Exception <a 'java/lang/NullPointerException'{0x00000000d5a33d00}> (0x00000000d5a33d00) 
thrown [s\src\hotspot\share\interpreter\linkResolver.cpp, line 1372]
Event: 28.062 Thread 0x000001636ba878f0 Exception <a 'java/lang/NullPointerException'{0x00000000d5a34478}> (0x00000000d5a34478) 
thrown [s\src\hotspot\share\interpreter\linkResolver.cpp, line 1372]
Event: 28.081 Thread 0x000001636ba878f0 Exception <a 'java/lang/NullPointerException'{0x00000000d5c32f60}> (0x00000000d5c32f60) 
thrown [s\src\hotspot\share\interpreter\linkResolver.cpp, line 1372]
Event: 28.127 Thread 0x000001636ba878f0 Exception <a 'java/lang/NullPointerException'{0x00000000d55a4490}> (0x00000000d55a4490) 
thrown [s\src\hotspot\share\interpreter\linkResolver.cpp, line 1372]
Event: 28.127 Thread 0x000001636ba878f0 Exception <a 'java/lang/NullPointerException'{0x00000000d55a4948}> (0x00000000d55a4948) 
thrown [s\src\hotspot\share\interpreter\linkResolver.cpp, line 1372]
Event: 28.127 Thread 0x000001636ba878f0 Exception <a 'java/lang/NullPointerException'{0x00000000d55a5c50}> (0x00000000d55a5c50) 
thrown [s\src\hotspot\share\interpreter\linkResolver.cpp, line 1372]
Event: 28.127 Thread 0x000001636ba878f0 Exception <a 'java/lang/NullPointerException'{0x00000000d55a6108}> (0x00000000d55a6108) 
thrown [s\src\hotspot\share\interpreter\linkResolver.cpp, line 1372]
Event: 28.133 Thread 0x000001636ba878f0 Exception <a 'java/lang/NullPointerException'{0x00000000d5784f58}> (0x00000000d5784f58) 
thrown [s\src\hotspot\share\interpreter\linkResolver.cpp, line 1372]
Event: 29.099 Thread 0x000001636ba899c0 Exception <a 'java/lang/NoSuchMethodError'{0x00000000d5dc3308}: 'long java.lang.invoke.Invokers$Holder.invokeExact_MT(java.lang.Object, java.lang.Object, java.lang.Object)'> (0x00000000d5dc3308) 
thrown [s\src\hotspot\share\interpreter\linkResolver.cpp, line 773]

ZGC Phase Switch (0 events):
No events

VM Operations (20 events):
Event: 28.124 Executing safepoint VM operation: ParallelGCFailedAllocation (Allocation Failure)
Event: 28.125 Executing safepoint VM operation: ParallelGCFailedAllocation (Allocation Failure) done
Event: 28.487 Executing safepoint VM operation: ParallelGCFailedAllocation (Allocation Failure)
Event: 28.489 Executing safepoint VM operation: ParallelGCFailedAllocation (Allocation Failure) done
Event: 29.503 Executing safepoint VM operation: Cleanup
Event: 29.503 Executing safepoint VM operation: Cleanup done
Event: 31.526 Executing safepoint VM operation: Cleanup
Event: 31.526 Executing safepoint VM operation: Cleanup done
Event: 43.089 Executing safepoint VM operation: ParallelGCFailedAllocation (Allocation Failure)
Event: 43.092 Executing safepoint VM operation: ParallelGCFailedAllocation (Allocation Failure) done
Event: 43.174 Executing non-safepoint VM operation: HandshakeAllThreads (Deoptimize)
Event: 43.174 Executing non-safepoint VM operation: HandshakeAllThreads (Deoptimize) done
Event: 44.175 Executing safepoint VM operation: Cleanup
Event: 44.175 Executing safepoint VM operation: Cleanup done
Event: 59.322 Executing safepoint VM operation: Cleanup
Event: 59.322 Executing safepoint VM operation: Cleanup done
Event: 60.034 Executing non-safepoint VM operation: HandshakeAllThreads (HandshakeForDeflation)
Event: 60.034 Executing non-safepoint VM operation: HandshakeAllThreads (HandshakeForDeflation) done
Event: 60.034 Executing non-safepoint VM operation: RendezvousGCThreads
Event: 60.034 Executing non-safepoint VM operation: RendezvousGCThreads done

Memory protections (0 events):
No events

Nmethod flushes (20 events):
Event: 18.694 Thread 0x000001630584fb70 flushing osr nmethod 0x0000016309363610
Event: 18.694 Thread 0x000001630584fb70 flushing  nmethod 0x000001630937ce90
Event: 18.694 Thread 0x000001630584fb70 flushing  nmethod 0x0000016309390f10
Event: 18.694 Thread 0x000001630584fb70 flushing  nmethod 0x0000016309399d90
Event: 18.694 Thread 0x000001630584fb70 flushing  nmethod 0x000001630939b890
Event: 18.694 Thread 0x000001630584fb70 flushing  nmethod 0x00000163093a2c10
Event: 18.694 Thread 0x000001630584fb70 flushing  nmethod 0x00000163093a3590
Event: 18.694 Thread 0x000001630584fb70 flushing  nmethod 0x00000163093a3b90
Event: 18.694 Thread 0x000001630584fb70 flushing  nmethod 0x00000163093a6d90
Event: 18.694 Thread 0x000001630584fb70 flushing  nmethod 0x00000163093aa290
Event: 18.694 Thread 0x000001630584fb70 flushing  nmethod 0x00000163093c9890
Event: 18.694 Thread 0x000001630584fb70 flushing  nmethod 0x00000163093c9f90
Event: 18.694 Thread 0x000001630584fb70 flushing  nmethod 0x00000163093ca310
Event: 18.694 Thread 0x000001630584fb70 flushing  nmethod 0x00000163093cba90
Event: 18.694 Thread 0x000001630584fb70 flushing  nmethod 0x00000163093d6690
Event: 18.694 Thread 0x000001630584fb70 flushing  nmethod 0x00000163093db690
Event: 18.694 Thread 0x000001630584fb70 flushing  nmethod 0x0000016309400210
Event: 18.694 Thread 0x000001630584fb70 flushing  nmethod 0x0000016309407110
Event: 18.694 Thread 0x000001630584fb70 flushing  nmethod 0x000001630941c810
Event: 18.694 Thread 0x000001630584fb70 flushing  nmethod 0x0000016309429990

Events (20 events):
Event: 31.000 Thread 0x000001635e6f1030 Thread exited: 0x000001635e6f1030
Event: 31.000 Thread 0x0000016364d7e040 Thread exited: 0x0000016364d7e040
Event: 31.000 Thread 0x000001635e6efbc0 Thread exited: 0x000001635e6efbc0
Event: 31.005 Thread 0x000001635e6ef4f0 Thread added: 0x0000016366a97980
Event: 31.005 Thread 0x000001635e6ef4f0 Thread added: 0x0000016366a98050
Event: 31.030 Thread 0x0000016366a98050 Thread added: 0x0000016366a99b90
Event: 32.925 Thread 0x0000016366a99b90 Thread exited: 0x0000016366a99b90
Event: 32.925 Thread 0x0000016364d80ff0 Thread exited: 0x0000016364d80ff0
Event: 35.928 Thread 0x0000016366a98050 Thread exited: 0x0000016366a98050
Event: 43.086 Thread 0x0000016366a97980 Thread exited: 0x0000016366a97980
Event: 43.106 Thread 0x000001635e6ef4f0 Thread added: 0x0000016366a99b90
Event: 43.106 Thread 0x000001635e6ef4f0 Thread added: 0x0000016366a97980
Event: 43.145 Thread 0x000001635e6ef4f0 Thread added: 0x0000016366a98050
Event: 43.601 Thread 0x0000016366a97980 Thread exited: 0x0000016366a97980
Event: 43.601 Thread 0x0000016366a99b90 Thread exited: 0x0000016366a99b90
Event: 43.834 Thread 0x0000016366a98050 Thread added: 0x0000016366a99b90
Event: 43.843 Thread 0x000001635e6ef4f0 Thread added: 0x0000016366a97980
Event: 48.856 Thread 0x0000016366a98050 Thread exited: 0x0000016366a98050
Event: 49.907 Thread 0x0000016366a97980 Thread exited: 0x0000016366a97980
Event: 49.953 Thread 0x0000016366a99b90 Thread exited: 0x0000016366a99b90


Dynamic libraries:
0x00007ff66bc30000 - 0x00007ff66bc3e000 	c:\Users\backu\.vscode\extensions\redhat.java-1.55.0-win32-x64\jre\21.0.11-win32-x86_64\bin\java.exe
0x00007ffa8a6c0000 - 0x00007ffa8a926000 	C:\WINDOWS\SYSTEM32\ntdll.dll
0x00007ffa89550000 - 0x00007ffa89619000 	C:\WINDOWS\System32\KERNEL32.DLL
0x00007ffa87cb0000 - 0x00007ffa880aa000 	C:\WINDOWS\System32\KERNELBASE.dll
0x00007ffa880b0000 - 0x00007ffa881fc000 	C:\WINDOWS\System32\ucrtbase.dll
0x00007ffa59560000 - 0x00007ffa59578000 	c:\Users\backu\.vscode\extensions\redhat.java-1.55.0-win32-x64\jre\21.0.11-win32-x86_64\bin\jli.dll
0x00007ffa49b00000 - 0x00007ffa49b1e000 	c:\Users\backu\.vscode\extensions\redhat.java-1.55.0-win32-x64\jre\21.0.11-win32-x86_64\bin\VCRUNTIME140.dll
0x00007ffa8a3f0000 - 0x00007ffa8a5b7000 	C:\WINDOWS\System32\USER32.dll
0x00007ffa87950000 - 0x00007ffa87977000 	C:\WINDOWS\System32\win32u.dll
0x00007ffa69520000 - 0x00007ffa697b2000 	C:\WINDOWS\WinSxS\amd64_microsoft.windows.common-controls_6595b64144ccf1df_6.0.26100.8521_none_3e08b75ce33403b3\COMCTL32.dll
0x00007ffa8a5c0000 - 0x00007ffa8a5eb000 	C:\WINDOWS\System32\GDI32.dll
0x00007ffa89a30000 - 0x00007ffa89ad9000 	C:\WINDOWS\System32\msvcrt.dll
0x00007ffa87b80000 - 0x00007ffa87cab000 	C:\WINDOWS\System32\gdi32full.dll
0x00007ffa87980000 - 0x00007ffa87a23000 	C:\WINDOWS\System32\msvcp_win.dll
0x00007ffa89800000 - 0x00007ffa89832000 	C:\WINDOWS\System32\IMM32.DLL
0x00007ffa6bd70000 - 0x00007ffa6bd7c000 	c:\Users\backu\.vscode\extensions\redhat.java-1.55.0-win32-x64\jre\21.0.11-win32-x86_64\bin\vcruntime140_1.dll
0x00007ff9f1590000 - 0x00007ff9f161d000 	c:\Users\backu\.vscode\extensions\redhat.java-1.55.0-win32-x64\jre\21.0.11-win32-x86_64\bin\msvcp140.dll
0x00007ff99a0e0000 - 0x00007ff99ae82000 	c:\Users\backu\.vscode\extensions\redhat.java-1.55.0-win32-x64\jre\21.0.11-win32-x86_64\bin\server\jvm.dll
0x00007ffa89f70000 - 0x00007ffa8a026000 	C:\WINDOWS\System32\ADVAPI32.dll
0x00007ffa8a1a0000 - 0x00007ffa8a24a000 	C:\WINDOWS\System32\sechost.dll
0x00007ffa89910000 - 0x00007ffa89a28000 	C:\WINDOWS\System32\RPCRT4.dll
0x00007ffa88a50000 - 0x00007ffa88ad0000 	C:\WINDOWS\System32\WS2_32.dll
0x00007ffa86c60000 - 0x00007ffa86cbe000 	C:\WINDOWS\SYSTEM32\POWRPROF.dll
0x00007ffa7f7c0000 - 0x00007ffa7f7f6000 	C:\WINDOWS\SYSTEM32\WINMM.dll
0x00007ffa7d1e0000 - 0x00007ffa7d1eb000 	C:\WINDOWS\SYSTEM32\VERSION.dll
0x00007ffa86c20000 - 0x00007ffa86c34000 	C:\WINDOWS\SYSTEM32\UMPDC.dll
0x00007ffa86750000 - 0x00007ffa8676b000 	C:\WINDOWS\SYSTEM32\kernel.appcore.dll
0x00007ffa4a9a0000 - 0x00007ffa4a9aa000 	c:\Users\backu\.vscode\extensions\redhat.java-1.55.0-win32-x64\jre\21.0.11-win32-x86_64\bin\jimage.dll
0x00007ffa85010000 - 0x00007ffa85252000 	C:\WINDOWS\SYSTEM32\DBGHELP.DLL
0x00007ffa88530000 - 0x00007ffa888b3000 	C:\WINDOWS\System32\combase.dll
0x00007ffa8a030000 - 0x00007ffa8a109000 	C:\WINDOWS\System32\OLEAUT32.dll
0x00007ffa7ae40000 - 0x00007ffa7ae7b000 	C:\WINDOWS\SYSTEM32\dbgcore.DLL
0x00007ffa88380000 - 0x00007ffa88428000 	C:\WINDOWS\System32\bcryptPrimitives.dll
0x00007ffa49a70000 - 0x00007ffa49a7f000 	c:\Users\backu\.vscode\extensions\redhat.java-1.55.0-win32-x64\jre\21.0.11-win32-x86_64\bin\instrument.dll
0x00007ffa48ed0000 - 0x00007ffa48ef0000 	c:\Users\backu\.vscode\extensions\redhat.java-1.55.0-win32-x64\jre\21.0.11-win32-x86_64\bin\java.dll
0x00007ffa88b30000 - 0x00007ffa892b4000 	C:\WINDOWS\System32\SHELL32.dll
0x00007ffa854f0000 - 0x00007ffa85d70000 	C:\WINDOWS\SYSTEM32\windows.storage.dll
0x00007ffa88930000 - 0x00007ffa88a26000 	C:\WINDOWS\System32\SHCORE.dll
0x00007ffa884c0000 - 0x00007ffa88527000 	C:\WINDOWS\System32\shlwapi.dll
0x00007ffa87870000 - 0x00007ffa87899000 	C:\WINDOWS\SYSTEM32\profapi.dll
0x00007ffa3dd90000 - 0x00007ffa3dda8000 	c:\Users\backu\.vscode\extensions\redhat.java-1.55.0-win32-x64\jre\21.0.11-win32-x86_64\bin\zip.dll
0x00007ffa493e0000 - 0x00007ffa493f0000 	C:\Users\backu\.vscode\extensions\redhat.java-1.55.0-win32-x64\jre\21.0.11-win32-x86_64\bin\net.dll
0x00007ffa7d5a0000 - 0x00007ffa7d6c9000 	C:\WINDOWS\SYSTEM32\WINHTTP.dll
0x00007ffa86d70000 - 0x00007ffa86ddc000 	C:\WINDOWS\system32\mswsock.dll
0x00007ff9f63b0000 - 0x00007ff9f63c6000 	C:\Users\backu\.vscode\extensions\redhat.java-1.55.0-win32-x64\jre\21.0.11-win32-x86_64\bin\nio.dll
0x00007ffa7d340000 - 0x00007ffa7d350000 	c:\Users\backu\.vscode\extensions\redhat.java-1.55.0-win32-x64\jre\21.0.11-win32-x86_64\bin\verify.dll
0x00007ffa49ba0000 - 0x00007ffa49be5000 	C:\Users\backu\AppData\Roaming\Code\User\globalStorage\redhat.java\1.55.0\config_win\org.eclipse.equinox.launcher\org.eclipse.equinox.launcher.win32.win32.x86_64_1.3.100.v20260613-0559\eclipse_11924.dll
0x00007ffa8a250000 - 0x00007ffa8a3e8000 	C:\WINDOWS\System32\ole32.dll
0x00007ffa87060000 - 0x00007ffa8707b000 	C:\WINDOWS\SYSTEM32\CRYPTSP.dll
0x00007ffa86640000 - 0x00007ffa86679000 	C:\WINDOWS\system32\rsaenh.dll
0x00007ffa86e20000 - 0x00007ffa86e53000 	C:\WINDOWS\SYSTEM32\USERENV.dll
0x00007ffa87840000 - 0x00007ffa8786a000 	C:\WINDOWS\SYSTEM32\bcrypt.dll
0x00007ffa87050000 - 0x00007ffa8705c000 	C:\WINDOWS\SYSTEM32\CRYPTBASE.dll
0x00007ffa86110000 - 0x00007ffa86143000 	C:\WINDOWS\SYSTEM32\IPHLPAPI.DLL
0x00007ffa89840000 - 0x00007ffa8984a000 	C:\WINDOWS\System32\NSI.dll
0x00007ffa3cfd0000 - 0x00007ffa3d019000 	C:\Users\backu\AppData\Local\Temp\jna-93493358\jna8590386468607043122.dll
0x00007ffa884b0000 - 0x00007ffa884b8000 	C:\WINDOWS\System32\PSAPI.DLL
0x00007ffa7e4d0000 - 0x00007ffa7e4ed000 	C:\WINDOWS\SYSTEM32\dhcpcsvc6.DLL
0x00007ffa7e0f0000 - 0x00007ffa7e115000 	C:\WINDOWS\SYSTEM32\dhcpcsvc.DLL
0x00007ffa7bd10000 - 0x00007ffa7bd19000 	C:\Users\backu\.vscode\extensions\redhat.java-1.55.0-win32-x64\jre\21.0.11-win32-x86_64\bin\extnet.dll

JVMTI agents:
c:\Users\backu\.vscode\extensions\redhat.java-1.55.0-win32-x64\lombok\lombok-1.18.39-4050.jar path:c:\Users\backu\.vscode\extensions\redhat.java-1.55.0-win32-x64\jre\21.0.11-win32-x86_64\bin\instrument.dll, loaded, initialized, instrumentlib options:none

dbghelp: loaded successfully - version: 4.0.5 - missing functions: none
symbol engine: initialized successfully - sym options: 0x614 - pdb path: .;c:\Users\backu\.vscode\extensions\redhat.java-1.55.0-win32-x64\jre\21.0.11-win32-x86_64\bin;C:\WINDOWS\SYSTEM32;C:\WINDOWS\WinSxS\amd64_microsoft.windows.common-controls_6595b64144ccf1df_6.0.26100.8521_none_3e08b75ce33403b3;c:\Users\backu\.vscode\extensions\redhat.java-1.55.0-win32-x64\jre\21.0.11-win32-x86_64\bin\server;C:\Users\backu\AppData\Roaming\Code\User\globalStorage\redhat.java\1.55.0\config_win\org.eclipse.equinox.launcher\org.eclipse.equinox.launcher.win32.win32.x86_64_1.3.100.v20260613-0559;C:\Users\backu\AppData\Local\Temp\jna-93493358

VM Arguments:
jvm_args: --add-modules=ALL-SYSTEM --add-opens=java.base/java.util=ALL-UNNAMED --add-opens=java.base/java.lang=ALL-UNNAMED --add-opens=java.base/sun.nio.fs=ALL-UNNAMED -Declipse.application=org.eclipse.jdt.ls.core.id1 -Dosgi.bundles.defaultStartLevel=4 -Declipse.product=org.eclipse.jdt.ls.core.product -Djava.import.generatesMetadataFilesAtProjectRoot=false -DDetectVMInstallationsJob.disabled=true -Dfile.encoding=utf8 -XX:+UseParallelGC -XX:GCTimeRatio=4 -XX:AdaptiveSizePolicyWeight=90 -Dsun.zip.disableMemoryMapping=true -Xmx2G -Xms100m -Xlog:disable -javaagent:c:\Users\backu\.vscode\extensions\redhat.java-1.55.0-win32-x64\lombok\lombok-1.18.39-4050.jar -XX:+HeapDumpOnOutOfMemoryError -XX:HeapDumpPath=c:\Users\backu\AppData\Roaming\Code\User\workspaceStorage\24d177da0d8e40e9f1d65268932b200b\redhat.java -Daether.dependencyCollector.impl=bf 
java_command: c:\Users\backu\.vscode\extensions\redhat.java-1.55.0-win32-x64\server\plugins\org.eclipse.equinox.launcher_1.7.200.v20260619-2039.jar -configuration c:\Users\backu\AppData\Roaming\Code\User\globalStorage\redhat.java\1.55.0\config_win -data c:\Users\backu\AppData\Roaming\Code\User\workspaceStorage\24d177da0d8e40e9f1d65268932b200b\redhat.java\jdt_ws --pipe=\\.\pipe\lsp-dd6caf0c6281c1b15c5cf3fa70ff65ba-sock
java_class_path (initial): c:\Users\backu\.vscode\extensions\redhat.java-1.55.0-win32-x64\server\plugins\org.eclipse.equinox.launcher_1.7.200.v20260619-2039.jar
Launcher Type: SUN_STANDARD

[Global flags]
    uintx AdaptiveSizePolicyWeight                 = 90                                        {product} {command line}
     intx CICompilerCount                          = 12                                        {product} {ergonomic}
    uintx GCTimeRatio                              = 4                                         {product} {command line}
     bool HeapDumpOnOutOfMemoryError               = true                                   {manageable} {command line}
    ccstr HeapDumpPath                             = c:\Users\backu\AppData\Roaming\Code\User\workspaceStorage\24d177da0d8e40e9f1d65268932b200b\redhat.java         {manageable} {command line}
   size_t InitialHeapSize                          = 104857600                                 {product} {command line}
   size_t MaxHeapSize                              = 2147483648                                {product} {command line}
   size_t MaxNewSize                               = 715653120                                 {product} {ergonomic}
   size_t MinHeapDeltaBytes                        = 524288                                    {product} {ergonomic}
   size_t MinHeapSize                              = 104857600                                 {product} {command line}
   size_t NewSize                                  = 34603008                                  {product} {ergonomic}
    uintx NonNMethodCodeHeapSize                   = 7602480                                {pd product} {ergonomic}
    uintx NonProfiledCodeHeapSize                  = 122027880                              {pd product} {ergonomic}
   size_t OldSize                                  = 70254592                                  {product} {ergonomic}
    uintx ProfiledCodeHeapSize                     = 122027880                              {pd product} {ergonomic}
    uintx ReservedCodeCacheSize                    = 251658240                              {pd product} {ergonomic}
     bool SegmentedCodeCache                       = true                                      {product} {ergonomic}
   size_t SoftMaxHeapSize                          = 2147483648                             {manageable} {ergonomic}
     bool UseCompressedOops                        = true                           {product lp64_product} {ergonomic}
     bool UseLargePagesIndividualAllocation        = false                                  {pd product} {ergonomic}
     bool UseParallelGC                            = true                                      {product} {command line}

Logging:
Log output configuration:
 #0: stdout all=off uptime,level,tags foldmultilines=false
 #1: stderr all=off uptime,level,tags foldmultilines=false

Release file:
JAVA_VERSION="21.0.11" 
MODULES="java.base java.compiler java.datatransfer java.xml java.prefs java.desktop java.instrument java.logging java.management java.security.sasl java.naming java.rmi java.management.rmi java.net.http java.scripting java.security.jgss java.transaction.xa java.sql java.sql.rowset java.xml.crypto java.se java.smartcardio jdk.accessibility jdk.internal.jvmstat jdk.attach jdk.charsets jdk.internal.opt jdk.zipfs jdk.compiler jdk.crypto.ec jdk.crypto.cryptoki jdk.crypto.mscapi jdk.dynalink jdk.internal.ed jdk.editpad jdk.hotspot.agent jdk.httpserver jdk.internal.le jdk.internal.vm.ci jdk.internal.vm.compiler jdk.internal.vm.compiler.management jdk.jartool jdk.javadoc jdk.jcmd jdk.management jdk.management.agent jdk.jconsole jdk.jdeps jdk.jdwp.agent jdk.jdi jdk.jfr jdk.jshell jdk.jsobject jdk.jstatd jdk.localedata jdk.management.jfr jdk.naming.dns jdk.naming.rmi jdk.net jdk.nio.mapmode jdk.random jdk.sctp jdk.security.auth jdk.security.jgss jdk.unsupported jdk.unsupported.desktop jdk.xml.dom" 

Environment Variables:
JAVA_HOME=C:\Users\backu\Downloads\openjdk-21+35_windows-x64_bin
PATH=C:\SIMULIA\Commands;C:\Users\backu\Downloads\openjdk-21+35_windows-x64_bin\jdk-21\bin;C:\Windows\system32;C:\Windows;C:\Windows\System32\Wbem;C:\Windows\System32\WindowsPowerShell\v1.0\;C:\Windows\System32\OpenSSH\;C:\Program Files\dotnet\;C:\WINDOWS\system32;C:\WINDOWS;C:\WINDOWS\System32\Wbem;C:\WINDOWS\System32\WindowsPowerShell\v1.0\;C:\WINDOWS\System32\OpenSSH\;C:\Users\backu\Downloads\apache-maven-3.9.8-bin.zip\apache-maven-3.9.8\bin;C:\Program Files (x86)\Windows Kits\8.1\Windows Performance Toolkit\;C:\Program Files\Git\cmd;C:\Users\backu\Downloads\apache-maven-3.9.9-bin\apache-maven-3.9.9\bin;E:\Matlab\bin;C:\Program Files\Docker\Docker\resources\bin;C:\MinGW\bin;C:\Program Files\NVIDIA Corporation\NVIDIA App\NvDLISR;C:\Users\backu\Downloads\openjdk-21+35_windows-x64_bin\jdk-21\bin;C:\Program Files\nodejs\;C:\Program Files\WireGuard\;C:\Users\backu\AppData\Local\Programs\Python\Python313\Scripts\;C:\Users\backu\AppData\Local\Programs\Python\Python313\;C:\Program Files\MySQL\MySQL Shell 8.0\bin\;C:\Users\backu\AppData\Local\Microsoft\WindowsApps;C:\Users\backu\AppData\Local\Programs\Microsoft VS Code\bin;C:\Users\backu\AppData\Local\Programs\cursor\resources\app\bin;C:\Users\backu\AppData\Roaming\npm
USERNAME=backu
OS=Windows_NT
PROCESSOR_IDENTIFIER=Intel64 Family 6 Model 154 Stepping 3, GenuineIntel
TMP=C:\Users\backu\AppData\Local\Temp
TEMP=C:\Users\backu\AppData\Local\Temp




Periodic native trim disabled

---------------  S Y S T E M  ---------------

OS:
 Windows 11 , 64 bit Build 26100 (10.0.26100.8521)
OS uptime: 0 days 8:14 hours
Hyper-V role detected

CPU: total 16 (initial active 16) (8 cores per cpu, 2 threads per core) family 6 model 154 stepping 3 microcode 0x43b, cx8, cmov, fxsr, ht, mmx, 3dnowpref, sse, sse2, sse3, ssse3, sse4.1, sse4.2, popcnt, lzcnt, tsc, tscinvbit, avx, avx2, aes, erms, clmul, bmi1, bmi2, adx, sha, fma, vzeroupper, clflush, clflushopt, clwb, hv, serialize, rdtscp, rdpid, fsrm, f16c, cet_ibt, cet_ss
Processor Information for processor 0
  Max Mhz: 2500, Current Mhz: 2500, Mhz Limit: 2500
Processor Information for processor 1
  Max Mhz: 2500, Current Mhz: 1532, Mhz Limit: 2500
Processor Information for processor 2
  Max Mhz: 2500, Current Mhz: 2500, Mhz Limit: 2500
Processor Information for processor 3
  Max Mhz: 2500, Current Mhz: 1532, Mhz Limit: 2500
Processor Information for processor 4
  Max Mhz: 2500, Current Mhz: 2500, Mhz Limit: 2500
Processor Information for processor 5
  Max Mhz: 2500, Current Mhz: 2500, Mhz Limit: 2500
Processor Information for processor 6
  Max Mhz: 2500, Current Mhz: 2500, Mhz Limit: 2500
Processor Information for processor 7
  Max Mhz: 2500, Current Mhz: 2500, Mhz Limit: 2500
Processor Information for processor 8
  Max Mhz: 2500, Current Mhz: 2500, Mhz Limit: 2500
Processor Information for processor 9
  Max Mhz: 2500, Current Mhz: 2500, Mhz Limit: 2500
Processor Information for processor 10
  Max Mhz: 2500, Current Mhz: 2500, Mhz Limit: 2500
Processor Information for processor 11
  Max Mhz: 2500, Current Mhz: 2500, Mhz Limit: 2500
Processor Information for processor 12
  Max Mhz: 2500, Current Mhz: 2500, Mhz Limit: 2500
Processor Information for processor 13
  Max Mhz: 2500, Current Mhz: 2500, Mhz Limit: 2500
Processor Information for processor 14
  Max Mhz: 2500, Current Mhz: 2500, Mhz Limit: 2500
Processor Information for processor 15
  Max Mhz: 2500, Current Mhz: 2500, Mhz Limit: 2500

Memory: 4k page, system-wide physical 16068M (1063M free)
TotalPageFile size 24260M (AvailPageFile size 0M)
current process WorkingSet (physical memory assigned to process): 383M, peak: 470M
current process commit charge ("private bytes"): 474M, peak: 562M

vm_info: OpenJDK 64-Bit Server VM (21.0.11+10-LTS) for windows-amd64 JRE (21.0.11+10-LTS), built on 2026-04-21T00:00:00Z by "admin" with MS VC++ 17.12 (VS2022)

END.
