#
# There is insufficient memory for the Java Runtime Environment to continue.
# Native memory allocation (malloc) failed to allocate 232736 bytes. Error detail: Chunk::new
# Possible reasons:
#   The system is out of physical RAM or swap space
#   This process is running with CompressedOops enabled, and the Java Heap may be blocking the growth of the native heap
# Possible solutions:
#   Reduce memory load on the system
#   Increase physical memory or swap space
#   Check if swap backing store is full
#   Decrease Java heap size (-Xmx/-Xms)
#   Decrease number of Java threads
#   Decrease Java thread stack sizes (-Xss)
#   Set larger code cache with -XX:ReservedCodeCacheSize=
#
#  
#
Command Line: --add-modules=ALL-SYSTEM --add-opens=java.base/java.util=ALL-UNNAMED --add-opens=java.base/java.lang=ALL-UNNAMED --add-opens=java.base/sun.nio.fs=ALL-UNNAMED -Declipse.application=org.eclipse.jdt.ls.core.id1 -Dosgi.bundles.defaultStartLevel=4 -Declipse.product=org.eclipse.jdt.ls.core.product -Djava.import.generatesMetadataFilesAtProjectRoot=false -DDetectVMInstallationsJob.disabled=true -Dfile.encoding=utf8 -XX:+UseParallelGC -XX:GCTimeRatio=4 -XX:AdaptiveSizePolicyWeight=90 -Dsun.zip.disableMemoryMapping=true -Xmx2G -Xms100m -Xlog:disable -javaagent:c:\Users\backu\.vscode\extensions\redhat.java-1.55.0-win32-x64\lombok\lombok-1.18.39-4050.jar -XX:+HeapDumpOnOutOfMemoryError -XX:HeapDumpPath=c:\Users\backu\AppData\Roaming\Code\User\workspaceStorage\24d177da0d8e40e9f1d65268932b200b\redhat.java -Daether.dependencyCollector.impl=bf c:\Users\backu\.vscode\extensions\redhat.java-1.55.0-win32-x64\server\plugins\org.eclipse.equinox.launcher_1.7.200.v20260619-2039.jar -configuration c:\Users\backu\AppData\Roaming\Code\User\globalStorage\redhat.java\1.55.0\config_win -data c:\Users\backu\AppData\Roaming\Code\User\workspaceStorage\24d177da0d8e40e9f1d65268932b200b\redhat.java\jdt_ws --pipe=\\.\pipe\lsp-ebf3d5d7fb3011f6a422350d1c4a8a91-sock

Host: 12th Gen Intel(R) Core(TM) i5-12500H, 16 cores, 15G,  Windows 11 , 64 bit Build 26100 (10.0.26100.8521)
Time: Sat Aug  1 17:16:06 2026 India Standard Time elapsed time: 35.283966 seconds (0d 0h 0m 35s)

---------------  T H R E A D  ---------------

Current thread (0x000001c875961f50):  JavaThread "C2 CompilerThread5" daemon [_thread_in_native, id=20184, stack(0x000000ad40700000,0x000000ad40800000) (1024K)]


Current CompileTask:
C2:35284 8591       4       java.lang.reflect.AccessibleObject::verifyAccess (55 bytes)

Stack: [0x000000ad40700000,0x000000ad40800000]
Native frames: (J=compiled Java code, j=interpreted, Vv=VM code, C=native code)
V  [jvm.dll+0x6d7e19]
V  [jvm.dll+0x8b5096]
V  [jvm.dll+0x8b764e]
V  [jvm.dll+0x8b7d33]
V  [jvm.dll+0x284596]
V  [jvm.dll+0xc685d]
V  [jvm.dll+0xc6da1]
V  [jvm.dll+0x2fb4ee]
V  [jvm.dll+0x5fe9a4]
V  [jvm.dll+0x255d67]
V  [jvm.dll+0x24e0f4]
V  [jvm.dll+0x24bbe6]
V  [jvm.dll+0x1cb4ae]
V  [jvm.dll+0x25baad]
V  [jvm.dll+0x25a03a]
V  [jvm.dll+0x3f868e]
V  [jvm.dll+0x85fb0d]
V  [jvm.dll+0x6d664d]
C  [ucrtbase.dll+0x2cd30]
C  [KERNEL32.DLL+0x2e957]
C  [ntdll.dll+0x87c1c]


---------------  P R O C E S S  ---------------

Threads class SMR info:
_java_thread_list=0x000001c8763d5c80, length=83, elements={
0x000001c8512cc630, 0x000001c86a09e710, 0x000001c853694bd0, 0x000001c853697330,
0x000001c8536986d0, 0x000001c85369c150, 0x000001c8536a0be0, 0x000001c8536a6b90,
0x000001c86b4e3ab0, 0x000001c86b570940, 0x000001c86b570ff0, 0x000001c86b713a20,
0x000001c8710203b0, 0x000001c871808e10, 0x000001c871808780, 0x000001c8718094a0,
0x000001c8718080f0, 0x000001c871f9f3d0, 0x000001c871f9fa60, 0x000001c871f9d990,
0x000001c871fa00f0, 0x000001c871fa0780, 0x000001c871fa0e10, 0x000001c871fa14a0,
0x000001c872f19360, 0x000001c871f9e6b0, 0x000001c871f9e020, 0x000001c871fa21c0,
0x000001c871fa1b30, 0x000001c871f9ed40, 0x000001c871fa2850, 0x000001c871fa4920,
0x000001c871fa4fb0, 0x000001c871fa2ee0, 0x000001c871fa3570, 0x000001c871fa4290,
0x000001c871fa3c00, 0x000001c873a36840, 0x000001c873a35b20, 0x000001c873a361b0,
0x000001c873a37bf0, 0x000001c873a36ed0, 0x000001c873a37560, 0x000001c873a34e00,
0x000001c873a38280, 0x000001c873a38910, 0x000001c873a3c420, 0x000001c873a38fa0,
0x000001c873a3b070, 0x000001c873a39cc0, 0x000001c873a39630, 0x000001c873a3a350,
0x000001c873a3b700, 0x000001c873a3bd90, 0x000001c873a3a9e0, 0x000001c87587d3e0,
0x000001c87587b9a0, 0x000001c87587da70, 0x000001c87587c030, 0x000001c87587c6c0,
0x000001c87587cd50, 0x000001c87587e100, 0x000001c87587e790, 0x000001c875962620,
0x000001c875960410, 0x000001c875960ae0, 0x000001c875881580, 0x000001c87587ee20,
0x000001c875882930, 0x000001c87587f4b0, 0x000001c87587fb40, 0x000001c8758801d0,
0x000001c8711c62c0, 0x000001c8711c34d0, 0x000001c8711c55a0, 0x000001c8711c41f0,
0x000001c8711c4880, 0x000001c8711c4f10, 0x000001c8711c5c30, 0x000001c875961880,
0x000001c875961f50, 0x000001c87595efa0, 0x000001c875962cf0
}

Java Threads: ( => current thread )
  0x000001c8512cc630 JavaThread "main"                              [_thread_blocked, id=33424, stack(0x000000ad3a600000,0x000000ad3a700000) (1024K)]
  0x000001c86a09e710 JavaThread "Reference Handler"          daemon [_thread_blocked, id=11760, stack(0x000000ad3aa00000,0x000000ad3ab00000) (1024K)]
  0x000001c853694bd0 JavaThread "Finalizer"                  daemon [_thread_blocked, id=37844, stack(0x000000ad3ab00000,0x000000ad3ac00000) (1024K)]
  0x000001c853697330 JavaThread "Signal Dispatcher"          daemon [_thread_blocked, id=15288, stack(0x000000ad3ac00000,0x000000ad3ad00000) (1024K)]
  0x000001c8536986d0 JavaThread "Attach Listener"            daemon [_thread_blocked, id=24340, stack(0x000000ad3ad00000,0x000000ad3ae00000) (1024K)]
  0x000001c85369c150 JavaThread "Service Thread"             daemon [_thread_blocked, id=9532, stack(0x000000ad3ae00000,0x000000ad3af00000) (1024K)]
  0x000001c8536a0be0 JavaThread "Monitor Deflation Thread"   daemon [_thread_blocked, id=29052, stack(0x000000ad3af00000,0x000000ad3b000000) (1024K)]
  0x000001c8536a6b90 JavaThread "C2 CompilerThread0"         daemon [_thread_blocked, id=29128, stack(0x000000ad3b000000,0x000000ad3b100000) (1024K)]
  0x000001c86b4e3ab0 JavaThread "C1 CompilerThread0"         daemon [_thread_blocked, id=30612, stack(0x000000ad3b100000,0x000000ad3b200000) (1024K)]
  0x000001c86b570940 JavaThread "C1 CompilerThread1"         daemon [_thread_blocked, id=19424, stack(0x000000ad3b200000,0x000000ad3b300000) (1024K)]
  0x000001c86b570ff0 JavaThread "C1 CompilerThread2"         daemon [_thread_blocked, id=26364, stack(0x000000ad3b300000,0x000000ad3b400000) (1024K)]
  0x000001c86b713a20 JavaThread "Common-Cleaner"             daemon [_thread_blocked, id=25032, stack(0x000000ad3b500000,0x000000ad3b600000) (1024K)]
  0x000001c8710203b0 JavaThread "Notification Thread"        daemon [_thread_blocked, id=32176, stack(0x000000ad3b700000,0x000000ad3b800000) (1024K)]
  0x000001c871808e10 JavaThread "Active Thread: Equinox Container: 303f1e9c-1f90-415c-a5fa-cecba9c14aff"        [_thread_blocked, id=32540, stack(0x000000ad3c100000,0x000000ad3c200000) (1024K)]
  0x000001c871808780 JavaThread "Refresh Thread: Equinox Container: 303f1e9c-1f90-415c-a5fa-cecba9c14aff" daemon [_thread_blocked, id=37768, stack(0x000000ad3c300000,0x000000ad3c400000) (1024K)]
  0x000001c8718094a0 JavaThread "Framework Event Dispatcher: Equinox Container: 303f1e9c-1f90-415c-a5fa-cecba9c14aff" daemon [_thread_blocked, id=36472, stack(0x000000ad3c400000,0x000000ad3c500000) (1024K)]
  0x000001c8718080f0 JavaThread "Start Level: Equinox Container: 303f1e9c-1f90-415c-a5fa-cecba9c14aff" daemon [_thread_blocked, id=36452, stack(0x000000ad3c500000,0x000000ad3c600000) (1024K)]
  0x000001c871f9f3d0 JavaThread "Bundle File Closer"         daemon [_thread_blocked, id=22564, stack(0x000000ad3c900000,0x000000ad3ca00000) (1024K)]
  0x000001c871f9fa60 JavaThread "SCR Component Actor"        daemon [_thread_blocked, id=36744, stack(0x000000ad3b400000,0x000000ad3b500000) (1024K)]
  0x000001c871f9d990 JavaThread "Worker-JM"                         [_thread_blocked, id=28916, stack(0x000000ad3c000000,0x000000ad3c100000) (1024K)]
  0x000001c871fa00f0 JavaThread "JNA Cleaner"                daemon [_thread_blocked, id=26156, stack(0x000000ad3ca00000,0x000000ad3cb00000) (1024K)]
  0x000001c871fa0780 JavaThread "Worker-0"                          [_thread_blocked, id=23608, stack(0x000000ad3cb00000,0x000000ad3cc00000) (1024K)]
  0x000001c871fa0e10 JavaThread "Worker-1"                          [_thread_blocked, id=30140, stack(0x000000ad3cc00000,0x000000ad3cd00000) (1024K)]
  0x000001c871fa14a0 JavaThread "Worker-2"                          [_thread_blocked, id=22644, stack(0x000000ad3ce00000,0x000000ad3cf00000) (1024K)]
  0x000001c872f19360 JavaThread "C1 CompilerThread3"         daemon [_thread_blocked, id=29764, stack(0x000000ad3d000000,0x000000ad3d100000) (1024K)]
  0x000001c871f9e6b0 JavaThread "Java indexing"              daemon [_thread_blocked, id=8180, stack(0x000000ad3d200000,0x000000ad3d300000) (1024K)]
  0x000001c871f9e020 JavaThread "Worker-3: Initialize workspace"        [_thread_in_native, id=16936, stack(0x000000ad3d600000,0x000000ad3d700000) (1024K)]
  0x000001c871fa21c0 JavaThread "Worker-4"                          [_thread_blocked, id=27036, stack(0x000000ad3d900000,0x000000ad3da00000) (1024K)]
  0x000001c871fa1b30 JavaThread "Thread-1"                   daemon [_thread_in_native, id=6576, stack(0x000000ad3da00000,0x000000ad3db00000) (1024K)]
  0x000001c871f9ed40 JavaThread "Thread-2"                   daemon [_thread_in_native, id=33300, stack(0x000000ad3db00000,0x000000ad3dc00000) (1024K)]
  0x000001c871fa2850 JavaThread "Thread-3"                   daemon [_thread_in_native, id=29832, stack(0x000000ad3dc00000,0x000000ad3dd00000) (1024K)]
  0x000001c871fa4920 JavaThread "Thread-4"                   daemon [_thread_in_native, id=33392, stack(0x000000ad3dd00000,0x000000ad3de00000) (1024K)]
  0x000001c871fa4fb0 JavaThread "Thread-5"                   daemon [_thread_in_native, id=29072, stack(0x000000ad3de00000,0x000000ad3df00000) (1024K)]
  0x000001c871fa2ee0 JavaThread "Thread-6"                   daemon [_thread_in_native, id=33296, stack(0x000000ad3df00000,0x000000ad3e000000) (1024K)]
  0x000001c871fa3570 JavaThread "Thread-7"                   daemon [_thread_in_native, id=12904, stack(0x000000ad3e000000,0x000000ad3e100000) (1024K)]
  0x000001c871fa4290 JavaThread "Thread-8"                   daemon [_thread_in_native, id=6448, stack(0x000000ad3e100000,0x000000ad3e200000) (1024K)]
  0x000001c871fa3c00 JavaThread "Thread-9"                   daemon [_thread_in_native, id=19064, stack(0x000000ad3e200000,0x000000ad3e300000) (1024K)]
  0x000001c873a36840 JavaThread "Thread-10"                  daemon [_thread_in_native, id=34384, stack(0x000000ad3e300000,0x000000ad3e400000) (1024K)]
  0x000001c873a35b20 JavaThread "Thread-11"                  daemon [_thread_in_native, id=4208, stack(0x000000ad3e400000,0x000000ad3e500000) (1024K)]
  0x000001c873a361b0 JavaThread "Thread-12"                  daemon [_thread_in_native, id=24480, stack(0x000000ad3e500000,0x000000ad3e600000) (1024K)]
  0x000001c873a37bf0 JavaThread "Thread-13"                  daemon [_thread_in_native, id=32408, stack(0x000000ad3e600000,0x000000ad3e700000) (1024K)]
  0x000001c873a36ed0 JavaThread "Thread-14"                  daemon [_thread_in_native, id=18080, stack(0x000000ad3e700000,0x000000ad3e800000) (1024K)]
  0x000001c873a37560 JavaThread "Thread-15"                  daemon [_thread_in_native, id=32288, stack(0x000000ad3e800000,0x000000ad3e900000) (1024K)]
  0x000001c873a34e00 JavaThread "Thread-16"                  daemon [_thread_in_native, id=22244, stack(0x000000ad3e900000,0x000000ad3ea00000) (1024K)]
  0x000001c873a38280 JavaThread "Thread-17"                  daemon [_thread_in_native, id=14392, stack(0x000000ad3ea00000,0x000000ad3eb00000) (1024K)]
  0x000001c873a38910 JavaThread "pool-2-thread-1"                   [_thread_blocked, id=26200, stack(0x000000ad3eb00000,0x000000ad3ec00000) (1024K)]
  0x000001c873a3c420 JavaThread "PatternSearchJob-worker-1"  daemon [_thread_blocked, id=28032, stack(0x000000ad3ec00000,0x000000ad3ed00000) (1024K)]
  0x000001c873a38fa0 JavaThread "PatternSearchJob-worker-2"  daemon [_thread_blocked, id=36636, stack(0x000000ad3ed00000,0x000000ad3ee00000) (1024K)]
  0x000001c873a3b070 JavaThread "PatternSearchJob-worker-3"  daemon [_thread_blocked, id=30300, stack(0x000000ad3ee00000,0x000000ad3ef00000) (1024K)]
  0x000001c873a39cc0 JavaThread "PatternSearchJob-worker-4"  daemon [_thread_blocked, id=35492, stack(0x000000ad3ef00000,0x000000ad3f000000) (1024K)]
  0x000001c873a39630 JavaThread "PatternSearchJob-worker-5"  daemon [_thread_blocked, id=26124, stack(0x000000ad3f000000,0x000000ad3f100000) (1024K)]
  0x000001c873a3a350 JavaThread "PatternSearchJob-worker-6"  daemon [_thread_blocked, id=21828, stack(0x000000ad3f100000,0x000000ad3f200000) (1024K)]
  0x000001c873a3b700 JavaThread "PatternSearchJob-worker-7"  daemon [_thread_blocked, id=34432, stack(0x000000ad3f200000,0x000000ad3f300000) (1024K)]
  0x000001c873a3bd90 JavaThread "PatternSearchJob-worker-8"  daemon [_thread_blocked, id=26504, stack(0x000000ad3f300000,0x000000ad3f400000) (1024K)]
  0x000001c873a3a9e0 JavaThread "PatternSearchJob-worker-9"  daemon [_thread_blocked, id=1584, stack(0x000000ad3f400000,0x000000ad3f500000) (1024K)]
  0x000001c87587d3e0 JavaThread "PatternSearchJob-worker-10" daemon [_thread_blocked, id=24672, stack(0x000000ad3f500000,0x000000ad3f600000) (1024K)]
  0x000001c87587b9a0 JavaThread "PatternSearchJob-worker-11" daemon [_thread_blocked, id=22424, stack(0x000000ad3f600000,0x000000ad3f700000) (1024K)]
  0x000001c87587da70 JavaThread "PatternSearchJob-worker-12" daemon [_thread_blocked, id=35496, stack(0x000000ad3f700000,0x000000ad3f800000) (1024K)]
  0x000001c87587c030 JavaThread "PatternSearchJob-worker-13" daemon [_thread_blocked, id=37756, stack(0x000000ad3f800000,0x000000ad3f900000) (1024K)]
  0x000001c87587c6c0 JavaThread "PatternSearchJob-worker-14" daemon [_thread_blocked, id=29964, stack(0x000000ad3f900000,0x000000ad3fa00000) (1024K)]
  0x000001c87587cd50 JavaThread "PatternSearchJob-worker-15" daemon [_thread_blocked, id=28748, stack(0x000000ad3fa00000,0x000000ad3fb00000) (1024K)]
  0x000001c87587e100 JavaThread "WorkspaceEventsHandler"            [_thread_blocked, id=11660, stack(0x000000ad3fb00000,0x000000ad3fc00000) (1024K)]
  0x000001c87587e790 JavaThread "pool-1-thread-1"                   [_thread_blocked, id=21756, stack(0x000000ad3fc00000,0x000000ad3fd00000) (1024K)]
  0x000001c875962620 JavaThread "C2 CompilerThread1"         daemon [_thread_blocked, id=4900, stack(0x000000ad3b600000,0x000000ad3b700000) (1024K)]
  0x000001c875960410 JavaThread "C2 CompilerThread2"         daemon [_thread_in_native, id=26796, stack(0x000000ad3cd00000,0x000000ad3ce00000) (1024K)]
  0x000001c875960ae0 JavaThread "C2 CompilerThread3"         daemon [_thread_in_native, id=21696, stack(0x000000ad3cf00000,0x000000ad3d000000) (1024K)]
  0x000001c875881580 JavaThread "ForkJoinPool.commonPool-worker-1" daemon [_thread_blocked, id=15176, stack(0x000000ad3d100000,0x000000ad3d200000) (1024K)]
  0x000001c87587ee20 JavaThread "ForkJoinPool.commonPool-worker-2" daemon [_thread_blocked, id=22336, stack(0x000000ad3d300000,0x000000ad3d400000) (1024K)]
  0x000001c875882930 JavaThread "ForkJoinPool.commonPool-worker-3" daemon [_thread_blocked, id=33764, stack(0x000000ad3d700000,0x000000ad3d800000) (1024K)]
  0x000001c87587f4b0 JavaThread "ForkJoinPool.commonPool-worker-4" daemon [_thread_blocked, id=4480, stack(0x000000ad3d800000,0x000000ad3d900000) (1024K)]
  0x000001c87587fb40 JavaThread "ForkJoinPool.commonPool-worker-5" daemon [_thread_blocked, id=31976, stack(0x000000ad3fd00000,0x000000ad3fe00000) (1024K)]
  0x000001c8758801d0 JavaThread "ForkJoinPool.commonPool-worker-6" daemon [_thread_blocked, id=19264, stack(0x000000ad3fe00000,0x000000ad3ff00000) (1024K)]
  0x000001c8711c62c0 JavaThread "ForkJoinPool.commonPool-worker-7" daemon [_thread_blocked, id=12048, stack(0x000000ad3ff00000,0x000000ad40000000) (1024K)]
  0x000001c8711c34d0 JavaThread "ForkJoinPool.commonPool-worker-8" daemon [_thread_in_native, id=34392, stack(0x000000ad40000000,0x000000ad40100000) (1024K)]
  0x000001c8711c55a0 JavaThread "ForkJoinPool.commonPool-worker-9" daemon [_thread_blocked, id=35004, stack(0x000000ad40100000,0x000000ad40200000) (1024K)]
  0x000001c8711c41f0 JavaThread "ForkJoinPool.commonPool-worker-10" daemon [_thread_blocked, id=25436, stack(0x000000ad40200000,0x000000ad40300000) (1024K)]
  0x000001c8711c4880 JavaThread "ForkJoinPool.commonPool-worker-11" daemon [_thread_blocked, id=34320, stack(0x000000ad40300000,0x000000ad40400000) (1024K)]
  0x000001c8711c4f10 JavaThread "Worker-5: Publish Diagnostics"        [_thread_blocked, id=32324, stack(0x000000ad40400000,0x000000ad40500000) (1024K)]
  0x000001c8711c5c30 JavaThread "Worker-6"                          [_thread_blocked, id=33676, stack(0x000000ad40500000,0x000000ad40600000) (1024K)]
  0x000001c875961880 JavaThread "C2 CompilerThread4"         daemon [_thread_blocked, id=23320, stack(0x000000ad40600000,0x000000ad40700000) (1024K)]
=>0x000001c875961f50 JavaThread "C2 CompilerThread5"         daemon [_thread_in_native, id=20184, stack(0x000000ad40700000,0x000000ad40800000) (1024K)]
  0x000001c87595efa0 JavaThread "C2 CompilerThread6"         daemon [_thread_blocked, id=18252, stack(0x000000ad40800000,0x000000ad40900000) (1024K)]
  0x000001c875962cf0 JavaThread "C2 CompilerThread7"         daemon [_thread_in_native, id=32004, stack(0x000000ad40900000,0x000000ad40a00000) (1024K)]
Total: 83

Other Threads:
  0x000001c86a0849e0 VMThread "VM Thread"                           [id=37860, stack(0x000000ad3a900000,0x000000ad3aa00000) (1024K)]
  0x000001c869f7ca00 WatcherThread "VM Periodic Task Thread"        [id=31624, stack(0x000000ad3a800000,0x000000ad3a900000) (1024K)]
  0x000001c853611570 WorkerThread "GC Thread#0"                     [id=11080, stack(0x000000ad3a700000,0x000000ad3a800000) (1024K)]
  0x000001c8717edd40 WorkerThread "GC Thread#1"                     [id=18464, stack(0x000000ad3b900000,0x000000ad3ba00000) (1024K)]
  0x000001c8717ee0f0 WorkerThread "GC Thread#2"                     [id=7540, stack(0x000000ad3ba00000,0x000000ad3bb00000) (1024K)]
  0x000001c871847b50 WorkerThread "GC Thread#3"                     [id=36628, stack(0x000000ad3bb00000,0x000000ad3bc00000) (1024K)]
  0x000001c871847f00 WorkerThread "GC Thread#4"                     [id=33780, stack(0x000000ad3bc00000,0x000000ad3bd00000) (1024K)]
  0x000001c871a6ee60 WorkerThread "GC Thread#5"                     [id=2476, stack(0x000000ad3bd00000,0x000000ad3be00000) (1024K)]
  0x000001c871a6f210 WorkerThread "GC Thread#6"                     [id=11376, stack(0x000000ad3be00000,0x000000ad3bf00000) (1024K)]
  0x000001c8719c3a00 WorkerThread "GC Thread#7"                     [id=37740, stack(0x000000ad3c200000,0x000000ad3c300000) (1024K)]
  0x000001c871c8e890 WorkerThread "GC Thread#8"                     [id=32536, stack(0x000000ad3c600000,0x000000ad3c700000) (1024K)]
  0x000001c871c8ec40 WorkerThread "GC Thread#9"                     [id=3784, stack(0x000000ad3c700000,0x000000ad3c800000) (1024K)]
  0x000001c871c8eff0 WorkerThread "GC Thread#10"                    [id=28904, stack(0x000000ad3c800000,0x000000ad3c900000) (1024K)]
  0x000001c871940bf0 WorkerThread "GC Thread#11"                    [id=25104, stack(0x000000ad3b800000,0x000000ad3b900000) (1024K)]
  0x000001c871940490 WorkerThread "GC Thread#12"                    [id=30540, stack(0x000000ad3bf00000,0x000000ad3c000000) (1024K)]
Total: 15

Threads with active compile tasks:
C2 CompilerThread2  36991 8587       4       java.lang.reflect.AccessibleObject::checkAccess (40 bytes)
C2 CompilerThread3  36991 10862       4       org.eclipse.jdt.internal.core.PackageFragment::getElementName (38 bytes)
C2 CompilerThread5  36991 8591       4       java.lang.reflect.AccessibleObject::verifyAccess (55 bytes)
C2 CompilerThread7  36991 9871 % !   4       org.eclipse.jdt.internal.core.JarPackageFragmentRoot::computeChildren @ 139 (523 bytes)
Total: 4

VM state: not at safepoint (normal execution)

VM Mutex/Monitor currently owned by a thread: None

Heap address: 0x0000000080000000, size: 2048 MB, Compressed Oops mode: 32-bit

CDS archive(s) mapped at: [0x000001c800000000-0x000001c800ba0000-0x000001c800ba0000), size 12189696, SharedBaseAddress: 0x000001c800000000, ArchiveRelocationMode: 1.
Compressed class space mapped at: 0x000001c801000000-0x000001c841000000, reserved size: 1073741824
Narrow klass base: 0x000001c800000000, Narrow klass shift: 0, Narrow klass range: 0x100000000

GC Precious Log:
 CardTable entry size: 512
 CPUs: 16 total, 16 available
 Memory: 16068M
 Large Page Support: Disabled
 NUMA Support: Disabled
 Compressed Oops: Enabled (32-bit)
 Alignments: Space 512K, Generation 512K, Heap 2M
 Heap Min Capacity: 100M
 Heap Initial Capacity: 100M
 Heap Max Capacity: 2G
 Pre-touch: Disabled
 Parallel Workers: 13

Heap:
 PSYoungGen      total 12800K, used 6841K [0x00000000d5580000, 0x00000000d6300000, 0x0000000100000000)
  eden space 12288K, 51% used [0x00000000d5580000,0x00000000d5bba540,0x00000000d6180000)
  from space 512K, 90% used [0x00000000d6280000,0x00000000d62f4010,0x00000000d6300000)
  to   space 512K, 0% used [0x00000000d6200000,0x00000000d6200000,0x00000000d6280000)
 ParOldGen       total 102912K, used 102865K [0x0000000080000000, 0x0000000086480000, 0x00000000d5580000)
  object space 102912K, 99% used [0x0000000080000000,0x00000000864744d8,0x0000000086480000)
 Metaspace       used 62556K, committed 64000K, reserved 1114112K
  class space    used 6605K, committed 7232K, reserved 1048576K

Card table byte_map: [0x000001c852f90000,0x000001c8533a0000] _byte_map_base: 0x000001c852b90000

Marking Bits: (ParMarkBitMap*) 0x00007ff9e5d74460
 Begin Bits: [0x000001c865aa0000, 0x000001c867aa0000)
 End Bits:   [0x000001c867aa0000, 0x000001c869aa0000)

Polling page: 0x000001c851230000

Metaspace:

Usage:
  Non-class:     54.64 MB used.
      Class:      6.45 MB used.
       Both:     61.09 MB used.

Virtual space:
  Non-class space:       64.00 MB reserved,      55.44 MB ( 87%) committed,  1 nodes.
      Class space:        1.00 GB reserved,       7.06 MB ( <1%) committed,  1 nodes.
             Both:        1.06 GB reserved,      62.50 MB (  6%) committed. 

Chunk freelists:
   Non-Class:  8.00 MB
       Class:  8.88 MB
        Both:  16.88 MB

MaxMetaspaceSize: unlimited
CompressedClassSpaceSize: 1.00 GB
Initial GC threshold: 21.00 MB
Current GC threshold: 97.31 MB
CDS: on
 - commit_granule_bytes: 65536.
 - commit_granule_words: 8192.
 - virtual_space_node_default_size: 8388608.
 - enlarge_chunks_in_place: 1.
 - use_allocation_guard: 0.


Internal statistics:

num_allocs_failed_limit: 9.
num_arena_births: 1132.
num_arena_deaths: 14.
num_vsnodes_births: 2.
num_vsnodes_deaths: 0.
num_space_committed: 1000.
num_space_uncommitted: 0.
num_chunks_returned_to_freelist: 23.
num_chunks_taken_from_freelist: 4095.
num_chunk_merges: 12.
num_chunk_splits: 2488.
num_chunks_enlarged: 1339.
num_inconsistent_stats: 0.

CodeHeap 'non-profiled nmethods': size=119168Kb used=6540Kb max_used=6540Kb free=112627Kb
 bounds [0x000001c85e390000, 0x000001c85ea00000, 0x000001c8657f0000]
CodeHeap 'profiled nmethods': size=119104Kb used=22500Kb max_used=22500Kb free=96603Kb
 bounds [0x000001c8567f0000, 0x000001c857df0000, 0x000001c85dc40000]
CodeHeap 'non-nmethods': size=7488Kb used=3114Kb max_used=3242Kb free=4374Kb
 bounds [0x000001c85dc40000, 0x000001c85dfc0000, 0x000001c85e390000]
CodeCache: size=245760Kb, used=32154Kb, max_used=32282Kb, free=213604Kb
 total_blobs=10779, nmethods=10039, adapters=643, full_count=0
Compilation: enabled, stopped_count=0, restarted_count=0

Compilation events (20 events):
Event: 32.215 Thread 0x000001c875961f50 nmethod 10268 0x000001c85e9e9690 code [0x000001c85e9e98a0, 0x000001c85e9e9da8]
Event: 32.216 Thread 0x000001c875960410 10646       4       java.util.ImmutableCollections$MapN$MapNIterator::hasNext (13 bytes)
Event: 32.218 Thread 0x000001c875962620 nmethod 10809 0x000001c85e9ea210 code [0x000001c85e9ea3e0, 0x000001c85e9eaa68]
Event: 32.223 Thread 0x000001c875961f50 8591       4       java.lang.reflect.AccessibleObject::verifyAccess (55 bytes)
Event: 32.223 Thread 0x000001c87595efa0 nmethod 10272 0x000001c85e9eae90 code [0x000001c85e9eb080, 0x000001c85e9eb598]
Event: 32.225 Thread 0x000001c875960410 nmethod 10646 0x000001c85e9eb910 code [0x000001c85e9ebaa0, 0x000001c85e9ebb38]
Event: 32.227 Thread 0x000001c875960410 8587       4       java.lang.reflect.AccessibleObject::checkAccess (40 bytes)
Event: 32.229 Thread 0x000001c875962620 9779       4       java.util.ImmutableCollections::listCopy (54 bytes)
Event: 32.230 Thread 0x000001c87595efa0 8709       4       java.util.List::of (4 bytes)
Event: 32.235 Thread 0x000001c875960ae0 nmethod 10863 0x000001c85e9ebc10 code [0x000001c85e9ebda0, 0x000001c85e9ebf98]
Event: 32.235 Thread 0x000001c87595efa0 nmethod 8709 0x000001c85e9ec110 code [0x000001c85e9ec2a0, 0x000001c85e9ec310]
Event: 32.236 Thread 0x000001c87595efa0 9747       4       java.util.stream.AbstractPipeline::evaluate (94 bytes)
Event: 32.238 Thread 0x000001c875960ae0 10862       4       org.eclipse.jdt.internal.core.PackageFragment::getElementName (38 bytes)
Event: 32.257 Thread 0x000001c872f19360 10872       3       org.apache.maven.artifact.DefaultArtifact::selectVersion (11 bytes)
Event: 32.257 Thread 0x000001c86b570940 10873       3       org.apache.maven.artifact.ArtifactUtils::notBlank (72 bytes)
Event: 32.266 Thread 0x000001c86b570ff0 10874       3       org.apache.maven.artifact.DefaultArtifact::<init> (72 bytes)
Event: 32.266 Thread 0x000001c86b4e3ab0 10875       3       org.apache.maven.artifact.DefaultArtifact::selectVersionFromNewRangeIfAvailable (47 bytes)
Event: 33.273 Thread 0x000001c875961880 nmethod 10287 0x000001c85e9ec410 code [0x000001c85e9ec640, 0x000001c85e9ecde8]
Event: 33.274 Thread 0x000001c87595efa0 nmethod 9747 0x000001c85e9ed310 code [0x000001c85e9ed4c0, 0x000001c85e9ed6c0]
Event: 33.275 Thread 0x000001c872f19360 nmethod 10872 0x000001c857ddab90 code [0x000001c857ddad40, 0x000001c857ddaf38]

GC Heap History (20 events):
Event: 29.639 GC heap before
{Heap before GC invocations=146 (full 3):
 PSYoungGen      total 12800K, used 12704K [0x00000000d5580000, 0x00000000d6400000, 0x0000000100000000)
  eden space 12288K, 100% used [0x00000000d5580000,0x00000000d6180000,0x00000000d6180000)
  from space 512K, 81% used [0x00000000d6380000,0x00000000d63e8000,0x00000000d6400000)
  to   space 512K, 0% used [0x00000000d6300000,0x00000000d6300000,0x00000000d6380000)
 ParOldGen       total 99328K, used 99029K [0x0000000080000000, 0x0000000086100000, 0x00000000d5580000)
  object space 99328K, 99% used [0x0000000080000000,0x00000000860b5508,0x0000000086100000)
 Metaspace       used 61484K, committed 62912K, reserved 1114112K
  class space    used 6482K, committed 7104K, reserved 1048576K
}
Event: 29.641 GC heap after
{Heap after GC invocations=146 (full 3):
 PSYoungGen      total 12800K, used 512K [0x00000000d5580000, 0x00000000d6400000, 0x0000000100000000)
  eden space 12288K, 0% used [0x00000000d5580000,0x00000000d5580000,0x00000000d6180000)
  from space 512K, 100% used [0x00000000d6300000,0x00000000d6380000,0x00000000d6380000)
  to   space 512K, 0% used [0x00000000d6380000,0x00000000d6380000,0x00000000d6400000)
 ParOldGen       total 99328K, used 99213K [0x0000000080000000, 0x0000000086100000, 0x00000000d5580000)
  object space 99328K, 99% used [0x0000000080000000,0x00000000860e3508,0x0000000086100000)
 Metaspace       used 61484K, committed 62912K, reserved 1114112K
  class space    used 6482K, committed 7104K, reserved 1048576K
}
Event: 29.665 GC heap before
{Heap before GC invocations=147 (full 3):
 PSYoungGen      total 12800K, used 12800K [0x00000000d5580000, 0x00000000d6400000, 0x0000000100000000)
  eden space 12288K, 100% used [0x00000000d5580000,0x00000000d6180000,0x00000000d6180000)
  from space 512K, 100% used [0x00000000d6300000,0x00000000d6380000,0x00000000d6380000)
  to   space 512K, 0% used [0x00000000d6380000,0x00000000d6380000,0x00000000d6400000)
 ParOldGen       total 99328K, used 99213K [0x0000000080000000, 0x0000000086100000, 0x00000000d5580000)
  object space 99328K, 99% used [0x0000000080000000,0x00000000860e3508,0x0000000086100000)
 Metaspace       used 61515K, committed 62976K, reserved 1114112K
  class space    used 6485K, committed 7104K, reserved 1048576K
}
Event: 29.667 GC heap after
{Heap after GC invocations=147 (full 3):
 PSYoungGen      total 12800K, used 448K [0x00000000d5580000, 0x00000000d6400000, 0x0000000100000000)
  eden space 12288K, 0% used [0x00000000d5580000,0x00000000d5580000,0x00000000d6180000)
  from space 512K, 87% used [0x00000000d6380000,0x00000000d63f0000,0x00000000d6400000)
  to   space 512K, 0% used [0x00000000d6300000,0x00000000d6300000,0x00000000d6380000)
 ParOldGen       total 99840K, used 99533K [0x0000000080000000, 0x0000000086180000, 0x00000000d5580000)
  object space 99840K, 99% used [0x0000000080000000,0x0000000086133508,0x0000000086180000)
 Metaspace       used 61515K, committed 62976K, reserved 1114112K
  class space    used 6485K, committed 7104K, reserved 1048576K
}
Event: 31.567 GC heap before
{Heap before GC invocations=148 (full 3):
 PSYoungGen      total 12800K, used 12736K [0x00000000d5580000, 0x00000000d6400000, 0x0000000100000000)
  eden space 12288K, 100% used [0x00000000d5580000,0x00000000d6180000,0x00000000d6180000)
  from space 512K, 87% used [0x00000000d6380000,0x00000000d63f0000,0x00000000d6400000)
  to   space 512K, 0% used [0x00000000d6300000,0x00000000d6300000,0x00000000d6380000)
 ParOldGen       total 99840K, used 99533K [0x0000000080000000, 0x0000000086180000, 0x00000000d5580000)
  object space 99840K, 99% used [0x0000000080000000,0x0000000086133508,0x0000000086180000)
 Metaspace       used 61526K, committed 62976K, reserved 1114112K
  class space    used 6486K, committed 7104K, reserved 1048576K
}
Event: 31.568 GC heap after
{Heap after GC invocations=148 (full 3):
 PSYoungGen      total 12800K, used 352K [0x00000000d5580000, 0x00000000d6400000, 0x0000000100000000)
  eden space 12288K, 0% used [0x00000000d5580000,0x00000000d5580000,0x00000000d6180000)
  from space 512K, 68% used [0x00000000d6300000,0x00000000d6358000,0x00000000d6380000)
  to   space 512K, 0% used [0x00000000d6380000,0x00000000d6380000,0x00000000d6400000)
 ParOldGen       total 99840K, used 99765K [0x0000000080000000, 0x0000000086180000, 0x00000000d5580000)
  object space 99840K, 99% used [0x0000000080000000,0x000000008616d508,0x0000000086180000)
 Metaspace       used 61526K, committed 62976K, reserved 1114112K
  class space    used 6486K, committed 7104K, reserved 1048576K
}
Event: 31.593 GC heap before
{Heap before GC invocations=149 (full 3):
 PSYoungGen      total 12800K, used 12640K [0x00000000d5580000, 0x00000000d6400000, 0x0000000100000000)
  eden space 12288K, 100% used [0x00000000d5580000,0x00000000d6180000,0x00000000d6180000)
  from space 512K, 68% used [0x00000000d6300000,0x00000000d6358000,0x00000000d6380000)
  to   space 512K, 0% used [0x00000000d6380000,0x00000000d6380000,0x00000000d6400000)
 ParOldGen       total 99840K, used 99765K [0x0000000080000000, 0x0000000086180000, 0x00000000d5580000)
  object space 99840K, 99% used [0x0000000080000000,0x000000008616d508,0x0000000086180000)
 Metaspace       used 61545K, committed 63040K, reserved 1114112K
  class space    used 6490K, committed 7104K, reserved 1048576K
}
Event: 31.596 GC heap after
{Heap after GC invocations=149 (full 3):
 PSYoungGen      total 12800K, used 512K [0x00000000d5580000, 0x00000000d6400000, 0x0000000100000000)
  eden space 12288K, 0% used [0x00000000d5580000,0x00000000d5580000,0x00000000d6180000)
  from space 512K, 100% used [0x00000000d6380000,0x00000000d6400000,0x00000000d6400000)
  to   space 1024K, 0% used [0x00000000d6200000,0x00000000d6200000,0x00000000d6300000)
 ParOldGen       total 100352K, used 100069K [0x0000000080000000, 0x0000000086200000, 0x00000000d5580000)
  object space 100352K, 99% used [0x0000000080000000,0x00000000861b9508,0x0000000086200000)
 Metaspace       used 61545K, committed 63040K, reserved 1114112K
  class space    used 6490K, committed 7104K, reserved 1048576K
}
Event: 31.643 GC heap before
{Heap before GC invocations=150 (full 3):
 PSYoungGen      total 12800K, used 12800K [0x00000000d5580000, 0x00000000d6400000, 0x0000000100000000)
  eden space 12288K, 100% used [0x00000000d5580000,0x00000000d6180000,0x00000000d6180000)
  from space 512K, 100% used [0x00000000d6380000,0x00000000d6400000,0x00000000d6400000)
  to   space 1024K, 0% used [0x00000000d6200000,0x00000000d6200000,0x00000000d6300000)
 ParOldGen       total 100352K, used 100069K [0x0000000080000000, 0x0000000086200000, 0x00000000d5580000)
  object space 100352K, 99% used [0x0000000080000000,0x00000000861b9508,0x0000000086200000)
 Metaspace       used 61586K, committed 63104K, reserved 1114112K
  class space    used 6491K, committed 7104K, reserved 1048576K
}
Event: 31.646 GC heap after
{Heap after GC invocations=150 (full 3):
 PSYoungGen      total 13312K, used 992K [0x00000000d5580000, 0x00000000d6480000, 0x0000000100000000)
  eden space 12288K, 0% used [0x00000000d5580000,0x00000000d5580000,0x00000000d6180000)
  from space 1024K, 96% used [0x00000000d6200000,0x00000000d62f8020,0x00000000d6300000)
  to   space 1536K, 0% used [0x00000000d6300000,0x00000000d6300000,0x00000000d6480000)
 ParOldGen       total 100864K, used 100373K [0x0000000080000000, 0x0000000086280000, 0x00000000d5580000)
  object space 100864K, 99% used [0x0000000080000000,0x0000000086205518,0x0000000086280000)
 Metaspace       used 61586K, committed 63104K, reserved 1114112K
  class space    used 6491K, committed 7104K, reserved 1048576K
}
Event: 31.675 GC heap before
{Heap before GC invocations=151 (full 3):
 PSYoungGen      total 13312K, used 13280K [0x00000000d5580000, 0x00000000d6480000, 0x0000000100000000)
  eden space 12288K, 100% used [0x00000000d5580000,0x00000000d6180000,0x00000000d6180000)
  from space 1024K, 96% used [0x00000000d6200000,0x00000000d62f8020,0x00000000d6300000)
  to   space 1536K, 0% used [0x00000000d6300000,0x00000000d6300000,0x00000000d6480000)
 ParOldGen       total 100864K, used 100373K [0x0000000080000000, 0x0000000086280000, 0x00000000d5580000)
  object space 100864K, 99% used [0x0000000080000000,0x0000000086205518,0x0000000086280000)
 Metaspace       used 61626K, committed 63168K, reserved 1114112K
  class space    used 6493K, committed 7104K, reserved 1048576K
}
Event: 31.679 GC heap after
{Heap after GC invocations=151 (full 3):
 PSYoungGen      total 13312K, used 871K [0x00000000d5580000, 0x00000000d6400000, 0x0000000100000000)
  eden space 12288K, 0% used [0x00000000d5580000,0x00000000d5580000,0x00000000d6180000)
  from space 1024K, 85% used [0x00000000d6300000,0x00000000d63d9d10,0x00000000d6400000)
  to   space 1024K, 0% used [0x00000000d6200000,0x00000000d6200000,0x00000000d6300000)
 ParOldGen       total 101376K, used 101229K [0x0000000080000000, 0x0000000086300000, 0x00000000d5580000)
  object space 101376K, 99% used [0x0000000080000000,0x00000000862db538,0x0000000086300000)
 Metaspace       used 61626K, committed 63168K, reserved 1114112K
  class space    used 6493K, committed 7104K, reserved 1048576K
}
Event: 31.722 GC heap before
{Heap before GC invocations=152 (full 3):
 PSYoungGen      total 13312K, used 13159K [0x00000000d5580000, 0x00000000d6400000, 0x0000000100000000)
  eden space 12288K, 100% used [0x00000000d5580000,0x00000000d6180000,0x00000000d6180000)
  from space 1024K, 85% used [0x00000000d6300000,0x00000000d63d9d10,0x00000000d6400000)
  to   space 1024K, 0% used [0x00000000d6200000,0x00000000d6200000,0x00000000d6300000)
 ParOldGen       total 101376K, used 101229K [0x0000000080000000, 0x0000000086300000, 0x00000000d5580000)
  object space 101376K, 99% used [0x0000000080000000,0x00000000862db538,0x0000000086300000)
 Metaspace       used 61658K, committed 63168K, reserved 1114112K
  class space    used 6493K, committed 7104K, reserved 1048576K
}
Event: 31.725 GC heap after
{Heap after GC invocations=152 (full 3):
 PSYoungGen      total 13312K, used 768K [0x00000000d5580000, 0x00000000d6380000, 0x0000000100000000)
  eden space 12288K, 0% used [0x00000000d5580000,0x00000000d5580000,0x00000000d6180000)
  from space 1024K, 75% used [0x00000000d6200000,0x00000000d62c0010,0x00000000d6300000)
  to   space 512K, 0% used [0x00000000d6300000,0x00000000d6300000,0x00000000d6380000)
 ParOldGen       total 101888K, used 101804K [0x0000000080000000, 0x0000000086380000, 0x00000000d5580000)
  object space 101888K, 99% used [0x0000000080000000,0x000000008636b238,0x0000000086380000)
 Metaspace       used 61658K, committed 63168K, reserved 1114112K
  class space    used 6493K, committed 7104K, reserved 1048576K
}
Event: 31.784 GC heap before
{Heap before GC invocations=153 (full 3):
 PSYoungGen      total 13312K, used 13056K [0x00000000d5580000, 0x00000000d6380000, 0x0000000100000000)
  eden space 12288K, 100% used [0x00000000d5580000,0x00000000d6180000,0x00000000d6180000)
  from space 1024K, 75% used [0x00000000d6200000,0x00000000d62c0010,0x00000000d6300000)
  to   space 512K, 0% used [0x00000000d6300000,0x00000000d6300000,0x00000000d6380000)
 ParOldGen       total 101888K, used 101804K [0x0000000080000000, 0x0000000086380000, 0x00000000d5580000)
  object space 101888K, 99% used [0x0000000080000000,0x000000008636b238,0x0000000086380000)
 Metaspace       used 61744K, committed 63296K, reserved 1114112K
  class space    used 6501K, committed 7168K, reserved 1048576K
}
Event: 31.786 GC heap after
{Heap after GC invocations=153 (full 3):
 PSYoungGen      total 12800K, used 448K [0x00000000d5580000, 0x00000000d6380000, 0x0000000100000000)
  eden space 12288K, 0% used [0x00000000d5580000,0x00000000d5580000,0x00000000d6180000)
  from space 512K, 87% used [0x00000000d6300000,0x00000000d6370000,0x00000000d6380000)
  to   space 1024K, 0% used [0x00000000d6180000,0x00000000d6180000,0x00000000d6280000)
 ParOldGen       total 102912K, used 102428K [0x0000000080000000, 0x0000000086480000, 0x00000000d5580000)
  object space 102912K, 99% used [0x0000000080000000,0x0000000086407248,0x0000000086480000)
 Metaspace       used 61744K, committed 63296K, reserved 1114112K
  class space    used 6501K, committed 7168K, reserved 1048576K
}
Event: 31.866 GC heap before
{Heap before GC invocations=154 (full 3):
 PSYoungGen      total 12800K, used 12736K [0x00000000d5580000, 0x00000000d6380000, 0x0000000100000000)
  eden space 12288K, 100% used [0x00000000d5580000,0x00000000d6180000,0x00000000d6180000)
  from space 512K, 87% used [0x00000000d6300000,0x00000000d6370000,0x00000000d6380000)
  to   space 1024K, 0% used [0x00000000d6180000,0x00000000d6180000,0x00000000d6280000)
 ParOldGen       total 102912K, used 102428K [0x0000000080000000, 0x0000000086480000, 0x00000000d5580000)
  object space 102912K, 99% used [0x0000000080000000,0x0000000086407248,0x0000000086480000)
 Metaspace       used 61926K, committed 63424K, reserved 1114112K
  class space    used 6515K, committed 7168K, reserved 1048576K
}
Event: 31.869 GC heap after
{Heap after GC invocations=154 (full 3):
 PSYoungGen      total 13312K, used 511K [0x00000000d5580000, 0x00000000d6380000, 0x0000000100000000)
  eden space 12288K, 0% used [0x00000000d5580000,0x00000000d5580000,0x00000000d6180000)
  from space 1024K, 49% used [0x00000000d6180000,0x00000000d61ffe60,0x00000000d6280000)
  to   space 1024K, 0% used [0x00000000d6280000,0x00000000d6280000,0x00000000d6380000)
 ParOldGen       total 102912K, used 102681K [0x0000000080000000, 0x0000000086480000, 0x00000000d5580000)
  object space 102912K, 99% used [0x0000000080000000,0x00000000864464b8,0x0000000086480000)
 Metaspace       used 61926K, committed 63424K, reserved 1114112K
  class space    used 6515K, committed 7168K, reserved 1048576K
}
Event: 32.050 GC heap before
{Heap before GC invocations=155 (full 3):
 PSYoungGen      total 13312K, used 12799K [0x00000000d5580000, 0x00000000d6380000, 0x0000000100000000)
  eden space 12288K, 100% used [0x00000000d5580000,0x00000000d6180000,0x00000000d6180000)
  from space 1024K, 49% used [0x00000000d6180000,0x00000000d61ffe60,0x00000000d6280000)
  to   space 1024K, 0% used [0x00000000d6280000,0x00000000d6280000,0x00000000d6380000)
 ParOldGen       total 102912K, used 102681K [0x0000000080000000, 0x0000000086480000, 0x00000000d5580000)
  object space 102912K, 99% used [0x0000000080000000,0x00000000864464b8,0x0000000086480000)
 Metaspace       used 62193K, committed 63680K, reserved 1114112K
  class space    used 6555K, committed 7232K, reserved 1048576K
}
Event: 32.055 GC heap after
{Heap after GC invocations=155 (full 3):
 PSYoungGen      total 12800K, used 464K [0x00000000d5580000, 0x00000000d6300000, 0x0000000100000000)
  eden space 12288K, 0% used [0x00000000d5580000,0x00000000d5580000,0x00000000d6180000)
  from space 512K, 90% used [0x00000000d6280000,0x00000000d62f4010,0x00000000d6300000)
  to   space 512K, 0% used [0x00000000d6200000,0x00000000d6200000,0x00000000d6280000)
 ParOldGen       total 102912K, used 102865K [0x0000000080000000, 0x0000000086480000, 0x00000000d5580000)
  object space 102912K, 99% used [0x0000000080000000,0x00000000864744d8,0x0000000086480000)
 Metaspace       used 62193K, committed 63680K, reserved 1114112K
  class space    used 6555K, committed 7232K, reserved 1048576K
}

Dll operation events (10 events):
Event: 0.016 Loaded shared library c:\Users\backu\.vscode\extensions\redhat.java-1.55.0-win32-x64\jre\21.0.11-win32-x86_64\bin\java.dll
Event: 0.119 Loaded shared library c:\Users\backu\.vscode\extensions\redhat.java-1.55.0-win32-x64\jre\21.0.11-win32-x86_64\bin\zip.dll
Event: 0.144 Loaded shared library C:\Users\backu\.vscode\extensions\redhat.java-1.55.0-win32-x64\jre\21.0.11-win32-x86_64\bin\instrument.dll
Event: 0.149 Loaded shared library C:\Users\backu\.vscode\extensions\redhat.java-1.55.0-win32-x64\jre\21.0.11-win32-x86_64\bin\net.dll
Event: 0.150 Loaded shared library C:\Users\backu\.vscode\extensions\redhat.java-1.55.0-win32-x64\jre\21.0.11-win32-x86_64\bin\nio.dll
Event: 0.153 Loaded shared library C:\Users\backu\.vscode\extensions\redhat.java-1.55.0-win32-x64\jre\21.0.11-win32-x86_64\bin\zip.dll
Event: 0.174 Loaded shared library C:\Users\backu\.vscode\extensions\redhat.java-1.55.0-win32-x64\jre\21.0.11-win32-x86_64\bin\jimage.dll
Event: 0.265 Loaded shared library c:\Users\backu\.vscode\extensions\redhat.java-1.55.0-win32-x64\jre\21.0.11-win32-x86_64\bin\verify.dll
Event: 1.426 Loaded shared library C:\Users\backu\AppData\Roaming\Code\User\globalStorage\redhat.java\1.55.0\config_win\org.eclipse.equinox.launcher\org.eclipse.equinox.launcher.win32.win32.x86_64_1.3.100.v20260613-0559\eclipse_11924.dll
Event: 5.257 Loaded shared library C:\Users\backu\AppData\Local\Temp\jna-93493358\jna6158217846647763654.dll

Deoptimization events (20 events):
Event: 32.023 Thread 0x000001c871f9e020 DEOPT PACKING pc=0x000001c857da437b sp=0x000000ad3d6fdf10
Event: 32.023 Thread 0x000001c871f9e020 DEOPT UNPACKING pc=0x000001c85dc94242 sp=0x000000ad3d6fd380 mode 0
Event: 32.043 Thread 0x000001c871f9e020 Uncommon trap: trap_request=0xffffff45 fr.pc=0x000001c85e981fbc relative=0x0000000000002cbc
Event: 32.043 Thread 0x000001c871f9e020 Uncommon trap: reason=unstable_if action=reinterpret pc=0x000001c85e981fbc method=java.util.jar.Attributes$Name.hash(Ljava/lang/String;)I @ 89 c2
Event: 32.044 Thread 0x000001c871f9e020 DEOPT PACKING pc=0x000001c85e981fbc sp=0x000000ad3d6fde90
Event: 32.044 Thread 0x000001c871f9e020 DEOPT UNPACKING pc=0x000001c85dc93aa2 sp=0x000000ad3d6fdca0 mode 2
Event: 32.065 Thread 0x000001c871f9e020 DEOPT PACKING pc=0x000001c857da437b sp=0x000000ad3d6fdf10
Event: 32.065 Thread 0x000001c871f9e020 DEOPT UNPACKING pc=0x000001c85dc94242 sp=0x000000ad3d6fd380 mode 0
Event: 32.098 Thread 0x000001c871f9e020 DEOPT PACKING pc=0x000001c857da437b sp=0x000000ad3d6fdf10
Event: 32.098 Thread 0x000001c871f9e020 DEOPT UNPACKING pc=0x000001c85dc94242 sp=0x000000ad3d6fd380 mode 0
Event: 32.173 Thread 0x000001c8711c4f10 Uncommon trap: trap_request=0xffffffde fr.pc=0x000001c85e93be78 relative=0x0000000000000ad8
Event: 32.174 Thread 0x000001c8711c4f10 Uncommon trap: reason=class_check action=maybe_recompile pc=0x000001c85e93be78 method=java.util.concurrent.ConcurrentHashMap.putVal(Ljava/lang/Object;Ljava/lang/Object;Z)Ljava/lang/Object; @ 159 c2
Event: 32.174 Thread 0x000001c8711c4f10 DEOPT PACKING pc=0x000001c85e93be78 sp=0x000000ad404fcf80
Event: 32.174 Thread 0x000001c8711c4f10 DEOPT UNPACKING pc=0x000001c85dc93aa2 sp=0x000000ad404fcf00 mode 2
Event: 32.357 Thread 0x000001c871f9e020 Uncommon trap: trap_request=0xffffff45 fr.pc=0x000001c85e8ecc24 relative=0x0000000000002064
Event: 33.258 Thread 0x000001c871f9e020 Uncommon trap: reason=unstable_if action=reinterpret pc=0x000001c85e8ecc24 method=java.util.zip.ZipFile$Source.isMetaName([BII)Z @ 57 c2
Event: 33.274 Thread 0x000001c871f9e020 DEOPT PACKING pc=0x000001c85e8ecc24 sp=0x000000ad3d6fde20
Event: 33.274 Thread 0x000001c871f9e020 DEOPT UNPACKING pc=0x000001c85dc93aa2 sp=0x000000ad3d6fdd80 mode 2
Event: 33.274 Thread 0x000001c871f9e020 Uncommon trap: trap_request=0xffffff45 fr.pc=0x000001c85e4740bc relative=0x000000000000017c
Event: 33.275 Thread 0x000001c871f9e020 Uncommon trap: reason=unstable_if action=reinterpret pc=0x000001c85e4740bc method=java.util.zip.ZipFile$Source.isMetaName([BII)Z @ 57 c2

Classes loaded (20 events):
Event: 21.706 Loading class java/lang/Throwable$WrappedPrintWriter
Event: 21.706 Loading class java/lang/Throwable$PrintStreamOrWriter
Event: 21.707 Loading class java/lang/Throwable$PrintStreamOrWriter done
Event: 21.707 Loading class java/lang/Throwable$WrappedPrintWriter done
Event: 21.994 Loading class java/lang/UnsupportedClassVersionError
Event: 21.994 Loading class java/lang/UnsupportedClassVersionError done
Event: 25.041 Loading class sun/nio/cs/ISO_8859_1$Decoder
Event: 25.042 Loading class sun/nio/cs/ISO_8859_1$Decoder done
Event: 31.752 Loading class sun/nio/cs/ISO_8859_1$Encoder
Event: 31.752 Loading class sun/nio/cs/ISO_8859_1$Encoder done
Event: 31.754 Loading class sun/nio/cs/Surrogate$Parser
Event: 31.754 Loading class sun/nio/cs/Surrogate$Parser done
Event: 31.755 Loading class sun/nio/cs/Surrogate
Event: 31.756 Loading class sun/nio/cs/Surrogate done
Event: 32.179 Loading class java/util/stream/ReduceOps$4
Event: 32.180 Loading class java/util/stream/ReduceOps$4 done
Event: 32.180 Loading class java/util/stream/ReduceOps$4ReducingSink
Event: 32.181 Loading class java/util/stream/ReduceOps$4ReducingSink done
Event: 32.206 Loading class java/lang/invoke/MethodHandleImpl$CountingWrapper$1
Event: 32.207 Loading class java/lang/invoke/MethodHandleImpl$CountingWrapper$1 done

Classes unloaded (7 events):
Event: 7.184 Thread 0x000001c86a0849e0 Unloading class 0x000001c8011a9400 'java/lang/invoke/LambdaForm$MH+0x000001c8011a9400'
Event: 7.184 Thread 0x000001c86a0849e0 Unloading class 0x000001c8011a9000 'java/lang/invoke/LambdaForm$MH+0x000001c8011a9000'
Event: 7.184 Thread 0x000001c86a0849e0 Unloading class 0x000001c8011a8c00 'java/lang/invoke/LambdaForm$MH+0x000001c8011a8c00'
Event: 7.184 Thread 0x000001c86a0849e0 Unloading class 0x000001c8011a8800 'java/lang/invoke/LambdaForm$MH+0x000001c8011a8800'
Event: 7.184 Thread 0x000001c86a0849e0 Unloading class 0x000001c8011a8400 'java/lang/invoke/LambdaForm$BMH+0x000001c8011a8400'
Event: 7.184 Thread 0x000001c86a0849e0 Unloading class 0x000001c8011a8000 'java/lang/invoke/LambdaForm$DMH+0x000001c8011a8000'
Event: 7.184 Thread 0x000001c86a0849e0 Unloading class 0x000001c8011a6c00 'java/lang/invoke/LambdaForm$DMH+0x000001c8011a6c00'

Classes redefined (0 events):
No events

Internal exceptions (20 events):
Event: 21.670 Thread 0x000001c871f9e020 Exception <a 'sun/nio/fs/WindowsException'{0x00000000d5d88da0}> (0x00000000d5d88da0) 
thrown [s\src\hotspot\share\prims\jni.cpp, line 520]
Event: 21.671 Thread 0x000001c871f9e020 Exception <a 'sun/nio/fs/WindowsException'{0x00000000d5d89500}> (0x00000000d5d89500) 
thrown [s\src\hotspot\share\prims\jni.cpp, line 520]
Event: 21.703 Thread 0x000001c87587e790 Exception <a 'java/lang/IncompatibleClassChangeError'{0x00000000d5c81fa0}: Found class java.lang.Object, but interface was expected> (0x00000000d5c81fa0) 
thrown [s\src\hotspot\share\interpreter\linkResolver.cpp, line 840]
Event: 21.705 Thread 0x000001c87587e790 Exception <a 'java/lang/IncompatibleClassChangeError'{0x00000000d5c8f0a0}: Found class java.lang.Object, but interface was expected> (0x00000000d5c8f0a0) 
thrown [s\src\hotspot\share\interpreter\linkResolver.cpp, line 840]
Event: 21.758 Thread 0x000001c8711c5c30 Exception <a 'java/lang/NoSuchMethodError'{0x00000000d6055cd8}: 'java.lang.Object java.lang.invoke.DirectMethodHandle$Holder.invokeSpecial(java.lang.Object, java.lang.Object, int, long)'> (0x00000000d6055cd8) 
thrown [s\src\hotspot\share\interpreter\linkResolver.cpp, line 773]
Event: 21.805 Thread 0x000001c8711c55a0 Exception <a 'java/lang/NoSuchMethodError'{0x00000000d622f5f8}: 'java.lang.Object java.lang.invoke.DirectMethodHandle$Holder.invokeStaticInit(java.lang.Object, java.lang.Object, java.lang.Object)'> (0x00000000d622f5f8) 
thrown [s\src\hotspot\share\interpreter\linkResolver.cpp, line 773]
Event: 22.009 Thread 0x000001c8711c34d0 Exception <a 'java/lang/NoSuchMethodError'{0x00000000d56fc718}: 'int java.lang.invoke.Invokers$Holder.invokeExact_MT(java.lang.Object, java.lang.Object)'> (0x00000000d56fc718) 
thrown [s\src\hotspot\share\interpreter\linkResolver.cpp, line 773]
Event: 22.381 Thread 0x000001c871f9e020 Exception <a 'java/lang/NoSuchMethodError'{0x00000000d5b81d90}: 'void java.lang.invoke.DirectMethodHandle$Holder.invokeStatic(java.lang.Object, java.lang.Object, java.lang.Object, int)'> (0x00000000d5b81d90) 
thrown [s\src\hotspot\share\interpreter\linkResolver.cpp, line 773]
Event: 22.460 Thread 0x000001c871f9e020 Exception <a 'java/lang/NoSuchMethodError'{0x00000000d61c6538}: 'void java.lang.invoke.DirectMethodHandle$Holder.invokeVirtual(java.lang.Object, java.lang.Object, int)'> (0x00000000d61c6538) 
thrown [s\src\hotspot\share\interpreter\linkResolver.cpp, line 773]
Event: 22.483 Thread 0x000001c8711c4f10 Implicit null exception at 0x000001c85e74b7a6 to 0x000001c85e74bd74
Event: 22.733 Thread 0x000001c8711c34d0 Implicit null exception at 0x000001c85e449ea8 to 0x000001c85e44a760
Event: 24.077 Thread 0x000001c871f9e020 Exception <a 'java/lang/NoSuchMethodError'{0x00000000d58595e8}: 'void java.lang.invoke.DirectMethodHandle$Holder.invokeInterface(java.lang.Object, java.lang.Object)'> (0x00000000d58595e8) 
thrown [s\src\hotspot\share\interpreter\linkResolver.cpp, line 773]
Event: 24.160 Thread 0x000001c8711c9740 Exception <a 'java/lang/NoSuchMethodError'{0x00000000d56e7810}: 'void java.lang.invoke.DirectMethodHandle$Holder.invokeSpecial(java.lang.Object, java.lang.Object, java.lang.Object, java.lang.Object, java.lang.Object, java.lang.Object, java.lang.Object, java.lang.Object)'> (0x00000000d56e7810) 
thrown [s\src\hotspot\share\interpreter\linkResolver.cpp, line 773]
Event: 24.160 Thread 0x000001c8711caaf0 Exception <a 'java/lang/NoSuchMethodError'{0x00000000d56f3578}: 'void java.lang.invoke.DirectMethodHandle$Holder.invokeSpecial(java.lang.Object, java.lang.Object, java.lang.Object, java.lang.Object, java.lang.Object, java.lang.Object, java.lang.Object, java.lang.Object)'> (0x00000000d56f3578) 
thrown [s\src\hotspot\share\interpreter\linkResolver.cpp, line 773]
Event: 24.459 Thread 0x000001c8711c34d0 Exception <a 'java/lang/IncompatibleClassChangeError'{0x00000000d570c140}: Found class java.lang.Object, but interface was expected> (0x00000000d570c140) 
thrown [s\src\hotspot\share\interpreter\linkResolver.cpp, line 840]
Event: 25.199 Thread 0x000001c871f9e020 Implicit null exception at 0x000001c85e9576a7 to 0x000001c85e95785c
Event: 29.552 Thread 0x000001c871f9e020 Exception <a 'sun/nio/fs/WindowsException'{0x00000000d5c74b78}> (0x00000000d5c74b78) 
thrown [s\src\hotspot\share\prims\jni.cpp, line 520]
Event: 29.553 Thread 0x000001c871f9e020 Exception <a 'sun/nio/fs/WindowsException'{0x00000000d5c752d8}> (0x00000000d5c752d8) 
thrown [s\src\hotspot\share\prims\jni.cpp, line 520]
Event: 32.204 Thread 0x000001c8711c4f10 Exception <a 'java/lang/NoSuchMethodError'{0x00000000d59a3210}: 'int java.lang.invoke.DirectMethodHandle$Holder.invokeSpecialIFC(java.lang.Object, java.lang.Object, java.lang.Object)'> (0x00000000d59a3210) 
thrown [s\src\hotspot\share\interpreter\linkResolver.cpp, line 773]
Event: 32.205 Thread 0x000001c8711c34d0 Exception <a 'java/lang/NoSuchMethodError'{0x00000000d5985050}: 'int java.lang.invoke.DirectMethodHandle$Holder.invokeSpecialIFC(java.lang.Object, java.lang.Object, java.lang.Object)'> (0x00000000d5985050) 
thrown [s\src\hotspot\share\interpreter\linkResolver.cpp, line 773]

ZGC Phase Switch (0 events):
No events

VM Operations (20 events):
Event: 31.568 Executing safepoint VM operation: ParallelGCFailedAllocation (Allocation Failure) done
Event: 31.592 Executing safepoint VM operation: ParallelGCFailedAllocation (Allocation Failure)
Event: 31.596 Executing safepoint VM operation: ParallelGCFailedAllocation (Allocation Failure) done
Event: 31.642 Executing safepoint VM operation: ParallelGCFailedAllocation (Allocation Failure)
Event: 31.646 Executing safepoint VM operation: ParallelGCFailedAllocation (Allocation Failure) done
Event: 31.672 Executing safepoint VM operation: ParallelGCFailedAllocation (Allocation Failure)
Event: 31.679 Executing safepoint VM operation: ParallelGCFailedAllocation (Allocation Failure) done
Event: 31.710 Executing safepoint VM operation: ParallelGCFailedAllocation (Allocation Failure)
Event: 31.725 Executing safepoint VM operation: ParallelGCFailedAllocation (Allocation Failure) done
Event: 31.765 Executing safepoint VM operation: ParallelGCFailedAllocation (Allocation Failure)
Event: 31.786 Executing safepoint VM operation: ParallelGCFailedAllocation (Allocation Failure) done
Event: 31.858 Executing safepoint VM operation: ParallelGCFailedAllocation (Allocation Failure)
Event: 31.869 Executing safepoint VM operation: ParallelGCFailedAllocation (Allocation Failure) done
Event: 32.050 Executing safepoint VM operation: ParallelGCFailedAllocation (Allocation Failure)
Event: 32.055 Executing safepoint VM operation: ParallelGCFailedAllocation (Allocation Failure) done
Event: 32.228 Executing non-safepoint VM operation: HandshakeAllThreads (Deoptimize)
Event: 32.228 Executing non-safepoint VM operation: HandshakeAllThreads (Deoptimize) done
Event: 33.228 Executing safepoint VM operation: Cleanup
Event: 33.274 Executing safepoint VM operation: Cleanup done
Event: 34.277 Executing safepoint VM operation: Cleanup

Memory protections (0 events):
No events

Nmethod flushes (20 events):
Event: 21.909 Thread 0x000001c86a0849e0 flushing  nmethod 0x000001c8571bb610
Event: 21.909 Thread 0x000001c86a0849e0 flushing  nmethod 0x000001c8571be310
Event: 21.909 Thread 0x000001c86a0849e0 flushing  nmethod 0x000001c8571be910
Event: 21.909 Thread 0x000001c86a0849e0 flushing  nmethod 0x000001c8571c1e10
Event: 21.909 Thread 0x000001c86a0849e0 flushing  nmethod 0x000001c8571c4890
Event: 21.909 Thread 0x000001c86a0849e0 flushing  nmethod 0x000001c8571ea490
Event: 21.909 Thread 0x000001c86a0849e0 flushing  nmethod 0x000001c8571eab90
Event: 21.909 Thread 0x000001c86a0849e0 flushing  nmethod 0x000001c8571eb190
Event: 21.909 Thread 0x000001c86a0849e0 flushing  nmethod 0x000001c8571ebe90
Event: 21.909 Thread 0x000001c86a0849e0 flushing  nmethod 0x000001c8571ec210
Event: 21.909 Thread 0x000001c86a0849e0 flushing  nmethod 0x000001c8571ee290
Event: 21.909 Thread 0x000001c86a0849e0 flushing  nmethod 0x000001c8571fd690
Event: 21.909 Thread 0x000001c86a0849e0 flushing  nmethod 0x000001c857201b10
Event: 21.909 Thread 0x000001c86a0849e0 flushing  nmethod 0x000001c85722a510
Event: 21.909 Thread 0x000001c86a0849e0 flushing  nmethod 0x000001c85724b390
Event: 21.909 Thread 0x000001c86a0849e0 flushing  nmethod 0x000001c857270410
Event: 21.909 Thread 0x000001c86a0849e0 flushing  nmethod 0x000001c857270810
Event: 21.909 Thread 0x000001c86a0849e0 flushing  nmethod 0x000001c857270c90
Event: 21.909 Thread 0x000001c86a0849e0 flushing  nmethod 0x000001c857271290
Event: 21.909 Thread 0x000001c86a0849e0 flushing osr nmethod 0x000001c857298710

Events (20 events):
Event: 21.358 Thread 0x000001c8711c62c0 Thread added: 0x000001c8711c34d0
Event: 21.359 Thread 0x000001c8711c34d0 Thread added: 0x000001c8711c55a0
Event: 21.360 Thread 0x000001c8711c55a0 Thread added: 0x000001c8711c41f0
Event: 21.369 Thread 0x000001c87587e790 Thread added: 0x000001c8711c4880
Event: 21.506 Thread 0x000001c871fa0e10 Thread added: 0x000001c8711c4f10
Event: 21.507 Thread 0x000001c871f9e6b0 Thread added: 0x000001c8711c5c30
Event: 22.188 Thread 0x000001c86b4e3ab0 Thread added: 0x000001c875961880
Event: 22.197 Thread 0x000001c872f19360 Thread added: 0x000001c875961f50
Event: 22.201 Thread 0x000001c86b570ff0 Thread added: 0x000001c87595efa0
Event: 22.433 Thread 0x000001c872f19360 Thread added: 0x000001c875962cf0
Event: 24.146 Thread 0x000001c871f9e020 Thread added: 0x000001c8711c6fe0
Event: 24.147 Thread 0x000001c871f9e020 Thread added: 0x000001c8711c3b60
Event: 24.148 Thread 0x000001c871f9e020 Thread added: 0x000001c8711ca460
Event: 24.149 Thread 0x000001c871f9e020 Thread added: 0x000001c8711c9740
Event: 24.150 Thread 0x000001c871f9e020 Thread added: 0x000001c8711caaf0
Event: 25.159 Thread 0x000001c8711ca460 Thread exited: 0x000001c8711ca460
Event: 25.160 Thread 0x000001c8711c9740 Thread exited: 0x000001c8711c9740
Event: 25.160 Thread 0x000001c8711c3b60 Thread exited: 0x000001c8711c3b60
Event: 25.160 Thread 0x000001c8711caaf0 Thread exited: 0x000001c8711caaf0
Event: 25.160 Thread 0x000001c8711c6fe0 Thread exited: 0x000001c8711c6fe0


Dynamic libraries:
0x00007ff6810f0000 - 0x00007ff6810fe000 	c:\Users\backu\.vscode\extensions\redhat.java-1.55.0-win32-x64\jre\21.0.11-win32-x86_64\bin\java.exe
0x00007ffa8a6c0000 - 0x00007ffa8a926000 	C:\WINDOWS\SYSTEM32\ntdll.dll
0x00007ffa89550000 - 0x00007ffa89619000 	C:\WINDOWS\System32\KERNEL32.DLL
0x00007ffa87cb0000 - 0x00007ffa880aa000 	C:\WINDOWS\System32\KERNELBASE.dll
0x00007ffa880b0000 - 0x00007ffa881fc000 	C:\WINDOWS\System32\ucrtbase.dll
0x00007ffa30f20000 - 0x00007ffa30f3e000 	c:\Users\backu\.vscode\extensions\redhat.java-1.55.0-win32-x64\jre\21.0.11-win32-x86_64\bin\VCRUNTIME140.dll
0x00007ffa30f00000 - 0x00007ffa30f18000 	c:\Users\backu\.vscode\extensions\redhat.java-1.55.0-win32-x64\jre\21.0.11-win32-x86_64\bin\jli.dll
0x00007ffa8a3f0000 - 0x00007ffa8a5b7000 	C:\WINDOWS\System32\USER32.dll
0x00007ffa87950000 - 0x00007ffa87977000 	C:\WINDOWS\System32\win32u.dll
0x00007ffa69520000 - 0x00007ffa697b2000 	C:\WINDOWS\WinSxS\amd64_microsoft.windows.common-controls_6595b64144ccf1df_6.0.26100.8521_none_3e08b75ce33403b3\COMCTL32.dll
0x00007ffa89a30000 - 0x00007ffa89ad9000 	C:\WINDOWS\System32\msvcrt.dll
0x00007ffa8a5c0000 - 0x00007ffa8a5eb000 	C:\WINDOWS\System32\GDI32.dll
0x00007ffa87b80000 - 0x00007ffa87cab000 	C:\WINDOWS\System32\gdi32full.dll
0x00007ffa87980000 - 0x00007ffa87a23000 	C:\WINDOWS\System32\msvcp_win.dll
0x00007ffa89800000 - 0x00007ffa89832000 	C:\WINDOWS\System32\IMM32.DLL
0x00007ffa3f190000 - 0x00007ffa3f19c000 	c:\Users\backu\.vscode\extensions\redhat.java-1.55.0-win32-x64\jre\21.0.11-win32-x86_64\bin\vcruntime140_1.dll
0x00007ffa126a0000 - 0x00007ffa1272d000 	c:\Users\backu\.vscode\extensions\redhat.java-1.55.0-win32-x64\jre\21.0.11-win32-x86_64\bin\msvcp140.dll
0x00007ff9e50b0000 - 0x00007ff9e5e52000 	c:\Users\backu\.vscode\extensions\redhat.java-1.55.0-win32-x64\jre\21.0.11-win32-x86_64\bin\server\jvm.dll
0x00007ffa89f70000 - 0x00007ffa8a026000 	C:\WINDOWS\System32\ADVAPI32.dll
0x00007ffa8a1a0000 - 0x00007ffa8a24a000 	C:\WINDOWS\System32\sechost.dll
0x00007ffa89910000 - 0x00007ffa89a28000 	C:\WINDOWS\System32\RPCRT4.dll
0x00007ffa88a50000 - 0x00007ffa88ad0000 	C:\WINDOWS\System32\WS2_32.dll
0x00007ffa86c60000 - 0x00007ffa86cbe000 	C:\WINDOWS\SYSTEM32\POWRPROF.dll
0x00007ffa7f7c0000 - 0x00007ffa7f7f6000 	C:\WINDOWS\SYSTEM32\WINMM.dll
0x00007ffa7d1e0000 - 0x00007ffa7d1eb000 	C:\WINDOWS\SYSTEM32\VERSION.dll
0x00007ffa86c20000 - 0x00007ffa86c34000 	C:\WINDOWS\SYSTEM32\UMPDC.dll
0x00007ffa86750000 - 0x00007ffa8676b000 	C:\WINDOWS\SYSTEM32\kernel.appcore.dll
0x00007ffa30ef0000 - 0x00007ffa30efa000 	c:\Users\backu\.vscode\extensions\redhat.java-1.55.0-win32-x64\jre\21.0.11-win32-x86_64\bin\jimage.dll
0x00007ffa85010000 - 0x00007ffa85252000 	C:\WINDOWS\SYSTEM32\DBGHELP.DLL
0x00007ffa88530000 - 0x00007ffa888b3000 	C:\WINDOWS\System32\combase.dll
0x00007ffa8a030000 - 0x00007ffa8a109000 	C:\WINDOWS\System32\OLEAUT32.dll
0x00007ffa7ae40000 - 0x00007ffa7ae7b000 	C:\WINDOWS\SYSTEM32\dbgcore.DLL
0x00007ffa88380000 - 0x00007ffa88428000 	C:\WINDOWS\System32\bcryptPrimitives.dll
0x00007ffa30260000 - 0x00007ffa3026f000 	c:\Users\backu\.vscode\extensions\redhat.java-1.55.0-win32-x64\jre\21.0.11-win32-x86_64\bin\instrument.dll
0x00007ffa2c330000 - 0x00007ffa2c350000 	c:\Users\backu\.vscode\extensions\redhat.java-1.55.0-win32-x64\jre\21.0.11-win32-x86_64\bin\java.dll
0x00007ffa88b30000 - 0x00007ffa892b4000 	C:\WINDOWS\System32\SHELL32.dll
0x00007ffa854f0000 - 0x00007ffa85d70000 	C:\WINDOWS\SYSTEM32\windows.storage.dll
0x00007ffa88930000 - 0x00007ffa88a26000 	C:\WINDOWS\System32\SHCORE.dll
0x00007ffa884c0000 - 0x00007ffa88527000 	C:\WINDOWS\System32\shlwapi.dll
0x00007ffa87870000 - 0x00007ffa87899000 	C:\WINDOWS\SYSTEM32\profapi.dll
0x00007ffa2c310000 - 0x00007ffa2c328000 	c:\Users\backu\.vscode\extensions\redhat.java-1.55.0-win32-x64\jre\21.0.11-win32-x86_64\bin\zip.dll
0x00007ffa30250000 - 0x00007ffa30260000 	C:\Users\backu\.vscode\extensions\redhat.java-1.55.0-win32-x64\jre\21.0.11-win32-x86_64\bin\net.dll
0x00007ffa7d5a0000 - 0x00007ffa7d6c9000 	C:\WINDOWS\SYSTEM32\WINHTTP.dll
0x00007ffa86d70000 - 0x00007ffa86ddc000 	C:\WINDOWS\system32\mswsock.dll
0x00007ffa12c10000 - 0x00007ffa12c26000 	C:\Users\backu\.vscode\extensions\redhat.java-1.55.0-win32-x64\jre\21.0.11-win32-x86_64\bin\nio.dll
0x00007ffa1d3c0000 - 0x00007ffa1d3d0000 	c:\Users\backu\.vscode\extensions\redhat.java-1.55.0-win32-x64\jre\21.0.11-win32-x86_64\bin\verify.dll
0x00007ff9f89a0000 - 0x00007ff9f89e5000 	C:\Users\backu\AppData\Roaming\Code\User\globalStorage\redhat.java\1.55.0\config_win\org.eclipse.equinox.launcher\org.eclipse.equinox.launcher.win32.win32.x86_64_1.3.100.v20260613-0559\eclipse_11924.dll
0x00007ffa8a250000 - 0x00007ffa8a3e8000 	C:\WINDOWS\System32\ole32.dll
0x00007ffa87060000 - 0x00007ffa8707b000 	C:\WINDOWS\SYSTEM32\CRYPTSP.dll
0x00007ffa86640000 - 0x00007ffa86679000 	C:\WINDOWS\system32\rsaenh.dll
0x00007ffa86e20000 - 0x00007ffa86e53000 	C:\WINDOWS\SYSTEM32\USERENV.dll
0x00007ffa87840000 - 0x00007ffa8786a000 	C:\WINDOWS\SYSTEM32\bcrypt.dll
0x00007ffa87050000 - 0x00007ffa8705c000 	C:\WINDOWS\SYSTEM32\CRYPTBASE.dll
0x00007ffa86110000 - 0x00007ffa86143000 	C:\WINDOWS\SYSTEM32\IPHLPAPI.DLL
0x00007ffa89840000 - 0x00007ffa8984a000 	C:\WINDOWS\System32\NSI.dll
0x00007ffa4aa60000 - 0x00007ffa4aaa9000 	C:\Users\backu\AppData\Local\Temp\jna-93493358\jna6158217846647763654.dll
0x00007ffa884b0000 - 0x00007ffa884b8000 	C:\WINDOWS\System32\PSAPI.DLL
0x00007ffa7e4d0000 - 0x00007ffa7e4ed000 	C:\WINDOWS\SYSTEM32\dhcpcsvc6.DLL
0x00007ffa7e0f0000 - 0x00007ffa7e115000 	C:\WINDOWS\SYSTEM32\dhcpcsvc.DLL

JVMTI agents:
c:\Users\backu\.vscode\extensions\redhat.java-1.55.0-win32-x64\lombok\lombok-1.18.39-4050.jar path:c:\Users\backu\.vscode\extensions\redhat.java-1.55.0-win32-x64\jre\21.0.11-win32-x86_64\bin\instrument.dll, loaded, initialized, instrumentlib options:none

dbghelp: loaded successfully - version: 4.0.5 - missing functions: none
symbol engine: initialized successfully - sym options: 0x614 - pdb path: .;c:\Users\backu\.vscode\extensions\redhat.java-1.55.0-win32-x64\jre\21.0.11-win32-x86_64\bin;C:\WINDOWS\SYSTEM32;C:\WINDOWS\WinSxS\amd64_microsoft.windows.common-controls_6595b64144ccf1df_6.0.26100.8521_none_3e08b75ce33403b3;c:\Users\backu\.vscode\extensions\redhat.java-1.55.0-win32-x64\jre\21.0.11-win32-x86_64\bin\server;C:\Users\backu\AppData\Roaming\Code\User\globalStorage\redhat.java\1.55.0\config_win\org.eclipse.equinox.launcher\org.eclipse.equinox.launcher.win32.win32.x86_64_1.3.100.v20260613-0559;C:\Users\backu\AppData\Local\Temp\jna-93493358

VM Arguments:
jvm_args: --add-modules=ALL-SYSTEM --add-opens=java.base/java.util=ALL-UNNAMED --add-opens=java.base/java.lang=ALL-UNNAMED --add-opens=java.base/sun.nio.fs=ALL-UNNAMED -Declipse.application=org.eclipse.jdt.ls.core.id1 -Dosgi.bundles.defaultStartLevel=4 -Declipse.product=org.eclipse.jdt.ls.core.product -Djava.import.generatesMetadataFilesAtProjectRoot=false -DDetectVMInstallationsJob.disabled=true -Dfile.encoding=utf8 -XX:+UseParallelGC -XX:GCTimeRatio=4 -XX:AdaptiveSizePolicyWeight=90 -Dsun.zip.disableMemoryMapping=true -Xmx2G -Xms100m -Xlog:disable -javaagent:c:\Users\backu\.vscode\extensions\redhat.java-1.55.0-win32-x64\lombok\lombok-1.18.39-4050.jar -XX:+HeapDumpOnOutOfMemoryError -XX:HeapDumpPath=c:\Users\backu\AppData\Roaming\Code\User\workspaceStorage\24d177da0d8e40e9f1d65268932b200b\redhat.java -Daether.dependencyCollector.impl=bf 
java_command: c:\Users\backu\.vscode\extensions\redhat.java-1.55.0-win32-x64\server\plugins\org.eclipse.equinox.launcher_1.7.200.v20260619-2039.jar -configuration c:\Users\backu\AppData\Roaming\Code\User\globalStorage\redhat.java\1.55.0\config_win -data c:\Users\backu\AppData\Roaming\Code\User\workspaceStorage\24d177da0d8e40e9f1d65268932b200b\redhat.java\jdt_ws --pipe=\\.\pipe\lsp-ebf3d5d7fb3011f6a422350d1c4a8a91-sock
java_class_path (initial): c:\Users\backu\.vscode\extensions\redhat.java-1.55.0-win32-x64\server\plugins\org.eclipse.equinox.launcher_1.7.200.v20260619-2039.jar
Launcher Type: SUN_STANDARD

[Global flags]
    uintx AdaptiveSizePolicyWeight                 = 90                                        {product} {command line}
     intx CICompilerCount                          = 12                                        {product} {ergonomic}
    uintx GCTimeRatio                              = 4                                         {product} {command line}
     bool HeapDumpOnOutOfMemoryError               = true                                   {manageable} {command line}
    ccstr HeapDumpPath                             = c:\Users\backu\AppData\Roaming\Code\User\workspaceStorage\24d177da0d8e40e9f1d65268932b200b\redhat.java         {manageable} {command line}
   size_t InitialHeapSize                          = 104857600                                 {product} {command line}
   size_t MaxHeapSize                              = 2147483648                                {product} {command line}
   size_t MaxNewSize                               = 715653120                                 {product} {ergonomic}
   size_t MinHeapDeltaBytes                        = 524288                                    {product} {ergonomic}
   size_t MinHeapSize                              = 104857600                                 {product} {command line}
   size_t NewSize                                  = 34603008                                  {product} {ergonomic}
    uintx NonNMethodCodeHeapSize                   = 7602480                                {pd product} {ergonomic}
    uintx NonProfiledCodeHeapSize                  = 122027880                              {pd product} {ergonomic}
   size_t OldSize                                  = 70254592                                  {product} {ergonomic}
    uintx ProfiledCodeHeapSize                     = 122027880                              {pd product} {ergonomic}
    uintx ReservedCodeCacheSize                    = 251658240                              {pd product} {ergonomic}
     bool SegmentedCodeCache                       = true                                      {product} {ergonomic}
   size_t SoftMaxHeapSize                          = 2147483648                             {manageable} {ergonomic}
     bool UseCompressedOops                        = true                           {product lp64_product} {ergonomic}
     bool UseLargePagesIndividualAllocation        = false                                  {pd product} {ergonomic}
     bool UseParallelGC                            = true                                      {product} {command line}

Logging:
Log output configuration:
 #0: stdout all=off uptime,level,tags foldmultilines=false
 #1: stderr all=off uptime,level,tags foldmultilines=false

Release file:
JAVA_VERSION="21.0.11" 
MODULES="java.base java.compiler java.datatransfer java.xml java.prefs java.desktop java.instrument java.logging java.management java.security.sasl java.naming java.rmi java.management.rmi java.net.http java.scripting java.security.jgss java.transaction.xa java.sql java.sql.rowset java.xml.crypto java.se java.smartcardio jdk.accessibility jdk.internal.jvmstat jdk.attach jdk.charsets jdk.internal.opt jdk.zipfs jdk.compiler jdk.crypto.ec jdk.crypto.cryptoki jdk.crypto.mscapi jdk.dynalink jdk.internal.ed jdk.editpad jdk.hotspot.agent jdk.httpserver jdk.internal.le jdk.internal.vm.ci jdk.internal.vm.compiler jdk.internal.vm.compiler.management jdk.jartool jdk.javadoc jdk.jcmd jdk.management jdk.management.agent jdk.jconsole jdk.jdeps jdk.jdwp.agent jdk.jdi jdk.jfr jdk.jshell jdk.jsobject jdk.jstatd jdk.localedata jdk.management.jfr jdk.naming.dns jdk.naming.rmi jdk.net jdk.nio.mapmode jdk.random jdk.sctp jdk.security.auth jdk.security.jgss jdk.unsupported jdk.unsupported.desktop jdk.xml.dom" 

Environment Variables:
JAVA_HOME=C:\Users\backu\Downloads\openjdk-21+35_windows-x64_bin
PATH=C:\SIMULIA\Commands;C:\Users\backu\Downloads\openjdk-21+35_windows-x64_bin\jdk-21\bin;C:\Windows\system32;C:\Windows;C:\Windows\System32\Wbem;C:\Windows\System32\WindowsPowerShell\v1.0\;C:\Windows\System32\OpenSSH\;C:\Program Files\dotnet\;C:\WINDOWS\system32;C:\WINDOWS;C:\WINDOWS\System32\Wbem;C:\WINDOWS\System32\WindowsPowerShell\v1.0\;C:\WINDOWS\System32\OpenSSH\;C:\Users\backu\Downloads\apache-maven-3.9.8-bin.zip\apache-maven-3.9.8\bin;C:\Program Files (x86)\Windows Kits\8.1\Windows Performance Toolkit\;C:\Program Files\Git\cmd;C:\Users\backu\Downloads\apache-maven-3.9.9-bin\apache-maven-3.9.9\bin;E:\Matlab\bin;C:\Program Files\Docker\Docker\resources\bin;C:\MinGW\bin;C:\Program Files\NVIDIA Corporation\NVIDIA App\NvDLISR;C:\Users\backu\Downloads\openjdk-21+35_windows-x64_bin\jdk-21\bin;C:\Program Files\nodejs\;C:\Program Files\WireGuard\;C:\Users\backu\AppData\Local\Programs\Python\Python313\Scripts\;C:\Users\backu\AppData\Local\Programs\Python\Python313\;C:\Program Files\MySQL\MySQL Shell 8.0\bin\;C:\Users\backu\AppData\Local\Microsoft\WindowsApps;C:\Users\backu\AppData\Local\Programs\Microsoft VS Code\bin;C:\Users\backu\AppData\Local\Programs\cursor\resources\app\bin;C:\Users\backu\AppData\Roaming\npm
USERNAME=backu
OS=Windows_NT
PROCESSOR_IDENTIFIER=Intel64 Family 6 Model 154 Stepping 3, GenuineIntel
TMP=C:\Users\backu\AppData\Local\Temp
TEMP=C:\Users\backu\AppData\Local\Temp




Periodic native trim disabled

---------------  S Y S T E M  ---------------

OS:
 Windows 11 , 64 bit Build 26100 (10.0.26100.8521)
OS uptime: 0 days 3:07 hours
Hyper-V role detected

CPU: total 16 (initial active 16) (8 cores per cpu, 2 threads per core) family 6 model 154 stepping 3 microcode 0x43b, cx8, cmov, fxsr, ht, mmx, 3dnowpref, sse, sse2, sse3, ssse3, sse4.1, sse4.2, popcnt, lzcnt, tsc, tscinvbit, avx, avx2, aes, erms, clmul, bmi1, bmi2, adx, sha, fma, vzeroupper, clflush, clflushopt, clwb, hv, serialize, rdtscp, rdpid, fsrm, f16c, cet_ibt, cet_ss
Processor Information for processor 0
  Max Mhz: 2500, Current Mhz: 2500, Mhz Limit: 2500
Processor Information for processor 1
  Max Mhz: 2500, Current Mhz: 2500, Mhz Limit: 2500
Processor Information for processor 2
  Max Mhz: 2500, Current Mhz: 1532, Mhz Limit: 2500
Processor Information for processor 3
  Max Mhz: 2500, Current Mhz: 1532, Mhz Limit: 2500
Processor Information for processor 4
  Max Mhz: 2500, Current Mhz: 1532, Mhz Limit: 2500
Processor Information for processor 5
  Max Mhz: 2500, Current Mhz: 2500, Mhz Limit: 2500
Processor Information for processor 6
  Max Mhz: 2500, Current Mhz: 1532, Mhz Limit: 2500
Processor Information for processor 7
  Max Mhz: 2500, Current Mhz: 1532, Mhz Limit: 2500
Processor Information for processor 8
  Max Mhz: 2500, Current Mhz: 2500, Mhz Limit: 2500
Processor Information for processor 9
  Max Mhz: 2500, Current Mhz: 1527, Mhz Limit: 2500
Processor Information for processor 10
  Max Mhz: 2500, Current Mhz: 1527, Mhz Limit: 2500
Processor Information for processor 11
  Max Mhz: 2500, Current Mhz: 1527, Mhz Limit: 2500
Processor Information for processor 12
  Max Mhz: 2500, Current Mhz: 2500, Mhz Limit: 2500
Processor Information for processor 13
  Max Mhz: 2500, Current Mhz: 1527, Mhz Limit: 2500
Processor Information for processor 14
  Max Mhz: 2500, Current Mhz: 1527, Mhz Limit: 2500
Processor Information for processor 15
  Max Mhz: 2500, Current Mhz: 1527, Mhz Limit: 2500

Memory: 4k page, system-wide physical 16068M (2155M free)
TotalPageFile size 24260M (AvailPageFile size 245M)
current process WorkingSet (physical memory assigned to process): 359M, peak: 367M
current process commit charge ("private bytes"): 446M, peak: 456M

vm_info: OpenJDK 64-Bit Server VM (21.0.11+10-LTS) for windows-amd64 JRE (21.0.11+10-LTS), built on 2026-04-21T00:00:00Z by "admin" with MS VC++ 17.12 (VS2022)

END.
