#
# There is insufficient memory for the Java Runtime Environment to continue.
# Native memory allocation (malloc) failed to allocate 1239056 bytes. Error detail: Chunk::new
# Possible reasons:
#   The system is out of physical RAM or swap space
#   This process is running with CompressedOops enabled, and the Java Heap may be blocking the growth of the native heap
# Possible solutions:
#   Reduce memory load on the system
#   Increase physical memory or swap space
#   Check if swap backing store is full
#   Decrease Java heap size (-Xmx/-Xms)
#   Decrease number of Java threads
#   Decrease Java thread stack sizes (-Xss)
#   Set larger code cache with -XX:ReservedCodeCacheSize=
#   JVM is running with Unscaled Compressed Oops mode in which the Java heap is
#     placed in the first 4GB address space. The Java Heap base address is the
#     maximum limit for the native heap growth. Please use -XX:HeapBaseMinAddress
#     to set the Java Heap base and to place the Java Heap above 4GB virtual address.
# This output file may be truncated or incomplete.
#
#  Out of Memory Error (arena.cpp:168), pid=35816, tid=22236
#
# JRE version: OpenJDK Runtime Environment Temurin-21.0.11+10 (21.0.11+10) (build 21.0.11+10-LTS)
# Java VM: OpenJDK 64-Bit Server VM Temurin-21.0.11+10 (21.0.11+10-LTS, mixed mode, sharing, tiered, compressed oops, compressed class ptrs, parallel gc, windows-amd64)
# No core dump will be written. Minidumps are not enabled by default on client versions of Windows
#

---------------  S U M M A R Y ------------

Command Line: --add-modules=ALL-SYSTEM --add-opens=java.base/java.util=ALL-UNNAMED --add-opens=java.base/java.lang=ALL-UNNAMED --add-opens=java.base/sun.nio.fs=ALL-UNNAMED -Declipse.application=org.eclipse.jdt.ls.core.id1 -Dosgi.bundles.defaultStartLevel=4 -Declipse.product=org.eclipse.jdt.ls.core.product -Djava.import.generatesMetadataFilesAtProjectRoot=false -DDetectVMInstallationsJob.disabled=true -Dfile.encoding=utf8 -XX:+UseParallelGC -XX:GCTimeRatio=4 -XX:AdaptiveSizePolicyWeight=90 -Dsun.zip.disableMemoryMapping=true -Xmx2G -Xms100m -Xlog:disable -javaagent:c:\Users\backu\.vscode\extensions\redhat.java-1.55.0-win32-x64\lombok\lombok-1.18.39-4050.jar -XX:+HeapDumpOnOutOfMemoryError -XX:HeapDumpPath=c:\Users\backu\AppData\Roaming\Code\User\workspaceStorage\24d177da0d8e40e9f1d65268932b200b\redhat.java -Daether.dependencyCollector.impl=bf c:\Users\backu\.vscode\extensions\redhat.java-1.55.0-win32-x64\server\plugins\org.eclipse.equinox.launcher_1.7.200.v20260619-2039.jar -configuration c:\Users\backu\AppData\Roaming\Code\User\globalStorage\redhat.java\1.55.0\config_win -data c:\Users\backu\AppData\Roaming\Code\User\workspaceStorage\24d177da0d8e40e9f1d65268932b200b\redhat.java\jdt_ws --pipe=\\.\pipe\lsp-760299ab68c2012d78dbdae5c13f8c94-sock

Host: 12th Gen Intel(R) Core(TM) i5-12500H, 16 cores, 15G,  Windows 11 , 64 bit Build 26100 (10.0.26100.8521)
Time: Sat Aug  1 17:15:26 2026 India Standard Time elapsed time: 12.563512 seconds (0d 0h 0m 12s)

---------------  T H R E A D  ---------------

Current thread (0x000001ffc5b77ad0):  JavaThread "C2 CompilerThread4" daemon [_thread_in_native, id=22236, stack(0x000000b34ee00000,0x000000b34ef00000) (1024K)]


Current CompileTask:
C2:12563 4921       4       org.eclipse.osgi.internal.loader.BundleLoader::addExportedProvidersFor (167 bytes)

Stack: [0x000000b34ee00000,0x000000b34ef00000]
Native frames: (J=compiled Java code, j=interpreted, Vv=VM code, C=native code)
V  [jvm.dll+0x6d7e19]
V  [jvm.dll+0x8b5096]
V  [jvm.dll+0x8b764e]
V  [jvm.dll+0x8b7d33]
V  [jvm.dll+0x284596]
V  [jvm.dll+0xc685d]
V  [jvm.dll+0xc6da1]
V  [jvm.dll+0x3bed31]
V  [jvm.dll+0x1e4149]
V  [jvm.dll+0x24c853]
V  [jvm.dll+0x24bce0]
V  [jvm.dll+0x1cb4ae]
V  [jvm.dll+0x25baad]
V  [jvm.dll+0x25a03a]
V  [jvm.dll+0x3f868e]
V  [jvm.dll+0x85fb0d]
V  [jvm.dll+0x6d664d]
C  [ucrtbase.dll+0x2cd30]
C  [KERNEL32.DLL+0x2e957]
C  [ntdll.dll+0x87c1c]


---------------  P R O C E S S  ---------------

Threads class SMR info:
_java_thread_list=0x000001ffc7fd2ca0, length=52, elements={
0x000001ffe409e6e0, 0x000001ffe41401c0, 0x000001ffe41410e0, 0x000001ffe4147eb0,
0x000001ffe4149d80, 0x000001ffe414e460, 0x000001ffe41501d0, 0x000001ffe41579e0,
0x000001ffe415e7c0, 0x000001fffc0b1ce0, 0x000001fffd7f93a0, 0x000001fffe1fa490,
0x000001fffdf6b900, 0x000001fffe0084c0, 0x000001fffdfe0f20, 0x000001fffe8e3de0,
0x000001fffec30c90, 0x000001fffe09c620, 0x000001fffe07eff0, 0x000001fffe07c890,
0x000001fffe07c200, 0x000001fffe7930a0, 0x000001fffd99efb0, 0x000001fffe07dc40,
0x000001fffe07f680, 0x000001ffc5ce2fe0, 0x000001ffc5b77ad0, 0x000001ffc6c12e80,
0x000001fffe07cf20, 0x000001fffe07d5b0, 0x000001fffe07e2d0, 0x000001fffe07e960,
0x000001ffc7421d70, 0x000001ffc741e8f0, 0x000001ffc741fca0, 0x000001ffc74216e0,
0x000001ffc7420330, 0x000001ffc741ef80, 0x000001ffc7422400, 0x000001ffc7421050,
0x000001ffc7422a90, 0x000001ffc74209c0, 0x000001ffc741f610, 0x000001ffc7423120,
0x000001ffc74251f0, 0x000001ffc74237b0, 0x000001ffc7425880, 0x000001ffc74244d0,
0x000001fffe1e39c0, 0x000001ffc5a997c0, 0x000001ffc7424b60, 0x000001ffc7425f10
}

Java Threads: ( => current thread )
  0x000001ffe409e6e0 JavaThread "main"                              [_thread_blocked, id=37784, stack(0x000000b34c200000,0x000000b34c300000) (1024K)]
  0x000001ffe41401c0 JavaThread "Reference Handler"          daemon [_thread_blocked, id=29288, stack(0x000000b34c600000,0x000000b34c700000) (1024K)]
  0x000001ffe41410e0 JavaThread "Finalizer"                  daemon [_thread_blocked, id=37792, stack(0x000000b34c700000,0x000000b34c800000) (1024K)]
  0x000001ffe4147eb0 JavaThread "Signal Dispatcher"          daemon [_thread_blocked, id=32860, stack(0x000000b34c800000,0x000000b34c900000) (1024K)]
  0x000001ffe4149d80 JavaThread "Attach Listener"            daemon [_thread_blocked, id=37744, stack(0x000000b34c900000,0x000000b34ca00000) (1024K)]
  0x000001ffe414e460 JavaThread "Service Thread"             daemon [_thread_blocked, id=18072, stack(0x000000b34ca00000,0x000000b34cb00000) (1024K)]
  0x000001ffe41501d0 JavaThread "Monitor Deflation Thread"   daemon [_thread_blocked, id=34324, stack(0x000000b34cb00000,0x000000b34cc00000) (1024K)]
  0x000001ffe41579e0 JavaThread "C2 CompilerThread0"         daemon [_thread_in_native, id=36064, stack(0x000000b34cc00000,0x000000b34cd00000) (1024K)]
  0x000001ffe415e7c0 JavaThread "C1 CompilerThread0"         daemon [_thread_blocked, id=27276, stack(0x000000b34cd00000,0x000000b34ce00000) (1024K)]
  0x000001fffc0b1ce0 JavaThread "Common-Cleaner"             daemon [_thread_blocked, id=35812, stack(0x000000b34d100000,0x000000b34d200000) (1024K)]
  0x000001fffd7f93a0 JavaThread "Notification Thread"        daemon [_thread_blocked, id=36724, stack(0x000000b34d300000,0x000000b34d400000) (1024K)]
  0x000001fffe1fa490 JavaThread "Active Thread: Equinox Container: 2d72e888-881c-4015-b361-4af6f6822b83"        [_thread_blocked, id=34692, stack(0x000000b34dc00000,0x000000b34dd00000) (1024K)]
  0x000001fffdf6b900 JavaThread "Refresh Thread: Equinox Container: 2d72e888-881c-4015-b361-4af6f6822b83" daemon [_thread_blocked, id=3280, stack(0x000000b34dd00000,0x000000b34de00000) (1024K)]
  0x000001fffe0084c0 JavaThread "Framework Event Dispatcher: Equinox Container: 2d72e888-881c-4015-b361-4af6f6822b83" daemon [_thread_blocked, id=22656, stack(0x000000b34de00000,0x000000b34df00000) (1024K)]
  0x000001fffdfe0f20 JavaThread "Start Level: Equinox Container: 2d72e888-881c-4015-b361-4af6f6822b83" daemon [_thread_blocked, id=37380, stack(0x000000b34df00000,0x000000b34e000000) (1024K)]
  0x000001fffe8e3de0 JavaThread "Bundle File Closer"         daemon [_thread_blocked, id=37628, stack(0x000000b34e300000,0x000000b34e400000) (1024K)]
  0x000001fffec30c90 JavaThread "SCR Component Actor"        daemon [_thread_blocked, id=18436, stack(0x000000b34d000000,0x000000b34d100000) (1024K)]
  0x000001fffe09c620 JavaThread "Worker-JM"                         [_thread_blocked, id=21332, stack(0x000000b34e400000,0x000000b34e500000) (1024K)]
  0x000001fffe07eff0 JavaThread "JNA Cleaner"                daemon [_thread_blocked, id=5716, stack(0x000000b34e500000,0x000000b34e600000) (1024K)]
  0x000001fffe07c890 JavaThread "Worker-0: Repository registry initialization"        [_thread_in_vm, id=25724, stack(0x000000b34e600000,0x000000b34e700000) (1024K)]
  0x000001fffe07c200 JavaThread "Worker-1"                          [_thread_blocked, id=28436, stack(0x000000b34e700000,0x000000b34e800000) (1024K)]
  0x000001fffe7930a0 JavaThread "C2 CompilerThread1"         daemon [_thread_in_native, id=31544, stack(0x000000b34e800000,0x000000b34e900000) (1024K)]
  0x000001fffd99efb0 JavaThread "C2 CompilerThread2"         daemon [_thread_in_native, id=34700, stack(0x000000b34ea00000,0x000000b34eb00000) (1024K)]
  0x000001fffe07dc40 JavaThread "Java indexing"              daemon [_thread_blocked, id=11504, stack(0x000000b34eb00000,0x000000b34ec00000) (1024K)]
  0x000001fffe07f680 JavaThread "Worker-2"                          [_thread_blocked, id=30092, stack(0x000000b34ec00000,0x000000b34ed00000) (1024K)]
  0x000001ffc5ce2fe0 JavaThread "C2 CompilerThread3"         daemon [_thread_in_native, id=33204, stack(0x000000b34ed00000,0x000000b34ee00000) (1024K)]
=>0x000001ffc5b77ad0 JavaThread "C2 CompilerThread4"         daemon [_thread_in_native, id=22236, stack(0x000000b34ee00000,0x000000b34ef00000) (1024K)]
  0x000001ffc6c12e80 JavaThread "C2 CompilerThread5"         daemon [_thread_in_native, id=27260, stack(0x000000b34ef00000,0x000000b34f000000) (1024K)]
  0x000001fffe07cf20 JavaThread "Worker-3"                          [_thread_blocked, id=18212, stack(0x000000b34f200000,0x000000b34f300000) (1024K)]
  0x000001fffe07d5b0 JavaThread "Worker-4"                          [_thread_blocked, id=24556, stack(0x000000b34f300000,0x000000b34f400000) (1024K)]
  0x000001fffe07e2d0 JavaThread "Thread-1"                   daemon [_thread_in_native, id=11192, stack(0x000000b34f400000,0x000000b34f500000) (1024K)]
  0x000001fffe07e960 JavaThread "Thread-2"                   daemon [_thread_in_native, id=5860, stack(0x000000b34f500000,0x000000b34f600000) (1024K)]
  0x000001ffc7421d70 JavaThread "Thread-3"                   daemon [_thread_in_native, id=9756, stack(0x000000b34f600000,0x000000b34f700000) (1024K)]
  0x000001ffc741e8f0 JavaThread "Thread-4"                   daemon [_thread_in_native, id=28408, stack(0x000000b34f700000,0x000000b34f800000) (1024K)]
  0x000001ffc741fca0 JavaThread "Thread-5"                   daemon [_thread_in_native, id=13928, stack(0x000000b34f800000,0x000000b34f900000) (1024K)]
  0x000001ffc74216e0 JavaThread "Thread-6"                   daemon [_thread_in_native, id=17080, stack(0x000000b34f900000,0x000000b34fa00000) (1024K)]
  0x000001ffc7420330 JavaThread "Thread-7"                   daemon [_thread_in_native, id=14240, stack(0x000000b34fa00000,0x000000b34fb00000) (1024K)]
  0x000001ffc741ef80 JavaThread "Thread-8"                   daemon [_thread_in_native, id=4212, stack(0x000000b34fb00000,0x000000b34fc00000) (1024K)]
  0x000001ffc7422400 JavaThread "Thread-9"                   daemon [_thread_in_native, id=26344, stack(0x000000b34fc00000,0x000000b34fd00000) (1024K)]
  0x000001ffc7421050 JavaThread "Thread-10"                  daemon [_thread_in_native, id=10532, stack(0x000000b34fd00000,0x000000b34fe00000) (1024K)]
  0x000001ffc7422a90 JavaThread "Thread-11"                  daemon [_thread_in_native, id=26204, stack(0x000000b34fe00000,0x000000b34ff00000) (1024K)]
  0x000001ffc74209c0 JavaThread "Thread-12"                  daemon [_thread_in_native, id=35108, stack(0x000000b34ff00000,0x000000b350000000) (1024K)]
  0x000001ffc741f610 JavaThread "Thread-13"                  daemon [_thread_in_native, id=33540, stack(0x000000b350000000,0x000000b350100000) (1024K)]
  0x000001ffc7423120 JavaThread "Thread-14"                  daemon [_thread_in_native, id=35136, stack(0x000000b350100000,0x000000b350200000) (1024K)]
  0x000001ffc74251f0 JavaThread "Thread-15"                  daemon [_thread_in_native, id=14736, stack(0x000000b350200000,0x000000b350300000) (1024K)]
  0x000001ffc74237b0 JavaThread "Thread-16"                  daemon [_thread_in_native, id=33908, stack(0x000000b350300000,0x000000b350400000) (1024K)]
  0x000001ffc7425880 JavaThread "Thread-17"                  daemon [_thread_in_native, id=6760, stack(0x000000b350400000,0x000000b350500000) (1024K)]
  0x000001ffc74244d0 JavaThread "pool-2-thread-1"                   [_thread_blocked, id=3976, stack(0x000000b350500000,0x000000b350600000) (1024K)]
  0x000001fffe1e39c0 JavaThread "C2 CompilerThread6"         daemon [_thread_in_native, id=26256, stack(0x000000b350600000,0x000000b350700000) (1024K)]
  0x000001ffc5a997c0 JavaThread "C2 CompilerThread7"         daemon [_thread_in_native, id=25840, stack(0x000000b350700000,0x000000b350800000) (1024K)]
  0x000001ffc7424b60 JavaThread "WorkspaceEventsHandler"            [_thread_blocked, id=28752, stack(0x000000b350800000,0x000000b350900000) (1024K)]
  0x000001ffc7425f10 JavaThread "pool-1-thread-1"                   [_thread_blocked, id=30788, stack(0x000000b350900000,0x000000b350a00000) (1024K)]
Total: 52

Other Threads:
  0x000001ffe4034130 VMThread "VM Thread"                           [id=29532, stack(0x000000b34c500000,0x000000b34c600000) (1024K)]
  0x000001ffe3f2ca00 WatcherThread "VM Periodic Task Thread"        [id=37796, stack(0x000000b34c400000,0x000000b34c500000) (1024K)]
  0x000001ffe40bcbc0 WorkerThread "GC Thread#0"                     [id=37780, stack(0x000000b34c300000,0x000000b34c400000) (1024K)]
  0x000001fffddffef0 WorkerThread "GC Thread#1"                     [id=37776, stack(0x000000b34d600000,0x000000b34d700000) (1024K)]
  0x000001fffdd50710 WorkerThread "GC Thread#2"                     [id=7348, stack(0x000000b34d700000,0x000000b34d800000) (1024K)]
  0x000001fffdd50ac0 WorkerThread "GC Thread#3"                     [id=164, stack(0x000000b34d800000,0x000000b34d900000) (1024K)]
  0x000001fffdcd1730 WorkerThread "GC Thread#4"                     [id=11188, stack(0x000000b34d900000,0x000000b34da00000) (1024K)]
  0x000001fffdc0a5c0 WorkerThread "GC Thread#5"                     [id=26708, stack(0x000000b34da00000,0x000000b34db00000) (1024K)]
  0x000001fffd734b00 WorkerThread "GC Thread#6"                     [id=36772, stack(0x000000b34db00000,0x000000b34dc00000) (1024K)]
  0x000001fffd733890 WorkerThread "GC Thread#7"                     [id=37376, stack(0x000000b34d500000,0x000000b34d600000) (1024K)]
  0x000001fffd733c40 WorkerThread "GC Thread#8"                     [id=14840, stack(0x000000b34e000000,0x000000b34e100000) (1024K)]
  0x000001fffd7343a0 WorkerThread "GC Thread#9"                     [id=34272, stack(0x000000b34e100000,0x000000b34e200000) (1024K)]
  0x000001fffd734750 WorkerThread "GC Thread#10"                    [id=29028, stack(0x000000b34e200000,0x000000b34e300000) (1024K)]
  0x000001fffd733ff0 WorkerThread "GC Thread#11"                    [id=30072, stack(0x000000b34d200000,0x000000b34d300000) (1024K)]
  0x000001fffe452a10 WorkerThread "GC Thread#12"                    [id=29360, stack(0x000000b34d400000,0x000000b34d500000) (1024K)]
Total: 15

Threads with active compile tasks:
C2 CompilerThread0  12628 6027       4       java.lang.invoke.MethodType::makeImpl (109 bytes)
C1 CompilerThread0  12629 6131       3       java.lang.Class::getDeclaredConstructor (31 bytes)
C2 CompilerThread1  12629 6130       4       java.util.Comparator$$Lambda/0x000001ff81022e88::compare (10 bytes)
C2 CompilerThread2  12630 4676   !   4       org.eclipse.osgi.internal.loader.classpath.ClasspathManager::findClassImpl (328 bytes)
C2 CompilerThread3  12630 6124       4       java.lang.ClassLoader::getDefinedPackage (36 bytes)
C2 CompilerThread4  12631 4921       4       org.eclipse.osgi.internal.loader.BundleLoader::addExportedProvidersFor (167 bytes)
C2 CompilerThread5  12631 6129   !   4       java.util.concurrent.ConcurrentHashMap::replaceNode (437 bytes)
C2 CompilerThread6  12632 6128       4       java.lang.ref.Reference::enqueueFromPending (19 bytes)
C2 CompilerThread7  12632 6108       4       jdk.internal.org.objectweb.asm.SymbolTable::addConstantMemberReference (147 bytes)
Total: 9

VM state: not at safepoint (normal execution)

VM Mutex/Monitor currently owned by a thread: None

Heap address: 0x0000000080000000, size: 2048 MB, Compressed Oops mode: 32-bit

CDS archive(s) mapped at: [0x000001ff80000000-0x000001ff80ba0000-0x000001ff80ba0000), size 12189696, SharedBaseAddress: 0x000001ff80000000, ArchiveRelocationMode: 1.
Compressed class space mapped at: 0x000001ff81000000-0x000001ffc1000000, reserved size: 1073741824
Narrow klass base: 0x000001ff80000000, Narrow klass shift: 0, Narrow klass range: 0x100000000

GC Precious Log:
 CardTable entry size: 512
 CPUs: 16 total, 16 available
 Memory: 16068M
 Large Page Support: Disabled
 NUMA Support: Disabled
 Compressed Oops: Enabled (32-bit)
 Alignments: Space 512K, Generation 512K, Heap 2M
 Heap Min Capacity: 100M
 Heap Initial Capacity: 100M
 Heap Max Capacity: 2G
 Pre-touch: Disabled
 Parallel Workers: 13

Heap:
 PSYoungGen      total 23552K, used 1558K [0x00000000d5580000, 0x00000000d6e00000, 0x0000000100000000)
  eden space 22016K, 1% used [0x00000000d5580000,0x00000000d55d5a90,0x00000000d6b00000)
  from space 1536K, 79% used [0x00000000d6b80000,0x00000000d6cb0000,0x00000000d6d00000)
  to   space 1024K, 0% used [0x00000000d6d00000,0x00000000d6d00000,0x00000000d6e00000)
 ParOldGen       total 68608K, used 24636K [0x0000000080000000, 0x0000000084300000, 0x00000000d5580000)
  object space 68608K, 35% used [0x0000000080000000,0x000000008180f0b0,0x0000000084300000)
 Metaspace       used 42275K, committed 43520K, reserved 1114112K
  class space    used 4475K, committed 5056K, reserved 1048576K

Card table byte_map: [0x000001ffe3a40000,0x000001ffe3e50000] _byte_map_base: 0x000001ffe3640000

Marking Bits: (ParMarkBitMap*) 0x00007ff9e5d74460
 Begin Bits: [0x000001fff6550000, 0x000001fff8550000)
 End Bits:   [0x000001fff8550000, 0x000001fffa550000)

Polling page: 0x000001ffe1e80000

Metaspace:

Usage:
  Non-class:     36.91 MB used.
      Class:      4.37 MB used.
       Both:     41.28 MB used.

Virtual space:
  Non-class space:       64.00 MB reserved,      37.56 MB ( 59%) committed,  1 nodes.
      Class space:        1.00 GB reserved,       4.94 MB ( <1%) committed,  1 nodes.
             Both:        1.06 GB reserved,      42.50 MB (  4%) committed. 

Chunk freelists:
   Non-Class:  10.12 MB
       Class:  10.89 MB
        Both:  21.01 MB

MaxMetaspaceSize: unlimited
CompressedClassSpaceSize: 1.00 GB
Initial GC threshold: 21.00 MB
Current GC threshold: 58.38 MB
CDS: on
 - commit_granule_bytes: 65536.
 - commit_granule_words: 8192.
 - virtual_space_node_default_size: 8388608.
 - enlarge_chunks_in_place: 1.
 - use_allocation_guard: 0.


Internal statistics:

num_allocs_failed_limit: 6.
num_arena_births: 952.
num_arena_deaths: 14.
num_vsnodes_births: 2.
num_vsnodes_deaths: 0.
num_space_committed: 680.
num_space_uncommitted: 0.
num_chunks_returned_to_freelist: 20.
num_chunks_taken_from_freelist: 2923.
num_chunk_merges: 5.
num_chunk_splits: 1754.
num_chunks_enlarged: 916.
num_inconsistent_stats: 0.

CodeHeap 'non-profiled nmethods': size=119168Kb used=2638Kb max_used=2638Kb free=116529Kb
 bounds [0x000001ffeee40000, 0x000001ffef0e0000, 0x000001fff62a0000]
CodeHeap 'profiled nmethods': size=119104Kb used=11829Kb max_used=11829Kb free=107274Kb
 bounds [0x000001ffe72a0000, 0x000001ffe7e30000, 0x000001ffee6f0000]
CodeHeap 'non-nmethods': size=7488Kb used=1372Kb max_used=3107Kb free=6115Kb
 bounds [0x000001ffee6f0000, 0x000001ffeea60000, 0x000001ffeee40000]
CodeCache: size=245760Kb, used=15839Kb, max_used=17574Kb, free=229918Kb
 total_blobs=6214, nmethods=5543, adapters=577, full_count=0
Compilation: enabled, stopped_count=0, restarted_count=0

Compilation events (20 events):
Event: 11.518 Thread 0x000001ffc6c12e80 nmethod 6111 0x000001ffef0ca190 code [0x000001ffef0ca3c0, 0x000001ffef0ca7e8]
Event: 11.521 Thread 0x000001ffc6c12e80 6116   !   4       org.eclipse.osgi.internal.weaving.WovenClassImpl::notifyWovenClassListeners (54 bytes)
Event: 11.521 Thread 0x000001fffe7930a0 nmethod 6099 0x000001ffef0cac10 code [0x000001ffef0cae40, 0x000001ffef0cb808]
Event: 11.525 Thread 0x000001fffe7930a0 6114       4       java.util.LinkedHashMap::get (29 bytes)
Event: 11.528 Thread 0x000001ffc6c12e80 nmethod 6116 0x000001ffef0cbd10 code [0x000001ffef0cbec0, 0x000001ffef0cc010]
Event: 11.529 Thread 0x000001ffc6c12e80 6115       4       java.util.AbstractCollection::isEmpty (13 bytes)
Event: 11.530 Thread 0x000001ffc5163ed0 6117       3       com.google.inject.internal.Errors::size (27 bytes)
Event: 11.531 Thread 0x000001fffbf0c300 6118       3       com.google.inject.internal.Nullability::hasNullableAnnotation (49 bytes)
Event: 11.531 Thread 0x000001ffc5163ed0 nmethod 6117 0x000001ffe7e28a10 code [0x000001ffe7e28bc0, 0x000001ffe7e28df0]
Event: 11.532 Thread 0x000001fffbf0c300 nmethod 6118 0x000001ffe7e28f10 code [0x000001ffe7e29100, 0x000001ffe7e29460]
Event: 11.533 Thread 0x000001ffc6c12e80 nmethod 6115 0x000001ffef0cc190 code [0x000001ffef0cc320, 0x000001ffef0cc3d8]
Event: 11.534 Thread 0x000001ffc6c12e80 6113       4       java.lang.invoke.MethodHandle::intrinsicName (4 bytes)
Event: 11.537 Thread 0x000001ffc6c12e80 nmethod 6113 0x000001ffef0cc490 code [0x000001ffef0cc620, 0x000001ffef0cc6b0]
Event: 11.538 Thread 0x000001ffc6c12e80 6119   !   4       java.util.zip.Inflater::inflate (456 bytes)
Event: 11.544 Thread 0x000001fffe7930a0 nmethod 6114 0x000001ffef0cc790 code [0x000001ffef0cc960, 0x000001ffef0ccd20]
Event: 11.545 Thread 0x000001ffc5ce2fe0 nmethod 6110 0x000001ffef0cd090 code [0x000001ffef0cd300, 0x000001ffef0cdf10]
Event: 11.550 Thread 0x000001ffe415e7c0 6120       1       java.util.stream.ForEachOps$ForEachOp::get (2 bytes)
Event: 11.550 Thread 0x000001ffe415e7c0 nmethod 6120 0x000001ffef0ce690 code [0x000001ffef0ce820, 0x000001ffef0ce8f0]
Event: 11.554 Thread 0x000001fffbf0c9b0 6121       3       sun.reflect.annotation.AnnotationParser::parseAnnotations2 (134 bytes)
Event: 11.556 Thread 0x000001fffbf0c9b0 nmethod 6121 0x000001ffe7e29610 code [0x000001ffe7e29960, 0x000001ffe7e2a9d8]

GC Heap History (20 events):
Event: 7.329 GC heap before
{Heap before GC invocations=9 (full 1):
 PSYoungGen      total 29184K, used 24576K [0x00000000d5580000, 0x00000000d7780000, 0x0000000100000000)
  eden space 24576K, 100% used [0x00000000d5580000,0x00000000d6d80000,0x00000000d6d80000)
  from space 4608K, 0% used [0x00000000d6d80000,0x00000000d6d80000,0x00000000d7200000)
  to   space 5120K, 0% used [0x00000000d7280000,0x00000000d7280000,0x00000000d7780000)
 ParOldGen       total 68608K, used 13089K [0x0000000080000000, 0x0000000084300000, 0x00000000d5580000)
  object space 68608K, 19% used [0x0000000080000000,0x0000000080cc8728,0x0000000084300000)
 Metaspace       used 22782K, committed 23680K, reserved 1114112K
  class space    used 2381K, committed 2752K, reserved 1048576K
}
Event: 7.331 GC heap after
{Heap after GC invocations=9 (full 1):
 PSYoungGen      total 27136K, used 2690K [0x00000000d5580000, 0x00000000d7580000, 0x0000000100000000)
  eden space 24064K, 0% used [0x00000000d5580000,0x00000000d5580000,0x00000000d6d00000)
  from space 3072K, 87% used [0x00000000d7280000,0x00000000d75208d0,0x00000000d7580000)
  to   space 3584K, 0% used [0x00000000d6e80000,0x00000000d6e80000,0x00000000d7200000)
 ParOldGen       total 68608K, used 13097K [0x0000000080000000, 0x0000000084300000, 0x00000000d5580000)
  object space 68608K, 19% used [0x0000000080000000,0x0000000080cca728,0x0000000084300000)
 Metaspace       used 22782K, committed 23680K, reserved 1114112K
  class space    used 2381K, committed 2752K, reserved 1048576K
}
Event: 7.679 GC heap before
{Heap before GC invocations=10 (full 1):
 PSYoungGen      total 27136K, used 26754K [0x00000000d5580000, 0x00000000d7580000, 0x0000000100000000)
  eden space 24064K, 100% used [0x00000000d5580000,0x00000000d6d00000,0x00000000d6d00000)
  from space 3072K, 87% used [0x00000000d7280000,0x00000000d75208d0,0x00000000d7580000)
  to   space 3584K, 0% used [0x00000000d6e80000,0x00000000d6e80000,0x00000000d7200000)
 ParOldGen       total 68608K, used 13097K [0x0000000080000000, 0x0000000084300000, 0x00000000d5580000)
  object space 68608K, 19% used [0x0000000080000000,0x0000000080cca728,0x0000000084300000)
 Metaspace       used 26106K, committed 27008K, reserved 1114112K
  class space    used 2629K, committed 3008K, reserved 1048576K
}
Event: 7.681 GC heap after
{Heap after GC invocations=10 (full 1):
 PSYoungGen      total 27136K, used 3440K [0x00000000d5580000, 0x00000000d7480000, 0x0000000100000000)
  eden space 23552K, 0% used [0x00000000d5580000,0x00000000d5580000,0x00000000d6c80000)
  from space 3584K, 96% used [0x00000000d6e80000,0x00000000d71dc2d0,0x00000000d7200000)
  to   space 2560K, 0% used [0x00000000d7200000,0x00000000d7200000,0x00000000d7480000)
 ParOldGen       total 68608K, used 13105K [0x0000000080000000, 0x0000000084300000, 0x00000000d5580000)
  object space 68608K, 19% used [0x0000000080000000,0x0000000080ccc728,0x0000000084300000)
 Metaspace       used 26106K, committed 27008K, reserved 1114112K
  class space    used 2629K, committed 3008K, reserved 1048576K
}
Event: 8.006 GC heap before
{Heap before GC invocations=11 (full 1):
 PSYoungGen      total 27136K, used 26992K [0x00000000d5580000, 0x00000000d7480000, 0x0000000100000000)
  eden space 23552K, 100% used [0x00000000d5580000,0x00000000d6c80000,0x00000000d6c80000)
  from space 3584K, 96% used [0x00000000d6e80000,0x00000000d71dc2d0,0x00000000d7200000)
  to   space 2560K, 0% used [0x00000000d7200000,0x00000000d7200000,0x00000000d7480000)
 ParOldGen       total 68608K, used 13105K [0x0000000080000000, 0x0000000084300000, 0x00000000d5580000)
  object space 68608K, 19% used [0x0000000080000000,0x0000000080ccc728,0x0000000084300000)
 Metaspace       used 27798K, committed 28800K, reserved 1114112K
  class space    used 2740K, committed 3136K, reserved 1048576K
}
Event: 8.009 GC heap after
{Heap after GC invocations=11 (full 1):
 PSYoungGen      total 25600K, used 2559K [0x00000000d5580000, 0x00000000d7480000, 0x0000000100000000)
  eden space 23040K, 0% used [0x00000000d5580000,0x00000000d5580000,0x00000000d6c00000)
  from space 2560K, 99% used [0x00000000d7200000,0x00000000d747fc08,0x00000000d7480000)
  to   space 4096K, 0% used [0x00000000d6c80000,0x00000000d6c80000,0x00000000d7080000)
 ParOldGen       total 68608K, used 14303K [0x0000000080000000, 0x0000000084300000, 0x00000000d5580000)
  object space 68608K, 20% used [0x0000000080000000,0x0000000080df7de0,0x0000000084300000)
 Metaspace       used 27798K, committed 28800K, reserved 1114112K
  class space    used 2740K, committed 3136K, reserved 1048576K
}
Event: 8.503 GC heap before
{Heap before GC invocations=12 (full 1):
 PSYoungGen      total 25600K, used 25599K [0x00000000d5580000, 0x00000000d7480000, 0x0000000100000000)
  eden space 23040K, 100% used [0x00000000d5580000,0x00000000d6c00000,0x00000000d6c00000)
  from space 2560K, 99% used [0x00000000d7200000,0x00000000d747fc08,0x00000000d7480000)
  to   space 4096K, 0% used [0x00000000d6c80000,0x00000000d6c80000,0x00000000d7080000)
 ParOldGen       total 68608K, used 14303K [0x0000000080000000, 0x0000000084300000, 0x00000000d5580000)
  object space 68608K, 20% used [0x0000000080000000,0x0000000080df7de0,0x0000000084300000)
 Metaspace       used 31199K, committed 32256K, reserved 1114112K
  class space    used 3121K, committed 3584K, reserved 1048576K
}
Event: 8.507 GC heap after
{Heap after GC invocations=12 (full 1):
 PSYoungGen      total 24576K, used 1796K [0x00000000d5580000, 0x00000000d7280000, 0x0000000100000000)
  eden space 22528K, 0% used [0x00000000d5580000,0x00000000d5580000,0x00000000d6b80000)
  from space 2048K, 87% used [0x00000000d6c80000,0x00000000d6e41350,0x00000000d6e80000)
  to   space 2560K, 0% used [0x00000000d7000000,0x00000000d7000000,0x00000000d7280000)
 ParOldGen       total 68608K, used 16778K [0x0000000080000000, 0x0000000084300000, 0x00000000d5580000)
  object space 68608K, 24% used [0x0000000080000000,0x0000000081062988,0x0000000084300000)
 Metaspace       used 31199K, committed 32256K, reserved 1114112K
  class space    used 3121K, committed 3584K, reserved 1048576K
}
Event: 8.935 GC heap before
{Heap before GC invocations=13 (full 1):
 PSYoungGen      total 24576K, used 24324K [0x00000000d5580000, 0x00000000d7280000, 0x0000000100000000)
  eden space 22528K, 100% used [0x00000000d5580000,0x00000000d6b80000,0x00000000d6b80000)
  from space 2048K, 87% used [0x00000000d6c80000,0x00000000d6e41350,0x00000000d6e80000)
  to   space 2560K, 0% used [0x00000000d7000000,0x00000000d7000000,0x00000000d7280000)
 ParOldGen       total 68608K, used 16778K [0x0000000080000000, 0x0000000084300000, 0x00000000d5580000)
  object space 68608K, 24% used [0x0000000080000000,0x0000000081062988,0x0000000084300000)
 Metaspace       used 34069K, committed 35200K, reserved 1114112K
  class space    used 3484K, committed 3968K, reserved 1048576K
}
Event: 8.938 GC heap after
{Heap after GC invocations=13 (full 1):
 PSYoungGen      total 24064K, used 2039K [0x00000000d5580000, 0x00000000d7200000, 0x0000000100000000)
  eden space 22016K, 0% used [0x00000000d5580000,0x00000000d5580000,0x00000000d6b00000)
  from space 2048K, 99% used [0x00000000d7000000,0x00000000d71fddf8,0x00000000d7200000)
  to   space 2560K, 0% used [0x00000000d6d00000,0x00000000d6d00000,0x00000000d6f80000)
 ParOldGen       total 68608K, used 18331K [0x0000000080000000, 0x0000000084300000, 0x00000000d5580000)
  object space 68608K, 26% used [0x0000000080000000,0x00000000811e6f28,0x0000000084300000)
 Metaspace       used 34069K, committed 35200K, reserved 1114112K
  class space    used 3484K, committed 3968K, reserved 1048576K
}
Event: 9.028 GC heap before
{Heap before GC invocations=14 (full 1):
 PSYoungGen      total 24064K, used 6291K [0x00000000d5580000, 0x00000000d7200000, 0x0000000100000000)
  eden space 22016K, 19% used [0x00000000d5580000,0x00000000d59a70e0,0x00000000d6b00000)
  from space 2048K, 99% used [0x00000000d7000000,0x00000000d71fddf8,0x00000000d7200000)
  to   space 2560K, 0% used [0x00000000d6d00000,0x00000000d6d00000,0x00000000d6f80000)
 ParOldGen       total 68608K, used 18331K [0x0000000080000000, 0x0000000084300000, 0x00000000d5580000)
  object space 68608K, 26% used [0x0000000080000000,0x00000000811e6f28,0x0000000084300000)
 Metaspace       used 34687K, committed 35840K, reserved 1114112K
  class space    used 3563K, committed 4096K, reserved 1048576K
}
Event: 9.030 GC heap after
{Heap after GC invocations=14 (full 1):
 PSYoungGen      total 22528K, used 467K [0x00000000d5580000, 0x00000000d7080000, 0x0000000100000000)
  eden space 22016K, 0% used [0x00000000d5580000,0x00000000d5580000,0x00000000d6b00000)
  from space 512K, 91% used [0x00000000d6d00000,0x00000000d6d74e78,0x00000000d6d80000)
  to   space 1536K, 0% used [0x00000000d6f00000,0x00000000d6f00000,0x00000000d7080000)
 ParOldGen       total 68608K, used 20083K [0x0000000080000000, 0x0000000084300000, 0x00000000d5580000)
  object space 68608K, 29% used [0x0000000080000000,0x000000008139cf60,0x0000000084300000)
 Metaspace       used 34687K, committed 35840K, reserved 1114112K
  class space    used 3563K, committed 4096K, reserved 1048576K
}
Event: 9.030 GC heap before
{Heap before GC invocations=15 (full 2):
 PSYoungGen      total 22528K, used 467K [0x00000000d5580000, 0x00000000d7080000, 0x0000000100000000)
  eden space 22016K, 0% used [0x00000000d5580000,0x00000000d5580000,0x00000000d6b00000)
  from space 512K, 91% used [0x00000000d6d00000,0x00000000d6d74e78,0x00000000d6d80000)
  to   space 1536K, 0% used [0x00000000d6f00000,0x00000000d6f00000,0x00000000d7080000)
 ParOldGen       total 68608K, used 20083K [0x0000000080000000, 0x0000000084300000, 0x00000000d5580000)
  object space 68608K, 29% used [0x0000000080000000,0x000000008139cf60,0x0000000084300000)
 Metaspace       used 34687K, committed 35840K, reserved 1114112K
  class space    used 3563K, committed 4096K, reserved 1048576K
}
Event: 9.084 GC heap after
{Heap after GC invocations=15 (full 2):
 PSYoungGen      total 22528K, used 0K [0x00000000d5580000, 0x00000000d7080000, 0x0000000100000000)
  eden space 22016K, 0% used [0x00000000d5580000,0x00000000d5580000,0x00000000d6b00000)
  from space 512K, 0% used [0x00000000d6d00000,0x00000000d6d00000,0x00000000d6d80000)
  to   space 1536K, 0% used [0x00000000d6f00000,0x00000000d6f00000,0x00000000d7080000)
 ParOldGen       total 68608K, used 19330K [0x0000000080000000, 0x0000000084300000, 0x00000000d5580000)
  object space 68608K, 28% used [0x0000000080000000,0x00000000812e08b8,0x0000000084300000)
 Metaspace       used 34687K, committed 35840K, reserved 1114112K
  class space    used 3563K, committed 4096K, reserved 1048576K
}
Event: 9.542 GC heap before
{Heap before GC invocations=16 (full 2):
 PSYoungGen      total 22528K, used 22016K [0x00000000d5580000, 0x00000000d7080000, 0x0000000100000000)
  eden space 22016K, 100% used [0x00000000d5580000,0x00000000d6b00000,0x00000000d6b00000)
  from space 512K, 0% used [0x00000000d6d00000,0x00000000d6d00000,0x00000000d6d80000)
  to   space 1536K, 0% used [0x00000000d6f00000,0x00000000d6f00000,0x00000000d7080000)
 ParOldGen       total 68608K, used 19330K [0x0000000080000000, 0x0000000084300000, 0x00000000d5580000)
  object space 68608K, 28% used [0x0000000080000000,0x00000000812e08b8,0x0000000084300000)
 Metaspace       used 36384K, committed 37568K, reserved 1114112K
  class space    used 3795K, committed 4352K, reserved 1048576K
}
Event: 9.546 GC heap after
{Heap after GC invocations=16 (full 2):
 PSYoungGen      total 23552K, used 1533K [0x00000000d5580000, 0x00000000d7100000, 0x0000000100000000)
  eden space 22016K, 0% used [0x00000000d5580000,0x00000000d5580000,0x00000000d6b00000)
  from space 1536K, 99% used [0x00000000d6f00000,0x00000000d707f690,0x00000000d7080000)
  to   space 3072K, 0% used [0x00000000d6b00000,0x00000000d6b00000,0x00000000d6e00000)
 ParOldGen       total 68608K, used 20445K [0x0000000080000000, 0x0000000084300000, 0x00000000d5580000)
  object space 68608K, 29% used [0x0000000080000000,0x00000000813f7508,0x0000000084300000)
 Metaspace       used 36384K, committed 37568K, reserved 1114112K
  class space    used 3795K, committed 4352K, reserved 1048576K
}
Event: 10.086 GC heap before
{Heap before GC invocations=17 (full 2):
 PSYoungGen      total 23552K, used 23549K [0x00000000d5580000, 0x00000000d7100000, 0x0000000100000000)
  eden space 22016K, 100% used [0x00000000d5580000,0x00000000d6b00000,0x00000000d6b00000)
  from space 1536K, 99% used [0x00000000d6f00000,0x00000000d707f690,0x00000000d7080000)
  to   space 3072K, 0% used [0x00000000d6b00000,0x00000000d6b00000,0x00000000d6e00000)
 ParOldGen       total 68608K, used 20445K [0x0000000080000000, 0x0000000084300000, 0x00000000d5580000)
  object space 68608K, 29% used [0x0000000080000000,0x00000000813f7508,0x0000000084300000)
 Metaspace       used 38126K, committed 39424K, reserved 1114112K
  class space    used 4005K, committed 4608K, reserved 1048576K
}
Event: 10.089 GC heap after
{Heap after GC invocations=17 (full 2):
 PSYoungGen      total 23552K, used 1472K [0x00000000d5580000, 0x00000000d6f80000, 0x0000000100000000)
  eden space 22016K, 0% used [0x00000000d5580000,0x00000000d5580000,0x00000000d6b00000)
  from space 1536K, 95% used [0x00000000d6b00000,0x00000000d6c70000,0x00000000d6c80000)
  to   space 2048K, 0% used [0x00000000d6d80000,0x00000000d6d80000,0x00000000d6f80000)
 ParOldGen       total 68608K, used 21942K [0x0000000080000000, 0x0000000084300000, 0x00000000d5580000)
  object space 68608K, 31% used [0x0000000080000000,0x000000008156d8f8,0x0000000084300000)
 Metaspace       used 38126K, committed 39424K, reserved 1114112K
  class space    used 4005K, committed 4608K, reserved 1048576K
}
Event: 10.705 GC heap before
{Heap before GC invocations=18 (full 2):
 PSYoungGen      total 23552K, used 23488K [0x00000000d5580000, 0x00000000d6f80000, 0x0000000100000000)
  eden space 22016K, 100% used [0x00000000d5580000,0x00000000d6b00000,0x00000000d6b00000)
  from space 1536K, 95% used [0x00000000d6b00000,0x00000000d6c70000,0x00000000d6c80000)
  to   space 2048K, 0% used [0x00000000d6d80000,0x00000000d6d80000,0x00000000d6f80000)
 ParOldGen       total 68608K, used 21942K [0x0000000080000000, 0x0000000084300000, 0x00000000d5580000)
  object space 68608K, 31% used [0x0000000080000000,0x000000008156d8f8,0x0000000084300000)
 Metaspace       used 40419K, committed 41664K, reserved 1114112K
  class space    used 4244K, committed 4800K, reserved 1048576K
}
Event: 10.711 GC heap after
{Heap after GC invocations=18 (full 2):
 PSYoungGen      total 24064K, used 1600K [0x00000000d5580000, 0x00000000d6f80000, 0x0000000100000000)
  eden space 22016K, 0% used [0x00000000d5580000,0x00000000d5580000,0x00000000d6b00000)
  from space 2048K, 78% used [0x00000000d6d80000,0x00000000d6f10020,0x00000000d6f80000)
  to   space 2048K, 0% used [0x00000000d6b80000,0x00000000d6b80000,0x00000000d6d80000)
 ParOldGen       total 68608K, used 23188K [0x0000000080000000, 0x0000000084300000, 0x00000000d5580000)
  object space 68608K, 33% used [0x0000000080000000,0x00000000816a5080,0x0000000084300000)
 Metaspace       used 40419K, committed 41664K, reserved 1114112K
  class space    used 4244K, committed 4800K, reserved 1048576K
}

Dll operation events (10 events):
Event: 0.017 Loaded shared library c:\Users\backu\.vscode\extensions\redhat.java-1.55.0-win32-x64\jre\21.0.11-win32-x86_64\bin\java.dll
Event: 0.115 Loaded shared library c:\Users\backu\.vscode\extensions\redhat.java-1.55.0-win32-x64\jre\21.0.11-win32-x86_64\bin\zip.dll
Event: 0.140 Loaded shared library C:\Users\backu\.vscode\extensions\redhat.java-1.55.0-win32-x64\jre\21.0.11-win32-x86_64\bin\instrument.dll
Event: 0.146 Loaded shared library C:\Users\backu\.vscode\extensions\redhat.java-1.55.0-win32-x64\jre\21.0.11-win32-x86_64\bin\net.dll
Event: 0.149 Loaded shared library C:\Users\backu\.vscode\extensions\redhat.java-1.55.0-win32-x64\jre\21.0.11-win32-x86_64\bin\nio.dll
Event: 0.153 Loaded shared library C:\Users\backu\.vscode\extensions\redhat.java-1.55.0-win32-x64\jre\21.0.11-win32-x86_64\bin\zip.dll
Event: 0.176 Loaded shared library C:\Users\backu\.vscode\extensions\redhat.java-1.55.0-win32-x64\jre\21.0.11-win32-x86_64\bin\jimage.dll
Event: 0.263 Loaded shared library c:\Users\backu\.vscode\extensions\redhat.java-1.55.0-win32-x64\jre\21.0.11-win32-x86_64\bin\verify.dll
Event: 1.573 Loaded shared library C:\Users\backu\AppData\Roaming\Code\User\globalStorage\redhat.java\1.55.0\config_win\org.eclipse.equinox.launcher\org.eclipse.equinox.launcher.win32.win32.x86_64_1.3.100.v20260613-0559\eclipse_11924.dll
Event: 5.745 Loaded shared library C:\Users\backu\AppData\Local\Temp\jna-93493358\jna8984031273897398056.dll

Deoptimization events (20 events):
Event: 11.138 Thread 0x000001ffc7425f10 Uncommon trap: trap_request=0xffffff45 fr.pc=0x000001ffef048940 relative=0x0000000000000b40
Event: 11.138 Thread 0x000001ffc7425f10 Uncommon trap: reason=unstable_if action=reinterpret pc=0x000001ffef048940 method=org.eclipse.osgi.internal.loader.BundleLoader.getPackageName(Ljava/lang/String;)Ljava/lang/String; @ 12 c2
Event: 11.138 Thread 0x000001ffc7425f10 DEOPT PACKING pc=0x000001ffef048940 sp=0x000000b3509fdd50
Event: 11.138 Thread 0x000001ffc7425f10 DEOPT UNPACKING pc=0x000001ffee743aa2 sp=0x000000b3509fdcc0 mode 2
Event: 11.139 Thread 0x000001ffc7425f10 Uncommon trap: trap_request=0xffffff45 fr.pc=0x000001ffeef5437c relative=0x000000000000021c
Event: 11.139 Thread 0x000001ffc7425f10 Uncommon trap: reason=unstable_if action=reinterpret pc=0x000001ffeef5437c method=sun.nio.cs.StreamDecoder.lockedRead([CII)I @ 165 c2
Event: 11.139 Thread 0x000001ffc7425f10 DEOPT PACKING pc=0x000001ffeef5437c sp=0x000000b3509fdcc0
Event: 11.139 Thread 0x000001ffc7425f10 DEOPT UNPACKING pc=0x000001ffee743aa2 sp=0x000000b3509fdc60 mode 2
Event: 11.203 Thread 0x000001ffc7425f10 Uncommon trap: trap_request=0xffffff45 fr.pc=0x000001ffeee67d50 relative=0x0000000000000730
Event: 11.203 Thread 0x000001ffc7425f10 Uncommon trap: reason=unstable_if action=reinterpret pc=0x000001ffeee67d50 method=com.google.gson.internal.LinkedTreeMap.find(Ljava/lang/Object;Z)Lcom/google/gson/internal/LinkedTreeMap$Node; @ 72 c2
Event: 11.204 Thread 0x000001ffc7425f10 DEOPT PACKING pc=0x000001ffeee67d50 sp=0x000000b3509fe5a0
Event: 11.204 Thread 0x000001ffc7425f10 DEOPT UNPACKING pc=0x000001ffee743aa2 sp=0x000000b3509fe530 mode 2
Event: 11.491 Thread 0x000001ffc7425f10 Uncommon trap: trap_request=0xfffffff4 fr.pc=0x000001ffef028ea8 relative=0x0000000000000368
Event: 11.492 Thread 0x000001ffc7425f10 Uncommon trap: reason=null_check action=make_not_entrant pc=0x000001ffef028ea8 method=sun.invoke.util.VerifyType.isNullConversion(Ljava/lang/Class;Ljava/lang/Class;Z)Z @ 12 c2
Event: 11.492 Thread 0x000001ffc7425f10 DEOPT PACKING pc=0x000001ffef028ea8 sp=0x000000b3509fca60
Event: 11.492 Thread 0x000001ffc7425f10 DEOPT UNPACKING pc=0x000001ffee743aa2 sp=0x000000b3509fc9e8 mode 2
Event: 11.493 Thread 0x000001ffc7425f10 Uncommon trap: trap_request=0xffffff45 fr.pc=0x000001ffeeea68a8 relative=0x0000000000000108
Event: 11.494 Thread 0x000001ffc7425f10 Uncommon trap: reason=unstable_if action=reinterpret pc=0x000001ffeeea68a8 method=jdk.internal.org.objectweb.asm.ByteVector.putShort(I)Ljdk/internal/org/objectweb/asm/ByteVector; @ 13 c2
Event: 11.494 Thread 0x000001ffc7425f10 DEOPT PACKING pc=0x000001ffeeea68a8 sp=0x000000b3509fc660
Event: 11.494 Thread 0x000001ffc7425f10 DEOPT UNPACKING pc=0x000001ffee743aa2 sp=0x000000b3509fc5e8 mode 2

Classes loaded (20 events):
Event: 10.394 Loading class sun/util/locale/provider/CalendarNameProviderImpl$LengthBasedComparator
Event: 10.395 Loading class sun/util/locale/provider/CalendarNameProviderImpl$LengthBasedComparator done
Event: 10.410 Loading class java/time/format/DateTimeParseContext
Event: 10.411 Loading class java/time/format/DateTimeParseContext done
Event: 10.411 Loading class java/time/format/Parsed
Event: 10.412 Loading class java/time/format/Parsed done
Event: 10.590 Loading class sun/reflect/generics/repository/FieldRepository
Event: 10.591 Loading class sun/reflect/generics/repository/FieldRepository done
Event: 10.856 Loading class sun/reflect/annotation/AnnotatedTypeFactory$AnnotatedParameterizedTypeImpl
Event: 10.857 Loading class java/lang/reflect/AnnotatedParameterizedType
Event: 10.858 Loading class java/lang/reflect/AnnotatedParameterizedType done
Event: 10.858 Loading class sun/reflect/annotation/AnnotatedTypeFactory$AnnotatedParameterizedTypeImpl done
Event: 10.942 Loading class sun/nio/fs/WindowsFileCopy
Event: 10.943 Loading class sun/nio/fs/WindowsFileCopy done
Event: 11.466 Loading class sun/reflect/generics/scope/ConstructorScope
Event: 11.467 Loading class sun/reflect/generics/scope/ConstructorScope done
Event: 11.468 Loading class sun/reflect/generics/tree/VoidDescriptor
Event: 11.468 Loading class sun/reflect/generics/tree/VoidDescriptor done
Event: 11.489 Loading class java/lang/invoke/MethodHandleImpl$CountingWrapper
Event: 11.489 Loading class java/lang/invoke/MethodHandleImpl$CountingWrapper done

Classes unloaded (7 events):
Event: 6.808 Thread 0x000001ffe4034130 Unloading class 0x000001ff811a5000 'java/lang/invoke/LambdaForm$MH+0x000001ff811a5000'
Event: 6.808 Thread 0x000001ffe4034130 Unloading class 0x000001ff811a4c00 'java/lang/invoke/LambdaForm$MH+0x000001ff811a4c00'
Event: 6.808 Thread 0x000001ffe4034130 Unloading class 0x000001ff811a4800 'java/lang/invoke/LambdaForm$MH+0x000001ff811a4800'
Event: 6.808 Thread 0x000001ffe4034130 Unloading class 0x000001ff811a4400 'java/lang/invoke/LambdaForm$MH+0x000001ff811a4400'
Event: 6.808 Thread 0x000001ffe4034130 Unloading class 0x000001ff811a4000 'java/lang/invoke/LambdaForm$BMH+0x000001ff811a4000'
Event: 6.808 Thread 0x000001ffe4034130 Unloading class 0x000001ff811a3c00 'java/lang/invoke/LambdaForm$DMH+0x000001ff811a3c00'
Event: 6.808 Thread 0x000001ffe4034130 Unloading class 0x000001ff811a2800 'java/lang/invoke/LambdaForm$DMH+0x000001ff811a2800'

Classes redefined (0 events):
No events

Internal exceptions (20 events):
Event: 9.331 Thread 0x000001fffe07c890 Exception <a 'java/lang/NoClassDefFoundError'{0x00000000d6008a08}: javax/enterprise/inject/Typed> (0x00000000d6008a08) 
thrown [s\src\hotspot\share\classfile\systemDictionary.cpp, line 302]
Event: 9.344 Thread 0x000001fffe07c200 Exception <a 'java/io/FileNotFoundException'{0x00000000d60a27b0}> (0x00000000d60a27b0) 
thrown [s\src\hotspot\share\prims\jni.cpp, line 520]
Event: 9.569 Thread 0x000001fffe07c200 Exception <a 'sun/nio/fs/WindowsException'{0x00000000d56d72f8}> (0x00000000d56d72f8) 
thrown [s\src\hotspot\share\prims\jni.cpp, line 520]
Event: 9.569 Thread 0x000001fffe07c200 Exception <a 'sun/nio/fs/WindowsException'{0x00000000d56d7a58}> (0x00000000d56d7a58) 
thrown [s\src\hotspot\share\prims\jni.cpp, line 520]
Event: 10.013 Thread 0x000001fffe07c200 Exception <a 'sun/nio/fs/WindowsException'{0x00000000d67b5010}> (0x00000000d67b5010) 
thrown [s\src\hotspot\share\prims\jni.cpp, line 520]
Event: 10.121 Thread 0x000001fffe07c200 Exception <a 'java/io/FileNotFoundException'{0x00000000d56a0338}> (0x00000000d56a0338) 
thrown [s\src\hotspot\share\prims\jni.cpp, line 520]
Event: 10.122 Thread 0x000001fffe07c200 Exception <a 'java/io/FileNotFoundException'{0x00000000d56a1908}> (0x00000000d56a1908) 
thrown [s\src\hotspot\share\prims\jni.cpp, line 520]
Event: 10.130 Thread 0x000001fffe07c200 Exception <a 'java/lang/NoSuchMethodError'{0x00000000d56af828}: 'java.lang.Object java.lang.invoke.DirectMethodHandle$Holder.newInvokeSpecial(java.lang.Object, java.lang.Object, java.lang.Object, int)'> (0x00000000d56af828) 
thrown [s\src\hotspot\share\interpreter\linkResolver.cpp, line 773]
Event: 10.132 Thread 0x000001fffe07c200 Exception <a 'java/lang/NoSuchMethodError'{0x00000000d571bb08}: 'java.lang.Object java.lang.invoke.DirectMethodHandle$Holder.invokeSpecial(java.lang.Object, java.lang.Object, java.lang.Object, java.lang.Object, int)'> (0x00000000d571bb08) 
thrown [s\src\hotspot\share\interpreter\linkResolver.cpp, line 773]
Event: 10.133 Thread 0x000001fffe07c200 Exception <a 'java/lang/NoSuchMethodError'{0x00000000d571efb0}: 'java.lang.Object java.lang.invoke.Invokers$Holder.linkToTargetMethod(java.lang.Object, java.lang.Object, int, java.lang.Object)'> (0x00000000d571efb0) 
thrown [s\src\hotspot\share\interpreter\linkResolver.cpp, line 773]
Event: 10.139 Thread 0x000001fffe07c200 Exception <a 'java/lang/NoSuchMethodError'{0x00000000d572af20}: 'void java.lang.invoke.DirectMethodHandle$Holder.invokeStaticInit(java.lang.Object, java.lang.Object, java.lang.Object)'> (0x00000000d572af20) 
thrown [s\src\hotspot\share\interpreter\linkResolver.cpp, line 773]
Event: 10.208 Thread 0x000001ffe409e6e0 Exception <a 'java/lang/NoSuchMethodError'{0x00000000d59fb0b8}: 'void java.lang.invoke.DirectMethodHandle$Holder.invokeSpecial(java.lang.Object, java.lang.Object, java.lang.Object, java.lang.Object, java.lang.Object, java.lang.Object)'> (0x00000000d59fb0b8) 
thrown [s\src\hotspot\share\interpreter\linkResolver.cpp, line 773]
Event: 10.213 Thread 0x000001ffe409e6e0 Exception <a 'java/lang/IncompatibleClassChangeError'{0x00000000d5a03fa0}: Found class java.lang.Object, but interface was expected> (0x00000000d5a03fa0) 
thrown [s\src\hotspot\share\interpreter\linkResolver.cpp, line 840]
Event: 10.214 Thread 0x000001ffe409e6e0 Exception <a 'java/lang/IncompatibleClassChangeError'{0x00000000d5a05158}: Found class java.lang.Object, but interface was expected> (0x00000000d5a05158) 
thrown [s\src\hotspot\share\interpreter\linkResolver.cpp, line 840]
Event: 10.944 Thread 0x000001fffe07dc40 Exception <a 'sun/nio/fs/WindowsException'{0x00000000d60d51c0}> (0x00000000d60d51c0) 
thrown [s\src\hotspot\share\prims\jni.cpp, line 520]
Event: 11.240 Thread 0x000001ffc7425f10 Exception <a 'java/io/FileNotFoundException'{0x00000000d66a2060}> (0x00000000d66a2060) 
thrown [s\src\hotspot\share\prims\jni.cpp, line 520]
Event: 11.487 Thread 0x000001ffc7425f10 Exception <a 'java/lang/NoSuchMethodError'{0x00000000d68eb960}: 'java.lang.Object java.lang.invoke.DirectMethodHandle$Holder.invokeStatic(java.lang.Object, int, java.lang.Object, java.lang.Object)'> (0x00000000d68eb960) 
thrown [s\src\hotspot\share\interpreter\linkResolver.cpp, line 773]
Event: 11.488 Thread 0x000001ffc7425f10 Exception <a 'java/lang/NoSuchMethodError'{0x00000000d69191c8}: 'java.lang.Object java.lang.invoke.DelegatingMethodHandle$Holder.delegate(java.lang.Object, int, java.lang.Object, java.lang.Object)'> (0x00000000d69191c8) 
thrown [s\src\hotspot\share\interpreter\linkResolver.cpp, line 773]
Event: 11.491 Thread 0x000001ffc7425f10 Implicit null exception at 0x000001ffef028b76 to 0x000001ffef028e98
Event: 11.496 Thread 0x000001ffc7425f10 Exception <a 'java/lang/NoSuchMethodError'{0x00000000d692cdd0}: 'int java.lang.invoke.Invokers$Holder.linkToTargetMethod(java.lang.Object, java.lang.Object, java.lang.Object)'> (0x00000000d692cdd0) 
thrown [s\src\hotspot\share\interpreter\linkResolver.cpp, line 773]

ZGC Phase Switch (0 events):
No events

VM Operations (20 events):
Event: 8.928 Executing safepoint VM operation: ParallelGCFailedAllocation (Allocation Failure)
Event: 8.938 Executing safepoint VM operation: ParallelGCFailedAllocation (Allocation Failure) done
Event: 9.010 Executing safepoint VM operation: CollectForMetadataAllocation (Metadata GC Threshold)
Event: 9.084 Executing safepoint VM operation: CollectForMetadataAllocation (Metadata GC Threshold) done
Event: 9.275 Executing non-safepoint VM operation: HandshakeAllThreads (Deoptimize)
Event: 9.276 Executing non-safepoint VM operation: HandshakeAllThreads (Deoptimize) done
Event: 9.539 Executing safepoint VM operation: ParallelGCFailedAllocation (Allocation Failure)
Event: 9.546 Executing safepoint VM operation: ParallelGCFailedAllocation (Allocation Failure) done
Event: 10.077 Executing safepoint VM operation: ParallelGCFailedAllocation (Allocation Failure)
Event: 10.089 Executing safepoint VM operation: ParallelGCFailedAllocation (Allocation Failure) done
Event: 10.699 Executing safepoint VM operation: ParallelGCFailedAllocation (Allocation Failure)
Event: 10.711 Executing safepoint VM operation: ParallelGCFailedAllocation (Allocation Failure) done
Event: 10.916 Executing non-safepoint VM operation: HandshakeAllThreads (Deoptimize)
Event: 10.917 Executing non-safepoint VM operation: HandshakeAllThreads (Deoptimize) done
Event: 11.166 Executing non-safepoint VM operation: HandshakeAllThreads (Deoptimize)
Event: 11.187 Executing non-safepoint VM operation: HandshakeAllThreads (Deoptimize) done
Event: 11.190 Executing non-safepoint VM operation: HandshakeAllThreads (Deoptimize)
Event: 11.190 Executing non-safepoint VM operation: HandshakeAllThreads (Deoptimize) done
Event: 12.196 Executing safepoint VM operation: Cleanup
Event: 12.196 Executing safepoint VM operation: Cleanup done

Memory protections (0 events):
No events

Nmethod flushes (20 events):
Event: 9.057 Thread 0x000001ffe4034130 flushing  nmethod 0x000001ffe794b910
Event: 9.057 Thread 0x000001ffe4034130 flushing  nmethod 0x000001ffe794f510
Event: 9.057 Thread 0x000001ffe4034130 flushing  nmethod 0x000001ffe7981990
Event: 9.057 Thread 0x000001ffe4034130 flushing  nmethod 0x000001ffe7981d90
Event: 9.057 Thread 0x000001ffe4034130 flushing  nmethod 0x000001ffe7982690
Event: 9.057 Thread 0x000001ffe4034130 flushing  nmethod 0x000001ffe7984910
Event: 9.057 Thread 0x000001ffe4034130 flushing  nmethod 0x000001ffe7985110
Event: 9.057 Thread 0x000001ffe4034130 flushing  nmethod 0x000001ffe7986e10
Event: 9.057 Thread 0x000001ffe4034130 flushing  nmethod 0x000001ffe7987310
Event: 9.057 Thread 0x000001ffe4034130 flushing  nmethod 0x000001ffe7987c10
Event: 9.057 Thread 0x000001ffe4034130 flushing  nmethod 0x000001ffe7988090
Event: 9.057 Thread 0x000001ffe4034130 flushing  nmethod 0x000001ffe7988c10
Event: 9.057 Thread 0x000001ffe4034130 flushing  nmethod 0x000001ffe798b590
Event: 9.057 Thread 0x000001ffe4034130 flushing  nmethod 0x000001ffe798d010
Event: 9.057 Thread 0x000001ffe4034130 flushing  nmethod 0x000001ffe79d2690
Event: 9.057 Thread 0x000001ffe4034130 flushing  nmethod 0x000001ffe79f2690
Event: 9.057 Thread 0x000001ffe4034130 flushing  nmethod 0x000001ffe79f8e10
Event: 9.057 Thread 0x000001ffe4034130 flushing  nmethod 0x000001ffe79fff10
Event: 9.057 Thread 0x000001ffe4034130 flushing  nmethod 0x000001ffe7aeac10
Event: 9.057 Thread 0x000001ffe4034130 flushing  nmethod 0x000001ffe7aeb090

Events (20 events):
Event: 9.085 Thread 0x000001ffe409e6e0 Thread added: 0x000001ffc7421d70
Event: 9.085 Thread 0x000001ffe409e6e0 Thread added: 0x000001ffc741e8f0
Event: 9.086 Thread 0x000001ffe409e6e0 Thread added: 0x000001ffc741fca0
Event: 9.087 Thread 0x000001ffe409e6e0 Thread added: 0x000001ffc74216e0
Event: 9.087 Thread 0x000001ffe409e6e0 Thread added: 0x000001ffc7420330
Event: 9.088 Thread 0x000001ffe409e6e0 Thread added: 0x000001ffc741ef80
Event: 9.088 Thread 0x000001ffe409e6e0 Thread added: 0x000001ffc7422400
Event: 9.089 Thread 0x000001ffe409e6e0 Thread added: 0x000001ffc7421050
Event: 9.089 Thread 0x000001ffe409e6e0 Thread added: 0x000001ffc7422a90
Event: 9.090 Thread 0x000001ffe409e6e0 Thread added: 0x000001ffc74209c0
Event: 9.090 Thread 0x000001ffe409e6e0 Thread added: 0x000001ffc741f610
Event: 9.091 Thread 0x000001ffe409e6e0 Thread added: 0x000001ffc7423120
Event: 9.091 Thread 0x000001ffe409e6e0 Thread added: 0x000001ffc74251f0
Event: 9.092 Thread 0x000001ffe409e6e0 Thread added: 0x000001ffc74237b0
Event: 9.093 Thread 0x000001ffe409e6e0 Thread added: 0x000001ffc7425880
Event: 9.155 Thread 0x000001ffe409e6e0 Thread added: 0x000001ffc74244d0
Event: 9.339 Thread 0x000001ffe415e7c0 Thread added: 0x000001fffe1e39c0
Event: 9.339 Thread 0x000001ffe415e7c0 Thread added: 0x000001ffc5a997c0
Event: 10.371 Thread 0x000001ffe409e6e0 Thread added: 0x000001ffc7424b60
Event: 10.372 Thread 0x000001ffe409e6e0 Thread added: 0x000001ffc7425f10


Dynamic libraries:
0x00007ff6810f0000 - 0x00007ff6810fe000 	c:\Users\backu\.vscode\extensions\redhat.java-1.55.0-win32-x64\jre\21.0.11-win32-x86_64\bin\java.exe
0x00007ffa8a6c0000 - 0x00007ffa8a926000 	C:\WINDOWS\SYSTEM32\ntdll.dll
0x00007ffa89550000 - 0x00007ffa89619000 	C:\WINDOWS\System32\KERNEL32.DLL
0x00007ffa87cb0000 - 0x00007ffa880aa000 	C:\WINDOWS\System32\KERNELBASE.dll
0x00007ffa880b0000 - 0x00007ffa881fc000 	C:\WINDOWS\System32\ucrtbase.dll
0x00007ffa30f20000 - 0x00007ffa30f3e000 	c:\Users\backu\.vscode\extensions\redhat.java-1.55.0-win32-x64\jre\21.0.11-win32-x86_64\bin\VCRUNTIME140.dll
0x00007ffa30f00000 - 0x00007ffa30f18000 	c:\Users\backu\.vscode\extensions\redhat.java-1.55.0-win32-x64\jre\21.0.11-win32-x86_64\bin\jli.dll
0x00007ffa8a3f0000 - 0x00007ffa8a5b7000 	C:\WINDOWS\System32\USER32.dll
0x00007ffa87950000 - 0x00007ffa87977000 	C:\WINDOWS\System32\win32u.dll
0x00007ffa69520000 - 0x00007ffa697b2000 	C:\WINDOWS\WinSxS\amd64_microsoft.windows.common-controls_6595b64144ccf1df_6.0.26100.8521_none_3e08b75ce33403b3\COMCTL32.dll
0x00007ffa8a5c0000 - 0x00007ffa8a5eb000 	C:\WINDOWS\System32\GDI32.dll
0x00007ffa89a30000 - 0x00007ffa89ad9000 	C:\WINDOWS\System32\msvcrt.dll
0x00007ffa87b80000 - 0x00007ffa87cab000 	C:\WINDOWS\System32\gdi32full.dll
0x00007ffa87980000 - 0x00007ffa87a23000 	C:\WINDOWS\System32\msvcp_win.dll
0x00007ffa89800000 - 0x00007ffa89832000 	C:\WINDOWS\System32\IMM32.DLL
0x00007ffa3f190000 - 0x00007ffa3f19c000 	c:\Users\backu\.vscode\extensions\redhat.java-1.55.0-win32-x64\jre\21.0.11-win32-x86_64\bin\vcruntime140_1.dll
0x00007ffa126a0000 - 0x00007ffa1272d000 	c:\Users\backu\.vscode\extensions\redhat.java-1.55.0-win32-x64\jre\21.0.11-win32-x86_64\bin\msvcp140.dll
0x00007ff9e50b0000 - 0x00007ff9e5e52000 	c:\Users\backu\.vscode\extensions\redhat.java-1.55.0-win32-x64\jre\21.0.11-win32-x86_64\bin\server\jvm.dll
0x00007ffa89f70000 - 0x00007ffa8a026000 	C:\WINDOWS\System32\ADVAPI32.dll
0x00007ffa8a1a0000 - 0x00007ffa8a24a000 	C:\WINDOWS\System32\sechost.dll
0x00007ffa89910000 - 0x00007ffa89a28000 	C:\WINDOWS\System32\RPCRT4.dll
0x00007ffa88a50000 - 0x00007ffa88ad0000 	C:\WINDOWS\System32\WS2_32.dll
0x00007ffa7f7c0000 - 0x00007ffa7f7f6000 	C:\WINDOWS\SYSTEM32\WINMM.dll
0x00007ffa7d1e0000 - 0x00007ffa7d1eb000 	C:\WINDOWS\SYSTEM32\VERSION.dll
0x00007ffa86c60000 - 0x00007ffa86cbe000 	C:\WINDOWS\SYSTEM32\POWRPROF.dll
0x00007ffa86c20000 - 0x00007ffa86c34000 	C:\WINDOWS\SYSTEM32\UMPDC.dll
0x00007ffa86750000 - 0x00007ffa8676b000 	C:\WINDOWS\SYSTEM32\kernel.appcore.dll
0x00007ffa30ef0000 - 0x00007ffa30efa000 	c:\Users\backu\.vscode\extensions\redhat.java-1.55.0-win32-x64\jre\21.0.11-win32-x86_64\bin\jimage.dll
0x00007ffa85010000 - 0x00007ffa85252000 	C:\WINDOWS\SYSTEM32\DBGHELP.DLL
0x00007ffa88530000 - 0x00007ffa888b3000 	C:\WINDOWS\System32\combase.dll
0x00007ffa8a030000 - 0x00007ffa8a109000 	C:\WINDOWS\System32\OLEAUT32.dll
0x00007ffa7ae40000 - 0x00007ffa7ae7b000 	C:\WINDOWS\SYSTEM32\dbgcore.DLL
0x00007ffa88380000 - 0x00007ffa88428000 	C:\WINDOWS\System32\bcryptPrimitives.dll
0x00007ffa30260000 - 0x00007ffa3026f000 	c:\Users\backu\.vscode\extensions\redhat.java-1.55.0-win32-x64\jre\21.0.11-win32-x86_64\bin\instrument.dll
0x00007ffa2c330000 - 0x00007ffa2c350000 	c:\Users\backu\.vscode\extensions\redhat.java-1.55.0-win32-x64\jre\21.0.11-win32-x86_64\bin\java.dll
0x00007ffa88b30000 - 0x00007ffa892b4000 	C:\WINDOWS\System32\SHELL32.dll
0x00007ffa854f0000 - 0x00007ffa85d70000 	C:\WINDOWS\SYSTEM32\windows.storage.dll
0x00007ffa88930000 - 0x00007ffa88a26000 	C:\WINDOWS\System32\SHCORE.dll
0x00007ffa884c0000 - 0x00007ffa88527000 	C:\WINDOWS\System32\shlwapi.dll
0x00007ffa87870000 - 0x00007ffa87899000 	C:\WINDOWS\SYSTEM32\profapi.dll
0x00007ffa2c310000 - 0x00007ffa2c328000 	c:\Users\backu\.vscode\extensions\redhat.java-1.55.0-win32-x64\jre\21.0.11-win32-x86_64\bin\zip.dll
0x00007ffa30250000 - 0x00007ffa30260000 	C:\Users\backu\.vscode\extensions\redhat.java-1.55.0-win32-x64\jre\21.0.11-win32-x86_64\bin\net.dll
0x00007ffa7d5a0000 - 0x00007ffa7d6c9000 	C:\WINDOWS\SYSTEM32\WINHTTP.dll
0x00007ffa86d70000 - 0x00007ffa86ddc000 	C:\WINDOWS\system32\mswsock.dll
0x00007ffa12c10000 - 0x00007ffa12c26000 	C:\Users\backu\.vscode\extensions\redhat.java-1.55.0-win32-x64\jre\21.0.11-win32-x86_64\bin\nio.dll
0x00007ffa1d3c0000 - 0x00007ffa1d3d0000 	c:\Users\backu\.vscode\extensions\redhat.java-1.55.0-win32-x64\jre\21.0.11-win32-x86_64\bin\verify.dll
0x00007ff9f89a0000 - 0x00007ff9f89e5000 	C:\Users\backu\AppData\Roaming\Code\User\globalStorage\redhat.java\1.55.0\config_win\org.eclipse.equinox.launcher\org.eclipse.equinox.launcher.win32.win32.x86_64_1.3.100.v20260613-0559\eclipse_11924.dll
0x00007ffa8a250000 - 0x00007ffa8a3e8000 	C:\WINDOWS\System32\ole32.dll
0x00007ffa87060000 - 0x00007ffa8707b000 	C:\WINDOWS\SYSTEM32\CRYPTSP.dll
0x00007ffa86640000 - 0x00007ffa86679000 	C:\WINDOWS\system32\rsaenh.dll
0x00007ffa86e20000 - 0x00007ffa86e53000 	C:\WINDOWS\SYSTEM32\USERENV.dll
0x00007ffa87840000 - 0x00007ffa8786a000 	C:\WINDOWS\SYSTEM32\bcrypt.dll
0x00007ffa87050000 - 0x00007ffa8705c000 	C:\WINDOWS\SYSTEM32\CRYPTBASE.dll
0x00007ffa86110000 - 0x00007ffa86143000 	C:\WINDOWS\SYSTEM32\IPHLPAPI.DLL
0x00007ffa89840000 - 0x00007ffa8984a000 	C:\WINDOWS\System32\NSI.dll
0x00007ffa4aa60000 - 0x00007ffa4aaa9000 	C:\Users\backu\AppData\Local\Temp\jna-93493358\jna8984031273897398056.dll
0x00007ffa884b0000 - 0x00007ffa884b8000 	C:\WINDOWS\System32\PSAPI.DLL
0x00007ffa7e4d0000 - 0x00007ffa7e4ed000 	C:\WINDOWS\SYSTEM32\dhcpcsvc6.DLL
0x00007ffa7e0f0000 - 0x00007ffa7e115000 	C:\WINDOWS\SYSTEM32\dhcpcsvc.DLL

JVMTI agents:
c:\Users\backu\.vscode\extensions\redhat.java-1.55.0-win32-x64\lombok\lombok-1.18.39-4050.jar path:c:\Users\backu\.vscode\extensions\redhat.java-1.55.0-win32-x64\jre\21.0.11-win32-x86_64\bin\instrument.dll, loaded, initialized, instrumentlib options:none

dbghelp: loaded successfully - version: 4.0.5 - missing functions: none
symbol engine: initialized successfully - sym options: 0x614 - pdb path: .;c:\Users\backu\.vscode\extensions\redhat.java-1.55.0-win32-x64\jre\21.0.11-win32-x86_64\bin;C:\WINDOWS\SYSTEM32;C:\WINDOWS\WinSxS\amd64_microsoft.windows.common-controls_6595b64144ccf1df_6.0.26100.8521_none_3e08b75ce33403b3;c:\Users\backu\.vscode\extensions\redhat.java-1.55.0-win32-x64\jre\21.0.11-win32-x86_64\bin\server;C:\Users\backu\AppData\Roaming\Code\User\globalStorage\redhat.java\1.55.0\config_win\org.eclipse.equinox.launcher\org.eclipse.equinox.launcher.win32.win32.x86_64_1.3.100.v20260613-0559;C:\Users\backu\AppData\Local\Temp\jna-93493358

VM Arguments:
jvm_args: --add-modules=ALL-SYSTEM --add-opens=java.base/java.util=ALL-UNNAMED --add-opens=java.base/java.lang=ALL-UNNAMED --add-opens=java.base/sun.nio.fs=ALL-UNNAMED -Declipse.application=org.eclipse.jdt.ls.core.id1 -Dosgi.bundles.defaultStartLevel=4 -Declipse.product=org.eclipse.jdt.ls.core.product -Djava.import.generatesMetadataFilesAtProjectRoot=false -DDetectVMInstallationsJob.disabled=true -Dfile.encoding=utf8 -XX:+UseParallelGC -XX:GCTimeRatio=4 -XX:AdaptiveSizePolicyWeight=90 -Dsun.zip.disableMemoryMapping=true -Xmx2G -Xms100m -Xlog:disable -javaagent:c:\Users\backu\.vscode\extensions\redhat.java-1.55.0-win32-x64\lombok\lombok-1.18.39-4050.jar -XX:+HeapDumpOnOutOfMemoryError -XX:HeapDumpPath=c:\Users\backu\AppData\Roaming\Code\User\workspaceStorage\24d177da0d8e40e9f1d65268932b200b\redhat.java -Daether.dependencyCollector.impl=bf 
java_command: c:\Users\backu\.vscode\extensions\redhat.java-1.55.0-win32-x64\server\plugins\org.eclipse.equinox.launcher_1.7.200.v20260619-2039.jar -configuration c:\Users\backu\AppData\Roaming\Code\User\globalStorage\redhat.java\1.55.0\config_win -data c:\Users\backu\AppData\Roaming\Code\User\workspaceStorage\24d177da0d8e40e9f1d65268932b200b\redhat.java\jdt_ws --pipe=\\.\pipe\lsp-760299ab68c2012d78dbdae5c13f8c94-sock
java_class_path (initial): c:\Users\backu\.vscode\extensions\redhat.java-1.55.0-win32-x64\server\plugins\org.eclipse.equinox.launcher_1.7.200.v20260619-2039.jar
Launcher Type: SUN_STANDARD

[Global flags]
    uintx AdaptiveSizePolicyWeight                 = 90                                        {product} {command line}
     intx CICompilerCount                          = 12                                        {product} {ergonomic}
    uintx GCTimeRatio                              = 4                                         {product} {command line}
     bool HeapDumpOnOutOfMemoryError               = true                                   {manageable} {command line}
    ccstr HeapDumpPath                             = c:\Users\backu\AppData\Roaming\Code\User\workspaceStorage\24d177da0d8e40e9f1d65268932b200b\redhat.java         {manageable} {command line}
   size_t InitialHeapSize                          = 104857600                                 {product} {command line}
   size_t MaxHeapSize                              = 2147483648                                {product} {command line}
   size_t MaxNewSize                               = 715653120                                 {product} {ergonomic}
   size_t MinHeapDeltaBytes                        = 524288                                    {product} {ergonomic}
   size_t MinHeapSize                              = 104857600                                 {product} {command line}
   size_t NewSize                                  = 34603008                                  {product} {ergonomic}
    uintx NonNMethodCodeHeapSize                   = 7602480                                {pd product} {ergonomic}
    uintx NonProfiledCodeHeapSize                  = 122027880                              {pd product} {ergonomic}
   size_t OldSize                                  = 70254592                                  {product} {ergonomic}
    uintx ProfiledCodeHeapSize                     = 122027880                              {pd product} {ergonomic}
    uintx ReservedCodeCacheSize                    = 251658240                              {pd product} {ergonomic}
     bool SegmentedCodeCache                       = true                                      {product} {ergonomic}
   size_t SoftMaxHeapSize                          = 2147483648                             {manageable} {ergonomic}
     bool UseCompressedOops                        = true                           {product lp64_product} {ergonomic}
     bool UseLargePagesIndividualAllocation        = false                                  {pd product} {ergonomic}
     bool UseParallelGC                            = true                                      {product} {command line}

Logging:
Log output configuration:
 #0: stdout all=off uptime,level,tags foldmultilines=false
 #1: stderr all=off uptime,level,tags foldmultilines=false

Release file:
JAVA_VERSION="21.0.11" 
MODULES="java.base java.compiler java.datatransfer java.xml java.prefs java.desktop java.instrument java.logging java.management java.security.sasl java.naming java.rmi java.management.rmi java.net.http java.scripting java.security.jgss java.transaction.xa java.sql java.sql.rowset java.xml.crypto java.se java.smartcardio jdk.accessibility jdk.internal.jvmstat jdk.attach jdk.charsets jdk.internal.opt jdk.zipfs jdk.compiler jdk.crypto.ec jdk.crypto.cryptoki jdk.crypto.mscapi jdk.dynalink jdk.internal.ed jdk.editpad jdk.hotspot.agent jdk.httpserver jdk.internal.le jdk.internal.vm.ci jdk.internal.vm.compiler jdk.internal.vm.compiler.management jdk.jartool jdk.javadoc jdk.jcmd jdk.management jdk.management.agent jdk.jconsole jdk.jdeps jdk.jdwp.agent jdk.jdi jdk.jfr jdk.jshell jdk.jsobject jdk.jstatd jdk.localedata jdk.management.jfr jdk.naming.dns jdk.naming.rmi jdk.net jdk.nio.mapmode jdk.random jdk.sctp jdk.security.auth jdk.security.jgss jdk.unsupported jdk.unsupported.desktop jdk.xml.dom" 

Environment Variables:
JAVA_HOME=C:\Users\backu\Downloads\openjdk-21+35_windows-x64_bin
PATH=C:\SIMULIA\Commands;C:\Users\backu\Downloads\openjdk-21+35_windows-x64_bin\jdk-21\bin;C:\Windows\system32;C:\Windows;C:\Windows\System32\Wbem;C:\Windows\System32\WindowsPowerShell\v1.0\;C:\Windows\System32\OpenSSH\;C:\Program Files\dotnet\;C:\WINDOWS\system32;C:\WINDOWS;C:\WINDOWS\System32\Wbem;C:\WINDOWS\System32\WindowsPowerShell\v1.0\;C:\WINDOWS\System32\OpenSSH\;C:\Users\backu\Downloads\apache-maven-3.9.8-bin.zip\apache-maven-3.9.8\bin;C:\Program Files (x86)\Windows Kits\8.1\Windows Performance Toolkit\;C:\Program Files\Git\cmd;C:\Users\backu\Downloads\apache-maven-3.9.9-bin\apache-maven-3.9.9\bin;E:\Matlab\bin;C:\Program Files\Docker\Docker\resources\bin;C:\MinGW\bin;C:\Program Files\NVIDIA Corporation\NVIDIA App\NvDLISR;C:\Users\backu\Downloads\openjdk-21+35_windows-x64_bin\jdk-21\bin;C:\Program Files\nodejs\;C:\Program Files\WireGuard\;C:\Users\backu\AppData\Local\Programs\Python\Python313\Scripts\;C:\Users\backu\AppData\Local\Programs\Python\Python313\;C:\Program Files\MySQL\MySQL Shell 8.0\bin\;C:\Users\backu\AppData\Local\Microsoft\WindowsApps;C:\Users\backu\AppData\Local\Programs\Microsoft VS Code\bin;C:\Users\backu\AppData\Local\Programs\cursor\resources\app\bin;C:\Users\backu\AppData\Roaming\npm
USERNAME=backu
OS=Windows_NT
PROCESSOR_IDENTIFIER=Intel64 Family 6 Model 154 Stepping 3, GenuineIntel
TMP=C:\Users\backu\AppData\Local\Temp
TEMP=C:\Users\backu\AppData\Local\Temp




Periodic native trim disabled

---------------  S Y S T E M  ---------------

OS:
 Windows 11 , 64 bit Build 26100 (10.0.26100.8521)
OS uptime: 0 days 3:06 hours
Hyper-V role detected

CPU: total 16 (initial active 16) (8 cores per cpu, 2 threads per core) family 6 model 154 stepping 3 microcode 0x43b, cx8, cmov, fxsr, ht, mmx, 3dnowpref, sse, sse2, sse3, ssse3, sse4.1, sse4.2, popcnt, lzcnt, tsc, tscinvbit, avx, avx2, aes, erms, clmul, bmi1, bmi2, adx, sha, fma, vzeroupper, clflush, clflushopt, clwb, hv, serialize, rdtscp, rdpid, fsrm, f16c, cet_ibt, cet_ss
Processor Information for processor 0
  Max Mhz: 2500, Current Mhz: 2500, Mhz Limit: 2500
Processor Information for processor 1
  Max Mhz: 2500, Current Mhz: 2500, Mhz Limit: 2500
Processor Information for processor 2
  Max Mhz: 2500, Current Mhz: 1532, Mhz Limit: 2500
Processor Information for processor 3
  Max Mhz: 2500, Current Mhz: 2500, Mhz Limit: 2500
Processor Information for processor 4
  Max Mhz: 2500, Current Mhz: 1532, Mhz Limit: 2500
Processor Information for processor 5
  Max Mhz: 2500, Current Mhz: 2500, Mhz Limit: 2500
Processor Information for processor 6
  Max Mhz: 2500, Current Mhz: 1532, Mhz Limit: 2500
Processor Information for processor 7
  Max Mhz: 2500, Current Mhz: 1532, Mhz Limit: 2500
Processor Information for processor 8
  Max Mhz: 2500, Current Mhz: 1527, Mhz Limit: 2500
Processor Information for processor 9
  Max Mhz: 2500, Current Mhz: 1527, Mhz Limit: 2500
Processor Information for processor 10
  Max Mhz: 2500, Current Mhz: 1527, Mhz Limit: 2500
Processor Information for processor 11
  Max Mhz: 2500, Current Mhz: 1527, Mhz Limit: 2500
Processor Information for processor 12
  Max Mhz: 2500, Current Mhz: 2500, Mhz Limit: 2500
Processor Information for processor 13
  Max Mhz: 2500, Current Mhz: 1527, Mhz Limit: 2500
Processor Information for processor 14
  Max Mhz: 2500, Current Mhz: 2500, Mhz Limit: 2500
Processor Information for processor 15
  Max Mhz: 2500, Current Mhz: 1527, Mhz Limit: 2500

Memory: 4k page, system-wide physical 16068M (1714M free)
TotalPageFile size 24260M (AvailPageFile size 28M)
current process WorkingSet (physical memory assigned to process): 244M, peak: 244M
current process commit charge ("private bytes"): 376M, peak: 376M

vm_info: OpenJDK 64-Bit Server VM (21.0.11+10-LTS) for windows-amd64 JRE (21.0.11+10-LTS), built on 2026-04-21T00:00:00Z by "admin" with MS VC++ 17.12 (VS2022)

END.
